- 06:22:05 [INFO] Starting target session
- 06:22:05 [INFO] Connected to sdp4430 via serial 
- 06:22:05 [INFO] Host: #check prompt
- 06:22:08 [ERROR] On command: #check prompt waiting for #check prompt.+?(?-mix:((?-mix:.*\s+login)|[Pp]assword)) >>> error: execution expired
- 06:22:08 [INFO] Target: 
#check prompt
root@TI-OMAP4-SDP-board:/test# 
- 06:22:08 [INFO] Host: #check prompt
- 06:22:08 [INFO] Target: 
#check prompt
root@TI-OMAP4-SDP-board:/test# 
- 06:22:08 [INFO] Host: sync;poweroff
- 06:22:21 [INFO] Target: 
sync;poweroff
Broadcast message from root@TI-OMAP4-SDP-board (ttyO2) (Sat Sep 13 17:00:00 2
The system is going down for system halt NOW!
INIT: Switchinroot@TI-OMAP4-SDP-board:/test# 
INIT: Sending processes the TStopping Dropbear SSH server: stopped /usr/sbin/dropbear (pid 617)
dropbear.
Stopping telnet daemon.
Stopping system message bus: dbus.
Error opening /dev/fb0: No such file or directory
Stopping syslogd/klogd: stopped syslogd (pid 652)
stopped klogd (pid 654)
done
Stopping thttpd.
stopping statd: done
ALSA: Storing mixer settings...
/usr/sbin/alsactl: save_state:1590: No soundcards found...
Stopping rpcbind daemon...
done.
Stopping Lighttpd Web Server: stopped /usr/sbin/lighttpd (pid 665)
lighttpd.
Deconfiguring network interfaces... done.
Stopping Matrix GUI applicationstart-stop-daemon: warning: killing process 671: No such process
***************************************************************
***************************************************************
NOTICE: This file system contains the followin GPLv3 packages:
	binutils
	elfutils
	gdbserver
	libdw1
	libelf1
	parted
If you do not wish to distribute GPLv3 components please remove
the above packages prior to distribution.  This can be done using
the opkg remove command.  i.e.:
    opkg remove <package>
Where <package> is the name printed in the list above
NOTE: If the package is a dependency of another package you
      will be notified of the dependent packages.  You should
      use the --force-removal-of-dependent-packages option to
      also remove the dependent packages as well
***************************************************************
***************************************************************
Sending all processes the TERM signal...
Sending all processes the KILL signal...
Unmounting remote filesystems...
Deactivating swap...
Unmounting local filesystems...
[ 2663.411254] EXT4-fs (mmcblk0p2): re-mounted. Opts: data=ordered
[ 2665.841766] reboot: System halted
- 06:22:21 [INFO] Disconnected serial from sdp4430
- 06:22:22 [INFO] Connected to sdp4430 via serial 
- 06:22:22 [INFO] Host: 
- 06:22:23 [ERROR] On command:  waiting for (?-mix:U-Boot#) >>> error: execution expired
- 06:22:23 [INFO] Target: 
- 06:22:23 [INFO] Host: 
- 06:22:23 [ERROR] On command:  waiting for (?-mix:U-Boot#) >>> error: execution expired
- 06:22:23 [INFO] Target: 
U-Boot SPL 2014.01-00006-gb301e45-dirty (Dec 18 2014 - 15:55:39)
OMAP4430 ES2.3
SPL: Please implement spl_start_uboot() for your board
SPL: Direct Linux boot not active!
reading u-boot.img
reading u-boot.img
U-Boot 2014.01-00006-gb301e45-dirty (Dec 18 2014 - 15:55:39)
CPU  : OMAP4430 ES2.3
Board: OMAP4430 SDP
I2C:   ready
DRAM:  1 GiB
MMC:   OMAP SD/MMC: 0, OMAP SD/MMC: 1
- 06:22:23 [INFO] Host: 
- 06:22:24 [ERROR] On command:  waiting for (?-mix:U-Boot#) >>> error: execution expired
- 06:22:24 [INFO] Target: 
*** Warning - bad CRC, using default environment
Battery Voltage: 3544 mV
Net:   
- 06:22:24 [INFO] Host: 
- 06:22:24 [ERROR] On command:  waiting for (?-mix:U-Boot#) >>> error: execution expired
- 06:22:24 [INFO] Target: 
- 06:22:24 [INFO] Host: 
- 06:22:25 [INFO] Target: 
KS8851SNL
Hit any key to stop autoboot:  1  0 
U-Boot# 
U-Boot# 
U-Boot# 
- 06:22:25 [INFO] Host: 
- 06:22:25 [INFO] Target: 
U-Boot# 
- 06:22:25 [INFO] Host: version
- 06:22:26 [INFO] Target: 
version
U-Boot 2014.01-00006-gb301e45-dirty (Dec 18 2014 - 15:55:39)
arm-linux-gnueabi-gcc (Ubuntu/Linaro 4.6.3-1ubuntu5) 4.6.3
GNU ld (GNU Binutils for Ubuntu) 2.22
U-Boot# 
- 06:22:26 [INFO] Host: setenv bootargs 'console=ttyO2,115200n8 vram=16M earlyprintk rootwait '
- 06:22:26 [INFO] Target: 
setenv bootargs 'console=ttyO2,115200n8 vram=16M earlyprintk rootwait '
U-Boot# 
- 06:22:26 [INFO] Host: setenv bootcmd  ''
- 06:22:27 [INFO] Target: 
setenv bootcmd  ''
U-Boot# 
- 06:22:27 [INFO] Host: setenv autoload 'no'
- 06:22:27 [INFO] Target: 
setenv autoload 'no'
U-Boot# 
- 06:22:27 [INFO] Host: setenv serverip '192.168.1.254'
- 06:22:28 [INFO] Target: 
setenv serverip '192.168.1.254'
U-Boot# 
- 06:22:28 [INFO] Host: printenv
- 06:22:28 [INFO] Target: 
printenv
arch=arm
autoload=no
baudrate=115200
board=sdp4430
board_name=sdp4430
bootargs=console=ttyO2,115200n8 vram=16M earlyprintk rootwait 
bootcmd=
bootdelay=1
bootdir=/boot
bootfile=zImage
bootm_size=0x08000000
bootpart=0:2
bootscript=echo Running bootscript from mmc${mmcdev} ...; source ${loadaddr}
console=ttyO2,115200n8
cpu=armv7
ethact=KS8851SNL
ethaddr=08:00:28:01:4D:8A
fdt_addr_r=0x88000000
fdtaddr=0x88000000
fdtfile=undefined
findfdt=if test $board_name = sdp4430; then setenv fdtfile omap4-sdp.dtb; fi; if test $board_name = panda; then setenv fdtfile omap4-panda.dtb; fi;if test $board_name = panda-a4; then setenv fdtfile omap4-panda-a4.dtb; fi;if test $board_name = panda-es; then setenv fdtfile omap4-panda-es.dtb; fi;if test $fdtfile = undefined; then echo WARNING: Could not determine device tree to use; fi; 
importbootenv=echo Importing environment from mmc${mmcdev} ...; env import -t ${loadaddr} ${filesize}
loadaddr=0x82000000
loadbootenv=fatload mmc ${mmcdev} ${loadaddr} uEnv.txt
loadbootscript=fatload mmc ${mmcdev} ${loadaddr} boot.scr
loadfdt=load mmc ${bootpart} ${fdtaddr} ${bootdir}/${fdtfile}
loadimage=load mmc ${bootpart} ${loadaddr} ${bootdir}/${bootfile}
mmcargs=setenv bootargs console=${console} vram=${vram} root=${mmcroot} rootfstype=${mmcrootfstype}
mmcboot=echo Booting from mmc${mmcdev} ...; run mmcargs; bootz ${loadaddr} - ${fdtaddr}
mmcdev=0
mmcroot=/dev/mmcblk0p2 rw
mmcrootfstype=ext3 rootwait
serverip=192.168.1.254
soc=omap4
usbtty=cdc_acm
vendor=ti
ver=U-Boot 2014.01-00006-gb301e45-dirty (Dec 18 2014 - 15:55:39)
vram=16M
Environment size: 1645/131068 bytes
U-Boot# 
- 06:22:28 [INFO] Host: printenv
- 06:22:29 [INFO] Target: 
printenv
arch=arm
autoload=no
baudrate=115200
board=sdp4430
board_name=sdp4430
bootargs=console=ttyO2,115200n8 vram=16M earlyprintk rootwait 
bootcmd=
bootdelay=1
bootdir=/boot
bootfile=zImage
bootm_size=0x08000000
bootpart=0:2
bootscript=echo Running bootscript from mmc${mmcdev} ...; source ${loadaddr}
console=ttyO2,115200n8
cpu=armv7
ethact=KS8851SNL
ethaddr=08:00:28:01:4D:8A
fdt_addr_r=0x88000000
fdtaddr=0x88000000
fdtfile=undefined
findfdt=if test $board_name = sdp4430; then setenv fdtfile omap4-sdp.dtb; fi; if test $board_name = panda; then setenv fdtfile omap4-panda.dtb; fi;if test $board_name = panda-a4; then setenv fdtfile omap4-panda-a4.dtb; fi;if test $board_name = panda-es; then setenv fdtfile omap4-panda-es.dtb; fi;if test $fdtfile = undefined; then echo WARNING: Could not determine device tree to use; fi; 
importbootenv=echo Importing environment from mmc${mmcdev} ...; env import -t ${loadaddr} ${filesize}
loadaddr=0x82000000
loadbootenv=fatload mmc ${mmcdev} ${loadaddr} uEnv.txt
loadbootscript=fatload mmc ${mmcdev} ${loadaddr} boot.scr
loadfdt=load mmc ${bootpart} ${fdtaddr} ${bootdir}/${fdtfile}
loadimage=load mmc ${bootpart} ${loadaddr} ${bootdir}/${bootfile}
mmcargs=setenv bootargs console=${console} vram=${vram} root=${mmcroot} rootfstype=${mmcrootfstype}
mmcboot=echo Booting from mmc${mmcdev} ...; run mmcargs; bootz ${loadaddr} - ${fdtaddr}
mmcdev=0
mmcroot=/dev/mmcblk0p2 rw
mmcrootfstype=ext3 rootwait
serverip=192.168.1.254
soc=omap4
usbtty=cdc_acm
vendor=ti
ver=U-Boot 2014.01-00006-gb301e45-dirty (Dec 18 2014 - 15:55:39)
vram=16M
Environment size: 1645/131068 bytes
U-Boot# 
- 06:22:29 [INFO] Host: setenv bootargs ''${bootargs}' ip=dhcp '
- 06:22:29 [INFO] Target: 
setenv bootargs ''${bootargs}' ip=dhcp '
U-Boot# 
- 06:22:29 [INFO] Host: setenv serverip '192.168.1.254'
- 06:22:30 [INFO] Target: 
setenv serverip '192.168.1.254'
U-Boot# 
- 06:22:30 [INFO] Host: setenv ipaddr dhcp
- 06:22:30 [INFO] Target: 
setenv ipaddr dhcp
U-Boot# 
- 06:22:30 [INFO] Host: setenv autoload 'no'
- 06:22:31 [INFO] Target: 
setenv autoload 'no'
U-Boot# 
- 06:22:31 [INFO] Host: dhcp
- 06:22:32 [INFO] Target: 
dhcp
port status information = 0x8420 
BOOTP broadcast 1
DHCP client bound to address 192.168.1.155
U-Boot# 
- 06:22:32 [INFO] Host: setenv serverip '192.168.1.254'
- 06:22:33 [INFO] Target: 
setenv serverip '192.168.1.254'
U-Boot# 
- 06:22:33 [INFO] Host: tftp ${loadaddr} 192.168.1.254:vatf_8/00973fcbfb5d7160d9a7560a9b79d8c4
- 06:22:43 [INFO] Target: 
tftp ${loadaddr} 192.168.1.254:vatf_8/00973fcbfb5d7160d9a7560a9b79d8c4
Using KS8851SNL device
TFTP from server 192.168.1.254; our IP address is 192.168.1.155
Filename 'vatf_8/00973fcbfb5d7160d9a7560a9b79d8c4'.
Load address: 0x82000000
Loading: *T #################################################################
	 #################################################################
	 #################################################################
	 #################################################################
	 #################################################################
	 #################################################################
	 607.4 KiB/s
done
Bytes transferred = 5720208 (574890 hex)
U-Boot# 
- 06:22:43 [INFO] Host: tftp ${fdt_addr_r} 192.168.1.254:vatf_8/dce09f756237d382ecd07d04a44fc907
- 06:22:43 [INFO] Target: 
tftp ${fdt_addr_r} 192.168.1.254:vatf_8/dce09f756237d382ecd07d04a44fc907
Using KS8851SNL device
TFTP from server 192.168.1.254; our IP address is 192.168.1.155
Filename 'vatf_8/dce09f756237d382ecd07d04a44fc907'.
Load address: 0x88000000
Loading: *####
	 1.2 MiB/s
done
Bytes transferred = 57611 (e10b hex)
U-Boot# 
- 06:22:43 [INFO] Host: ls mmc 0:1
- 06:22:44 [INFO] Target: 
ls mmc 0:1
            2014.10-old/
    57476   omap4-sdp.dtb 
    57476   omap4-sdp-es23plus.dtb 
    32376   mlo 
   187224   u-boot.img 
  3323313   ramdisk.gz 
       84   uenv.txt 
  4380240   zimage-back 
            2014.04-old/
            2014.01-old/
        4   ws-calibrate.rules 
8 file(s), 3 dir(s)
U-Boot# 
- 06:22:44 [INFO] Host: ls mmc 0:2
- 06:22:44 [INFO] Target: 
ls mmc 0:2
<DIR>       4096 .
<DIR>       4096 ..
<DIR>      16384 lost+found
<DIR>       4096 bin
<DIR>       4096 boot
<DIR>       4096 dev
<DIR>       4096 etc
<DIR>       4096 home
<DIR>       4096 lib
<DIR>       4096 media
<DIR>       4096 mnt
<DIR>       4096 opt
<DIR>       4096 proc
<DIR>       4096 run
<DIR>       4096 sbin
<DIR>       4096 srv
<DIR>       4096 sys
<SYM>          8 tmp
<DIR>       4096 usr
<DIR>       4096 var
<DIR>       4096 www
<DIR>       4096 test
U-Boot# 
- 06:22:44 [INFO] Host: part uuid mmc 0:2
- 06:22:45 [INFO] Target: 
part uuid mmc 0:2
00000000-02
U-Boot# 
- 06:22:45 [INFO] Host: printenv
- 06:22:45 [INFO] Target: 
printenv
arch=arm
autoload=no
baudrate=115200
board=sdp4430
board_name=sdp4430
bootargs=console=ttyO2,115200n8 vram=16M earlyprintk rootwait ip=dhcp
bootcmd=
bootdelay=1
bootdir=/boot
bootfile=zImage
bootm_size=0x08000000
bootpart=0:2
bootscript=echo Running bootscript from mmc${mmcdev} ...; source ${loadaddr}
console=ttyO2,115200n8
cpu=armv7
dnsip=192.0.2.2
ethact=KS8851SNL
ethaddr=08:00:28:01:4D:8A
fdt_addr_r=0x88000000
fdtaddr=0x88000000
fdtfile=undefined
fileaddr=88000000
filesize=e10b
findfdt=if test $board_name = sdp4430; then setenv fdtfile omap4-sdp.dtb; fi; if test $board_name = panda; then setenv fdtfile omap4-panda.dtb; fi;if test $board_name = panda-a4; then setenv fdtfile omap4-panda-a4.dtb; fi;if test $board_name = panda-es; then setenv fdtfile omap4-panda-es.dtb; fi;if test $fdtfile = undefined; then echo WARNING: Could not determine device tree to use; fi; 
gatewayip=192.168.1.254
importbootenv=echo Importing environment from mmc${mmcdev} ...; env import -t ${loadaddr} ${filesize}
ipaddr=192.168.1.155
loadaddr=0x82000000
loadbootenv=fatload mmc ${mmcdev} ${loadaddr} uEnv.txt
loadbootscript=fatload mmc ${mmcdev} ${loadaddr} boot.scr
loadfdt=load mmc ${bootpart} ${fdtaddr} ${bootdir}/${fdtfile}
loadimage=load mmc ${bootpart} ${loadaddr} ${bootdir}/${bootfile}
mmcargs=setenv bootargs console=${console} vram=${vram} root=${mmcroot} rootfstype=${mmcrootfstype}
mmcboot=echo Booting from mmc${mmcdev} ...; run mmcargs; bootz ${loadaddr} - ${fdtaddr}
mmcdev=0
mmcroot=/dev/mmcblk0p2 rw
mmcrootfstype=ext3 rootwait
netmask=255.255.255.0
serverip=192.168.1.254
soc=omap4
usbtty=cdc_acm
vendor=ti
ver=U-Boot 2014.01-00006-gb301e45-dirty (Dec 18 2014 - 15:55:39)
vram=16M
Environment size: 1779/131068 bytes
U-Boot# 
- 06:22:45 [INFO] Host: setenv bootargs ''${bootargs}' root=PARTUUID=00000000-02 rw rootfstype=ext4 rootwait '
- 06:22:46 [INFO] Target: 
setenv bootargs ''${bootargs}' root=PARTUUID=00000000-02 rw rootfstype=ext4 rootwait '
U-Boot# 
- 06:22:46 [INFO] Host: printenv
- 06:22:46 [INFO] Target: 
printenv
arch=arm
autoload=no
baudrate=115200
board=sdp4430
board_name=sdp4430
bootargs=console=ttyO2,115200n8 vram=16M earlyprintk rootwait ip=dhcp root=PARTUUID=00000000-02 rw rootfstype=ext4 rootwait
bootcmd=
bootdelay=1
bootdir=/boot
bootfile=zImage
bootm_size=0x08000000
bootpart=0:2
bootscript=echo Running bootscript from mmc${mmcdev} ...; source ${loadaddr}
console=ttyO2,115200n8
cpu=armv7
dnsip=192.0.2.2
ethact=KS8851SNL
ethaddr=08:00:28:01:4D:8A
fdt_addr_r=0x88000000
fdtaddr=0x88000000
fdtfile=undefined
fileaddr=88000000
filesize=e10b
findfdt=if test $board_name = sdp4430; then setenv fdtfile omap4-sdp.dtb; fi; if test $board_name = panda; then setenv fdtfile omap4-panda.dtb; fi;if test $board_name = panda-a4; then setenv fdtfile omap4-panda-a4.dtb; fi;if test $board_name = panda-es; then setenv fdtfile omap4-panda-es.dtb; fi;if test $fdtfile = undefined; then echo WARNING: Could not determine device tree to use; fi; 
gatewayip=192.168.1.254
importbootenv=echo Importing environment from mmc${mmcdev} ...; env import -t ${loadaddr} ${filesize}
ipaddr=192.168.1.155
loadaddr=0x82000000
loadbootenv=fatload mmc ${mmcdev} ${loadaddr} uEnv.txt
loadbootscript=fatload mmc ${mmcdev} ${loadaddr} boot.scr
loadfdt=load mmc ${bootpart} ${fdtaddr} ${bootdir}/${fdtfile}
loadimage=load mmc ${bootpart} ${loadaddr} ${bootdir}/${bootfile}
mmcargs=setenv bootargs console=${console} vram=${vram} root=${mmcroot} rootfstype=${mmcrootfstype}
mmcboot=echo Booting from mmc${mmcdev} ...; run mmcargs; bootz ${loadaddr} - ${fdtaddr}
mmcdev=0
mmcroot=/dev/mmcblk0p2 rw
mmcrootfstype=ext3 rootwait
netmask=255.255.255.0
serverip=192.168.1.254
soc=omap4
usbtty=cdc_acm
vendor=ti
ver=U-Boot 2014.01-00006-gb301e45-dirty (Dec 18 2014 - 15:55:39)
vram=16M
Environment size: 1833/131068 bytes
U-Boot# 
- 06:22:46 [INFO] Host: setenv bootcmd ''${bootcmd}' if iminfo ${loadaddr}; then bootm ${loadaddr} - ${fdt_addr_r}; else bootz ${loadaddr} - ${fdt_addr_r}; bootm ${loadaddr} - ${fdt_addr_r}; fi'
- 06:22:47 [INFO] Target: 
setenv bootcmd ''${bootcmd}' if iminfo ${loadaddr}; then bootm ${loadaddr} - ${fdt_addr_r}; else bootz ${loadaddr} - ${fdt_addr_r}; bootm ${loadaddr} - ${fdt_addr_r}; fi'
U-Boot# 
- 06:22:47 [INFO] Host: bdinfo
- 06:22:47 [INFO] Target: 
bdinfo
arch_number = 0x00000870
boot_params = 0x80000100
DRAM bank   = 0x00000000
-> start    = 0x80000000
-> size     = 0x40000000
eth0name    = KS8851SNL
ethaddr     = 08:00:28:01:4D:8A
current eth = KS8851SNL
ip_addr     = 192.168.1.155
baudrate    = 115200 bps
TLB addr    = 0xBFFF0000
relocaddr   = 0xBFF90000
reloc off   = 0x3F790000
irq_sp      = 0xBFE6FF28
sp start    = 0xBFE6FF18
U-Boot# 
- 06:22:47 [INFO] Host: mmc rescan
- 06:22:48 [INFO] Target: 
mmc rescan
U-Boot# 
- 06:22:48 [INFO] Host: fatwrite mmc ${mmcdev}:1 ${loadaddr} ws-calibrate.rules 4
- 06:22:48 [INFO] Target: 
fatwrite mmc ${mmcdev}:1 ${loadaddr} ws-calibrate.rules 4
writing ws-calibrate.rules
4 bytes written
U-Boot# 
- 06:22:48 [INFO] Host: boot
- 06:23:13 [INFO] Target: 
boot
## Checking Image at 82000000 ...
Unknown image format!
Kernel image @ 0x82000000 [ 0x000000 - 0x574890 ]
## Flattened Device Tree blob at 88000000
   Booting using the fdt blob at 0x88000000
   Loading Device Tree to 87fee000, end 87fff10a ... OK
Starting kernel ...
[    0.000000] Booting Linux on physical CPU 0x0
[    0.000000] Linux version 3.19.0-rc2-next-20150106-00002-gba263e7 (nmenon@kahuna) (gcc version 4.6.3 (Ubuntu/Linaro 4.6.3-1ubuntu5) ) #1 SMP Tue Jan 6 06:17:25 CST 2015
[    0.000000] CPU: ARMv7 Processor [411fc093] revision 3 (ARMv7), cr=10c5387d
[    0.000000] CPU: PIPT / VIPT nonaliasing data cache, VIPT aliasing instruction cache
[    0.000000] Machine model: TI OMAP4 SDP board
[    0.000000] cma: Reserved 64 MiB at 0xbb800000
[    0.000000] Memory policy: Data cache writealloc
[    0.000000] OMAP4430 ES2.3
[    0.000000] L2C: platform modifies aux control register: 0x0e070000 -> 0x3e470000
[    0.000000] L2C: DT/platform modifies aux control register: 0x0e070000 -> 0x3e470000
[    0.000000] L2C-310 errata 727915 769419 enabled
[    0.000000] L2C-310 enabling early BRESP for Cortex-A9
[    0.000000] L2C-310 ID prefetch enabled, offset 1 lines
[    0.000000] L2C-310 cache controller enabled, 16 ways, 1024 kB
[    0.000000] L2C-310: CACHE_ID 0x410000c4, AUX_CTRL 0x7e470000
[    0.000000] PERCPU: Embedded 10 pages/cpu @eefaf000 s8576 r8192 d24192 u40960
[    0.000000] Built 1 zonelists in Zone order, mobility grouping on.  Total pages: 260368
[    0.000000] Kernel command line: console=ttyO2,115200n8 vram=16M earlyprintk rootwait ip=dhcp root=PARTUUID=00000000-02 rw rootfstype=ext4 rootwait
[    0.000000] PID hash table entries: 4096 (order: 2, 16384 bytes)
[    0.000000] Dentry cache hash table entries: 131072 (order: 7, 524288 bytes)
[    0.000000] Inode-cache hash table entries: 65536 (order: 6, 262144 bytes)
[    0.000000] Memory: 960056K/1047552K available (7496K kernel code, 957K rwdata, 3052K rodata, 768K init, 306K bss, 21960K reserved, 65536K cma-reserved, 203776K highmem)
[    0.000000] Virtual kernel memory layout:
[    0.000000]     vector  : 0xffff0000 - 0xffff1000   (   4 kB)
[    0.000000]     fixmap  : 0xffc00000 - 0xfff00000   (3072 kB)
[    0.000000]     vmalloc : 0xf0000000 - 0xff000000   ( 240 MB)
[    0.000000]     lowmem  : 0xc0000000 - 0xef800000   ( 760 MB)
[    0.000000]     pkmap   : 0xbfe00000 - 0xc0000000   (   2 MB)
[    0.000000]     modules : 0xbf000000 - 0xbfe00000   (  14 MB)
[    0.000000]       .text : 0xc0208000 - 0xc0c552dc   (10549 kB)
[    0.000000]       .init : 0xc0c56000 - 0xc0d16000   ( 768 kB)
[    0.000000]       .data : 0xc0d16000 - 0xc0e05560   ( 958 kB)
[    0.000000]        .bss : 0xc0e05560 - 0xc0e52060   ( 307 kB)
[    0.000000] SLUB: HWalign=64, Order=0-3, MinObjects=0, CPUs=2, Nodes=1
[    0.000000] Hierarchical RCU implementation.
[    0.000000] 	Additional per-CPU info printed with stalls.
[    0.000000] 	RCU restricting CPUs from NR_CPUS=8 to nr_cpu_ids=2.
[    0.000000] RCU: Adjusting geometry for rcu_fanout_leaf=16, nr_cpu_ids=2
[    0.000000] NR_IRQS:16 nr_irqs:16 16
[    0.000000] ti_dt_clocks_register: failed to lookup clock node dss_fck
[    0.000000] ti_dt_clocks_register: failed to lookup clock node dss_fck
[    0.000000] ti_dt_clocks_register: failed to lookup clock node div_ts_ck
[    0.000000] ti_dt_clocks_register: failed to lookup clock node bandgap_ts_fclk
[    0.000000] OMAP clockevent source: timer1 at 32768 Hz
[    0.000000] sched_clock: 32 bits at 32kHz, resolution 30517ns, wraps every 65536000000000ns
[    0.000030] OMAP clocksource: 32k_counter at 32768 Hz
[    0.007995] Console: colour dummy device 80x30
[    0.008026] Calibrating delay loop... 1195.21 BogoMIPS (lpj=2988032)
[    0.035369] pid_max: default: 32768 minimum: 301
[    0.035552] Mount-cache hash table entries: 2048 (order: 1, 8192 bytes)
[    0.035552] Mountpoint-cache hash table entries: 2048 (order: 1, 8192 bytes)
[    0.036376] CPU: Testing write buffer coherency: ok
[    0.036621] CPU0: thread -1, cpu 0, socket 0, mpidr 80000000
[    0.036712] Setting up static identity map for 0x80916950 - 0x809169e8
[    0.070373] CPU1: thread -1, cpu 1, socket 0, mpidr 80000001
[    0.070465] Brought up 2 CPUs
[    0.070465] SMP: Total of 2 processors activated (2390.42 BogoMIPS).
[    0.070495] CPU: All CPU(s) started in SVC mode.
[    0.071136] devtmpfs: initialized
[    0.072113] VFP support v0.3: implementor 41 architecture 3 part 30 variant 9 rev 4
[    0.073974] omap_hwmod: l3_main_3 using broken dt data from ocp
[    0.075500] omap_hwmod: l3_main_2 using broken dt data from ocp
[    0.177642] pinctrl core: initialized pinctrl subsystem
[    0.196777] NET: Registered protocol family 16
[    0.199615] DMA: preallocated 256 KiB pool for atomic coherent allocations
[    0.215423] cpuidle: using governor ladder
[    0.230407] cpuidle: using governor menu
[    0.236114] OMAP GPIO hardware version 0.1
[    0.240142] omap-gpmc 50000000.gpmc: GPMC revision 6.0
[    0.240783] irq: no irq domain found for /ocp/pinmux@4a100040 !
[    0.241149] irq: no irq domain found for /ocp/pinmux@4a100040 !
[    0.241546] irq: no irq domain found for /ocp/pinmux@4a100040 !
[    0.254089] platform 4b501000.aes: Cannot lookup hwmod 'aes'
[    0.254364] platform 480a5000.des: Cannot lookup hwmod 'des'
[    0.259674] No ATAGs?
[    0.259735] hw-breakpoint: found 5 (+1 reserved) breakpoint and 1 watchpoint registers.
[    0.259735] hw-breakpoint: maximum watchpoint size is 4 bytes.
[    0.262145] OMAP DMA hardware revision 0.0
[    0.266082] Serial: AMBA PL011 UART driver
[    0.267547] ARM PMU: not yet supported on OMAP4430 due to missing CTI driver
[    0.308471] omap-dma-engine 4a056000.dma-controller: OMAP DMA engine driver
[    0.309722] reg-fixed-voltage wl12xx_vmmc: could not find pctldev for node /ocp/pinmux@4a100040/pinmux_wl12xx_gpio, deferring probe
[    0.309753] platform wl12xx_vmmc: Driver reg-fixed-voltage requests probe deferral
[    0.313446] vgaarb: loaded
[    0.314208] SCSI subsystem initialized
[    0.314788] usbcore: registered new interface driver usbfs
[    0.314880] usbcore: registered new interface driver hub
[    0.314971] usbcore: registered new device driver usb
[    0.315917] omap_i2c 48070000.i2c: could not find pctldev for node /ocp/pinmux@4a100040/pinmux_i2c1_pins, deferring probe
[    0.315948] platform 48070000.i2c: Driver omap_i2c requests probe deferral
[    0.315979] omap_i2c 48072000.i2c: could not find pctldev for node /ocp/pinmux@4a100040/pinmux_i2c2_pins, deferring probe
[    0.316009] platform 48072000.i2c: Driver omap_i2c requests probe deferral
[    0.316040] omap_i2c 48060000.i2c: could not find pctldev for node /ocp/pinmux@4a100040/pinmux_i2c3_pins, deferring probe
[    0.316070] platform 48060000.i2c: Driver omap_i2c requests probe deferral
[    0.316101] omap_i2c 48350000.i2c: could not find pctldev for node /ocp/pinmux@4a100040/pinmux_i2c4_pins, deferring probe
[    0.316131] platform 48350000.i2c: Driver omap_i2c requests probe deferral
[    0.316925] Linux video capture interface: v2.00
[    0.316986] pps_core: LinuxPPS API ver. 1 registered
[    0.316986] pps_core: Software ver. 5.3.6 - Copyright 2005-2007 Rodolfo Giometti <giometti@linux.it>
[    0.317016] PTP clock support registered
[    0.317321] EDAC MC: Ver: 3.0.0
[    0.318206] Advanced Linux Sound Architecture Driver Initialized.
[    0.319519] Switched to clocksource 32k_counter
[    0.331909] NET: Registered protocol family 2
[    0.332672] TCP established hash table entries: 8192 (order: 3, 32768 bytes)
[    0.332763] TCP bind hash table entries: 8192 (order: 4, 65536 bytes)
[    0.332946] TCP: Hash tables configured (established 8192 bind 8192)
[    0.333038] TCP: reno registered
[    0.333038] UDP hash table entries: 512 (order: 2, 16384 bytes)
[    0.333129] UDP-Lite hash table entries: 512 (order: 2, 16384 bytes)
[    0.333404] NET: Registered protocol family 1
[    0.333740] RPC: Registered named UNIX socket transport module.
[    0.333740] RPC: Registered udp transport module.
[    0.333740] RPC: Registered tcp transport module.
[    0.333740] RPC: Registered tcp NFSv4.1 backchannel transport module.
[    0.338867] futex hash table entries: 512 (order: 3, 32768 bytes)
[    0.352081] squashfs: version 4.0 (2009/01/31) Phillip Lougher
[    0.352935] NFS: Registering the id_resolver key type
[    0.353027] Key type id_resolver registered
[    0.353027] Key type id_legacy registered
[    0.353118] ntfs: driver 2.1.31 [Flags: R/O].
[    0.354431] bounce: pool size: 64 pages
[    0.354736] Block layer SCSI generic (bsg) driver version 0.4 loaded (major 249)
[    0.354766] io scheduler noop registered
[    0.354766] io scheduler deadline registered
[    0.355010] io scheduler cfq registered (default)
[    0.361114] pinctrl-single 4a100040.pinmux: 203 pins at pa fc100040 size 406
[    0.361297] pinctrl-single 4a31e040.pinmux: 28 pins at pa fc31e040 size 56
[    0.368499] backlight supply power not found, using dummy regulator
[    0.368591] pwm-backlight backlight: unable to request PWM, trying legacy API
[    0.368621] pwm-backlight backlight: unable to request legacy PWM
[    0.368682] platform backlight: Driver pwm-backlight requests probe deferral
[    0.442657] Serial: 8250/16550 driver, 4 ports, IRQ sharing disabled
[    0.445922] msm_serial: driver initialized
[    0.446716] omap_uart 4806a000.serial: no wakeirq for uart0
[    0.446868] 4806a000.serial: ttyO0 at MMIO 0x4806a000 (irq = 226, base_baud = 3000000) is a OMAP UART0
[    0.447540] 4806c000.serial: ttyO1 at MMIO 0x4806c000 (irq = 227, base_baud = 3000000) is a OMAP UART1
[    0.448150] 48020000.serial: ttyO2 at MMIO 0x48020000 (irq = 228, base_baud = 3000000) is a OMAP UART2
[    1.321868] console [ttyO2] enabled
[    1.326110] 4806e000.serial: ttyO3 at MMIO 0x4806e000 (irq = 229, base_baud = 3000000) is a OMAP UART3
[    1.336395] STMicroelectronics ASC driver initialized
[    1.343292] [drm] Initialized drm 1.1.0 20060810
[    1.357635] loop: module loaded
[    1.370574] CAN device driver interface
[    1.376251] igb: Intel(R) Gigabit Ethernet Network Driver - version 5.2.15-k
[    1.383605] igb: Copyright (c) 2007-2014 Intel Corporation.
[    1.390380] spi1.0 supply vdd-io not found, using dummy regulator
[    1.396911] ks8851 spi1.0: message enable is 0
[    1.404388] ks8851 spi1.0 eth0: revision 0, MAC 08:00:28:01:4d:8a, IRQ 61, has EEPROM
[    1.414337] pegasus: v0.9.3 (2013/04/25), Pegasus/Pegasus II USB Ethernet driver
[    1.422149] usbcore: registered new interface driver pegasus
[    1.428161] usbcore: registered new interface driver asix
[    1.433868] usbcore: registered new interface driver ax88179_178a
[    1.440277] usbcore: registered new interface driver cdc_ether
[    1.446441] usbcore: registered new interface driver smsc75xx
[    1.452545] usbcore: registered new interface driver smsc95xx
[    1.458618] usbcore: registered new interface driver net1080
[    1.464569] usbcore: registered new interface driver cdc_subset
[    1.470825] usbcore: registered new interface driver zaurus
[    1.476745] usbcore: registered new interface driver cdc_ncm
[    1.483123] ehci_hcd: USB 2.0 'Enhanced' Host Controller (EHCI) Driver
[    1.489959] ehci-pci: EHCI PCI platform driver
[    1.494659] ehci-platform: EHCI generic platform driver
[    1.500396] ehci-omap: OMAP-EHCI Host Controller driver
[    1.506195] ehci-omap 4a064c00.ehci: EHCI Host Controller
[    1.511871] ehci-omap 4a064c00.ehci: new USB bus registered, assigned bus number 1
[    1.520080] ehci-omap 4a064c00.ehci: irq 337, io mem 0x4a064c00
[    1.534545] ehci-omap 4a064c00.ehci: USB 2.0 started, EHCI 1.00
[    1.541625] hub 1-0:1.0: USB hub found
[    1.545593] hub 1-0:1.0: 3 ports detected
[    1.550445] ehci-orion: EHCI orion driver
[    1.554931] SPEAr-ehci: EHCI SPEAr driver
[    1.559326] ehci-st: EHCI STMicroelectronics driver
[    1.564666] ehci-exynos: EHCI EXYNOS driver
[    1.569274] tegra-ehci: Tegra EHCI driver
[    1.573699] ohci_hcd: USB 1.1 'Open' Host Controller (OHCI) Driver
[    1.580200] ohci-pci: OHCI PCI platform driver
[    1.584930] ohci-platform: OHCI generic platform driver
[    1.590606] ohci-omap3: OHCI OMAP3 driver
[    1.595062] ohci-omap3 4a064800.ohci: OHCI Host Controller
[    1.600799] ohci-omap3 4a064800.ohci: new USB bus registered, assigned bus number 2
[    1.608947] ohci-omap3 4a064800.ohci: irq 336, io mem 0x4a064800
[    1.690368] hub 2-0:1.0: USB hub found
[    1.694305] hub 2-0:1.0: 3 ports detected
[    1.699127] SPEAr-ohci: OHCI SPEAr driver
[    1.703582] ohci-st: OHCI STMicroelectronics driver
[    1.709625] usbcore: registered new interface driver usb-storage
[    1.718200] mousedev: PS/2 mouse device common for all mice
[    1.728576] i2c /dev entries driver
[    1.734405] usbcore: registered new interface driver uvcvideo
[    1.740417] USB Video Class driver (1.1.1)
[    1.744720] gspca_main: v2.14.0 registered
[    1.754791] Driver 'mmcblk' needs updating - please use bus_type methods
[    1.761901] sdhci: Secure Digital Host Controller Interface driver
[    1.768341] sdhci: Copyright(c) Pierre Ossman
[    1.774505] omap_hsmmc 4809c000.mmc: unable to get vmmc regulator -517
[    1.781372] platform 4809c000.mmc: Driver omap_hsmmc requests probe deferral
[    1.789062] omap_hsmmc 480b4000.mmc: unable to get vmmc regulator -517
[    1.795959] platform 480b4000.mmc: Driver omap_hsmmc requests probe deferral
[    1.803741] omap_hsmmc 480d5000.mmc: unable to get vmmc regulator -517
[    1.810607] platform 480d5000.mmc: Driver omap_hsmmc requests probe deferral
[    1.818450] Synopsys Designware Multimedia Card Interface Driver
[    1.826080] sdhci-pltfm: SDHCI platform and OF driver helper
[    1.835205] leds_pwm pwmleds: unable to request PWM for omap4::keypad: -517
[    1.842498] platform pwmleds: Driver leds_pwm requests probe deferral
[    1.849365] ledtrig-cpu: registered to indicate activity on CPUs
[    1.855926] usbcore: registered new interface driver usbhid
[    1.861755] usbhid: USB HID core driver
[    1.869903] usbcore: registered new interface driver snd-usb-audio
[    1.880279] TCP: cubic registered
[    1.883758] NET: Registered protocol family 17
[    1.888427] can: controller area network core (rev 20120528 abi 9)
[    1.894958] NET: Registered protocol family 29
[    1.899597] can: raw protocol (rev 20120528)
[    1.904052] can: broadcast manager protocol (rev 20120528 t)
[    1.909973] can: netlink gateway (rev 20130117) max_hops=1
[    1.916198] Key type dns_resolver registered
[    1.920959] twl: not initialized
[    1.924316] twl6030_uv_to_vsel:OUT OF RANGE! non mapped vsel for 1375000 Vs max 1316660
[    1.932678] twl6030_uv_to_vsel:OUT OF RANGE! non mapped vsel for 1375000 Vs max 1316660
[    1.941070] twl6030_uv_to_vsel:OUT OF RANGE! non mapped vsel for 1375000 Vs max 1316660
[    1.949401] twl6030_uv_to_vsel:OUT OF RANGE! non mapped vsel for 1375000 Vs max 1316660
[    1.957763] twl6030_uv_to_vsel:OUT OF RANGE! non mapped vsel for 1375000 Vs max 1316660
[    1.966125] twl6030_uv_to_vsel:OUT OF RANGE! non mapped vsel for 1375000 Vs max 1316660
[    1.974487] twl6030_uv_to_vsel:OUT OF RANGE! non mapped vsel for 1410000 Vs max 1316660
[    1.982849] omap2_set_init_voltage: unable to find boot up OPP for vdd_mpu
[    1.990020] omap2_set_init_voltage: unable to set vdd_mpu
[    1.995666] omap2_set_init_voltage: unable to find boot up OPP for vdd_core
[    2.002929] omap2_set_init_voltage: unable to set vdd_core
[    2.008666] omap2_set_init_voltage: unable to find boot up OPP for vdd_iva
[    2.015838] omap2_set_init_voltage: unable to set vdd_iva
[    2.022247] cpu cpu0: running cpufreq without cooling device: -38
[    2.028717] Power Management for TI OMAP4+ devices.
[    2.033813] OMAP4 PM: u-boot >= v2012.07 is required for full PM support
[    2.040924] ThumbEE CPU extension supported.
[    2.045654] Registering SWP/SWPB emulation handler
[    2.053558] Skipping twl internal clock init and using bootloader value (unknown osc rate)
[    2.074676] hw-breakpoint: Failed to enable monitor mode on CPU 0.
[    2.088256] twl 0-0048: PIH (irq 341) nested IRQs
[    2.094238] twl_rtc 48070000.i2c:twl@48:rtc: Power up reset detected.
[    2.101318] hw-breakpoint: CPU 0 failed to disable vector catch
[    2.108093] twl_rtc 48070000.i2c:twl@48:rtc: Enabling TWL-RTC
[    2.116577] twl_rtc 48070000.i2c:twl@48:rtc: rtc core: registered 48070000.i2c:twl@48 as rtc0
[    2.136505] omap_i2c 48070000.i2c: bus 0 rev0.10 at 400 kHz
[    2.143218] omap_i2c 48072000.i2c: bus 1 rev0.10 at 400 kHz
[    2.150360] omap_i2c 48060000.i2c: bus 2 rev0.10 at 400 kHz
[    2.156951] omap_i2c 48350000.i2c: bus 3 rev0.10 at 400 kHz
[    2.163269] backlight supply power not found, using dummy regulator
[    2.169921] pwm-backlight backlight: unable to request PWM, trying legacy API
[    2.177429] pwm-backlight backlight: unable to request legacy PWM
[    2.183837] platform backlight: Driver pwm-backlight requests probe deferral
[    2.317260] mmc0: host does not support reading read-only switch, assuming write-enable
[    2.327819] mmc0: new high speed SD card at address 3180
[    2.333862] mmcblk0: mmc0:3180 SD02G 1.83 GiB 
[    2.339752]  mmcblk0: p1 p2
[    2.364471] leds_pwm pwmleds: unable to request PWM for omap4::keypad: -517
[    2.372772] platform pwmleds: Driver leds_pwm requests probe deferral
[    2.379516] backlight supply power not found, using dummy regulator
[    2.386657] pwm-backlight backlight: unable to request PWM, trying legacy API
[    2.394134] pwm-backlight backlight: unable to request legacy PWM
[    2.400543] platform backlight: Driver pwm-backlight requests probe deferral
[    2.410491] twl_rtc 48070000.i2c:twl@48:rtc: setting system clock to 2000-01-01 00:00:00 UTC (946684800)
[    2.426666] mmc1: new high speed MMC card at address 0001
[    2.432952] mmcblk1: mmc1:0001 SEM08G 7.39 GiB 
[    2.437866] mmcblk1boot0: mmc1:0001 SEM08G partition 1 1.00 MiB
[    2.444274] Sending DHCP requests .
[    2.444274] mmcblk1boot1: mmc1:0001 SEM08G partition 2 1.00 MiB
[    2.460205]  mmcblk1: unknown partition table
[    2.467681] leds_pwm pwmleds: unable to request PWM for omap4::keypad: -517
[    2.475006] platform pwmleds: Driver leds_pwm requests probe deferral
[    2.482391] backlight supply power not found, using dummy regulator
[    2.489105] pwm-backlight backlight: unable to request PWM, trying legacy API
[    2.496582] pwm-backlight backlight: unable to request legacy PWM
[    2.503112] platform backlight: Driver pwm-backlight requests probe deferral
[    4.454956] ., OK
[    4.519561] IP-Config: Got DHCP answer from 192.168.1.254, my address is 192.168.1.155
[    4.528259] IP-Config: Complete:
[    4.531738]      device=eth0, hwaddr=08:00:28:01:4d:8a, ipaddr=192.168.1.155, mask=255.255.255.0, gw=192.168.1.254
[    4.542694]      host=192.168.1.155, domain=ti.com, nis-domain=(none)
[    4.549560]      bootserver=192.168.1.254, rootserver=192.168.1.254, rootpath=
[    4.557067]      nameserver0=192.0.2.2, nameserver1=192.0.2.3
[    4.564147] VUSB: disabling
[    4.569244] VANA: disabling
[    4.573638] VDAC: disabling
[    4.578735] vwl1271: disabling
[    4.578735] VBAT: disabling
[    4.585449] ALSA device list:
[    4.585449]   No soundcards found.
[    4.795410] EXT4-fs (mmcblk0p2): mounted filesystem with ordered data mode. Opts: (null)
[    4.805023] VFS: Mounted root (ext4 filesystem) on device 179:2.
[    4.821105] devtmpfs: mounted
[    4.821105] Freeing unused kernel memory: 768K (c0c56000 - c0d16000)
INIT: version 2.88 booting
Error opening /dev/fb0: No such file or directory
Starting udev
[    5.383789] udevd[98]: starting version 182
[    6.586212] FAT-fs (mmcblk0p1): Volume was not properly unmounted. Some data may be corrupt. Please run fsck.
[    6.835540] EXT4-fs (mmcblk0p2): re-mounted. Opts: data=ordered
/dev/ttyO2 linked to /dev/tty-bd - using as console
Starting Bootlog daemon: bootlogd.
[    6.927062] random: dd urandom read with 52 bits of entropy available
Populating dev cache
ALSA: Restoring mixer settings...
/usr/sbin/alsactl: load_state:1729: No soundcards found...
Sat Sep 13 17:00:00 UTC 2014
INIT: Entering runlevel: 5
Configuring network interfaces... udhcpc (v1.22.1) started
Sending discover...
Sending select for 192.168.1.161...
Lease of 192.168.1.161 obtained, lease time 600
/etc/udhcpc.d/50default: Adding DNS 192.0.2.2
/etc/udhcpc.d/50default: Adding DNS 192.0.2.3
done.
Starting system message bus: dbus.
Starting Dropbear SSH server: dropbear.
Starting telnet daemon.
Starting rpcbind daemon...rpcbind: cannot create socket for udp6
rpcbind: cannot create socket for tcp6
done.
creating NFS state directory: done
starting statd: done
Starting syslogd/klogd: done
Starting thttpd.
Starting Lighttpd Web Server: lighttpd.
2014-09-13 17:00:02: (/home/jenkins/tisdk-build/build-CORTEX_1/arago-tmp-external-linaro-toolchain/work/cortexa15t2hf-vfp-neon-oe-linux-gnueabi/lighttpd/1.4.33-r1/lighttpd-1.4.33/src/log.c.166) server started 
Starting Matrix GUI application.
[   12.299743] random: nonblocking pool is initialized
***************************************************************
***************************************************************
NOTICE: This file system contains the followin GPLv3 packages:
	binutils
	elfutils
	gdbserver
	libdw1
	libelf1
	parted
If you do not wish to distribute GPLv3 components please remove
the above packages prior to distribution.  This can be done using
the opkg remove command.  i.e.:
    opkg remove <package>
Where <package> is the name printed in the list above
NOTE: If the package is a dependency of another package you
      will be notified of the dependent packages.  You should
      use the --force-removal-of-dependent-packages option to
      also remove the dependent packages as well
***************************************************************
***************************************************************
Stopping Bootlog daemon: bootlogd.
 _____                    _____           _         _   
|  _  |___ ___ ___ ___   |  _  |___ ___  |_|___ ___| |_ 
|     |  _| .'| . | . |  |   __|  _| . | | | -_|  _|  _|
|__|__|_| |__,|_  |___|  |__|  |_| |___|_| |___|___|_|  
              |___|                    |___|            
Arago Project http://arago-project.org TI-OMAP4-SDP-board /dev/tty-bd
Arago 2014.08 TI-OMAP4-SDP-board /dev/tty-bd
TI-OMAP4-SDP-board login: 
- 06:23:13 [INFO] Host: root
- 06:23:13 [INFO] Target: 
root
root@TI-OMAP4-SDP-board:~# 
- 06:23:13 [INFO] Host: uname -a
- 06:23:14 [INFO] Target: 
uname -a
Linux TI-OMAP4-SDP-board 3.19.0-rc2-next-20150106-00002-gba263e7 #1 SMP Tue Jan 6 06:17:25 CST 2015 armv7l GNU/Linux
root@TI-OMAP4-SDP-board:~# 
- 06:23:14 [INFO] Host: cat /proc/cmdline
- 06:23:14 [INFO] Target: 
cat /proc/cmdline
console=ttyO2,115200n8 vram=16M earlyprintk rootwait ip=dhcp root=PARTUUID=00000000-02 rw rootfstype=ext4 rootwait
root@TI-OMAP4-SDP-board:~# 
- 06:23:14 [INFO] Host: uname -a
- 06:23:15 [INFO] Target: 
uname -a
Linux TI-OMAP4-SDP-board 3.19.0-rc2-next-20150106-00002-gba263e7 #1 SMP Tue Jan 6 06:17:25 CST 2015 armv7l GNU/Linux
root@TI-OMAP4-SDP-board:~# 
- 06:23:15 [INFO] Host: cat /proc/mtd
- 06:23:15 [INFO] Target: 
cat /proc/mtd
dev:    size   erasesize  name
root@TI-OMAP4-SDP-board:~# 
- 06:23:28 [INFO] Host: export IPERFHOST=192.168.1.254
- 06:23:28 [INFO] Target: 
export IPERFHOST=192.168.1.254
root@TI-OMAP4-SDP-board:~# 
- 06:23:28 [INFO] Host: export NFS_SERVER=192.168.1.254
- 06:23:29 [INFO] Target: 
export NFS_SERVER=192.168.1.254
root@TI-OMAP4-SDP-board:~# 
- 06:23:29 [INFO] Host: export NFS_ROOT_PATH=/usr/workdir/filesys/linux/sdp4430
- 06:23:29 [INFO] Target: 
export NFS_ROOT_PATH=/usr/workdir/filesys/linux/sdp44 
root@TI-OMAP4-SDP-board:~# 
- 06:23:29 [INFO] Host: mkdir -p -m 777 /test
- 06:23:30 [INFO] Target: 
mkdir -p -m 777 /test
root@TI-OMAP4-SDP-board:~# 
- 06:23:30 [INFO] Host: cd /test
- 06:23:30 [INFO] Target: 
cd /test
root@TI-OMAP4-SDP-board:/test# 
- 06:23:30 [INFO] Host: cat > test.sh << EOF
- 06:23:31 [INFO] Target: 
cat > test.sh << EOF
- 06:23:31 [INFO] Host: failtest() {
- 06:23:31 [INFO] Target: 
failtest() {
- 06:23:31 [INFO] Host:   echo 1 >&3
- 06:23:32 [INFO] Target: 
  echo 1 >&3
- 06:23:32 [INFO] Host: }
- 06:23:32 [INFO] Target: 
- 06:23:32 [INFO] Host: timeout=600
- 06:23:33 [INFO] Target: 
timeout=600
- 06:23:33 [INFO] Host: 
- 06:23:33 [INFO] Target: 
- 06:23:33 [INFO] Host: # Start of user's script logic
- 06:23:34 [INFO] Target: 
# Start of user's script logic
- 06:23:34 [INFO] Host: 
- 06:23:34 [INFO] Target: 
- 06:23:34 [INFO] Host: 
- 06:23:35 [INFO] Target: 
- 06:23:35 [INFO] Host: mount -t proc proc /proc 2>/dev/null;
- 06:23:35 [INFO] Target: 
mount -t proc proc /proc 2>/dev/null;
- 06:23:35 [INFO] Host: 
- 06:23:36 [INFO] Target: 
- 06:23:36 [INFO] Host: mount -t sysfs sys /sys 2>/dev/null;
- 06:23:36 [INFO] Target: 
mount -t sysfs sys /sys 2>/dev/null;
- 06:23:36 [INFO] Host: 
- 06:23:37 [INFO] Target: 
- 06:23:37 [INFO] Host: mount -t debugfs none /sys/kernel/debug 2>/dev/null;
- 06:23:37 [INFO] Target: 
mount -t debugfs none /sys/kernel/debug 2>/dev/null;
- 06:23:37 [INFO] Host: 
- 06:23:38 [INFO] Target: 
- 06:23:38 [INFO] Host: echo 'cpuinfo:';cat /proc/cpuinfo; echo '=======';
- 06:23:38 [INFO] Target: 
echo 'cpuinfo:';cat /proc/cpuinfo; echo '=======';
- 06:23:38 [INFO] Host: 
- 06:23:39 [INFO] Target: 
- 06:23:39 [INFO] Host: echo 'soc info:';head /sys/devices/soc0/* 2>/dev/null; echo '=======';
- 06:23:39 [INFO] Target: 
echo 'soc info:';head /sys/devices/soc0/* 2>/dev/null; echo '=======';
- 06:23:39 [INFO] Host: 
- 06:23:40 [INFO] Target: 
- 06:23:40 [INFO] Host: echo 'DT Model info'; head /proc/device-tree/name /proc/device-tree/model /proc/device-tree/compatible 2>/dev/null;echo; echo '=======';
- 06:23:40 [INFO] Target: 
echo 'DT Model info'; head /proc/device-tree/name /proc/device-tree/model /pro 
c/device-tree/compatible 2>/dev/null;echo; echo '=======';
- 06:23:40 [INFO] Host: 
- 06:23:41 [INFO] Target: 
- 06:23:41 [INFO] Host: echo 'interrupts:';cat /proc/interrupts; echo '=======';
- 06:23:41 [INFO] Target: 
echo 'interrupts:';cat /proc/interrupts; echo '=======';
- 06:23:41 [INFO] Host: 
- 06:23:42 [INFO] Target: 
- 06:23:42 [INFO] Host: echo 'Clk_summary:';cat /sys/kernel/debug/clk/clk_summary; echo '=======';
- 06:23:42 [INFO] Target: 
echo 'Clk_summary:';cat /sys/kernel/debug/clk/clk_summary; echo '=======';
- 06:23:42 [INFO] Host: 
- 06:23:43 [INFO] Target: 
- 06:23:43 [INFO] Host: echo 'Orphan Clks:';ls /sys/kernel/debug/clk/orphans/; echo '=======';
- 06:23:43 [INFO] Target: 
echo 'Orphan Clks:';ls /sys/kernel/debug/clk/orphans/; echo '=======';
- 06:23:43 [INFO] Host: 
- 06:23:44 [INFO] Target: 
- 06:23:44 [INFO] Host: echo "Available frequencies"; cat /sys/devices/system/cpu/cpu0/cpufreq/scaling_available_frequencies 2>/dev/null;echo '=======';
- 06:23:44 [INFO] Target: 
echo "Available frequencies"; cat /sys/devices/system/cpu/cpu0/cpufreq/scaling 
_available_frequencies 2>/dev/null;echo '=======';
- 06:23:44 [INFO] Host: 
- 06:23:45 [INFO] Target: 
- 06:23:45 [INFO] Host: echo 'H''ello World' 'B''oard Booted';
- 06:23:45 [INFO] Target: 
echo 'H''ello World' 'B''oard Booted';
- 06:23:45 [INFO] Host: 
- 06:23:46 [INFO] Target: 
- 06:23:46 [INFO] Host: EOF
- 06:23:46 [INFO] Target: 
root@TI-OMAP4-SDP-board:/test# 
- 06:23:46 [INFO] Host: cd /test
- 06:23:47 [INFO] Target: 
cd /test
root@TI-OMAP4-SDP-board:/test# 
- 06:23:47 [INFO] Host: chmod +x test.sh
- 06:23:47 [INFO] Target: 
chmod +x test.sh
root@TI-OMAP4-SDP-board:/test# 
- 06:23:47 [INFO] Host: ./test.sh 2> stderr.log > stdout.log 3> result.log
- 06:23:48 [INFO] Target: 
./test.sh 2> stderr.log > stdout.log 3> result.lo 
root@TI-OMAP4-SDP-board:/test# 
- 06:23:48 [INFO] Host: echo $?
- 06:23:48 [INFO] Target: 
echo $?
root@TI-OMAP4-SDP-board:/test# 
- 06:23:48 [INFO] Host: cd /test
- 06:23:49 [INFO] Target: 
cd /test
root@TI-OMAP4-SDP-board:/test# 
- 06:23:49 [INFO] Host: cat stdout.log
- 06:23:51 [INFO] Target: 
cat stdout.log
cpuinfo:
processor	: 0
model name	: ARMv7 Processor rev 3 (v7l)
BogoMIPS	: 1593.61
Features	: half thumb fastmult vfp edsp thumbee neon vfpv3 tls vfpd32 
CPU implementer	: 0x41
CPU architecture: 7
CPU variant	: 0x1
CPU part	: 0xc09
CPU revision	: 3
processor	: 1
model name	: ARMv7 Processor rev 3 (v7l)
BogoMIPS	: 1593.61
Features	: half thumb fastmult vfp edsp thumbee neon vfpv3 tls vfpd32 
CPU implementer	: 0x41
CPU architecture: 7
CPU variant	: 0x1
CPU part	: 0xc09
CPU revision	: 3
Hardware	: Generic OMAP4 (Flattened Device Tree)
Revision	: 0000
Serial		: 0000000000000000
=======
soc info:
==> /sys/devices/soc0/family <==
OMAP4
==> /sys/devices/soc0/machine <==
OMAP4430
==> /sys/devices/soc0/power <==
==> /sys/devices/soc0/revision <==
ES2.3
==> /sys/devices/soc0/subsystem <==
==> /sys/devices/soc0/type <==
==> /sys/devices/soc0/uevent <==
=======
DT Model info
==> /proc/device-tree/name <==
==> /proc/device-tree/model <==
TI OMAP4 SDP board
==> /proc/device-tree/compatible <==
ti,omap4-sdpti,omap4430ti,omap4
=======
interrupts:
           CPU0       CPU1       
 16:        717          0       GIC  69  gp_timer
 17:       2449       2344       GIC  29  twd
 18:          0          0       GIC  41  l3-dbg-irq
 19:          0          0       GIC  42  l3-app-irq
 22:       4388          0       GIC  45  omap-dma-engine
 44:          0          0  4a310000.gpio  18  DMA
 61:         36          0  48055000.gpio   2  eth0
223:          0          0       GIC  52  gpmc
228:       4378          0       GIC 106  OMAP UART2
230:        263          0       GIC  88  48070000.i2c
231:          0          0       GIC  89  48072000.i2c
232:          0          0       GIC  93  48060000.i2c
233:          0          0       GIC  94  48350000.i2c
238:       5759          0       GIC 115  mmc0
239:        317          0       GIC 118  mmc1
240:         13          0       GIC  91  mmc2
281:          1          0      PRCM  pinctrl, pinctrl
336:          1          0       GIC 108  ohci_hcd:usb2
337:          0          0       GIC 109  ehci_hcd:usb1
339:          1          0   pinctrl 260  OMAP UART2
341:          0          0       GIC  39  TWL6030-PIH
342:          0          0   twl6030  11  rtc0
IPI0:          0          1  CPU wakeup interrupts
IPI1:          0        516  Timer broadcast interrupts
IPI2:       2386       2792  Rescheduling interrupts
IPI3:          0          0  Function call interrupts
IPI4:        533        434  Single function call interrupts
IPI5:          0          0  CPU stop interrupts
IPI6:          0          0  IRQ work interrupts
IPI7:          0          0  completion interrupts
Err:          0
=======
Clk_summary:
   clock                         enable_cnt  prepare_cnt        rate   accuracy   phase
----------------------------------------------------------------------------------------
 dummy_ck                                 0            0           0          0 0  
 xclk60motg_ck                            0            0    60000000          0 0  
 xclk60mhsp2_ck                           0            0    60000000          0 0  
 xclk60mhsp1_ck                           0            0    60000000          0 0  
 utmi_phy_clkout_ck                       0            1    60000000          0 0  
    otg_60m_gfclk                         0            1    60000000          0 0  
       usb_otg_hs_xclk                    0            1    60000000          0 0  
 tie_low_clock_ck                         0            0           0          0 0  
 virt_38400000_ck                         1            1    38400000          0 0  
    sys_clkin_ck                          7           15    38400000          0 0  
       dpll_usb_ck                        1            1   960000000          0 0  
          dpll_usb_m2_ck                  1            1   960000000          0 0  
             usb_host_hs_hsic480m_p2_clk           0            0   960000000          0 0  
             usb_host_hs_hsic480m_p1_clk           0            0   960000000          0 0  
             init_60m_fclk                1            1   120000000          0 0  
                usb_tll_hs_usb_ch1_clk           0            0   120000000          0 0  
                usb_tll_hs_usb_ch0_clk           0            0   120000000          0 0  
                usb_tll_hs_usb_ch2_clk           0            0   120000000          0 0  
                usb_host_hs_fck           1            1   120000000          0 0  
                usb_host_hs_hsic60m_p2_clk           0            0   120000000          0 0  
                usb_host_hs_hsic60m_p1_clk           0            0   120000000          0 0  
                usb_host_hs_utmi_p3_clk           0            0   120000000          0 0  
                utmi_p2_gfclk             0            0   120000000          0 0  
                   usb_host_hs_utmi_p2_clk           0            0   120000000          0 0  
                utmi_p1_gfclk             0            0   120000000          0 0  
                   usb_host_hs_utmi_p1_clk           0            0   120000000          0 0  
          dpll_usb_clkdcoldo_ck           0            0   960000000          0 0  
       auxclk5_src_ck                     0            0    38400000          0 0  
          auxclk5_ck                      0            0    38400000          0 0  
             auxclkreq5_ck                0            0    38400000          0 0  
       auxclk4_src_ck                     0            0    38400000          0 0  
          auxclk4_ck                      0            0    19200000          0 0  
             auxclkreq4_ck                0            0    19200000          0 0  
       auxclk3_src_ck                     0            0    38400000          0 0  
          auxclk3_ck                      0            0    38400000          0 0  
             auxclkreq3_ck                0            0    38400000          0 0  
       auxclk2_src_ck                     0            0    38400000          0 0  
          auxclk2_ck                      0            0    38400000          0 0  
             auxclkreq2_ck                0            0    38400000          0 0  
       auxclk1_src_ck                     0            0    38400000          0 0  
          auxclk1_ck                      0            0    38400000          0 0  
             auxclkreq1_ck                0            0    38400000          0 0  
       auxclk0_src_ck                     0            0    38400000          0 0  
          auxclk0_ck                      0            0    38400000          0 0  
             auxclkreq0_ck                0            0    38400000          0 0  
       dpll_per_ck                        1            2   768000000          0 0  
          dpll_per_x2_ck                  1            3  1536000000          0 0  
             dpll_per_m3x2_ck             0            0   256000000          0 0  
             dpll_per_m7x2_ck             0            0   307200000          0 0  
             dpll_per_m6x2_ck             0            0   384000000          0 0  
             dpll_per_m5x2_ck             0            1   170666667          0 0  
                dss_dss_clk               0            5   170666667          0 0  
             dpll_per_m4x2_ck             0            1   128000000          0 0  
                usim_ck                   0            0     9142858          0 0  
                   usim_fclk              0            0     9142858          0 0  
                fdif_fck                  0            1   128000000          0 0  
                func_64m_fclk             0            0    64000000          0 0  
             dpll_per_m2x2_ck             1            6   192000000          0 0  
                hsi_fck                   0            1   192000000          0 0  
                func_96m_fclk             0            8    96000000          0 0  
                   hsmmc2_fclk            0            1    96000000          0 0  
                   hsmmc1_fclk            0            1    96000000          0 0  
                   mcbsp4_sync_mux_ck           0            2    96000000          0 0  
                      per_mcbsp4_gfclk           0            1    96000000          0 0  
                   iss_ctrlclk            0            1    96000000          0 0  
                func_48mc_fclk            0            1    48000000          0 0  
                   usb_host_hs_func48mclk           0            0    48000000          0 0  
                   usb_host_fs_fck           0            0    48000000          0 0  
                   dss_48mhz_clk           0            2    48000000          0 0  
                func_48m_fclk             4           12    48000000          0 0  
                   ocp2scp_usb_phy_phy_48m           0            1    48000000          0 0  
                func_24mc_fclk            0            1    24000000          0 0  
                   slimbus2_fclk_0           0            1    24000000          0 0  
                func_12m_fclk             0            1    12000000          0 0  
          dpll_per_m2_ck                  0            1    96000000          0 0  
             func_24m_clk                 0            1    24000000          0 0  
                slimbus1_fclk_1           0            1    24000000          0 0  
       per_hsd_byp_clk_mux_ck             0            0    38400000          0 0  
       pmd_trace_clk_mux_ck               0            1    38400000          0 0  
          trace_clk_div_div_ck            0            1    38400000          0 0  
             trace_clk_div_ck             0            1    38400000          0 0  
       pmd_stm_clock_mux_ck               0            0    38400000          0 0  
          stm_clk_div_ck                  0            0    19200000          0 0  
       l4_wkup_clk_mux_ck                11           14    38400000          0 0  
          smartreflex_mpu_fck             0            1    38400000          0 0  
          smartreflex_iva_fck             0            1    38400000          0 0  
          smartreflex_core_fck            0            1    38400000          0 0  
       dpll_mpu_ck                        2            2   800000000          0 0  
          mpu_periphclk                   1            1   400000000          0 0  
          dpll_mpu_m2_ck                  1            1   800000000          0 0  
       iva_hsd_byp_clk_mux_ck             1            1    38400000          0 0  
          dpll_iva_ck                     1            1    38400000          0 0  
             dpll_iva_x2_ck               1            2    38400000          0 0  
                dpll_iva_m5x2_ck           1            2     9600000          0 0  
                dpll_iva_m4x2_ck           0            2     9600000          0 0  
       dpll_core_ck                       2            2   800000000          0 0  
          dpll_core_m2_ck                 1            1   800000000          0 0  
             ddrphy_ck                    2            2   400000000          0 0  
          dpll_core_x2_ck                 1            2  1600000000          0 0  
             dpll_core_m3x2_ck            0            0   320000000          0 0  
             dpll_core_m7x2_ck            0            1   320000000          0 0  
                sgx_clk_mux               0            1   320000000          0 0  
             dpll_core_m4x2_ck            0            0   200000000          0 0  
                dll_clk_div_ck            0            0   100000000          0 0  
             dpll_core_m5x2_ck            1            1   400000000          0 0  
                div_mpu_hs_clk            0            0   400000000          0 0  
                div_iva_hs_clk            0            0   400000000          0 0  
                div_core_ck               1            2   400000000          0 0  
                   ducati_clk_mux_ck           0            3   400000000          0 0  
                   l3_div_ck             47           50   200000000          0 0  
                      usb_otg_hs_ick           0            1   200000000          0 0  
                      sha2md5_fck           0            0   200000000          0 0  
                      aes2_fck            0            0   200000000          0 0  
                      aes1_fck            0            0   200000000          0 0  
                      l4_div_ck          65           67   100000000          0 0  
                         usb_tll_hs_ick           1            1   100000000          0 0  
             dpll_core_m6x2_ck            0            0   266666667          0 0  
       core_hsd_byp_clk_mux_ck            0            0    38400000          0 0  
       cm2_dm9_mux                        0            1    38400000          0 0  
       cm2_dm4_mux                        0            1    38400000          0 0  
       cm2_dm3_mux                        0            1    38400000          0 0  
       cm2_dm2_mux                        0            1    38400000          0 0  
       cm2_dm11_mux                       0            1    38400000          0 0  
       cm2_dm10_mux                       0            1    38400000          0 0  
       syc_clk_div_ck                     0            5    38400000          0 0  
          timer8_sync_mux                 0            1    38400000          0 0  
          timer7_sync_mux                 0            1    38400000          0 0  
          timer6_sync_mux                 0            1    38400000          0 0  
          timer5_sync_mux                 0            1    38400000          0 0  
          dss_sys_clk                     0            4    38400000          0 0  
       dbgclk_mux_ck                      1            1    38400000          0 0  
       abe_dpll_bypass_clk_mux_ck           0            0    38400000          0 0  
 virt_27000000_ck                         0            0    27000000          0 0  
 virt_26000000_ck                         0            0    26000000          0 0  
 virt_19200000_ck                         0            0    19200000          0 0  
 virt_16800000_ck                         0            0    16800000          0 0  
 virt_13000000_ck                         0            0    13000000          0 0  
 virt_12000000_ck                         0            0    12000000          0 0  
 sys_32k_ck                               3           13       32768          0 0  
    usb_phy_cm_clk32k                     0            1       32768          0 0  
    gpio6_dbclk                           0            1       32768          0 0  
    gpio5_dbclk                           0            1       32768          0 0  
    gpio4_dbclk                           0            1       32768          0 0  
    gpio3_dbclk                           0            1       32768          0 0  
    gpio2_dbclk                           0            1       32768          0 0  
    bandgap_fclk                          0            0       32768          0 0  
    dmt1_clk_mux                          1            1       32768          0 0  
    gpio1_dbclk                           0            1       32768          0 0  
    abe_dpll_refclk_mux_ck                1            1       32768          0 0  
       dpll_abe_ck                        1            2    98304000          0 0  
          dpll_abe_m2_ck                  0            1    98304000          0 0  
             per_abe_nc_fclk              0            0    98304000          0 0  
             per_abe_24m_fclk             0            1    24576000          0 0  
                slimbus2_fclk_1           0            1    24576000          0 0  
          dpll_abe_x2_ck                  1            1   196608000          0 0  
             dpll_abe_m3x2_ck             0            0    98304000          0 0  
                usb_hs_clk_div_ck           0            0    32768000          0 0  
                per_hs_clk_div_ck           0            0    49152000          0 0  
             dpll_abe_m2x2_ck             1            2    98304000          0 0  
                lp_clk_div_ck             0            0     6144000          0 0  
                abe_clk                   1            1    98304000          0 0  
                   aess_fclk              1            2    98304000          0 0  
                      ocp_abe_iclk          20           20    49152000          0 0  
                abe_24m_fclk              0            6    12288000          0 0  
                   mcbsp3_sync_mux_ck           0            2    12288000          0 0  
                      func_mcbsp3_gfclk           0            1    12288000          0 0  
                   mcbsp2_sync_mux_ck           0            2    12288000          0 0  
                      func_mcbsp2_gfclk           0            1    12288000          0 0  
                   mcbsp1_sync_mux_ck           0            2    12288000          0 0  
                      func_mcbsp1_gfclk           0            1    12288000          0 0  
                   mcasp_sync_mux_ck           0            1    12288000          0 0  
                      func_mcasp_abe_gfclk           0            1    12288000          0 0  
                   dmic_sync_mux_ck           0            1    12288000          0 0  
                      func_dmic_abe_gfclk           0            1    12288000          0 0  
                   slimbus1_fclk_0           0            1    12288000          0 0  
 slimbus_src_clk                          0            1    12000000          0 0  
    slimbus_clk                           0            1    12000000          0 0  
       slimbus1_slimbus_clk               0            1    12000000          0 0  
 secure_32k_clk_src_ck                    0            0       32768          0 0  
 pad_slimbus_core_clks_ck                 0            1    12000000          0 0  
    slimbus2_slimbus_clk                  0            1    12000000          0 0  
 pad_clks_src_ck                          0            1    12000000          0 0  
    pad_clks_ck                           0            6    12000000          0 0  
       slimbus1_fclk_2                    0            1    12000000          0 0  
 extalt_clkin_ck                          0            1    59000000          0 0  
    dss_tv_clk                            0            2    59000000          0 0  
=======
Orphan Clks:
=======
Available frequencies
300000 600000 800000 1008000 
=======
Hello World Board Booted
root@TI-OMAP4-SDP-board:/test# 
- 06:23:51 [INFO] Host: cat stderr.log
- 06:23:51 [INFO] Target: 
cat stderr.log
ls: /sys/kernel/debug/clk/orphans/: No such file or directory
root@TI-OMAP4-SDP-board:/test# 
- 06:23:51 [INFO] Host: cat result.log
- 06:23:53 [ERROR] On command: cat result.log waiting for cat result.log.+?(?m-ix:^1[\0\n\r]+) >>> error: execution expired
- 06:23:53 [INFO] Target: 
cat result.log
root@TI-OMAP4-SDP-board:/test# 
- 06:23:53 [INFO] Host: cd /test
- 06:23:54 [INFO] Target: 
cd /test
root@TI-OMAP4-SDP-board:/test# 
URL:gtsystest.telogy.design.ti.com/vatf/tidfarm-02/tidfarm-02_vatf@8/tidfarm-0201_06_2015_06_22_03/files/session_iteration_1/test_1
