- 12:46:05 [INFO] Starting target session
- 12:46:07 [INFO] Connected to sdp4430 via serial 
- 12:46:07 [INFO] Host: #check prompt
- 12:46:10 [ERROR] On command: #check prompt waiting for #check prompt.+?(?-mix:((?-mix:.*\s+login)|[Pp]assword)) >>> error: execution expired
- 12:46:10 [INFO] Target: 
#check prompt
root@TI-OMAP4-SDP-board:/test# 
- 12:46:10 [INFO] Host: #check prompt
- 12:46:10 [INFO] Target: 
#check prompt
root@TI-OMAP4-SDP-board:/test# 
- 12:46:10 [INFO] Host: sync;poweroff
- 12:46:23 [INFO] Target: 
sync;poweroff
Broadcast message from root@TI-OMAP4-SDP-board (ttyO2) (Fri Feb 19 19:28:36 2
The systemr%Quj(*UI55jRStopping Dropbear SSH server: stopped /usr/sbin/dropbear (pid 324)
dropbear.
Stopping telnet daemon.
Stopping system message bus: dbus.
hwclock: can't open '/dev/misc/rtc': No such file or directory
[ 1669.599792] EXT4-fs error (device mmcblk0p2): ext4_lookup:1611: inode #30849: comm udevd: deleted inode referenced: 31122
Error opening /dev/fb0: No such file or directory
Stopping syslogd/klogd: stopped syslogd (pid 350)
stopped klogd (pid 353)
done
Stopping thttpd.
stopping statd: done
ALSA: Storing mixer settings...
/usr/sbin/alsactl: save_state:1590: No soundcards found...
Stopping rpcbind daemon...
done.
Stopping Lighttpd Web Server: stopped /usr/sbin/lighttpd (pid 360)
lighttpd.
Deconfiguring network interfaces... done.
Stopping Matrix GUI applicationstart-stop-daemon: warning: killing process 366: No such process
***************************************************************
***************************************************************
NOTICE: This file system contains the followin GPLv3 packages:
	binutils
	elfutils
	gdbserver
	libdw1
	libelf1
	parted
If you do not wish to distribute GPLv3 components please remove
the above packages prior to distribution.  This can be done using
the opkg remove command.  i.e.:
    opkg remove <package>
Where <package> is the name printed in the list above
NOTE: If the package is a dependency of another package you
      will be notified of the dependent packages.  You should
      use the --force-removal-of-dependent-packages option to
      also remove the dependent packages as well
***************************************************************
***************************************************************
Sending all processes the TERM signal...
Sending all processes the KILL signal...
Unmounting remote filesystems...
Deactivating swap...
Unmounting local filesystems...
[ 1678.632598] EXT4-fs (mmcblk0p2): re-mounted. Opts: data=ordered
[ 1681.136413] reboot: System halted
- 12:46:23 [INFO] Disconnected serial from sdp4430
- 12:46:24 [INFO] Connected to sdp4430 via serial 
- 12:46:24 [INFO] Host: 
- 12:46:27 [INFO] Target: 
U-Boot SPL 2014.01-00006-gb301e45-dirty (Dec 18 2014 - 15:55:39)
OMAP4430 ES2.3
SPL: Please implement spl_start_uboot() for your board
SPL: Direct Linux boot not active!
reading u-boot.img
reading u-boot.img
U-Boot 2014.01-00006-gb301e45-dirty (Dec 18 2014 - 15:55:39)
CPU  : OMAP4430 ES2.3
Board: OMAP4430 SDP
I2C:   ready
DRAM:  1 GiB
MMC:   OMAP SD/MMC: 0, OMAP SD/MMC: 1
*** Warning - bad CRC, using default environment
Battery Voltage: 3544 mV
Net:   KS8851SNL
Hit any key to stop autoboot:  1  0 
U-Boot# 
U-Boot#  
U-Boot#  
U-Boot#  
U-Boot#  
U-Boot#  
U-Boot#  
U-Boot#  
U-Boot#  
U-Boot#  
U-Boot#  
U-Boot#  
U-Boot#  
U-Boot#  
U-Boot#  
U-Boot#  
U-Boot#  
U-Boot#  
U-Boot#  
U-Boot#  
U-Boot#  
U-Boot# 
- 12:46:28 [INFO] Host: 
- 12:46:29 [INFO] Target: 
oot#  
U-Boot#  
U-Boot# 
U-Boot# 
- 12:46:29 [INFO] Host: version
- 12:46:29 [INFO] Target: 
version
U-Boot 2014.01-00006-gb301e45-dirty (Dec 18 2014 - 15:55:39)
arm-linux-gnueabi-gcc (Ubuntu/Linaro 4.6.3-1ubuntu5) 4.6.3
GNU ld (GNU Binutils for Ubuntu) 2.22
U-Boot# 
- 12:46:29 [INFO] Host: setenv bootargs 'console=ttyO2,115200n8 vram=16M earlyprintk=serial,ttyO2,115200n8 rootwait '
- 12:46:29 [INFO] Target: 
setenv bootargs 'console=ttyO2,115200n8 vram=16M earlyprintk=serial,ttyO2,115200n8 rootwait '
U-Boot# 
- 12:46:29 [INFO] Host: setenv bootcmd  ''
- 12:46:29 [INFO] Target: 
setenv bootcmd  ''
U-Boot# 
- 12:46:29 [INFO] Host: setenv autoload 'no'
- 12:46:29 [INFO] Target: 
setenv autoload 'no'
U-Boot# 
- 12:46:29 [INFO] Host: setenv serverip '192.168.1.254'
- 12:46:29 [INFO] Target: 
setenv serverip '192.168.1.254'
U-Boot# 
- 12:46:29 [INFO] Host: setenv _initramfs -
- 12:46:29 [INFO] Target: 
setenv _initramfs -
U-Boot# 
- 12:46:29 [INFO] Host: printenv
- 12:46:29 [INFO] Target: 
printenv
_initramfs=-
arch=arm
autoload=no
baudrate=115200
board=sdp4430
board_name=sdp4430
bootargs=console=ttyO2,115200n8 vram=16M earlyprintk=serial,ttyO2,115200n8 rootwait 
bootcmd=
bootdelay=1
bootdir=/boot
bootfile=zImage
bootm_size=0x08000000
bootpart=0:2
bootscript=echo Running bootscript from mmc${mmcdev} ...; source ${loadaddr}
console=ttyO2,115200n8
cpu=armv7
ethact=KS8851SNL
ethaddr=08:00:28:01:4D:8A
fdt_addr_r=0x88000000
fdtaddr=0x88000000
fdtfile=undefined
findfdt=if test $board_name = sdp4430; then setenv fdtfile omap4-sdp.dtb; fi; if test $board_name = panda; then setenv fdtfile omap4-panda.dtb; fi;if test $board_name = panda-a4; then setenv fdtfile omap4-panda-a4.dtb; fi;if test $board_name = panda-es; then setenv fdtfile omap4-panda-es.dtb; fi;if test $fdtfile = undefined; then echo WARNING: Could not determine device tree to use; fi; 
importbootenv=echo Importing environment from mmc${mmcdev} ...; env import -t ${loadaddr} ${filesize}
loadaddr=0x82000000
loadbootenv=fatload mmc ${mmcdev} ${loadaddr} uEnv.txt
loadbootscript=fatload mmc ${mmcdev} ${loadaddr} boot.scr
loadfdt=load mmc ${bootpart} ${fdtaddr} ${bootdir}/${fdtfile}
loadimage=load mmc ${bootpart} ${loadaddr} ${bootdir}/${bootfile}
mmcargs=setenv bootargs console=${console} vram=${vram} root=${mmcroot} rootfstype=${mmcrootfstype}
mmcboot=echo Booting from mmc${mmcdev} ...; run mmcargs; bootz ${loadaddr} - ${fdtaddr}
mmcdev=0
mmcroot=/dev/mmcblk0p2 rw
mmcrootfstype=ext3 rootwait
serverip=192.168.1.254
soc=omap4
usbtty=cdc_acm
vendor=ti
ver=U-Boot 2014.01-00006-gb301e45-dirty (Dec 18 2014 - 15:55:39)
vram=16M
Environment size: 1682/131068 bytes
U-Boot# 
- 12:46:29 [INFO] Host: printenv
- 12:46:30 [INFO] Target: 
printenv
_initramfs=-
arch=arm
autoload=no
baudrate=115200
board=sdp4430
board_name=sdp4430
bootargs=console=ttyO2,115200n8 vram=16M earlyprintk=serial,ttyO2,115200n8 rootwait 
bootcmd=
bootdelay=1
bootdir=/boot
bootfile=zImage
bootm_size=0x08000000
bootpart=0:2
bootscript=echo Running bootscript from mmc${mmcdev} ...; source ${loadaddr}
console=ttyO2,115200n8
cpu=armv7
ethact=KS8851SNL
ethaddr=08:00:28:01:4D:8A
fdt_addr_r=0x88000000
fdtaddr=0x88000000
fdtfile=undefined
findfdt=if test $board_name = sdp4430; then setenv fdtfile omap4-sdp.dtb; fi; if test $board_name = panda; then setenv fdtfile omap4-panda.dtb; fi;if test $board_name = panda-a4; then setenv fdtfile omap4-panda-a4.dtb; fi;if test $board_name = panda-es; then setenv fdtfile omap4-panda-es.dtb; fi;if test $fdtfile = undefined; then echo WARNING: Could not determine device tree to use; fi; 
importbootenv=echo Importing environment from mmc${mmcdev} ...; env import -t ${loadaddr} ${filesize}
loadaddr=0x82000000
loadbootenv=fatload mmc ${mmcdev} ${loadaddr} uEnv.txt
loadbootscript=fatload mmc ${mmcdev} ${loadaddr} boot.scr
loadfdt=load mmc ${bootpart} ${fdtaddr} ${bootdir}/${fdtfile}
loadimage=load mmc ${bootpart} ${loadaddr} ${bootdir}/${bootfile}
mmcargs=setenv bootargs console=${console} vram=${vram} root=${mmcroot} rootfstype=${mmcrootfstype}
mmcboot=echo Booting from mmc${mmcdev} ...; run mmcargs; bootz ${loadaddr} - ${fdtaddr}
mmcdev=0
mmcroot=/dev/mmcblk0p2 rw
mmcrootfstype=ext3 rootwait
serverip=192.168.1.254
soc=omap4
usbtty=cdc_acm
vendor=ti
ver=U-Boot 2014.01-00006-gb301e45-dirty (Dec 18 2014 - 15:55:39)
vram=16M
Environment size: 1682/131068 bytes
U-Boot# 
- 12:46:30 [INFO] Host: setenv bootargs ''${bootargs}' ip=:::::eth0:dhcp '
- 12:46:30 [INFO] Target: 
setenv bootargs ''${bootargs}' ip=:::::eth0:dhcp '
U-Boot# 
- 12:46:30 [INFO] Host: setenv serverip '192.168.1.254'
- 12:46:30 [INFO] Target: 
setenv serverip '192.168.1.254'
U-Boot# 
- 12:46:30 [INFO] Host: setenv autoload 'no'
- 12:46:30 [INFO] Target: 
setenv autoload 'no'
U-Boot# 
- 12:46:30 [INFO] Host: dhcp
- 12:46:31 [INFO] Target: 
dhcp
port status information = 0x84a0 
BOOTP broadcast 1
DHCP client bound to address 192.168.1.183
U-Boot# 
- 12:46:31 [INFO] Host: tftp ${loadaddr} 192.168.1.254:vatf_sdp4430/6642da2f70413e899857f83339a80221
- 12:46:37 [INFO] Target: 
tftp ${loadaddr} 192.168.1.254:vatf_sdp4430/6642da2f70413e899857f83339a80221
Using KS8851SNL device
TFTP from server 192.168.1.254; our IP address is 192.168.1.183
Filename 'vatf_sdp4430/6642da2f70413e899857f83339a80221'.
Load address: 0x82000000
Loading: *#################################################################
	 #################################################################
	 #################################################################
	 #################################################################
	 #################################################################
	 #################################################################
	 #################################################################
	 #################################
	 1.2 MiB/s
done
Bytes transferred = 7158592 (6d3b40 hex)
U-Boot# 
- 12:46:37 [INFO] Host: tftp ${fdt_addr_r} 192.168.1.254:vatf_sdp4430/9768343033a2ad91c916294ea201a1e4
- 12:46:37 [INFO] Target: 
tftp ${fdt_addr_r} 192.168.1.254:vatf_sdp4430/9768343033a2ad91c916294ea201a1e4
Using KS8851SNL device
TFTP from server 192.168.1.254; our IP address is 192.168.1.183
Filename 'vatf_sdp4430/9768343033a2ad91c916294ea201a1e4'.
Load address: 0x88000000
Loading: *#####
	 1.2 MiB/s
done
Bytes transferred = 59932 (ea1c hex)
U-Boot# 
- 12:46:37 [INFO] Host: ls mmc 0:1
- 12:46:37 [INFO] Target: 
ls mmc 0:1
            2014.10-old/
    57476   omap4-sdp.dtb 
    57476   omap4-sdp-es23plus.dtb 
    32376   mlo 
   187224   u-boot.img 
  3323313   ramdisk.gz 
       84   uenv.txt 
  4380240   zimage-back 
            2014.04-old/
            2014.01-old/
        4   ws-calibrate.rules 
8 file(s), 3 dir(s)
U-Boot# 
- 12:46:37 [INFO] Host: ls mmc 0:2
- 12:46:37 [INFO] Target: 
ls mmc 0:2
<DIR>       4096 .
<DIR>       4096 ..
<DIR>      16384 lost+found
<DIR>       4096 bin
<DIR>       4096 boot
<DIR>       4096 dev
<DIR>       4096 etc
<DIR>       4096 home
<DIR>       4096 lib
<DIR>       4096 media
<DIR>       4096 mnt
<DIR>       4096 opt
<DIR>       4096 proc
<DIR>       4096 run
<DIR>       4096 sbin
<DIR>       4096 srv
<DIR>       4096 sys
<SYM>          8 tmp
<DIR>       4096 usr
<DIR>       4096 var
<DIR>       4096 www
<DIR>       4096 test
U-Boot# 
- 12:46:37 [INFO] Host: part uuid mmc 0:2
- 12:46:37 [INFO] Target: 
part uuid mmc 0:2
00000000-02
U-Boot# 
- 12:46:37 [INFO] Host: printenv
- 12:46:37 [INFO] Target: 
printenv
_initramfs=-
arch=arm
autoload=no
baudrate=115200
board=sdp4430
board_name=sdp4430
bootargs=console=ttyO2,115200n8 vram=16M earlyprintk=serial,ttyO2,115200n8 rootwait ip=:::::eth0:dhcp
bootcmd=
bootdelay=1
bootdir=/boot
bootfile=zImage
bootm_size=0x08000000
bootpart=0:2
bootscript=echo Running bootscript from mmc${mmcdev} ...; source ${loadaddr}
console=ttyO2,115200n8
cpu=armv7
dnsip=192.0.2.2
ethact=KS8851SNL
ethaddr=08:00:28:01:4D:8A
fdt_addr_r=0x88000000
fdtaddr=0x88000000
fdtfile=undefined
fileaddr=88000000
filesize=ea1c
findfdt=if test $board_name = sdp4430; then setenv fdtfile omap4-sdp.dtb; fi; if test $board_name = panda; then setenv fdtfile omap4-panda.dtb; fi;if test $board_name = panda-a4; then setenv fdtfile omap4-panda-a4.dtb; fi;if test $board_name = panda-es; then setenv fdtfile omap4-panda-es.dtb; fi;if test $fdtfile = undefined; then echo WARNING: Could not determine device tree to use; fi; 
gatewayip=192.168.1.254
importbootenv=echo Importing environment from mmc${mmcdev} ...; env import -t ${loadaddr} ${filesize}
ipaddr=192.168.1.183
loadaddr=0x82000000
loadbootenv=fatload mmc ${mmcdev} ${loadaddr} uEnv.txt
loadbootscript=fatload mmc ${mmcdev} ${loadaddr} boot.scr
loadfdt=load mmc ${bootpart} ${fdtaddr} ${bootdir}/${fdtfile}
loadimage=load mmc ${bootpart} ${loadaddr} ${bootdir}/${bootfile}
mmcargs=setenv bootargs console=${console} vram=${vram} root=${mmcroot} rootfstype=${mmcrootfstype}
mmcboot=echo Booting from mmc${mmcdev} ...; run mmcargs; bootz ${loadaddr} - ${fdtaddr}
mmcdev=0
mmcroot=/dev/mmcblk0p2 rw
mmcrootfstype=ext3 rootwait
netmask=255.255.255.0
serverip=192.168.1.254
soc=omap4
usbtty=cdc_acm
vendor=ti
ver=U-Boot 2014.01-00006-gb301e45-dirty (Dec 18 2014 - 15:55:39)
vram=16M
Environment size: 1826/131068 bytes
U-Boot# 
- 12:46:37 [INFO] Host: setenv bootargs ''${bootargs}' root=PARTUUID=00000000-02 rw rootfstype=ext4 rootwait '
- 12:46:38 [INFO] Target: 
setenv bootargs ''${bootargs}' root=PARTUUID=00000000-02 rw rootfstype=ext4 rootwait '
U-Boot# 
- 12:46:38 [INFO] Host: printenv
- 12:46:38 [INFO] Target: 
printenv
_initramfs=-
arch=arm
autoload=no
baudrate=115200
board=sdp4430
board_name=sdp4430
bootargs=console=ttyO2,115200n8 vram=16M earlyprintk=serial,ttyO2,115200n8 rootwait ip=:::::eth0:dhcp root=PARTUUID=00000000-02 rw rootfstype=ext4 rootwait
bootcmd=
bootdelay=1
bootdir=/boot
bootfile=zImage
bootm_size=0x08000000
bootpart=0:2
bootscript=echo Running bootscript from mmc${mmcdev} ...; source ${loadaddr}
console=ttyO2,115200n8
cpu=armv7
dnsip=192.0.2.2
ethact=KS8851SNL
ethaddr=08:00:28:01:4D:8A
fdt_addr_r=0x88000000
fdtaddr=0x88000000
fdtfile=undefined
fileaddr=88000000
filesize=ea1c
findfdt=if test $board_name = sdp4430; then setenv fdtfile omap4-sdp.dtb; fi; if test $board_name = panda; then setenv fdtfile omap4-panda.dtb; fi;if test $board_name = panda-a4; then setenv fdtfile omap4-panda-a4.dtb; fi;if test $board_name = panda-es; then setenv fdtfile omap4-panda-es.dtb; fi;if test $fdtfile = undefined; then echo WARNING: Could not determine device tree to use; fi; 
gatewayip=192.168.1.254
importbootenv=echo Importing environment from mmc${mmcdev} ...; env import -t ${loadaddr} ${filesize}
ipaddr=192.168.1.183
loadaddr=0x82000000
loadbootenv=fatload mmc ${mmcdev} ${loadaddr} uEnv.txt
loadbootscript=fatload mmc ${mmcdev} ${loadaddr} boot.scr
loadfdt=load mmc ${bootpart} ${fdtaddr} ${bootdir}/${fdtfile}
loadimage=load mmc ${bootpart} ${loadaddr} ${bootdir}/${bootfile}
mmcargs=setenv bootargs console=${console} vram=${vram} root=${mmcroot} rootfstype=${mmcrootfstype}
mmcboot=echo Booting from mmc${mmcdev} ...; run mmcargs; bootz ${loadaddr} - ${fdtaddr}
mmcdev=0
mmcroot=/dev/mmcblk0p2 rw
mmcrootfstype=ext3 rootwait
netmask=255.255.255.0
serverip=192.168.1.254
soc=omap4
usbtty=cdc_acm
vendor=ti
ver=U-Boot 2014.01-00006-gb301e45-dirty (Dec 18 2014 - 15:55:39)
vram=16M
Environment size: 1880/131068 bytes
U-Boot# 
- 12:46:38 [INFO] Host: setenv bootcmd ''${bootcmd}' if iminfo ${loadaddr}; then bootm ${loadaddr} ${_initramfs} ${fdt_addr_r}; else bootz ${loadaddr} ${_initramfs} ${fdt_addr_r}; bootm ${loadaddr} ${_initramfs} ${fdt_addr_r}; fi'
- 12:46:38 [INFO] Target: 
setenv bootcmd ''${bootcmd}' if iminfo ${loadaddr}; then bootm ${loadaddr} ${_initramfs} ${fdt_addr_r}; else bootz ${loadaddr} ${_initramfs} ${fdt_addr_r}; bootm ${loadaddr} ${_initramfs} ${fdt_addr_r}; fi'
U-Boot# 
- 12:46:38 [INFO] Host: version
- 12:46:38 [INFO] Target: 
version
U-Boot 2014.01-00006-gb301e45-dirty (Dec 18 2014 - 15:55:39)
arm-linux-gnueabi-gcc (Ubuntu/Linaro 4.6.3-1ubuntu5) 4.6.3
GNU ld (GNU Binutils for Ubuntu) 2.22
U-Boot# 
- 12:46:38 [INFO] Host: bdinfo
- 12:46:38 [INFO] Target: 
bdinfo
arch_number = 0x00000870
boot_params = 0x80000100
DRAM bank   = 0x00000000
-> start    = 0x80000000
-> size     = 0x40000000
eth0name    = KS8851SNL
ethaddr     = 08:00:28:01:4D:8A
current eth = KS8851SNL
ip_addr     = 192.168.1.183
baudrate    = 115200 bps
TLB addr    = 0xBFFF0000
relocaddr   = 0xBFF90000
reloc off   = 0x3F790000
irq_sp      = 0xBFE6FF28
sp start    = 0xBFE6FF18
U-Boot# 
- 12:46:38 [INFO] Host: mmc rescan; echo $?
- 12:46:38 [INFO] Target: 
mmc rescan; echo $?
U-Boot# 
- 12:46:38 [INFO] Host: fatwrite mmc ${mmcdev}:1 ${loadaddr} ws-calibrate.rules 4
- 12:46:39 [INFO] Target: 
fatwrite mmc ${mmcdev}:1 ${loadaddr} ws-calibrate.rules 4
writing ws-calibrate.rules
4 bytes written
U-Boot# 
- 12:46:39 [INFO] Host: boot
- 12:46:55 [INFO] Target: 
boot
## Checking Image at 82000000 ...
Unknown image format!
Kernel image @ 0x82000000 [ 0x000000 - 0x6d3b40 ]
## Flattened Device Tree blob at 88000000
   Booting using the fdt blob at 0x88000000
   Loading Device Tree to 87fee000, end 87fffa1b ... OK
Starting kernel ...
[    0.000000] Booting Linux on physical CPU 0x0
[    0.000000] Linux version 4.9.0-rc8-next-20161207-00002-g32957516ff9a (nmenon@horus) (gcc version 4.9.3 20150413 (prerelease) (Linaro GCC 4.9-2015.05) ) #3 SMP Wed Dec 7 12:39:10 CST 2016
[    0.000000] CPU: ARMv7 Processor [411fc093] revision 3 (ARMv7), cr=10c5387d
[    0.000000] CPU: PIPT / VIPT nonaliasing data cache, VIPT aliasing instruction cache
[    0.000000] OF: fdt:Machine model: TI OMAP4 SDP board
[    0.000000] efi: Getting EFI parameters from FDT:
[    0.000000] efi: UEFI not found.
[    0.000000] cma: Reserved 64 MiB at 0xbb800000
[    0.000000] Memory policy: Data cache writealloc
[    0.000000] OMAP4: Map 0xbfe00000 to fe600000 for dram barrier
[    0.000000] OMAP4430 ES2.3
[    0.000000] percpu: Embedded 14 pages/cpu @ef7a9000 s26048 r8192 d23104 u57344
[    0.000000] Built 1 zonelists in Zone order, mobility grouping on.  Total pages: 260096
[    0.000000] Kernel command line: console=ttyO2,115200n8 vram=16M earlyprintk=serial,ttyO2,115200n8 rootwait ip=:::::eth0:dhcp root=PARTUUID=00000000-02 rw rootfstype=ext4 rootwait
[    0.000000] PID hash table entries: 4096 (order: 2, 16384 bytes)
[    0.000000] Dentry cache hash table entries: 131072 (order: 7, 524288 bytes)
[    0.000000] Inode-cache hash table entries: 65536 (order: 6, 262144 bytes)
[    0.000000] Memory: 952544K/1046528K available (10240K kernel code, 1135K rwdata, 3936K rodata, 2048K init, 503K bss, 28448K reserved, 65536K cma-reserved, 194560K highmem)
[    0.000000] Virtual kernel memory layout:
[    0.000000]     vector  : 0xffff0000 - 0xffff1000   (   4 kB)
[    0.000000]     fixmap  : 0xffc00000 - 0xfff00000   (3072 kB)
[    0.000000]     vmalloc : 0xf0800000 - 0xff800000   ( 240 MB)
[    0.000000]     lowmem  : 0xc0000000 - 0xf0000000   ( 768 MB)
[    0.000000]     pkmap   : 0xbfe00000 - 0xc0000000   (   2 MB)
[    0.000000]     modules : 0xbf000000 - 0xbfe00000   (  14 MB)
[    0.000000]       .text : 0xc0208000 - 0xc0d00000   (11232 kB)
[    0.000000]       .init : 0xc1200000 - 0xc1400000   (2048 kB)
[    0.000000]       .data : 0xc1400000 - 0xc151bcc0   (1136 kB)
[    0.000000]        .bss : 0xc151d000 - 0xc159ac30   ( 504 kB)
[    0.000000] SLUB: HWalign=64, Order=0-3, MinObjects=0, CPUs=2, Nodes=1
[    0.000000] Hierarchical RCU implementation.
[    0.000000] 	Build-time adjustment of leaf fanout to 32.
[    0.000000] 	RCU restricting CPUs from NR_CPUS=16 to nr_cpu_ids=2.
[    0.000000] RCU: Adjusting geometry for rcu_fanout_leaf=32, nr_cpu_ids=2
[    0.000000] NR_IRQS:16 nr_irqs:16 16
[    0.000000] L2C: platform modifies aux control register: 0x0e070000 -> 0x3e470000
[    0.000000] L2C: DT/platform modifies aux control register: 0x0e070000 -> 0x3e470000
[    0.000000] L2C-310 errata 727915 769419 enabled
[    0.000000] L2C-310 enabling early BRESP for Cortex-A9
[    0.000000] L2C-310 ID prefetch enabled, offset 1 lines
[    0.000000] L2C-310 cache controller enabled, 16 ways, 1024 kB
[    0.000000] L2C-310: CACHE_ID 0x410000c4, AUX_CTRL 0x7e470000
[    0.000000] ti_dt_clocks_register: failed to lookup clock node dss_fck
[    0.000000] ti_dt_clocks_register: failed to lookup clock node dss_fck
[    0.000000] ti_dt_clocks_register: failed to lookup clock node div_ts_ck
[    0.000000] ti_dt_clocks_register: failed to lookup clock node bandgap_ts_fclk
[    0.000000] OMAP clockevent source: timer1 at 32768 Hz
[    0.000000] clocksource: 32k_counter: mask: 0xffffffff max_cycles: 0xffffffff, max_idle_ns: 58327039986419 ns
[    0.000000] sched_clock: 32 bits at 32kHz, resolution 30517ns, wraps every 65535999984741ns
[    0.000000] OMAP clocksource: 32k_counter at 32768 Hz
[    0.004302] Console: colour dummy device 80x30
[    0.004333] Calibrating delay loop... 1196.85 BogoMIPS (lpj=5984256)
[    0.085113] pid_max: default: 32768 minimum: 301
[    0.085235] Mount-cache hash table entries: 2048 (order: 1, 8192 bytes)
[    0.085235] Mountpoint-cache hash table entries: 2048 (order: 1, 8192 bytes)
[    0.085937] CPU: Testing write buffer coherency: ok
[    0.086181] CPU0: thread -1, cpu 0, socket 0, mpidr 80000000
[    0.086425] Setting up static identity map for 0x80300000 - 0x80300098
[    0.093902] EFI services will not be available.
[    0.094146] smp: Bringing up secondary CPUs ...
[    0.135101] CPU1: thread -1, cpu 1, socket 0, mpidr 80000001
[    0.135192] smp: Brought up 1 node, 2 CPUs
[    0.135223] SMP: Total of 2 processors activated (2393.70 BogoMIPS).
[    0.135223] CPU: All CPU(s) started in SVC mode.
[    0.136291] devtmpfs: initialized
[    0.156402] VFP support v0.3: implementor 41 architecture 3 part 30 variant 9 rev 4
[    0.157104] clocksource: jiffies: mask: 0xffffffff max_cycles: 0xffffffff, max_idle_ns: 19112604462750000 ns
[    0.163116] pinctrl core: initialized pinctrl subsystem
[    0.165710] NET: Registered protocol family 16
[    0.168304] DMA: preallocated 256 KiB pool for atomic coherent allocations
[    0.171264] omap_hwmod: l3_main_3 using broken dt data from ocp
[    0.173248] omap_hwmod: l3_main_2 using broken dt data from ocp
[    0.281127] cpuidle: using governor menu
[    0.291839] OMAP GPIO hardware version 0.1
[    0.303924] omap-gpmc 50000000.gpmc: GPMC revision 6.0
[    0.303955] gpmc_mem_init: disabling cs 0 mapped at 0x0-0x1000000
[    0.304870] irq: no irq domain found for /ocp/l4@4a000000/scm@100000/pinmux@40 !
[    0.305419] irq: no irq domain found for /ocp/l4@4a000000/scm@100000/pinmux@40 !
[    0.305938] irq: no irq domain found for /ocp/l4@4a000000/scm@100000/pinmux@40 !
[    0.323455] platform 4b501000.aes: Cannot lookup hwmod 'aes'
[    0.323852] platform 480a5000.des: Cannot lookup hwmod 'des'
[    0.330810] No ATAGs?
[    0.330902] hw-breakpoint: found 5 (+1 reserved) breakpoint and 1 watchpoint registers.
[    0.330932] hw-breakpoint: maximum watchpoint size is 4 bytes.
[    0.332977] OMAP DMA hardware revision 0.0
[    0.340026] Serial: AMBA PL011 UART driver
[    0.344757] ARM PMU: not yet supported on OMAP4430 due to missing CTI driver
[    0.373229] omap-dma-engine 4a056000.dma-controller: OMAP DMA engine driver (LinkedList1/2/3 supported)
[    0.376800] reg-fixed-voltage wl12xx_vmmc: could not find pctldev for node /ocp/l4@4a000000/scm@100000/pinmux@40/pinmux_wl12xx_gpio, deferring probe
[    0.382019] vgaarb: loaded
[    0.383056] SCSI subsystem initialized
[    0.383605] usbcore: registered new interface driver usbfs
[    0.383666] usbcore: registered new interface driver hub
[    0.383728] usbcore: registered new device driver usb
[    0.384643] omap_i2c 48070000.i2c: could not find pctldev for node /ocp/l4@4a000000/scm@100000/pinmux@40/pinmux_i2c1_pins, deferring probe
[    0.384704] omap_i2c 48072000.i2c: could not find pctldev for node /ocp/l4@4a000000/scm@100000/pinmux@40/pinmux_i2c2_pins, deferring probe
[    0.384735] omap_i2c 48060000.i2c: could not find pctldev for node /ocp/l4@4a000000/scm@100000/pinmux@40/pinmux_i2c3_pins, deferring probe
[    0.384796] omap_i2c 48350000.i2c: could not find pctldev for node /ocp/l4@4a000000/scm@100000/pinmux@40/pinmux_i2c4_pins, deferring probe
[    0.386230] pps_core: LinuxPPS API ver. 1 registered
[    0.386260] pps_core: Software ver. 5.3.6 - Copyright 2005-2007 Rodolfo Giometti <giometti@linux.it>
[    0.386260] PTP clock support registered
[    0.386535] EDAC MC: Ver: 3.0.0
[    0.389709] clocksource: Switched to clocksource 32k_counter
[    0.402679] NET: Registered protocol family 2
[    0.403320] TCP established hash table entries: 8192 (order: 3, 32768 bytes)
[    0.403442] TCP bind hash table entries: 8192 (order: 4, 65536 bytes)
[    0.403594] TCP: Hash tables configured (established 8192 bind 8192)
[    0.403686] UDP hash table entries: 512 (order: 2, 16384 bytes)
[    0.403778] UDP-Lite hash table entries: 512 (order: 2, 16384 bytes)
[    0.403961] NET: Registered protocol family 1
[    0.404388] RPC: Registered named UNIX socket transport module.
[    0.404418] RPC: Registered udp transport module.
[    0.404418] RPC: Registered tcp transport module.
[    0.404418] RPC: Registered tcp NFSv4.1 backchannel transport module.
[    0.410278] futex hash table entries: 512 (order: 3, 32768 bytes)
[    0.411010] workingset: timestamp_bits=30 max_order=18 bucket_order=0
[    0.422546] squashfs: version 4.0 (2009/01/31) Phillip Lougher
[    0.423553] NFS: Registering the id_resolver key type
[    0.423583] Key type id_resolver registered
[    0.423583] Key type id_legacy registered
[    0.423645] ntfs: driver 2.1.32 [Flags: R/O].
[    0.425384] bounce: pool size: 64 pages
[    0.425659] Block layer SCSI generic (bsg) driver version 0.4 loaded (major 248)
[    0.425689] io scheduler noop registered
[    0.425689] io scheduler deadline registered
[    0.425933] io scheduler cfq registered (default)
[    0.436157] pinctrl-single 4a100040.pinmux: 203 pins at pa fc100040 size 406
[    0.436431] pinctrl-single 4a31e040.pinmux: 28 pins at pa fc31e040 size 56
[    0.451812] backlight supply power not found, using dummy regulator
[    0.540649] Serial: 8250/16550 driver, 4 ports, IRQ sharing disabled
[    0.544708] SuperH (H)SCI(F) driver initialized
[    0.546356] msm_serial: driver initialized
[    0.546630] omap_uart 4806a000.serial: no wakeirq for uart0
[    0.546783] 4806a000.serial: ttyO0 at MMIO 0x4806a000 (irq = 224, base_baud = 3000000) is a OMAP UART0
[    0.547485] 4806c000.serial: ttyO1 at MMIO 0x4806c000 (irq = 225, base_baud = 3000000) is a OMAP UART1
[    0.548095] 48020000.serial: ttyO2 at MMIO 0x48020000 (irq = 226, base_baud = 3000000) is a OMAP UART2
[    1.439453] console [ttyO2] enabled
[    1.443756] 4806e000.serial: ttyO3 at MMIO 0x4806e000 (irq = 227, base_baud = 3000000) is a OMAP UART3
[    1.454162] STMicroelectronics ASC driver initialized
[    1.464813] [drm] Initialized
[    1.488494] brd: module loaded
[    1.498748] loop: module loaded
[    1.518035] libphy: Fixed MDIO Bus: probed
[    1.523742] CAN device driver interface
[    1.529327] bgmac_bcma: Broadcom 47xx GBit MAC driver loaded
[    1.537536] e1000e: Intel(R) PRO/1000 Network Driver - 3.2.6-k
[    1.543701] e1000e: Copyright(c) 1999 - 2015 Intel Corporation.
[    1.550048] igb: Intel(R) Gigabit Ethernet Network Driver - version 5.4.0-k
[    1.557403] igb: Copyright (c) 2007-2014 Intel Corporation.
[    1.564453] spi1.0 supply vdd-io not found, using dummy regulator
[    1.571075] ks8851 spi1.0: message enable is 0
[    1.578918] ks8851 spi1.0 eth0: revision 0, MAC 08:00:28:01:4d:8a, IRQ 61, has EEPROM
[    1.592071] pegasus: v0.9.3 (2013/04/25), Pegasus/Pegasus II USB Ethernet driver
[    1.600006] usbcore: registered new interface driver pegasus
[    1.606018] usbcore: registered new interface driver asix
[    1.611785] usbcore: registered new interface driver ax88179_178a
[    1.618255] usbcore: registered new interface driver cdc_ether
[    1.624511] usbcore: registered new interface driver smsc75xx
[    1.630645] usbcore: registered new interface driver smsc95xx
[    1.636749] usbcore: registered new interface driver net1080
[    1.642791] usbcore: registered new interface driver cdc_subset
[    1.649108] usbcore: registered new interface driver zaurus
[    1.655059] usbcore: registered new interface driver cdc_ncm
[    1.664093] ehci_hcd: USB 2.0 'Enhanced' Host Controller (EHCI) Driver
[    1.670989] ehci-pci: EHCI PCI platform driver
[    1.675720] ehci-platform: EHCI generic platform driver
[    1.681610] ehci-orion: EHCI orion driver
[    1.686065] SPEAr-ehci: EHCI SPEAr driver
[    1.690551] ehci-st: EHCI STMicroelectronics driver
[    1.695892] ehci-exynos: EHCI EXYNOS driver
[    1.700622] ehci-atmel: EHCI Atmel driver
[    1.705078] tegra-ehci: Tegra EHCI driver
[    1.709564] ohci_hcd: USB 1.1 'Open' Host Controller (OHCI) Driver
[    1.716125] ohci-pci: OHCI PCI platform driver
[    1.720886] ohci-platform: OHCI generic platform driver
[    1.726654] ohci-omap3: OHCI OMAP3 driver
[    1.731262] ohci-omap3 4a064800.ohci: OHCI Host Controller
[    1.737060] ohci-omap3 4a064800.ohci: new USB bus registered, assigned bus number 1
[    1.745391] ohci-omap3 4a064800.ohci: irq 334, io mem 0x4a064800
[    1.840606] hub 1-0:1.0: USB hub found
[    1.844604] hub 1-0:1.0: 3 ports detected
[    1.849548] SPEAr-ohci: OHCI SPEAr driver
[    1.854125] ohci-st: OHCI STMicroelectronics driver
[    1.859497] ohci-atmel: OHCI Atmel driver
[    1.865020] usbcore: registered new interface driver usb-storage
[    1.873840] mousedev: PS/2 mouse device common for all mice
[    1.884582] i2c /dev entries driver
[    1.909637] sdhci: Secure Digital Host Controller Interface driver
[    1.909820] cpu cpu0: dev_pm_opp_set_rate: Regulator not registered with OPP core
[    1.909851] cpufreq: __target_index: Failed to change cpu frequency: -22
[    1.931152] sdhci: Copyright(c) Pierre Ossman
[    1.940399] Synopsys Designware Multimedia Card Interface Driver
[    1.948608] sdhci-pltfm: SDHCI platform and OF driver helper
[    1.959686] leds_pwm pwmleds: unable to request PWM for omap4::keypad: -517
[    1.967498] ledtrig-cpu: registered to indicate activity on CPUs
[    1.974395] usbcore: registered new interface driver usbhid
[    1.980285] usbhid: USB HID core driver
[    1.990081] NET: Registered protocol family 10
[    1.995941] Segment Routing with IPv6
[    1.999877] sit: IPv6, IPv4 and MPLS over IPv4 tunneling driver
[    2.006866] NET: Registered protocol family 17
[    2.011566] can: controller area network core (rev 20120528 abi 9)
[    2.018157] NET: Registered protocol family 29
[    2.022857] can: raw protocol (rev 20120528)
[    2.027343] can: broadcast manager protocol (rev 20161123 t)
[    2.033325] can: netlink gateway (rev 20130117) max_hops=1
[    2.039642] Key type dns_resolver registered
[    2.044464] twl: not initialized
[    2.047882] twl6030_uv_to_vsel:OUT OF RANGE! non mapped vsel for 1375000 Vs max 1316660
[    2.056335] twl6030_uv_to_vsel:OUT OF RANGE! non mapped vsel for 1375000 Vs max 1316660
[    2.064788] twl6030_uv_to_vsel:OUT OF RANGE! non mapped vsel for 1375000 Vs max 1316660
[    2.073242] twl6030_uv_to_vsel:OUT OF RANGE! non mapped vsel for 1375000 Vs max 1316660
[    2.081695] twl6030_uv_to_vsel:OUT OF RANGE! non mapped vsel for 1375000 Vs max 1316660
[    2.090148] twl6030_uv_to_vsel:OUT OF RANGE! non mapped vsel for 1375000 Vs max 1316660
[    2.098602] twl6030_uv_to_vsel:OUT OF RANGE! non mapped vsel for 1410000 Vs max 1316660
[    2.107269] omap2_set_init_voltage: unable to find boot up OPP for vdd_core
[    2.114624] omap2_set_init_voltage: unable to set vdd_core
[    2.120452] omap2_set_init_voltage: unable to find boot up OPP for vdd_iva
[    2.127685] omap2_set_init_voltage: unable to set vdd_iva
[    2.133514] Power Management for TI OMAP4+ devices.
[    2.138641] OMAP4 PM: u-boot >= v2012.07 is required for full PM support
[    2.146179] ThumbEE CPU extension supported.
[    2.150695] Registering SWP/SWPB emulation handler
[    2.166748] Skipping twl internal clock init and using bootloader value (unknown osc rate)
[    2.200286] twl 0-0048: PIH (irq 339) nested IRQs
[    2.207763] twl_rtc 48070000.i2c:twl@48:rtc: Power up reset detected.
[    2.214630] cpu cpu0: dev_pm_opp_set_rate: Regulator not registered with OPP core
[    2.222625] cpufreq: __target_index: Failed to change cpu frequency: -22
[    2.230468] twl_rtc 48070000.i2c:twl@48:rtc: Enabling TWL-RTC
[    2.239379] twl_rtc 48070000.i2c:twl@48:rtc: rtc core: registered 48070000.i2c:twl@48 as rtc0
[    2.262237] omap_i2c 48070000.i2c: bus 0 rev0.10 at 400 kHz
[    2.276977] omap_i2c 48072000.i2c: bus 1 rev0.10 at 400 kHz
[    2.284027] omap_i2c 48060000.i2c: bus 2 rev0.10 at 400 kHz
[    2.291564] omap_i2c 48350000.i2c: bus 3 rev0.10 at 400 kHz
[    2.298553] backlight supply power not found, using dummy regulator
[    2.471252] mmc0: host does not support reading read-only switch, assuming write-enable
[    2.481811] mmc0: new high speed SD card at address 3180
[    2.487976] mmcblk0: mmc0:3180 SD02G 1.83 GiB 
[    2.493896]  mmcblk0: p1 p2
[    2.540374] hw-breakpoint: Failed to enable monitor mode on CPU 0.
[    2.559906] hw-breakpoint: CPU 0 failed to disable vector catch
[    2.588897] random: fast init done
[    2.592773] mmc1: new high speed MMC card at address 0001
[    2.599121] mmcblk1: mmc1:0001 SEM08G 7.40 GiB 
[    2.604187] mmcblk1boot0: mmc1:0001 SEM08G partition 1 1.00 MiB
[    2.612701] leds_pwm pwmleds: unable to request PWM for omap4::keypad: -517
[    2.612701] backlight supply power not found, using dummy regulator
[    2.628814] mmcblk1boot1: mmc1:0001 SEM08G partition 2 1.00 MiB
[    2.637329] twl_rtc 48070000.i2c:twl@48:rtc: setting system clock to 2000-01-01 00:00:00 UTC (946684800)
[    2.653839] leds_pwm pwmleds: unable to request PWM for omap4::keypad: -517
[    2.664123] backlight supply power not found, using dummy regulator
[    2.679962] Sending DHCP requests .[    3.780364] cpu cpu0: dev_pm_opp_set_rate: Regulator not registered with OPP core
[    3.788299] cpufreq: __target_index: Failed to change cpu frequency: -22
[    4.090026] cpu cpu0: dev_pm_opp_set_rate: Regulator not registered with OPP core
[    4.090026] cpufreq: __target_index: Failed to change cpu frequency: -22
[    4.400054] cpu cpu0: dev_pm_opp_set_rate: Regulator not registered with OPP core
[    4.400054] cpufreq: __target_index: Failed to change cpu frequency: -22
[    5.040069] cpu cpu0: dev_pm_opp_set_rate: Regulator not registered with OPP core
[    5.048004] cpufreq: __target_index: Failed to change cpu frequency: -22
[    5.240051] ., OK
[    5.302307] IP-Config: Got DHCP answer from 192.168.1.254, my address is 192.168.1.183
[    5.310699] IP-Config: Complete:
[    5.310699]      device=eth0, hwaddr=08:00:28:01:4d:8a, ipaddr=192.168.1.183, mask=255.255.255.0, gw=192.168.1.254
[    5.325042]      host=192.168.1.183, domain=tidfarm-06.internal.ti.com, nis-domain=(none)
[    5.333679]      bootserver=192.168.1.254, rootserver=192.168.1.254, rootpath=     nameserver0=192.0.2.2, nameserver1=192.0.2.3
[    5.346313] VBAT: disabling
[    5.346313] vwl1271: disabling
[    5.355072] VDAC: disabling
[    5.358459] VANA: disabling
[    5.361846] VUSB: disabling
[    5.377075] EXT4-fs (mmcblk0p2): warning: mounting fs with errors, running e2fsck is recommended
[    5.576538] EXT4-fs (mmcblk0p2): mounted filesystem with ordered data mode. Opts: (null)
[    5.585601] VFS: Mounted root (ext4 filesystem) on device 179:2.
[    5.595916] devtmpfs: mounted
[    5.601837] Freeing unused kernel memory: 2048K
INIT: version 2.88 booting
Error opening /dev/fb0: No such file or directory
[    6.081695] EXT4-fs error (device mmcblk0p2): ext4_lookup:1611: inode #30849: comm S04udev: deleted inode referenced: 31122
Starting udev
[    6.349853] EXT4-fs error (device mmcblk0p2): ext4_lookup:1611: inode #30849: comm S04udev: deleted inode referenced: 31122
[    6.631011] EXT4-fs error (device mmcblk0p2): ext4_lookup:1611: inode #30849: comm udevd: deleted inode referenced: 31122
[    6.832519] udevd[126]: starting version 182
[    6.842834] EXT4-fs error (device mmcblk0p2): ext4_lookup:1611: inode #30849: comm udevd: deleted inode referenced: 31122
[    7.048980] EXT4-fs error (device mmcblk0p2): ext4_lookup:1611: inode #30849: comm udevadm: deleted inode referenced: 31122
[    7.244354] cpu cpu0: dev_pm_opp_set_rate: Regulator not registered with OPP core
[    7.252258] cpufreq: __target_index: Failed to change cpu frequency: -22
[    7.298431] EXT4-fs error (device mmcblk0p2): ext4_lookup:1611: inode #30849: comm udevd: deleted inode referenced: 31122
[    7.501861] EXT4-fs error (device mmcblk0p2): ext4_lookup:1611: inode #30849: comm udevadm: deleted inode referenced: 31122
[    7.859832] cpu cpu0: dev_pm_opp_set_rate: Regulator not registered with OPP core
[    7.867858] cpufreq: __target_index: Failed to change cpu frequency: -22
[    7.894775] EXT4-fs error (device mmcblk0p2): ext4_lookup:1611: inode #30849: comm udevadm: deleted inode referenced: 31122
[    8.160217] cpu cpu0: dev_pm_opp_set_rate: Regulator not registered with OPP core
[    8.168182] cpufreq: __target_index: Failed to change cpu frequency: -22
[    8.461090] cpu cpu0: dev_pm_opp_set_rate: Regulator not registered with OPP core
[    8.461273] cpufreq: __target_index: Failed to change cpu frequency: -22
[    8.657836] EXT4-fs (mmcblk0p2): re-mounted. Opts: data=ordered
/dev/ttyO2 linked to /dev/tty-bd - using as console
Starting Bootlog daemon: bootlogd.
[    8.763061] cpu cpu0: dev_pm_opp_set_rate: Regulator not registered with OPP core
[    8.771087] cpufreq: __target_index: Failed to change cpu frequency: -22
Populating dev cache
[    8.917510] EXT4-fs error (device mmcblk0p2): ext4_lookup:1611: inode #30849: comm mv: deleted inode referenced: 31122
mv: can't stat '/etc/udev/cache.data': Structure needs cleaning
[   10.114227] cpu cpu0: dev_pm_opp_set_rate: Regulator not registered with OPP core
[   10.122314] cpufreq: __target_index: Failed to change cpu frequency: -22
ALSA: Restoring mixer settings...
/usr/sbin/alsactl: load_state:1729: No soundcards found...
Fri Feb 19 19:28:00 UTC 2016
INIT: Entering runlevel: 5
Configuring network interfaces... [   10.720001] cpu cpu0: dev_pm_opp_set_rate: Regulator not registered with OPP core
[   10.727996] cpufreq: __target_index: Failed to change cpu frequency: -22
udhcpc (v1.22.1) started
Sending discover...
[   11.360076] cpu cpu0: dev_pm_opp_set_rate: Regulator not registered with OPP core
[   11.368011] cpufreq: __target_index: Failed to change cpu frequency: -22
[   11.624572] EXT4-fs error (device mmcblk0p2): ext4_lookup:1611: inode #30849: comm udevd: deleted inode referenced: 31122
[   11.669738] cpu cpu0: dev_pm_opp_set_rate: Regulator not registered with OPP core
[   11.674987] cpufreq: __target_index: Failed to change cpu frequency: -22
Sending select for 192.168.1.150...
[   11.970214] cpu cpu0: dev_pm_opp_set_rate: Regulator not registered with OPP core
[   11.978179] cpufreq: __target_index: Failed to change cpu frequency: -22
Lease of 192.168.1.150 obtained, lease time 600
/etc/udhcpc.d/50default: Adding DNS 192.0.2.2
/etc/udhcpc.d/50default: Adding DNS 192.0.2.3
done.
Starting system message bus: dbus.
Starting Dropbear SSH server: dropbear.
Starting telnet daemon.
Starting rpcbind daemon...[   12.580017] cpu cpu0: dev_pm_opp_set_rate: Regulator not registered with OPP core
[   12.587982] cpufreq: __target_index: Failed to change cpu frequency: -22
done.
creating NFS state directory: done
starting statd: done
Starting syslogd/klogd: done
Starting thttpd.
Starting Lighttpd Web Server: [   12.880157] cpu cpu0: dev_pm_opp_set_rate: Regulator not registered with OPP core
[   12.880798] cpufreq: __target_index: Failed to change cpu frequency: -22
lighttpd.
2016-02-19 19:28:02: (/home/jenkins/tisdk-build/build-CORTEX_1/arago-tmp-external-linaro-toolchain/work/cortexa15t2hf-vfp-neon-oe-linux-gnueabi/lighttpd/1.4.33-r1/lighttpd-1.4.33/src/log.c.166) server started 
Starting Matrix GUI application.
[   13.180236] cpu cpu0: dev_pm_opp_set_rate: Regulator not registered with OPP core
[   13.188232] cpufreq: __target_index: Failed to change cpu frequency: -22
[   13.480957] cpu cpu0: dev_pm_opp_set_rate: Regulator not registered with OPP core
[   13.488952] cpufreq: __target_index: Failed to change cpu frequency: -22
[   13.782897] cpu cpu0: dev_pm_opp_set_rate: Regulator not registered with OPP core
[   13.790863] cpufreq: __target_index: Failed to change cpu frequency: -22
[   14.084594] cpu cpu0: dev_pm_opp_set_rate: Regulator not registered with OPP core
[   14.092559] cpufreq: __target_index: Failed to change cpu frequency: -22
***************************************************************
***************************************************************
NOTICE: This file system contains the followin GPLv3 packages:
	binutils
	elfutils
	gdbserver
	libdw1
	libelf1
	parted
If you do not wish to distribute GPLv3 components please remove
the above packages prior to distribution.  This can be done using
the opkg remove command.  i.e.:
    opkg remove <package>
Where <package> is the name printed in the list above
NOTE: If the package is a dependency of another package you
      will be notified of the dependent packages.  You should
      use the --force-removal-of-dependent-packages option to
      also remove the dependent packages as well
***************************************************************
***************************************************************
Stopping Bootlog daemon: bootlogd.
TI-OMAP4-SDP-board login: 
- 12:46:55 [INFO] Host: root
- 12:46:55 [INFO] Target: 
root
root@TI-OMAP4-SDP-board:~# 
- 12:46:55 [INFO] Sleeping 15 secs to allow systemd to finish starting processes...
- 12:47:10 [INFO] Disconnected serial from sdp4430
- 12:47:10 [INFO] Connected to sdp4430 via serial 
- 12:47:10 [INFO] Host: uname -a
- 12:47:10 [INFO] Target: 
[   30.697998] cpu cpu0: dev_pm_opp_set_rate: Regulator not registered with OPP core
u[   30.705963] cpufreq: __target_index: Failed to change cpu frequency: -22
name -a
Linux TI-OMAP4-SDP-board 4.9.0-rc8-next-20161207-00002-g32957516ff9a #3 SMP Wed Dec 7 12:39:10 CST 2016 armv7l GNU/Linux
root@TI-OMAP4-SDP-board:~# 
- 12:47:10 [INFO] Host: cat /proc/cmdline
- 12:47:10 [INFO] Target: 
cat /proc/cmdline
console=ttyO2,115200n8 vram=16M earlyprintk=serial,ttyO2,115200n8 rootwait ip=:::::eth0:dhcp root=PARTUUID=00000000-02 rw rootfstype=ext4 rootwait
root@TI-OMAP4-SDP-board:~# 
- 12:47:10 [INFO] Host: uname -a
- 12:47:10 [INFO] Target: 
uname -a
Linux TI-OMAP4-SDP-board 4.9.0-rc8-next-20161207-00002-g32957516ff9a #3 SMP Wed Dec 7 12:39:10 CST 2016 armv7l GNU/Linux
root@TI-OMAP4-SDP-board:~# 
- 12:47:10 [INFO] Host: cat /proc/mtd
- 12:47:11 [INFO] Target: 
cat [   30.999603] cpu cpu0: dev_pm_opp_set_rate: Regulator not registered with OPP core
[   31.007812] cpufreq: __target_index: Failed to change cpu frequency: -22
/proc/mtd
dev:    size   erasesize  name
root@TI-OMAP4-SDP-board:~# 
- 12:47:11 [INFO] Host: cat /proc/diskstats
- 12:47:11 [INFO] Target: 
cat /proc/diskstats
   1       0 ram0 0 0 0 0 0 0 0 0 0 0 0
   1       1 ram1 0 0 0 0 0 0 0 0 0 0 0
   1       2 ram2 0 0 0 0 0 0 0 0 0 0 0
   1       3 ram3 0 0 0 0 0 0 0 0 0 0 0
   1       4 ram4 0 0 0 0 0 0 0 0 0 0 0
   1       5 ram5 0 0 0 0 0 0 0 0 0 0 0
   1       6 ram6 0 0 0 0 0 0 0 0 0 0 0
   1       7 ram7 0 0 0 0 0 0 0 0 0 0 0
   1       8 ram8 0 0 0 0 0 0 0 0 0 0 0
   1       9 ram9 0 0 0 0 0 0 0 0 0 0 0
   1      10 ram10 0 0 0 0 0 0 0 0 0 0 0
   1      11 ram11 0 0 0 0 0 0 0 0 0 0 0
   1      12 ram12 0 0 0 0 0 0 0 0 0 0 0
   1      13 ram13 0 0 0 0 0 0 0 0 0 0 0
   1      14 ram14 0 0 0 0 0 0 0 0 0 0 0
   1      15 ram15 0 0 0 0 0 0 0 0 0 0 0
   7       0 loop0 0 0 0 0 0 0 0 0 0 0 0
   7       1 loop1 0 0 0 0 0 0 0 0 0 0 0
   7       2 loop2 0 0 0 0 0 0 0 0 0 0 0
   7       3 loop3 0 0 0 0 0 0 0 0 0 0 0
   7       4 loop4 0 0 0 0 0 0 0 0 0 0 0
   7       5 loop5 0 0 0 0 0 0 0 0 0 0 0
   7       6 loop6 0 0 0 0 0 0 0 0 0 0 0
   7       7 loop7 0 0 0 0 0 0 0 0 0 0 0
 179       0 mmcblk0 1821 591 82082 7530 19 31 1736 5670 0 7320 13200
 179       1 mmcblk0p1 90 0 1578 210 0 0 0 0 0 160 210
 179       2 mmcblk0p2 1710 591 80320 7130 19 31 1736 5670 0 7210 12800
 179      16 mmcblk1 61 0 928 80 0 0 0 0 0 50 80
 179      48 mmcblk1boot1 11 0 88 20 0 0 0 0 0 20 20
 179      32 mmcblk1boot0 11 0 88 20 0 0 0 0 0 20 20
root@TI-OMAP4-SDP-board:~# 
- 12:47:11 [INFO] Host: cat /proc/interrupts
- 12:47:11 [INFO] Target: 
[   31.301940] cpu cpu0: dev_pm_opp_set_rate: Regulator not registered with OPP core
[   31.309906] cpufreq: __target_index: Failed to change cpu frequency: -22
cat /proc/interrupts
           CPU0       CPU1       
 16:        334          0     WUGEN  37 Level     gp_timer
 17:       1376       1191     GIC-0  29 Edge      twd
 18:          0          0     WUGEN   9 Level     l3-dbg-irq
 19:          0          0     WUGEN  10 Level     l3-app-irq
 21:          0          0     WUGEN  12 Level     DMA
 22:       1943          0     WUGEN  13 Level     omap-dma-engine
 25:          0          0     WUGEN  29 Level     4a310000.gpio
 58:         33          0     WUGEN  30 Level     48055000.gpio
 61:         33          0  48055000.gpio   2 Level     eth0
 91:          0          0     WUGEN  31 Level     48057000.gpio
124:          0          0     WUGEN  32 Level     48059000.gpio
157:          0          0     WUGEN  33 Level     4805b000.gpio
190:          0          0     WUGEN  34 Level     4805d000.gpio
223:          0          0     WUGEN  20 Level     gpmc
226:        514          0     WUGEN  74 Level     OMAP UART2
228:        276          0     WUGEN  56 Level     48070000.i2c
229:          0          0     WUGEN  57 Level     48072000.i2c
230:          0          0     WUGEN  61 Level     48060000.i2c
231:          0          0     WUGEN  62 Level     48350000.i2c
236:       5589          0     WUGEN  83 Level     mmc0
237:        338          0     WUGEN  86 Level     mmc1
238:         13          0     WUGEN  59 Level     mmc2
279:          0          0      PRCM Edge      pinctrl, pinctrl
334:          1          0     GIC-0 108 Level     ohci_hcd:usb1
337:          0          0   pinctrl 260 Edge      48020000.serial
339:          0          0     WUGEN   7 Level     TWL6030-PIH
340:          0          0   twl6030  11 Edge      rtc0
IPI0:          0          1  CPU wakeup interrupts
IPI1:          0        214  Timer broadcast interrupts
IPI2:       2942       4013  Rescheduling interrupts
IPI3:        137        387  Function call interrupts
IPI4:          0          0  CPU stop interrupts
IPI5:         34         34  IRQ work interrupts
IPI6:          0          0  completion interrupts
Err:          0
root@TI-OMAP4-SDP-board:~# 
- 12:47:11 [INFO] Host: cat /proc/softirqs
- 12:47:11 [INFO] Target: 
[   31.602935] cpu cpu0: dev_pm_opp_set_rate: Regulator not registered with OPP core
[   31.602935] cpufreq: __target_index: Failed to change cpu frequency: -22
cat /proc/softirqs
                    CPU0       CPU1       
          HI:          0          1
       TIMER:        979        921
      NET_TX:          0          0
      NET_RX:         23          4
       BLOCK:          0          0
    IRQ_POLL:          0          0
     TASKLET:       1946         17
       SCHED:        823        894
     HRTIMER:          0          0
         RCU:       1667       1431
root@TI-OMAP4-SDP-board:~#
- 12:47:18 [INFO] Host: export IPERFHOST=192.168.1.254
- 12:47:18 [INFO] Target: 
export IPERFHOST=192.168.1.254
[   38.830902] cpu cpu0: dev_pm_opp_set_rate: Regulator not registered with OPP core
[   38.830902] cpufreq: __target_index: Failed to change cpu frequency: -22
root@TI-OMAP4-SDP-board:~# 
- 12:47:18 [INFO] Host: export NFS_SERVER=192.168.1.254
- 12:47:18 [INFO] Target: 
export NFS_SERVER=192.168.1.254
root@TI-OMAP4-SDP-board:~# 
- 12:47:18 [INFO] Host: export NFS_ROOT_PATH=/home/NFS_exports/sdp4430
- 12:47:19 [INFO] Target: 
export NFS_ROOT_PATH=/home/NFS_exports/sdp4430
root@TI-OMAP4-SDP-board:~# 
- 12:47:19 [INFO] Host: export AP_SSID=
- 12:47:19 [INFO] Target: 
export AP_SSID=
[   39.131134] cpu cpu0: dev_pm_opp_set_rate: Regulator not registered with OPP core
[   39.139312] cpufreq: __target_index: Failed to change cpu frequency: -22
root@TI-OMAP4-SDP-board:~# 
- 12:47:19 [INFO] Host: mkdir -p -m 777 /test
- 12:47:19 [INFO] Target: 
mkdir -p -m 777 /test
root@TI-OMAP4-SDP-board:~# 
- 12:47:19 [INFO] Host: cd /test
- 12:47:19 [INFO] Target: 
cd /test
root@TI-OMAP4-SDP-board:/test# 
- 12:47:19 [INFO] Host: cat > test.sh << EOF
- 12:47:19 [INFO] Target: 
[   39.431274] cpu cpu0: dev_pm_opp_set_rate: Regulator not registered with OPP core
[   39.431274] cpufreq: __target_index: Failed to change cpu frequency: -22
cat > test.sh << EOF
- 12:47:19 [INFO] Host: failtest() {
- 12:47:19 [INFO] Target: 
failtest() {
- 12:47:19 [INFO] Host:   echo 1 >&3
- 12:47:19 [INFO] Target: 
  echo 1 >&3
- 12:47:19 [INFO] Host: }
- 12:47:19 [INFO] Target: 
[   39.732879] cpu cpu0: dev_pm_opp_set_rate: Regulator not registered with OPP core
[   39.732879] cpufreq: __target_index: Failed to change cpu frequency: -22
- 12:47:19 [INFO] Host: timeout=600
- 12:47:19 [INFO] Target: 
timeout=600
- 12:47:19 [INFO] Host: 
- 12:47:19 [INFO] Target: 
- 12:47:19 [INFO] Host: # Start of user's script logic
- 12:47:20 [INFO] Target: 
# Start of user's script logic
[   40.036712] cpu cpu0: dev_pm_opp_set_rate: Regulator not registered with OPP core
[   40.036712] cpufreq: __target_index: Failed to change cpu frequency: -22
- 12:47:20 [INFO] Host: mount -t proc proc /proc 2>/dev/null;
- 12:47:20 [INFO] Target: 
mount -t proc proc /proc 2>/dev/null;
- 12:47:20 [INFO] Host: 
- 12:47:20 [INFO] Target: 
- 12:47:20 [INFO] Host: mount -t sysfs sys /sys 2>/dev/null;
- 12:47:20 [INFO] Target: 
mount -t sysfs sys /sys 2>/dev/null;
[   40.338714] cpu cpu0: dev_pm_opp_set_rate: Regulator not registered with OPP core
[   40.346954] cpufreq: __target_index: Failed to change cpu frequency: -22
- 12:47:20 [INFO] Host: 
- 12:47:20 [INFO] Target: 
- 12:47:20 [INFO] Host: mount -t debugfs none /sys/kernel/debug 2>/dev/null;
- 12:47:20 [INFO] Target: 
mount -t debugfs none /sys/kernel/debug 2>/dev/null;
- 12:47:20 [INFO] Host: 
- 12:47:20 [INFO] Target: 
[   40.637207] cpu cpu0: dev_pm_opp_set_rate: Regulator not registered with OPP core
[   40.645233] cpufreq: __target_index: Failed to change cpu frequency: -22
- 12:47:20 [INFO] Host: echo 'cpuinfo:';cat /proc/cpuinfo; echo '=======';
- 12:47:20 [INFO] Target: 
echo 'cpuinfo:';cat /proc/cpuinfo; echo '=======';
- 12:47:20 [INFO] Host: 
- 12:47:20 [INFO] Target: 
- 12:47:20 [INFO] Host: echo 'soc info:';head /sys/devices/soc0/* 2>/dev/null; echo '=======';
- 12:47:20 [INFO] Target: 
[   40.938507] cpu cpu0: dev_pm_opp_set_rate: Regulator not registered with OPP core
[   40.946441] cpufreq: __target_index: Failed to change cpu frequency: -22
echo 'soc info:';head /sys/devices/soc0/* 2>/dev/null; echo '=======
- 12:47:20 [INFO] Host: 
- 12:47:21 [INFO] Target: 
- 12:47:21 [INFO] Host: echo 'DT Model info'; head /proc/device-tree/name /proc/device-tree/model /proc/device-tree/compatible 2>/dev/null;echo; echo '=======';
- 12:47:21 [INFO] Target: 
echo 'DT Model info'; head /proc/device-tree/name /proc/device-tree/model /pro 
c/device-tree/compatible 2>/dev/null;echo; echo '=======';
- 12:47:21 [INFO] Host: 
- 12:47:21 [INFO] Target: 
[   41.240234] cpu cpu0: dev_pm_opp_set_rate: Regulator not registered with OPP core
[   41.240234] cpufreq: __target_index: Failed to change cpu frequency: -22
- 12:47:21 [INFO] Host: echo 'interrupts:';cat /proc/interrupts; echo '=======';
- 12:47:21 [INFO] Target: 
echo 'interrupts:';cat /proc/interrupts; echo '=======';
- 12:47:21 [INFO] Host: 
- 12:47:21 [INFO] Target: 
- 12:47:21 [INFO] Host: echo 'Clk_summary:';cat /sys/kernel/debug/clk/clk_summary; echo '=======';
- 12:47:21 [INFO] Target: 
echo 'Clk_summary:';cat /sys/kernel/debug/clk/clk_summary; echo '=======';
[   41.547912] cpu cpu0: dev_pm_opp_set_rate: Regulator not registered with OPP core
[   41.556152] cpufreq: __target_index: Failed to change cpu frequency: -22
- 12:47:21 [INFO] Host: 
- 12:47:21 [INFO] Target: 
- 12:47:21 [INFO] Host: echo "Available frequencies"; cat /sys/devices/system/cpu/cpu0/cpufreq/scaling_available_frequencies 2>/dev/null;echo '=======';
- 12:47:21 [INFO] Target: 
echo "Available frequencies"; cat /sys/devices/sy[   41.746704] random: crng init done
stem/cpu/cpu0/cpufreq/scaling 
_available_frequencies 2>/dev/null;echo '=======';
- 12:47:21 [INFO] Host: 
- 12:47:21 [INFO] Target: 
[   41.843139] cpu cpu0: dev_pm_opp_set_rate: Regulator not registered with OPP core
[   41.843139] cpufreq: __target_index: Failed to change cpu frequency: -22
- 12:47:21 [INFO] Host: TMPF=/tmp/a.\$\$; TMPF2=/tmp/b.\$\$; STR=""
- 12:47:22 [INFO] Target: 
TMPF=/tmp/a.\$\$; TMPF2=/tmp/b.\$\$; STR=""
- 12:47:22 [INFO] Host: 
- 12:47:22 [INFO] Target: 
- 12:47:22 [INFO] Host: cp /dev/kmsg \$TMPF &
- 12:47:22 [INFO] Target: 
cp /dev/kmsg \$TMPF &
[   42.146423] cpu cpu0: dev_pm_opp_set_rate: Regulator not registered with OPP core
[   42.146453] cpufreq: __target_index: Failed to change cpu frequency: -22
- 12:47:22 [INFO] Host: 
- 12:47:22 [INFO] Target: 
- 12:47:22 [INFO] Host: PID=\$! ; sleep 5; kill -9 \$PID
- 12:47:22 [INFO] Target: 
PID=\$! ; sleep 5; kill -9 \$PID
- 12:47:22 [INFO] Host: 
- 12:47:22 [INFO] Target: 
[   42.446136] cpu cpu0: dev_pm_opp_set_rate: Regulator not registered with OPP core
[   42.446136] cpufreq: __target_index: Failed to change cpu frequency: -22
- 12:47:22 [INFO] Host: 
- 12:47:22 [INFO] Target: 
- 12:47:22 [INFO] Host: 
- 12:47:22 [INFO] Target: 
- 12:47:22 [INFO] Host: cat \$TMPF|grep "^0">\$TMPF2; N=\`cat \$TMPF2|wc -l\`; if [ "\$N" -ne 0 ]; then STR="\$STR emerg=\$N";echo "===== EMERGE++";cat \$TMPF2|cut -d ';' -f2;echo "====="; fi
- 12:47:22 [INFO] Target: 
cat \$TMPF|grep "^0">\$TMPF2; N=\`cat \$TMPF2|wc -l\`; if [ "\$N" -ne 0 ]; the 
n STR="\$STR emerg=\$N";echo "===== EMERGE++";cat \$TMPF2|cut -d ';' -f2;echo "= 
===="; fi
[   42.761901] cpu cpu0: dev_pm_opp_set_rate: Regulator not registered with OPP core
[   42.770507] cpufreq: __target_index: Failed to change cpu frequency: -22
- 12:47:22 [INFO] Host: 
- 12:47:22 [INFO] Target: 
- 12:47:22 [INFO] Host: cat \$TMPF|grep "^1">\$TMPF2; N=\`cat \$TMPF2|wc -l\`; if [ "\$N" -ne 0 ]; then STR="\$STR alert=\$N";echo "===== ALERT ==";cat \$TMPF2|cut -d ';' -f2;echo "====="; fi
- 12:47:23 [INFO] Target: 
cat \$TMPF|grep "^1">\$TMPF2; N=\`cat \$TMPF2|wc -l\`; if [ "\$N" -ne 0 ]; the 
n STR="\$STR alert=\$N";echo "===== ALERT ==";cat \$TMPF2|cut -d ';' -f2;echo "= 
===="; fi
- 12:47:23 [INFO] Host: 
- 12:47:23 [INFO] Target: 
[   43.049194] cpu cpu0: dev_pm_opp_set_rate: Regulator not registered with OPP core
[   43.057159] cpufreq: __target_index: Failed to change cpu frequency: -22
- 12:47:23 [INFO] Host: cat \$TMPF|grep "^2">\$TMPF2; N=\`cat \$TMPF2|wc -l\`; if [ "\$N" -ne 0 ]; then STR="\$STR crit=\$N";echo "===== CRIT ==";cat \$TMPF2|cut -d ';' -f2;echo "====="; fi
- 12:47:23 [INFO] Target: 
cat \$TMPF|grep "^2">\$TMPF2; N=\`cat \$TMPF2|wc -l\`; if [ "\$N" -ne 0 ]; the 
n STR="\$STR crit=\$N";echo "===== CRIT ==";cat \$TMPF2|cut -d ';' -f2;echo "=== 
=="; fi
- 12:47:23 [INFO] Host: 
- 12:47:23 [INFO] Target: 
- 12:47:23 [INFO] Host: cat \$TMPF|grep "^3">\$TMPF2; N=\`cat \$TMPF2|wc -l\`; if [ "\$N" -ne 0 ]; then STR="\$STR err=\$N";echo "===== ERR ==";cat \$TMPF2|cut -d ';' -f2;echo "=====" ;fi
- 12:47:23 [INFO] Target: 
[   43.350738] cpu cpu0: dev_pm_opp_set_rate: Regulator not registered with OPP core
[   43.350799] cpufreq: __target_index: Failed to change cpu frequency: -22
cat \$TMPF|grep "^3">\$TMPF2; N=\`cat \$TMPF2|wc -l\`; if [ "\$N" -ne\$N";echo 
 "===== ERR ==";cat \$TMPF2|cut -d ';' -f2;echo "=====" 
- 12:47:23 [INFO] Host: 
- 12:47:23 [INFO] Target: 
- 12:47:23 [INFO] Host: cat \$TMPF|grep "^4">\$TMPF2; N=\`cat \$TMPF2|wc -l\`; if [ "\$N" -ne 0 ]; then STR="\$STR warn=\$N";echo "===== WARN ==";cat \$TMPF2|cut -d ';' -f2;echo "=====" ;fi
- 12:47:23 [INFO] Target: 
cat \$TMPF|grep "^4">\$TMPF2; N=\`cat \$TMPF2|wc -l\`; if [ "\$N" -ne 0 ]; the 
n STR="\$STR warn=\$N";echo "===== WARN ==";cat \$TMPF2|cut -d ';' -f2;echo "=== 
==" ;fi
- 12:47:23 [INFO] Host: 
- 12:47:23 [INFO] Target: 
[   43.652343] cpu cpu0: dev_pm_opp_set_rate: Regulator not registered with OPP core
[   43.660369] cpufreq: __target_index: Failed to change cpu frequency: -22
- 12:47:23 [INFO] Host: rm \$TMPF \$TMPF2; echo "SUM""MARY RESULT: BOOT:" 'PASS: H''ello World' 'B''oard' "Booted" "Boot Log has::::\$STR:"
- 12:47:23 [INFO] Target: 
rm \$TMPF \$TMPF2; echo "SUM""MARY RESULT: BOOT:" 'PASS: H''ello World' 'B''oa 
rd' "Booted" "Boot Log has::::\$STR:"
- 12:47:23 [INFO] Host: 
- 12:47:23 [INFO] Target: 
- 12:47:23 [INFO] Host: EOF
- 12:47:24 [INFO] Target: 
[   43.954345] cpu cpu0: dev_pm_opp_set_rate: Regulator not registered with OPP core
[   43.962677] cpufreq: __target_index: Failed to change cpu frequency: -22
root@TI-OMAP4-SDP-board:/test# 
- 12:47:24 [INFO] Host: cd /test
- 12:47:24 [INFO] Target: 
cd /test
root@TI-OMAP4-SDP-board:/test# 
- 12:47:24 [INFO] Host: chmod +x test.sh
- 12:47:24 [INFO] Target: 
chmod +x test.sh
root@TI-OMAP4-SDP-board:/test# 
- 12:47:24 [INFO] Host: ./test.sh 2> stderr.log > stdout.log 3> result.log
- 12:57:24 [ERROR] On command: ./test.sh 2> stderr.log > stdout.log 3> result.log waiting for ./test.sh 2> stderr.log > stdout.log 3> result.log.+?(?m-ix:root.*#) >>> error: execution expired
- 12:57:24 [INFO] Target: 
./te[   44.256774] cpu cpu0: dev_pm_opp_set_rate: Regulator not registered with OPP core
[   44.265106] cpufreq: __target_index: Failed to change cpu frequency: -22
st.sh 2> stderr.log > stdout.log 3> result.lo 
root@TI-OMAP4-SDP-board:/test# [   44.987976] cpu cpu0: dev_pm_opp_set_rate: Regulator not registered with OPP core
[   44.995880] cpufreq: __target_index: Failed to change cpu frequency: -22
[   45.385192] cpu cpu0: dev_pm_opp_set_rate: Regulator not registered with OPP core
[   45.385192] cpufreq: __target_index: Failed to change cpu frequency: -22
[   45.989227] cpu cpu0: dev_pm_opp_set_rate: Regulator not registered with OPP core
[   45.997192] cpufreq: __target_index: Failed to change cpu frequency: -22
[   46.560546] cpu cpu0: dev_pm_opp_set_rate: Regulator not registered with OPP core
[   46.560546] cpufreq: __target_index: Failed to change cpu frequency: -22
[   48.993591] cpu cpu0: dev_pm_opp_set_rate: Regulator not registered with OPP core
[   49.001586] cpufreq: __target_index: Failed to change cpu frequency: -22
[   49.994934] cpu cpu0: dev_pm_opp_set_rate: Regulator not registered with OPP core
[   50.002868] cpufreq: __target_index: Failed to change cpu frequency: -22
[   50.390624] cpu cpu0: dev_pm_opp_set_rate: Regulator not registered with OPP core
[   50.390624] cpufreq: __target_index: Failed to change cpu frequency: -22
[   50.996276] cpu cpu0: dev_pm_opp_set_rate: Regulator not registered with OPP core
[   50.996276] cpufreq: __target_index: Failed to change cpu frequency: -22
[   51.785095] cpu cpu0: dev_pm_opp_set_rate: Regulator not registered with OPP core
[   51.793029] cpufreq: __target_index: Failed to change cpu frequency: -22
[   52.862396] cpu cpu0: dev_pm_opp_set_rate: Regulator not registered with OPP core
[   52.870330] cpufreq: __target_index: Failed to change cpu frequency: -22
[   54.000274] cpu cpu0: dev_pm_opp_set_rate: Regulator not registered with OPP core
[   54.000274] cpufreq: __target_index: Failed to change cpu frequency: -22
[   55.001586] cpu cpu0: dev_pm_opp_set_rate: Regulator not registered with OPP core
[   55.001586] cpufreq: __target_index: Failed to change cpu frequency: -22
[   55.395996] cpu cpu0: dev_pm_opp_set_rate: Regulator not registered with OPP core
[   55.395996] cpufreq: __target_index: Failed to change cpu frequency: -22
[   56.002899] cpu cpu0: dev_pm_opp_set_rate: Regulator not registered with OPP core
[   56.010803] cpufreq: __target_index: Failed to change cpu frequency: -22
[   56.825134] cpu cpu0: dev_pm_opp_set_rate: Regulator not registered with OPP core
[   56.833068] cpufreq: __target_index: Failed to change cpu frequency: -22
[   57.861663] cpu cpu0: dev_pm_opp_set_rate: Regulator not registered with OPP core
[   57.869598] cpufreq: __target_index: Failed to change cpu frequency: -22
[   59.006896] cpu cpu0: dev_pm_opp_set_rate: Regulator not registered with OPP core
[   59.014801] cpufreq: __target_index: Failed to change cpu frequency: -22
[   60.008239] cpu cpu0: dev_pm_opp_set_rate: Regulator not registered with OPP core
[   60.008239] cpufreq: __target_index: Failed to change cpu frequency: -22
[   60.401367] cpu cpu0: dev_pm_opp_set_rate: Regulator not registered with OPP core
[   60.401397] cpufreq: __target_index: Failed to change cpu frequency: -22
[   61.009552] cpu cpu0: dev_pm_opp_set_rate: Regulator not registered with OPP core
[   61.009552] cpufreq: __target_index: Failed to change cpu frequency: -22
[   61.865081] cpu cpu0: dev_pm_opp_set_rate: Regulator not registered with OPP core
[   61.873016] cpufreq: __target_index: Failed to change cpu frequency: -22
[   62.861999] cpu cpu0: dev_pm_opp_set_rate: Regulator not registered with OPP core
[   62.869934] cpufreq: __target_index: Failed to change cpu frequency: -22
[   64.013549] cpu cpu0: dev_pm_opp_set_rate: Regulator not registered with OPP core
[   64.021453] cpufreq: __target_index: Failed to change cpu frequency: -22
[   65.014862] cpu cpu0: dev_pm_opp_set_rate: Regulator not registered with OPP core
[   65.022766] cpufreq: __target_index: Failed to change cpu frequency: -22
[   65.406738] cpu cpu0: dev_pm_opp_set_rate: Regulator not registered with OPP core
[   65.414672] cpufreq: __target_index: Failed to change cpu frequency: -22
[   66.016174] cpu cpu0: dev_pm_opp_set_rate: Regulator not registered with OPP core
[   66.024078] cpufreq: __target_index: Failed to change cpu frequency: -22
[   66.905090] cpu cpu0: dev_pm_opp_set_rate: Regulator not registered with OPP core
[   66.913024] cpufreq: __target_index: Failed to change cpu frequency: -22
[   67.862365] cpu cpu0: dev_pm_opp_set_rate: Regulator not registered with OPP core
[   67.862365] cpufreq: __target_index: Failed to change cpu frequency: -22
[   69.020111] cpu cpu0: dev_pm_opp_set_rate: Regulator not registered with OPP core
[   69.020111] cpufreq: __target_index: Failed to change cpu frequency: -22
[   70.021484] cpu cpu0: dev_pm_opp_set_rate: Regulator not registered with OPP core
[   70.021484] cpufreq: __target_index: Failed to change cpu frequency: -22
[   70.412048] cpu cpu0: dev_pm_opp_set_rate: Regulator not registered with OPP core
[   70.420043] cpufreq: __target_index: Failed to change cpu frequency: -22
[   71.022796] cpu cpu0: dev_pm_opp_set_rate: Regulator not registered with OPP core
[   71.030700] cpufreq: __target_index: Failed to change cpu frequency: -22
[   71.945129] cpu cpu0: dev_pm_opp_set_rate: Regulator not registered with OPP core
[   71.953033] cpufreq: __target_index: Failed to change cpu frequency: -22
[   72.808044] cpu cpu0: dev_pm_opp_set_rate: Regulator not registered with OPP core
[   72.816009] cpufreq: __target_index: Failed to change cpu frequency: -22
[   73.120086] cpu cpu0: dev_pm_opp_set_rate: Regulator not registered with OPP core
[   73.120086] cpufreq: __target_index: Failed to change cpu frequency: -22
[   74.026733] cpu cpu0: dev_pm_opp_set_rate: Regulator not registered with OPP core
[   74.034637] cpufreq: __target_index: Failed to change cpu frequency: -22
[   75.028076] cpu cpu0: dev_pm_opp_set_rate: Regulator not registered with OPP core
[   75.035980] cpufreq: __target_index: Failed to change cpu frequency: -22
[   75.417419] cpu cpu0: dev_pm_opp_set_rate: Regulator not registered with OPP core
[   75.425415] cpufreq: __target_index: Failed to change cpu frequency: -22
[   76.029388] cpu cpu0: dev_pm_opp_set_rate: Regulator not registered with OPP core
[   76.037292] cpufreq: __target_index: Failed to change cpu frequency: -22
[   76.985107] cpu cpu0: dev_pm_opp_set_rate: Regulator not registered with OPP core
[   76.993041] cpufreq: __target_index: Failed to change cpu frequency: -22
[   77.862335] cpu cpu0: dev_pm_opp_set_rate: Regulator not registered with OPP core
[   77.870269] cpufreq: __target_index: Failed to change cpu frequency: -22
[   79.032806] cpu cpu0: dev_pm_opp_set_rate: Regulator not registered with OPP core
[   79.040710] cpufreq: __target_index: Failed to change cpu frequency: -22
[   80.034149] cpu cpu0: dev_pm_opp_set_rate: Regulator not registered with OPP core
[   80.042053] cpufreq: __target_index: Failed to change cpu frequency: -22
[   80.422790] cpu cpu0: dev_pm_opp_set_rate: Regulator not registered with OPP core
[   80.430786] cpufreq: __target_index: Failed to change cpu frequency: -22
[   81.035430] cpu cpu0: dev_pm_opp_set_rate: Regulator not registered with OPP core
[   81.043365] cpufreq: __target_index: Failed to change cpu frequency: -22
[   81.390045] cpu cpu0: dev_pm_opp_set_rate: Regulator not registered with OPP core
[   81.390045] cpufreq: __target_index: Failed to change cpu frequency: -22
[   81.776916] cpu cpu0: dev_pm_opp_set_rate: Regulator not registered with OPP core
[   81.784881] cpufreq: __target_index: Failed to change cpu frequency: -22
[   82.080047] cpu cpu0: dev_pm_opp_set_rate: Regulator not registered with OPP core
[   82.087951] cpufreq: __target_index: Failed to change cpu frequency: -22
[   82.427703] cpu cpu0: dev_pm_opp_set_rate: Regulator not registered with OPP core
[   82.435668] cpufreq: __target_index: Failed to change cpu frequency: -22
[   82.861755] cpu cpu0: dev_pm_opp_set_rate: Regulator not registered with OPP core
[   82.861785] cpufreq: __target_index: Failed to change cpu frequency: -22
[   84.039398] cpu cpu0: dev_pm_opp_set_rate: Regulator not registered with OPP core
[   84.047302] cpufreq: __target_index: Failed to change cpu frequency: -22
[   85.040679] cpu cpu0: dev_pm_opp_set_rate: Regulator not registered with OPP core
[   85.040679] cpufreq: __target_index: Failed to change cpu frequency: -22
[   85.428222] cpu cpu0: dev_pm_opp_set_rate: Regulator not registered with OPP core
[   85.428222] cpufreq: __target_index: Failed to change cpu frequency: -22
[   86.042083] cpu cpu0: dev_pm_opp_set_rate: Regulator not registered with OPP core
[   86.049987] cpufreq: __target_index: Failed to change cpu frequency: -22
[   86.440368] cpu cpu0: dev_pm_opp_set_rate: Regulator not registered with OPP core
[   86.440368] cpufreq: __target_index: Failed to change cpu frequency: -22
[   87.043426] cpu cpu0: dev_pm_opp_set_rate: Regulator not registered with OPP core
[   87.043426] cpufreq: __target_index: Failed to change cpu frequency: -22
[   87.862365] cpu cpu0: dev_pm_opp_set_rate: Regulator not registered with OPP core
[   87.862365] cpufreq: __target_index: Failed to change cpu frequency: -22
[   89.046051] cpu cpu0: dev_pm_opp_set_rate: Regulator not registered with OPP core
[   89.046051] cpufreq: __target_index: Failed to change cpu frequency: -22
[   90.047363] cpu cpu0: dev_pm_opp_set_rate: Regulator not registered with OPP core
[   90.055267] cpufreq: __target_index: Failed to change cpu frequency: -22
[   90.433624] cpu cpu0: dev_pm_opp_set_rate: Regulator not registered with OPP core
[   90.441558] cpufreq: __target_index: Failed to change cpu frequency: -22
[   90.735321] cpu cpu0: dev_pm_opp_set_rate: Regulator not registered with OPP core
[   90.743225] cpufreq: __target_index: Failed to change cpu frequency: -22
[   91.048736] cpu cpu0: dev_pm_opp_set_rate: Regulator not registered with OPP core
[   91.056640] cpufreq: __target_index: Failed to change cpu frequency: -22
[   92.050048] cpu cpu0: dev_pm_opp_set_rate: Regulator not registered with OPP core
[   92.050048] cpufreq: __target_index: Failed to change cpu frequency: -22
[   92.861663] cpu cpu0: dev_pm_opp_set_rate: Regulator not registered with OPP core
[   92.861663] cpufreq: __target_index: Failed to change cpu frequency: -22
[   94.052734] cpu cpu0: dev_pm_opp_set_rate: Regulator not registered with OPP core
[   94.060638] cpufreq: __target_index: Failed to change cpu frequency: -22
[   95.030273] cpu cpu0: dev_pm_opp_set_rate: Regulator not registered with OPP core
[   95.030273] cpufreq: __target_index: Failed to change cpu frequency: -22
[   95.438934] cpu cpu0: dev_pm_opp_set_rate: Regulator not registered with OPP core
[   95.446929] cpufreq: __target_index: Failed to change cpu frequency: -22
[   96.055358] cpu cpu0: dev_pm_opp_set_rate: Regulator not registered with OPP core
[   96.063262] cpufreq: __target_index: Failed to change cpu frequency: -22
[   97.056701] cpu cpu0: dev_pm_opp_set_rate: Regulator not registered with OPP core
[   97.056701] cpufreq: __target_index: Failed to change cpu frequency: -22
[   97.861999] cpu cpu0: dev_pm_opp_set_rate: Regulator not registered with OPP core
[   97.861999] cpufreq: __target_index: Failed to change cpu frequency: -22
[   99.059326] cpu cpu0: dev_pm_opp_set_rate: Regulator not registered with OPP core
[   99.059326] cpufreq: __target_index: Failed to change cpu frequency: -22
[  100.444030] cpu cpu0: dev_pm_opp_set_rate: Regulator not registered with OPP core
[  100.444030] cpufreq: __target_index: Failed to change cpu frequency: -22
[  101.541748] cpu cpu0: dev_pm_opp_set_rate: Regulator not registered with OPP core
[  101.541748] cpufreq: __target_index: Failed to change cpu frequency: -22
[  102.080047] cpu cpu0: dev_pm_opp_set_rate: Regulator not registered with OPP core
[  102.080047] cpufreq: __target_index: Failed to change cpu frequency: -22
[  102.543029] cpu cpu0: dev_pm_opp_set_rate: Regulator not registered with OPP core
[  102.543029] cpufreq: __target_index: Failed to change cpu frequency: -22
[  102.862548] cpu cpu0: dev_pm_opp_set_rate: Regulator not registered with OPP core
[  102.862548] cpufreq: __target_index: Failed to change cpu frequency: -22
[  103.544372] cpu cpu0: dev_pm_opp_set_rate: Regulator not registered with OPP core
[  103.552276] cpufreq: __target_index: Failed to change cpu frequency: -22
[  104.080047] cpu cpu0: dev_pm_opp_set_rate: Regulator not registered with OPP core
[  104.080047] cpufreq: __target_index: Failed to change cpu frequency: -22
[  104.545654] cpu cpu0: dev_pm_opp_set_rate: Regulator not registered with OPP core
[  104.545654] cpufreq: __target_index: Failed to change cpu frequency: -22
[  105.120147] cpu cpu0: dev_pm_opp_set_rate: Regulator not registered with OPP core
[  105.120147] cpufreq: __target_index: Failed to change cpu frequency: -22
[  105.449401] cpu cpu0: dev_pm_opp_set_rate: Regulator not registered with OPP core
[  105.449432] cpufreq: __target_index: Failed to change cpu frequency: -22
[  106.080047] cpu cpu0: dev_pm_opp_set_rate: Regulator not registered with OPP core
[  106.080047] cpufreq: __target_index: Failed to change cpu frequency: -22
[  106.548309] cpu cpu0: dev_pm_opp_set_rate: Regulator not registered with OPP core
[  106.548309] cpufreq: __target_index: Failed to change cpu frequency: -22
[  107.120117] cpu cpu0: dev_pm_opp_set_rate: Regulator not registered with OPP core
[  107.120117] cpufreq: __target_index: Failed to change cpu frequency: -22
[  107.549591] cpu cpu0: dev_pm_opp_set_rate: Regulator not registered with OPP core
[  107.549591] cpufreq: __target_index: Failed to change cpu frequency: -22
[  107.862152] cpu cpu0: dev_pm_opp_set_rate: Regulator not registered with OPP core
[  107.862152] cpufreq: __target_index: Failed to change cpu frequency: -22
[  108.550933] cpu cpu0: dev_pm_opp_set_rate: Regulator not registered with OPP core
[  108.550933] cpufreq: __target_index: Failed to change cpu frequency: -22
[  109.120117] cpu cpu0: dev_pm_opp_set_rate: Regulator not registered with OPP core
[  109.120117] cpufreq: __target_index: Failed to change cpu frequency: -22
[  109.552246] cpu cpu0: dev_pm_opp_set_rate: Regulator not registered with OPP core
[  109.552246] cpufreq: __target_index: Failed to change cpu frequency: -22
[  110.080047] cpu cpu0: dev_pm_opp_set_rate: Regulator not registered with OPP core
[  110.080047] cpufreq: __target_index: Failed to change cpu frequency: -22
[  110.454742] cpu cpu0: dev_pm_opp_set_rate: Regulator not registered with OPP core
[  110.462738] cpufreq: __target_index: Failed to change cpu frequency: -22
[  111.120025] cpu cpu0: dev_pm_opp_set_rate: Regulator not registered with OPP core
[  111.120025] cpufreq: __target_index: Failed to change cpu frequency: -22
[  111.554870] cpu cpu0: dev_pm_opp_set_rate: Regulator not registered with OPP core
[  111.562774] cpufreq: __target_index: Failed to change cpu frequency: -22
[  112.080017] cpu cpu0: dev_pm_opp_set_rate: Regulator not registered with OPP core
[  112.080017] cpufreq: __target_index: Failed to change cpu frequency: -22
[  112.556182] cpu cpu0: dev_pm_opp_set_rate: Regulator not registered with OPP core
[  112.564086] cpufreq: __target_index: Failed to change cpu frequency: -22
[  112.861480] cpu cpu0: dev_pm_opp_set_rate: Regulator not registered with OPP core
[  112.861511] cpufreq: __target_index: Failed to change cpu frequency: -22
[  113.557495] cpu cpu0: dev_pm_opp_set_rate: Regulator not registered with OPP core
[  113.565399] cpufreq: __target_index: Failed to change cpu frequency: -22
[  114.080047] cpu cpu0: dev_pm_opp_set_rate: Regulator not registered with OPP core
[  114.080047] cpufreq: __target_index: Failed to change cpu frequency: -22
[  114.558807] cpu cpu0: dev_pm_opp_set_rate: Regulator not registered with OPP core
[  114.558807] cpufreq: __target_index: Failed to change cpu frequency: -22
[  115.120056] cpu cpu0: dev_pm_opp_set_rate: Regulator not registered with OPP core
[  115.120056] cpufreq: __target_index: Failed to change cpu frequency: -22
[  115.460113] cpu cpu0: dev_pm_opp_set_rate: Regulator not registered with OPP core
[  115.468078] cpufreq: __target_index: Failed to change cpu frequency: -22
[  116.080017] cpu cpu0: dev_pm_opp_set_rate: Regulator not registered with OPP core
[  116.080017] cpufreq: __target_index: Failed to change cpu frequency: -22
[  116.505126] cpu cpu0: dev_pm_opp_set_rate: Regulator not registered with OPP core
[  116.513031] cpufreq: __target_index: Failed to change cpu frequency: -22
[  117.120086] cpu cpu0: dev_pm_opp_set_rate: Regulator not registered with OPP core
[  117.120086] cpufreq: __target_index: Failed to change cpu frequency: -22
[  117.562774] cpu cpu0: dev_pm_opp_set_rate: Regulator not registered with OPP core
[  117.570709] cpufreq: __target_index: Failed to change cpu frequency: -22
[  118.080108] cpu cpu0: dev_pm_opp_set_rate: Regulator not registered with OPP core
[  118.080108] cpufreq: __target_index: Failed to change cpu frequency: -22
[  118.564086] cpu cpu0: dev_pm_opp_set_rate: Regulator not registered with OPP core
[  118.572052] cpufreq: __target_index: Failed to change cpu frequency: -22
[  119.120056] cpu cpu0: dev_pm_opp_set_rate: Regulator not registered with OPP core
[  119.120056] cpufreq: __target_index: Failed to change cpu frequency: -22
[  119.565429] cpu cpu0: dev_pm_opp_set_rate: Regulator not registered with OPP core
[  119.565429] cpufreq: __target_index: Failed to change cpu frequency: -22
[  120.080108] cpu cpu0: dev_pm_opp_set_rate: Regulator not registered with OPP core
[  120.080108] cpufreq: __target_index: Failed to change cpu frequency: -22
[  120.465484] cpu cpu0: dev_pm_opp_set_rate: Regulator not registered with OPP core
[  120.473480] cpufreq: __target_index: Failed to change cpu frequency: -22
[  120.800079] cpu cpu0: dev_pm_opp_set_rate: Regulator not registered with OPP core
[  120.800201] cpufreq: __target_index: Failed to change cpu frequency: -22
[  121.120117] cpu cpu0: dev_pm_opp_set_rate: Regulator not registered with OPP core
[  121.120117] cpufreq: __target_index: Failed to change cpu frequency: -22
[  121.568084] cpu cpu0: dev_pm_opp_set_rate: Regulator not registered with OPP core
[  121.575988] cpufreq: __target_index: Failed to change cpu frequency: -22
[  122.080047] cpu cpu0: dev_pm_opp_set_rate: Regulator not registered with OPP core
[  122.080047] cpufreq: __target_index: Failed to change cpu frequency: -22
[  122.569366] cpu cpu0: dev_pm_opp_set_rate: Regulator not registered with OPP core
[  122.569366] cpufreq: __target_index: Failed to change cpu frequency: -22
[  123.120025] cpu cpu0: dev_pm_opp_set_rate: Regulator not registered with OPP core
[  123.127960] cpufreq: __target_index: Failed to change cpu frequency: -22
[  123.570770] cpu cpu0: dev_pm_opp_set_rate: Regulator not registered with OPP core
[  123.578674] cpufreq: __target_index: Failed to change cpu frequency: -22
[  124.080017] cpu cpu0: dev_pm_opp_set_rate: Regulator not registered with OPP core
[  124.080017] cpufreq: __target_index: Failed to change cpu frequency: -22
[  124.572082] cpu cpu0: dev_pm_opp_set_rate: Regulator not registered with OPP core
[  124.572082] cpufreq: __target_index: Failed to change cpu frequency: -22
[  125.120086] cpu cpu0: dev_pm_opp_set_rate: Regulator not registered with OPP core
[  125.120086] cpufreq: __target_index: Failed to change cpu frequency: -22
[  125.470916] cpu cpu0: dev_pm_opp_set_rate: Regulator not registered with OPP core
[  125.470947] cpufreq: __target_index: Failed to change cpu frequency: -22
[  126.080047] cpu cpu0: dev_pm_opp_set_rate: Regulator not registered with OPP core
[  126.080047] cpufreq: __target_index: Failed to change cpu frequency: -22
[  126.574737] cpu cpu0: dev_pm_opp_set_rate: Regulator not registered with OPP core
[  126.582641] cpufreq: __target_index: Failed to change cpu frequency: -22
[  127.120056] cpu cpu0: dev_pm_opp_set_rate: Regulator not registered with OPP core
[  127.120056] cpufreq: __target_index: Failed to change cpu frequency: -22
[  127.570159] cpu cpu0: dev_pm_opp_set_rate: Regulator not registered with OPP core
[  127.575775] cpufreq: __target_index: Failed to change cpu frequency: -22
[  128.080047] cpu cpu0: dev_pm_opp_set_rate: Regulator not registered with OPP core
[  128.080047] cpufreq: __target_index: Failed to change cpu frequency: -22
[  128.577117] cpu cpu0: dev_pm_opp_set_rate: Regulator not registered with OPP core
[  128.585021] cpufreq: __target_index: Failed to change cpu frequency: -22
[  129.120117] cpu cpu0: dev_pm_opp_set_rate: Regulator not registered with OPP core
[  129.120117] cpufreq: __target_index: Failed to change cpu frequency: -22
[  129.578430] cpu cpu0: dev_pm_opp_set_rate: Regulator not registered with OPP core
[  129.578430] cpufreq: __target_index: Failed to change cpu frequency: -22
[  130.080108] cpu cpu0: dev_pm_opp_set_rate: Regulator not registered with OPP core
[  130.080108] cpufreq: __target_index: Failed to change cpu frequency: -22
[  130.476287] cpu cpu0: dev_pm_opp_set_rate: Regulator not registered with OPP core
[  130.484222] cpufreq: __target_index: Failed to change cpu frequency: -22
[  131.120056] cpu cpu0: dev_pm_opp_set_rate: Regulator not registered with OPP core
[  131.127960] cpufreq: __target_index: Failed to change cpu frequency: -22
[  131.581085] cpu cpu0: dev_pm_opp_set_rate: Regulator not registered with OPP core
[  131.581085] cpufreq: __target_index: Failed to change cpu frequency: -22
[  132.080078] cpu cpu0: dev_pm_opp_set_rate: Regulator not registered with OPP core
[  132.080078] cpufreq: __target_index: Failed to change cpu frequency: -22
[  132.582366] cpu cpu0: dev_pm_opp_set_rate: Regulator not registered with OPP core
[  132.590301] cpufreq: __target_index: Failed to change cpu frequency: -22
[  133.120117] cpu cpu0: dev_pm_opp_set_rate: Regulator not registered with OPP core
[  133.120117] cpufreq: __target_index: Failed to change cpu frequency: -22
[  133.583709] cpu cpu0: dev_pm_opp_set_rate: Regulator not registered with OPP core
[  133.583709] cpufreq: __target_index: Failed to change cpu frequency: -22
[  134.080047] cpu cpu0: dev_pm_opp_set_rate: Regulator not registered with OPP core
[  134.080047] cpufreq: __target_index: Failed to change cpu frequency: -22
[  134.585021] cpu cpu0: dev_pm_opp_set_rate: Regulator not registered with OPP core
[  134.592926] cpufreq: __target_index: Failed to change cpu frequency: -22
[  135.120056] cpu cpu0: dev_pm_opp_set_rate: Regulator not registered with OPP core
[  135.120056] cpufreq: __target_index: Failed to change cpu frequency: -22
[  135.481628] cpu cpu0: dev_pm_opp_set_rate: Regulator not registered with OPP core
[  135.489593] cpufreq: __target_index: Failed to change cpu frequency: -22
[  136.080047] cpu cpu0: dev_pm_opp_set_rate: Regulator not registered with OPP core
[  136.080047] cpufreq: __target_index: Failed to change cpu frequency: -22
[  136.587707] cpu cpu0: dev_pm_opp_set_rate: Regulator not registered with OPP core
[  136.595642] cpufreq: __target_index: Failed to change cpu frequency: -22
[  137.120086] cpu cpu0: dev_pm_opp_set_rate: Regulator not registered with OPP core
[  137.120086] cpufreq: __target_index: Failed to change cpu frequency: -22
[  137.589019] cpu cpu0: dev_pm_opp_set_rate: Regulator not registered with OPP core
[  137.596954] cpufreq: __target_index: Failed to change cpu frequency: -22
[  138.080047] cpu cpu0: dev_pm_opp_set_rate: Regulator not registered with OPP core
[  138.080047] cpufreq: __target_index: Failed to change cpu frequency: -22
[  138.590362] cpu cpu0: dev_pm_opp_set_rate: Regulator not registered with OPP core
[  138.598266] cpufreq: __target_index: Failed to change cpu frequency: -22
[  139.120025] cpu cpu0: dev_pm_opp_set_rate: Regulator not registered with OPP core
[  139.127960] cpufreq: __target_index: Failed to change cpu frequency: -22
[  139.591674] cpu cpu0: dev_pm_opp_set_rate: Regulator not registered with OPP core
[  139.591674] cpufreq: __target_index: Failed to change cpu frequency: -22
[  140.080078] cpu cpu0: dev_pm_opp_set_rate: Regulator not registered with OPP core
[  140.080078] cpufreq: __target_index: Failed to change cpu frequency: -22
[  140.486999] cpu cpu0: dev_pm_opp_set_rate: Regulator not registered with OPP core
[  140.494995] cpufreq: __target_index: Failed to change cpu frequency: -22
[  141.120117] cpu cpu0: dev_pm_opp_set_rate: Regulator not registered with OPP core
[  141.120117] cpufreq: __target_index: Failed to change cpu frequency: -22
[  141.594299] cpu cpu0: dev_pm_opp_set_rate: Regulator not registered with OPP core
[  141.594299] cpufreq: __target_index: Failed to change cpu frequency: -22
[  142.080108] cpu cpu0: dev_pm_opp_set_rate: Regulator not registered with OPP core
[  142.080108] cpufreq: __target_index: Failed to change cpu frequency: -22
[  142.595611] cpu cpu0: dev_pm_opp_set_rate: Regulator not registered with OPP core
[  142.603515] cpufreq: __target_index: Failed to change cpu frequency: -22
[  143.120117] cpu cpu0: dev_pm_opp_set_rate: Regulator not registered with OPP core
[  143.120117] cpufreq: __target_index: Failed to change cpu frequency: -22
[  143.596923] cpu cpu0: dev_pm_opp_set_rate: Regulator not registered with OPP core
[  143.604827] cpufreq: __target_index: Failed to change cpu frequency: -22
[  144.080047] cpu cpu0: dev_pm_opp_set_rate: Regulator not registered with OPP core
[  144.080047] cpufreq: __target_index: Failed to change cpu frequency: -22
[  144.598205] cpu cpu0: dev_pm_opp_set_rate: Regulator not registered with OPP core
[  144.598205] cpufreq: __target_index: Failed to change cpu frequency: -22
[  144.899719] cpu cpu0: dev_pm_opp_set_rate: Regulator not registered with OPP core
[  144.907653] cpufreq: __target_index: Failed to change cpu frequency: -22
[  145.492370] cpu cpu0: dev_pm_opp_set_rate: Regulator not registered with OPP core
[  145.500366] cpufreq: __target_index: Failed to change cpu frequency: -22
[  146.080047] cpu cpu0: dev_pm_opp_set_rate: Regulator not registered with OPP core
[  146.080047] cpufreq: __target_index: Failed to change cpu frequency: -22
[  146.600860] cpu cpu0: dev_pm_opp_set_rate: Regulator not registered with OPP core
[  146.600860] cpufreq: __target_index: Failed to change cpu frequency: -22
[  147.120117] cpu cpu0: dev_pm_opp_set_rate: Regulator not registered with OPP core
[  147.128021] cpufreq: __target_index: Failed to change cpu frequency: -22
[  147.602142] cpu cpu0: dev_pm_opp_set_rate: Regulator not registered with OPP core
[  147.610076] cpufreq: __target_index: Failed to change cpu frequency: -22
[  148.080078] cpu cpu0: dev_pm_opp_set_rate: Regulator not registered with OPP core
[  148.080078] cpufreq: __target_index: Failed to change cpu frequency: -22
[  148.603485] cpu cpu0: dev_pm_opp_set_rate: Regulator not registered with OPP core
[  148.611389] cpufreq: __target_index: Failed to change cpu frequency: -22
[  149.120117] cpu cpu0: dev_pm_opp_set_rate: Regulator not registered with OPP core
[  149.120117] cpufreq: __target_index: Failed to change cpu frequency: -22
[  149.604492] cpu cpu0: dev_pm_opp_set_rate: Regulator not registered with OPP core
[  149.604492] cpufreq: __target_index: Failed to change cpu frequency: -22
[  150.497467] cpu cpu0: dev_pm_opp_set_rate: Regulator not registered with OPP core
[  150.505462] cpufreq: __target_index: Failed to change cpu frequency: -22
[  151.607147] cpu cpu0: dev_pm_opp_set_rate: Regulator not registered with OPP core
[  151.607147] cpufreq: __target_index: Failed to change cpu frequency: -22
[  152.080017] cpu cpu0: dev_pm_opp_set_rate: Regulator not registered with OPP core
[  152.080017] cpufreq: __target_index: Failed to change cpu frequency: -22
[  152.608459] cpu cpu0: dev_pm_opp_set_rate: Regulator not registered with OPP core
[  152.608459] cpufreq: __target_index: Failed to change cpu frequency: -22
[  153.120056] cpu cpu0: dev_pm_opp_set_rate: Regulator not registered with OPP core
[  153.120056] cpufreq: __target_index: Failed to change cpu frequency: -22
[  153.485748] cpu cpu0: dev_pm_opp_set_rate: Regulator not registered with OPP core
[  153.493682] cpufreq: __target_index: Failed to change cpu frequency: -22
[  154.080047] cpu cpu0: dev_pm_opp_set_rate: Regulator not registered with OPP core
[  154.087951] cpufreq: __target_index: Failed to change cpu frequency: -22
[  154.611114] cpu cpu0: dev_pm_opp_set_rate: Regulator not registered with OPP core
[  154.611114] cpufreq: __target_index: Failed to change cpu frequency: -22
[  155.120025] cpu cpu0: dev_pm_opp_set_rate: Regulator not registered with OPP core
[  155.127960] cpufreq: __target_index: Failed to change cpu frequency: -22
[  155.502777] cpu cpu0: dev_pm_opp_set_rate: Regulator not registered with OPP core
[  155.510742] cpufreq: __target_index: Failed to change cpu frequency: -22
[  156.079986] cpu cpu0: dev_pm_opp_set_rate: Regulator not registered with OPP core
[  156.087951] cpufreq: __target_index: Failed to change cpu frequency: -22
[  156.613769] cpu cpu0: dev_pm_opp_set_rate: Regulator not registered with OPP core
[  156.613769] cpufreq: __target_index: Failed to change cpu frequency: -22
[  157.120117] cpu cpu0: dev_pm_opp_set_rate: Regulator not registered with OPP core
[  157.120117] cpufreq: __target_index: Failed to change cpu frequency: -22
[  157.615112] cpu cpu0: dev_pm_opp_set_rate: Regulator not registered with OPP core
[  157.623016] cpufreq: __target_index: Failed to change cpu frequency: -22
[  158.080108] cpu cpu0: dev_pm_opp_set_rate: Regulator not registered with OPP core
[  158.080108] cpufreq: __target_index: Failed to change cpu frequency: -22
[  158.616394] cpu cpu0: dev_pm_opp_set_rate: Regulator not registered with OPP core
[  158.624328] cpufreq: __target_index: Failed to change cpu frequency: -22
[  159.120056] cpu cpu0: dev_pm_opp_set_rate: Regulator not registered with OPP core
[  159.120056] cpufreq: __target_index: Failed to change cpu frequency: -22
[  159.617767] cpu cpu0: dev_pm_opp_set_rate: Regulator not registered with OPP core
[  159.625671] cpufreq: __target_index: Failed to change cpu frequency: -22
[  160.080047] cpu cpu0: dev_pm_opp_set_rate: Regulator not registered with OPP core
[  160.080047] cpufreq: __target_index: Failed to change cpu frequency: -22
[  160.508148] cpu cpu0: dev_pm_opp_set_rate: Regulator not registered with OPP core
[  160.516143] cpufreq: __target_index: Failed to change cpu frequency: -22
[  161.120117] cpu cpu0: dev_pm_opp_set_rate: Regulator not registered with OPP core
[  161.120117] cpufreq: __target_index: Failed to change cpu frequency: -22
[  161.620391] cpu cpu0: dev_pm_opp_set_rate: Regulator not registered with OPP core
[  161.620391] cpufreq: __target_index: Failed to change cpu frequency: -22
[  162.075683] cpu cpu0: dev_pm_opp_set_rate: Regulator not registered with OPP core
[  162.083618] cpufreq: __target_index: Failed to change cpu frequency: -22
[  162.621673] cpu cpu0: dev_pm_opp_set_rate: Regulator not registered with OPP core
[  162.621673] cpufreq: __target_index: Failed to change cpu frequency: -22
[  163.120056] cpu cpu0: dev_pm_opp_set_rate: Regulator not registered with OPP core
[  163.127960] cpufreq: __target_index: Failed to change cpu frequency: -22
[  163.623016] cpu cpu0: dev_pm_opp_set_rate: Regulator not registered with OPP core
[  163.630920] cpufreq: __target_index: Failed to change cpu frequency: -22
[  164.080017] cpu cpu0: dev_pm_opp_set_rate: Regulator not registered with OPP core
[  164.080017] cpufreq: __target_index: Failed to change cpu frequency: -22
[  164.624359] cpu cpu0: dev_pm_opp_set_rate: Regulator not registered with OPP core
[  164.624359] cpufreq: __target_index: Failed to change cpu frequency: -22
[  165.120117] cpu cpu0: dev_pm_opp_set_rate: Regulator not registered with OPP core
[  165.120117] cpufreq: __target_index: Failed to change cpu frequency: -22
[  165.513519] cpu cpu0: dev_pm_opp_set_rate: Regulator not registered with OPP core
[  165.521514] cpufreq: __target_index: Failed to change cpu frequency: -22
[  166.080047] cpu cpu0: dev_pm_opp_set_rate: Regulator not registered with OPP core
[  166.080047] cpufreq: __target_index: Failed to change cpu frequency: -22
[  166.626983] cpu cpu0: dev_pm_opp_set_rate: Regulator not registered with OPP core
[  166.634887] cpufreq: __target_index: Failed to change cpu frequency: -22
[  167.120025] cpu cpu0: dev_pm_opp_set_rate: Regulator not registered with OPP core
[  167.120025] cpufreq: __target_index: Failed to change cpu frequency: -22
[  167.628295] cpu cpu0: dev_pm_opp_set_rate: Regulator not registered with OPP core
[  167.636199] cpufreq: __target_index: Failed to change cpu frequency: -22
[  168.080078] cpu cpu0: dev_pm_opp_set_rate: Regulator not registered with OPP core
[  168.080078] cpufreq: __target_index: Failed to change cpu frequency: -22
[  168.629608] cpu cpu0: dev_pm_opp_set_rate: Regulator not registered with OPP core
[  168.637512] cpufreq: __target_index: Failed to change cpu frequency: -22
[  169.120117] cpu cpu0: dev_pm_opp_set_rate: Regulator not registered with OPP core
[  169.120117] cpufreq: __target_index: Failed to change cpu frequency: -22
[  169.630920] cpu cpu0: dev_pm_opp_set_rate: Regulator not registered with OPP core
[  169.630920] cpufreq: __target_index: Failed to change cpu frequency: -22
[  170.080047] cpu cpu0: dev_pm_opp_set_rate: Regulator not registered with OPP core
[  170.080047] cpufreq: __target_index: Failed to change cpu frequency: -22
[  170.518890] cpu cpu0: dev_pm_opp_set_rate: Regulator not registered with OPP core
[  170.526885] cpufreq: __target_index: Failed to change cpu frequency: -22
[  171.120025] cpu cpu0: dev_pm_opp_set_rate: Regulator not registered with OPP core
[  171.127960] cpufreq: __target_index: Failed to change cpu frequency: -22
[  171.633544] cpu cpu0: dev_pm_opp_set_rate: Regulator not registered with OPP core
[  171.641448] cpufreq: __target_index: Failed to change cpu frequency: -22
[  172.080017] cpu cpu0: dev_pm_opp_set_rate: Regulator not registered with OPP core
[  172.080017] cpufreq: __target_index: Failed to change cpu frequency: -22
[  172.634826] cpu cpu0: dev_pm_opp_set_rate: Regulator not registered with OPP core
[  172.634826] cpufreq: __target_index: Failed to change cpu frequency: -22
[  173.120086] cpu cpu0: dev_pm_opp_set_rate: Regulator not registered with OPP core
[  173.120086] cpufreq: __target_index: Failed to change cpu frequency: -22
[  173.636169] cpu cpu0: dev_pm_opp_set_rate: Regulator not registered with OPP core
[  173.644073] cpufreq: __target_index: Failed to change cpu frequency: -22
[  174.080047] cpu cpu0: dev_pm_opp_set_rate: Regulator not registered with OPP core
[  174.080047] cpufreq: __target_index: Failed to change cpu frequency: -22
[  174.637481] cpu cpu0: dev_pm_opp_set_rate: Regulator not registered with OPP core
[  174.637481] cpufreq: __target_index: Failed to change cpu frequency: -22
[  174.960601] cpu cpu0: dev_pm_opp_set_rate: Regulator not registered with OPP core
[  174.968536] cpufreq: __target_index: Failed to change cpu frequency: -22
[  175.524261] cpu cpu0: dev_pm_opp_set_rate: Regulator not registered with OPP core
[  175.532257] cpufreq: __target_index: Failed to change cpu frequency: -22
[  176.080017] cpu cpu0: dev_pm_opp_set_rate: Regulator not registered with OPP core
[  176.087951] cpufreq: __target_index: Failed to change cpu frequency: -22
[  176.640075] cpu cpu0: dev_pm_opp_set_rate: Regulator not registered with OPP core
[  176.640075] cpufreq: __target_index: Failed to change cpu frequency: -22
[  177.120086] cpu cpu0: dev_pm_opp_set_rate: Regulator not registered with OPP core
[  177.120086] cpufreq: __target_index: Failed to change cpu frequency: -22
[  177.641387] cpu cpu0: dev_pm_opp_set_rate: Regulator not registered with OPP core
[  177.641387] cpufreq: __target_index: Failed to change cpu frequency: -22
[  178.080047] cpu cpu0: dev_pm_opp_set_rate: Regulator not registered with OPP core
[  178.080047] cpufreq: __target_index: Failed to change cpu frequency: -22
[  178.642730] cpu cpu0: dev_pm_opp_set_rate: Regulator not registered with OPP core
[  178.650634] cpufreq: __target_index: Failed to change cpu frequency: -22
[  179.120056] cpu cpu0: dev_pm_opp_set_rate: Regulator not registered with OPP core
[  179.120056] cpufreq: __target_index: Failed to change cpu frequency: -22
[  179.644042] cpu cpu0: dev_pm_opp_set_rate: Regulator not registered with OPP core
[  179.644042] cpufreq: __target_index: Failed to change cpu frequency: -22
[  180.080017] cpu cpu0: dev_pm_opp_set_rate: Regulator not registered with OPP core
[  180.080017] cpufreq: __target_index: Failed to change cpu frequency: -22
[  180.529724] cpu cpu0: dev_pm_opp_set_rate: Regulator not registered with OPP core
[  180.529724] cpufreq: __target_index: Failed to change cpu frequency: -22
[  181.120086] cpu cpu0: dev_pm_opp_set_rate: Regulator not registered with OPP core
[  181.120086] cpufreq: __target_index: Failed to change cpu frequency: -22
[  181.646667] cpu cpu0: dev_pm_opp_set_rate: Regulator not registered with OPP core
[  181.654571] cpufreq: __target_index: Failed to change cpu frequency: -22
[  182.080047] cpu cpu0: dev_pm_opp_set_rate: Regulator not registered with OPP core
[  182.080047] cpufreq: __target_index: Failed to change cpu frequency: -22
[  182.647979] cpu cpu0: dev_pm_opp_set_rate: Regulator not registered with OPP core
[  182.655883] cpufreq: __target_index: Failed to change cpu frequency: -22
[  183.120056] cpu cpu0: dev_pm_opp_set_rate: Regulator not registered with OPP core
[  183.120056] cpufreq: __target_index: Failed to change cpu frequency: -22
[  183.550537] cpu cpu0: dev_pm_opp_set_rate: Regulator not registered with OPP core
[  183.550537] cpufreq: __target_index: Failed to change cpu frequency: -22
[  184.080047] cpu cpu0: dev_pm_opp_set_rate: Regulator not registered with OPP core
[  184.080047] cpufreq: __target_index: Failed to change cpu frequency: -22
[  184.650634] cpu cpu0: dev_pm_opp_set_rate: Regulator not registered with OPP core
[  184.650634] cpufreq: __target_index: Failed to change cpu frequency: -22
[  185.120117] cpu cpu0: dev_pm_opp_set_rate: Regulator not registered with OPP core
[  185.120117] cpufreq: __target_index: Failed to change cpu frequency: -22
[  185.535003] cpu cpu0: dev_pm_opp_set_rate: Regulator not registered with OPP core
[  185.542999] cpufreq: __target_index: Failed to change cpu frequency: -22
[  186.080017] cpu cpu0: dev_pm_opp_set_rate: Regulator not registered with OPP core
[  186.087951] cpufreq: __target_index: Failed to change cpu frequency: -22
[  186.653289] cpu cpu0: dev_pm_opp_set_rate: Regulator not registered with OPP core
[  186.653289] cpufreq: __target_index: Failed to change cpu frequency: -22
[  187.120025] cpu cpu0: dev_pm_opp_set_rate: Regulator not registered with OPP core
[  187.127960] cpufreq: __target_index: Failed to change cpu frequency: -22
[  187.654571] cpu cpu0: dev_pm_opp_set_rate: Regulator not registered with OPP core
[  187.654571] cpufreq: __target_index: Failed to change cpu frequency: -22
[  188.080078] cpu cpu0: dev_pm_opp_set_rate: Regulator not registered with OPP core
[  188.080078] cpufreq: __target_index: Failed to change cpu frequency: -22
[  188.655914] cpu cpu0: dev_pm_opp_set_rate: Regulator not registered with OPP core
[  188.655914] cpufreq: __target_index: Failed to change cpu frequency: -22
[  189.120117] cpu cpu0: dev_pm_opp_set_rate: Regulator not registered with OPP core
[  189.120117] cpufreq: __target_index: Failed to change cpu frequency: -22
[  189.657226] cpu cpu0: dev_pm_opp_set_rate: Regulator not registered with OPP core
[  189.665130] cpufreq: __target_index: Failed to change cpu frequency: -22
[  190.080047] cpu cpu0: dev_pm_opp_set_rate: Regulator not registered with OPP core
[  190.080047] cpufreq: __target_index: Failed to change cpu frequency: -22
[  190.540374] cpu cpu0: dev_pm_opp_set_rate: Regulator not registered with OPP core
[  190.548339] cpufreq: __target_index: Failed to change cpu frequency: -22
[  191.120056] cpu cpu0: dev_pm_opp_set_rate: Regulator not registered with OPP core
[  191.120056] cpufreq: __target_index: Failed to change cpu frequency: -22
[  191.659912] cpu cpu0: dev_pm_opp_set_rate: Regulator not registered with OPP core
[  191.659912] cpufreq: __target_index: Failed to change cpu frequency: -22
[  192.080047] cpu cpu0: dev_pm_opp_set_rate: Regulator not registered with OPP core
[  192.080078] cpufreq: __target_index: Failed to change cpu frequency: -22
[  192.661193] cpu cpu0: dev_pm_opp_set_rate: Regulator not registered with OPP core
[  192.661193] cpufreq: __target_index: Failed to change cpu frequency: -22
[  193.120117] cpu cpu0: dev_pm_opp_set_rate: Regulator not registered with OPP core
[  193.120117] cpufreq: __target_index: Failed to change cpu frequency: -22
[  193.662536] cpu cpu0: dev_pm_opp_set_rate: Regulator not registered with OPP core
[  193.670440] cpufreq: __target_index: Failed to change cpu frequency: -22
[  194.080047] cpu cpu0: dev_pm_opp_set_rate: Regulator not registered with OPP core
[  194.080047] cpufreq: __target_index: Failed to change cpu frequency: -22
[  194.663848] cpu cpu0: dev_pm_opp_set_rate: Regulator not registered with OPP core
[  194.671752] cpufreq: __target_index: Failed to change cpu frequency: -22
[  195.120056] cpu cpu0: dev_pm_opp_set_rate: Regulator not registered with OPP core
[  195.120056] cpufreq: __target_index: Failed to change cpu frequency: -22
[  195.545745] cpu cpu0: dev_pm_opp_set_rate: Regulator not registered with OPP core
[  195.553741] cpufreq: __target_index: Failed to change cpu frequency: -22
[  196.080017] cpu cpu0: dev_pm_opp_set_rate: Regulator not registered with OPP core
[  196.080017] cpufreq: __target_index: Failed to change cpu frequency: -22
[  196.435455] cpu cpu0: dev_pm_opp_set_rate: Regulator not registered with OPP core
[  196.443359] cpufreq: __target_index: Failed to change cpu frequency: -22
[  197.120086] cpu cpu0: dev_pm_opp_set_rate: Regulator not registered with OPP core
