spawn ttyNM_OMAP5uEVM
picocom v1.4

port is        : /dev/ttyNM_OMAP5uEVM
flowcontrol    : none
baudrate is    : 115200
parity is      : none
databits are   : 8
escape is      : C-a
noinit is      : yes
noreset is     : yes
nolock is      : yes
send_cmd is    : ascii_xfr -s -v -l10
receive_cmd is : rz -vv

Terminal ready
 0 
mmc0 is current device
SD/MMC found on device 0
reading uEnv.txt
468 bytes read in 3 ms (152.3 KiB/s)
Loaded environment from
Importing environment from mmc0 ...
(Re)start USB...
USB0:   USB EHCI 1.00
scanning bus 0 for devices... 3 USB Device(s) found
       scanning usb for storage devices... 0 Storage Device(s) found
       scanning usb for ethernet devices... 1 Ethernet Device(s) found
usbethaddr=02:21:08:40:09:80
Waiting for Ethernet connection... done.
BOOTP broadcast 1
*** Unhandled DHCP Option in OFFER/ACK: 150
*** Unhandled DHCP Option in OFFER/ACK: 44
*** Unhandled DHCP Option in OFFER/ACK: 46
*** Unhandled DHCP Option in OFFER/ACK: 150
*** Unhandled DHCP Option in OFFER/ACK: 44
*** Unhandled DHCP Option in OFFER/ACK: 46
DHCP client bound to address 128.247.91.209
Using sms0 device
TFTP from server 128.247.91.123; our IP address is 128.247.91.209
Filename '/tftpboot/kernel/zImage'.
Load address: 0x82000000
Loading: *#################################################################
	 #################################################################
	 #################################################################
	 #################################################################
	 #################################################################
	 #################################################################
	 #################################################################
	 #################################################################
	 #################################################################
	 #################################################################
	 #################################################################
	 #################################################################
	 #################################################################
	 #################################################################
	 ###########
	 337.9 KiB/s
done
Bytes transferred = 4710584 (47e0b8 hex)
stopping USB..
(Re)start USB...
USB0:   USB EHCI 1.00
scanning bus 0 for devices... 3 USB Device(s) found
       scanning usb for storage devices... 0 Storage Device(s) found
       scanning usb for ethernet devices... 1 Ethernet Device(s) found
usbethaddr=02:21:08:40:09:80
Waiting for Ethernet connection... done.
BOOTP broadcast 1
*** Unhandled DHCP Option in OFFER/ACK: 150
*** Unhandled DHCP Option in OFFER/ACK: 44
*** Unhandled DHCP Option in OFFER/ACK: 46
*** Unhandled DHCP Option in OFFER/ACK: 150
*** Unhandled DHCP Option in OFFER/ACK: 44
*** Unhandled DHCP Option in OFFER/ACK: 46
DHCP client bound to address 128.247.91.209
Using sms0 device
TFTP from server 128.247.91.123; our IP address is 128.247.91.209
Filename '/tftpboot/kernel/omap5-uevm.dtb'.
Load address: 0x88000000
Loading: *#########
	 352.5 KiB/s
done
Bytes transferred = 45220 (b0a4 hex)
stopping USB..
Booting from mmc0 ...
Kernel image @ 0x82000000 [ 0x000000 - 0x47e0b8 ]
## Flattened Device Tree blob at 88000000
   Booting using the fdt blob at 0x88000000
   Loading Device Tree to 87ff1000, end 87fff0a3 ... OK

Starting kernel ...

[    0.000000] Booting Linux on physical CPU 0x0
[    0.000000] Linux version 3.15.0-rc5-next-20140521-00002-g86f77fe (nmenon@kahuna) (gcc version 4.6.3 (Ubuntu/Linaro 4.6.3-1ubuntu5) ) #1 SMP Thu May 22 05:45:52 CDT 2014
[    0.000000] CPU: ARMv7 Processor [412fc0f2] revision 2 (ARMv7), cr=10c5387d
[    0.000000] CPU: PIPT / VIPT nonaliasing data cache, PIPT instruction cache
[    0.000000] Machine model: TI OMAP5 uEVM board
[    0.000000] cma: CMA: reserved 64 MiB at ab800000
[    0.000000] Memory policy: Data cache writealloc
[    0.000000] OMAP5432 ES2.0
[    0.000000] PERCPU: Embedded 7 pages/cpu @ea7b7000 s7872 r8192 d12608 u32768
[    0.000000] Built 1 zonelists in Zone order, mobility grouping on.  Total pages: 518416
[    0.000000] Kernel command line: console=ttyO2,115200n8 vram=16M root=/dev/mmcblk1p2 rw rootfstype=ext4 rootwait no_console_suspend earlyprintk
[    0.000000] PID hash table entries: 4096 (order: 2, 16384 bytes)
[    0.000000] Dentry cache hash table entries: 131072 (order: 7, 524288 bytes)
[    0.000000] Inode-cache hash table entries: 65536 (order: 6, 262144 bytes)
[    0.000000] Memory: 1986452K/2079744K available (6140K kernel code, 811K rwdata, 2436K rodata, 555K init, 298K bss, 93292K reserved, 1301504K highmem)
[    0.000000] Virtual kernel memory layout:
[    0.000000]     vector  : 0xffff0000 - 0xffff1000   (   4 kB)
[    0.000000]     fixmap  : 0xffc00000 - 0xffe00000   (2048 kB)
[    0.000000]     vmalloc : 0xf0000000 - 0xff000000   ( 240 MB)
[    0.000000]     lowmem  : 0xc0000000 - 0xef800000   ( 760 MB)
[    0.000000]     pkmap   : 0xbfe00000 - 0xc0000000   (   2 MB)
[    0.000000]     modules : 0xbf000000 - 0xbfe00000   (  14 MB)
[    0.000000]       .text : 0xc0208000 - 0xc0a68310   (8577 kB)
[    0.000000]       .init : 0xc0a69000 - 0xc0af3ec0   ( 556 kB)
[    0.000000]       .data : 0xc0af4000 - 0xc0bbede0   ( 812 kB)
[    0.000000]        .bss : 0xc0bbede8 - 0xc0c09710   ( 299 kB)
[    0.000000] SLUB: HWalign=64, Order=0-3, MinObjects=0, CPUs=2, Nodes=1
[    0.000000] Hierarchical RCU implementation.
[    0.000000] 	RCU restricting CPUs from NR_CPUS=4 to nr_cpu_ids=2.
[    0.000000] RCU: Adjusting geometry for rcu_fanout_leaf=16, nr_cpu_ids=2
[    0.000000] NR_IRQS:16 nr_irqs:16 16
[    0.000000] OMAP clockevent source: timer1 at 32768 Hz
[    0.000000] sched_clock: 32 bits at 32kHz, resolution 30517ns, wraps every 65536000000000ns
[    0.000000] OMAP clocksource: 32k_counter at 32768 Hz
[    0.000305] Architected cp15 timer(s) running at 6.14MHz (virt).
[    0.000340] sched_clock: 56 bits at 6MHz, resolution 162ns, wraps every 2796202663936ns
[    0.000345] Switching to timer-based delay loop
[    0.002206] Console: colour dummy device 80x30
[    0.002222] Calibrating delay loop (skipped), value calculated using timer frequency.. 12.28 BogoMIPS (lpj=61440)
[    0.002233] pid_max: default: 32768 minimum: 301
[    0.002321] Mount-cache hash table entries: 2048 (order: 1, 8192 bytes)
[    0.002329] Mountpoint-cache hash table entries: 2048 (order: 1, 8192 bytes)
[    0.002724] CPU: Testing write buffer coherency: ok
[    0.002865] /cpus/cpu@0 missing clock-frequency property
[    0.002876] /cpus/cpu@1 missing clock-frequency property
[    0.002885] CPU0: thread -1, cpu 0, socket 0, mpidr 80000000
[    0.002922] Setting up static identity map for 0x807cd778 - 0x807cd810
[    0.004919] CPU1: Booted secondary processor
[    0.004940] CPU1: thread -1, cpu 1, socket 0, mpidr 80000001
[    0.004992] Brought up 2 CPUs
[    0.005003] SMP: Total of 2 processors activated.
[    0.005008] CPU: All CPU(s) started in SVC mode.
[    0.005347] devtmpfs: initialized
[    0.009291] VFP support v0.3: implementor 41 architecture 4 part 30 variant f rev 0
[    0.009788] omap_hwmod: l3_main_3 using broken dt data from ocp
[    0.010191] omap_hwmod: l3_main_2 using broken dt data from ocp
[    0.068893] pinctrl core: initialized pinctrl subsystem
[    0.069218] regulator-dummy: no parameters
[    0.080765] NET: Registered protocol family 16
[    0.082239] DMA: preallocated 256 KiB pool for atomic coherent allocations
[    0.083290] cpuidle: using governor ladder
[    0.083302] cpuidle: using governor menu
[    0.097316] OMAP GPIO hardware version 0.1
[    0.100488] platform 50000000.gpmc: Cannot lookup hwmod 'gpmc'
[    0.100570] omap-gpmc 50000000.gpmc: _od_fail_runtime_resume: FIXME: missing hwmod/omap_dev info
[    0.100580] omap-gpmc 50000000.gpmc: GPMC revision 6.0
[    0.108117] No ATAGs?
[    0.108790] OMAP DMA hardware revision 0.0
[    0.110400] Serial: AMBA PL011 UART driver
[    0.142876] edma-dma-engine edma-dma-engine.0: Can't allocate PaRAM dummy slot
[    0.142892] edma-dma-engine: probe of edma-dma-engine.0 failed with error -5
[    0.151478] omap-dma-engine 4a056000.dma-controller: OMAP DMA engine driver
[    0.151835] vmmcsd_fixed: 3000 mV 
[    0.153626] vgaarb: loaded
[    0.154049] SCSI subsystem initialized
[    0.154391] usbcore: registered new interface driver usbfs
[    0.154443] usbcore: registered new interface driver hub
[    0.154512] usbcore: registered new device driver usb
[    0.154728] hsusb2_phy.4 supply vcc not found, using dummy regulator
[    0.154843] hsusb3_phy.5 supply vcc not found, using dummy regulator
[    0.155194] omap_i2c 48070000.i2c: could not find pctldev for node /ocp/pinmux@4a002840/pinmux_i2c1_pins, deferring probe
[    0.155206] platform 48070000.i2c: Driver omap_i2c requests probe deferral
[    0.155426] omap_i2c 48072000.i2c: bus 1 rev0.12 at 100 kHz
[    0.155646] omap_i2c 48060000.i2c: bus 2 rev0.12 at 100 kHz
[    0.155856] omap_i2c 4807a000.i2c: bus 3 rev0.12 at 100 kHz
[    0.155890] omap_i2c 4807c000.i2c: could not find pctldev for node /ocp/pinmux@4a002840/pinmux_i2c5_pins, deferring probe
[    0.155900] platform 4807c000.i2c: Driver omap_i2c requests probe deferral
[    0.156158] Linux video capture interface: v2.00
[    0.156192] pps_core: LinuxPPS API ver. 1 registered
[    0.156198] pps_core: Software ver. 5.3.6 - Copyright 2005-2007 Rodolfo Giometti <giometti@linux.it>
[    0.156219] PTP clock support registered
[    0.156276] EDAC MC: Ver: 3.0.0
[    0.156873] Advanced Linux Sound Architecture Driver Initialized.
[    0.157626] Switched to clocksource arch_sys_counter
[    0.164916] NET: Registered protocol family 2
[    0.165239] TCP established hash table entries: 8192 (order: 3, 32768 bytes)
[    0.165302] TCP bind hash table entries: 8192 (order: 4, 65536 bytes)
[    0.165432] TCP: Hash tables configured (established 8192 bind 8192)
[    0.165472] TCP: reno registered
[    0.165482] UDP hash table entries: 512 (order: 2, 16384 bytes)
[    0.165510] UDP-Lite hash table entries: 512 (order: 2, 16384 bytes)
[    0.165623] NET: Registered protocol family 1
[    0.165790] RPC: Registered named UNIX socket transport module.
[    0.165796] RPC: Registered udp transport module.
[    0.165802] RPC: Registered tcp transport module.
[    0.165807] RPC: Registered tcp NFSv4.1 backchannel transport module.
[    0.191825] futex hash table entries: 512 (order: 3, 32768 bytes)
[    0.200165] squashfs: version 4.0 (2009/01/31) Phillip Lougher
[    0.200709] NFS: Registering the id_resolver key type
[    0.200732] Key type id_resolver registered
[    0.200739] Key type id_legacy registered
[    0.200780] msgmni has been set to 1465
[    0.201106] bounce: pool size: 64 pages
[    0.201265] Block layer SCSI generic (bsg) driver version 0.4 loaded (major 249)
[    0.201278] io scheduler noop registered
[    0.201290] io scheduler deadline registered
[    0.201442] io scheduler cfq registered (default)
[    0.202550] omap-usb2 4a084000.usb2phy: unable to get wkupclk, trying old name
[    0.202569] omap-usb2 4a084000.usb2phy: found usb_phy_cm_clk32k, please fix DTS
[    0.202595] omap-usb2 4a084000.usb2phy: found usb_otg_ss_refclk960m, please fix DTS
[    0.203346] pinctrl-single 4a002840.pinmux: 219 pins at pa fc002840 size 438
[    0.203502] pinctrl-single 4ae0c840.pinmux: 28 pins at pa fce0c840 size 56
[    0.249256] Serial: 8250/16550 driver, 4 ports, IRQ sharing disabled
[    0.250450] Serial: IMX driver
[    0.250759] msm_serial: driver initialized
[    0.251196] omap_uart 4806a000.serial: no wakeirq for uart0
[    0.251281] 4806a000.serial: ttyO0 at MMIO 0x4806a000 (irq = 104, base_baud = 3000000) is a OMAP UART0
[    0.251534] omap_uart 4806c000.serial: no wakeirq for uart0
[    0.251601] 4806c000.serial: ttyO1 at MMIO 0x4806c000 (irq = 105, base_baud = 3000000) is a OMAP UART1
[    0.251878] omap_uart 48020000.serial: no wakeirq for uart0
[    0.251946] 48020000.serial: ttyO2 at MMIO 0x48020000 (irq = 106, base_baud = 3000000) is a OMAP UART2
[    1.053655] console [ttyO2] enabled
[    1.057559] omap_uart 4806e000.serial: no wakeirq for uart0
[    1.063461] 4806e000.serial: ttyO3 at MMIO 0x4806e000 (irq = 102, base_baud = 3000000) is a OMAP UART3
[    1.073470] omap_uart 48066000.serial: no wakeirq for uart0
[    1.079367] 48066000.serial: ttyO4 at MMIO 0x48066000 (irq = 137, base_baud = 3000000) is a OMAP UART4
[    1.089337] omap_uart 48068000.serial: no wakeirq for uart0
[    1.095215] 48068000.serial: ttyO5 at MMIO 0x48068000 (irq = 138, base_baud = 3000000) is a OMAP UART5
[    1.105223] STMicroelectronics ASC driver initialized
[    1.111190] serial: Freescale lpuart driver
[    1.115709] [drm] Initialized drm 1.1.0 20060810
[    1.124639] loop: module loaded
[    2.127656] omap_i2c 48072000.i2c: controller timed out
[    3.147649] omap_i2c 48060000.i2c: controller timed out
[    4.167648] omap_i2c 4807a000.i2c: controller timed out
[    4.190954] CAN device driver interface
[    4.196474] pegasus: v0.9.3 (2013/04/25), Pegasus/Pegasus II USB Ethernet driver
[    4.204244] usbcore: registered new interface driver pegasus
[    4.210225] usbcore: registered new interface driver asix
[    4.215904] usbcore: registered new interface driver ax88179_178a
[    4.222307] usbcore: registered new interface driver cdc_ether
[    4.228463] usbcore: registered new interface driver smsc75xx
[    4.234517] usbcore: registered new interface driver smsc95xx
[    4.240565] usbcore: registered new interface driver net1080
[    4.246508] usbcore: registered new interface driver cdc_subset
[    4.252733] usbcore: registered new interface driver zaurus
[    4.258633] usbcore: registered new interface driver cdc_ncm
[    4.264559] ehci_hcd: USB 2.0 'Enhanced' Host Controller (EHCI) Driver
[    4.271398] ehci-pci: EHCI PCI platform driver
[    4.276081] ehci-platform: EHCI generic platform driver
[    4.281697] ehci-omap: OMAP-EHCI Host Controller driver
[    4.299462] ehci-omap 4a064c00.ehci: EHCI Host Controller
[    4.305119] ehci-omap 4a064c00.ehci: new USB bus registered, assigned bus number 1
[    4.313213] ehci-omap 4a064c00.ehci: irq 109, io mem 0x4a064c00
[    4.337638] ehci-omap 4a064c00.ehci: USB 2.0 started, EHCI 1.00
[    4.344431] hub 1-0:1.0: USB hub found
[    4.348396] hub 1-0:1.0: 3 ports detected
[    4.387677] ehci-orion: EHCI orion driver
[    4.391984] SPEAr-ehci: EHCI SPEAr driver
[    4.396281] tegra-ehci: Tegra EHCI driver
[    4.400963] usbcore: registered new interface driver usb-storage
[    4.408596] mousedev: PS/2 mouse device common for all mice
[    4.416116] i2c /dev entries driver
[    4.420705] usbcore: registered new interface driver uvcvideo
[    4.426712] USB Video Class driver (1.1.1)
[    4.431004] gspca_main: v2.14.0 registered
[    4.667654] usb 1-3: new high-speed USB device number 2 using ehci-omap
[    4.820555] smsc95xx v1.0.4
[    4.881987] smsc95xx 1-3:1.0 eth0: register 'smsc95xx' at usb-4a064c00.ehci-3, smsc95xx USB 2.0 Ethernet, ae:67:90:31:7c:8d
[    5.167655] usb 1-2: new high-speed USB device number 3 using ehci-omap
[    5.318509] hub 1-2:1.0: USB hub found
[    5.322510] hub 1-2:1.0: 3 ports detected
[    5.427634] omap_i2c 48072000.i2c: controller timed out
[    6.447637] omap_i2c 48072000.i2c: controller timed out
[    7.467637] omap_i2c 48072000.i2c: controller timed out
[    8.487653] omap_i2c 48072000.i2c: controller timed out
[    9.507636] omap_i2c 48072000.i2c: controller timed out
[   10.527654] omap_i2c 48072000.i2c: controller timed out
[   11.547636] omap_i2c 48072000.i2c: controller timed out
[   12.567652] omap_i2c 48072000.i2c: controller timed out
[   13.587636] omap_i2c 48072000.i2c: controller timed out
[   14.607653] omap_i2c 48072000.i2c: controller timed out
[   15.627636] omap_i2c 48072000.i2c: controller timed out
[   16.647652] omap_i2c 48072000.i2c: controller timed out
[   17.667636] omap_i2c 48072000.i2c: controller timed out
[   18.687653] omap_i2c 48072000.i2c: controller timed out
[   19.707637] omap_i2c 48060000.i2c: controller timed out
[   20.727637] omap_i2c 48060000.i2c: controller timed out
[   21.747637] omap_i2c 48060000.i2c: controller timed out
[   22.767653] omap_i2c 48060000.i2c: controller timed out
[   23.787637] omap_i2c 48060000.i2c: controller timed out
[   24.807652] omap_i2c 48060000.i2c: controller timed out
[   25.827637] omap_i2c 48060000.i2c: controller timed out
[   26.847653] omap_i2c 48060000.i2c: controller timed out
[   27.867637] omap_i2c 48060000.i2c: controller timed out
[   28.887653] omap_i2c 48060000.i2c: controller timed out
[   29.907637] omap_i2c 48060000.i2c: controller timed out
[   30.927653] omap_i2c 48060000.i2c: controller timed out
[   31.947637] omap_i2c 48060000.i2c: controller timed out
[   32.967652] omap_i2c 48060000.i2c: controller timed out
[   33.987638] omap_i2c 4807a000.i2c: controller timed out
[   35.007639] omap_i2c 4807a000.i2c: controller timed out
[   36.027637] omap_i2c 4807a000.i2c: controller timed out
[   37.047652] omap_i2c 4807a000.i2c: controller timed out
[   38.067635] omap_i2c 4807a000.i2c: controller timed out
[   39.087634] omap_i2c 4807a000.i2c: controller timed out
[   40.107635] omap_i2c 4807a000.i2c: controller timed out
[   41.127635] omap_i2c 4807a000.i2c: controller timed out
[   42.147635] omap_i2c 4807a000.i2c: controller timed out
[   43.167635] omap_i2c 4807a000.i2c: controller timed out
[   44.187635] omap_i2c 4807a000.i2c: controller timed out
[   45.207635] omap_i2c 4807a000.i2c: controller timed out
[   46.227635] omap_i2c 4807a000.i2c: controller timed out
[   47.247636] omap_i2c 4807a000.i2c: controller timed out
[   47.268821] sdhci: Secure Digital Host Controller Interface driver
[   47.275279] sdhci: Copyright(c) Pierre Ossman
[   47.280473] omap_hsmmc 4809c000.mmc: unable to get vmmc regulator -517
[   47.287334] platform 4809c000.mmc: Driver omap_hsmmc requests probe deferral
[   47.294896] omap_hsmmc 480b4000.mmc: pins are not configured from the driver
[   47.337774] 480ad000.mmc supply vmmc not found, using dummy regulator
[   47.344548] omap_hsmmc 480ad000.mmc: pins are not configured from the driver
[   47.352011] omap_hsmmc 480ad000.mmc: could not set regulator OCR (-22)
[   47.397982] sdhci-pltfm: SDHCI platform and OF driver helper
[   47.404528] usbcore: registered new interface driver usbhid
[   47.410364] usbhid: USB HID core driver
[   47.417600] TCP: cubic registered
[   47.421087] NET: Registered protocol family 17
[   47.425745] can: controller area network core (rev 20120528 abi 9)
[   47.432239] mmc0: BKOPS_EN bit is not set
[   47.432279] NET: Registered protocol family 29
[   47.432288] can: raw protocol (rev 20120528)
[   47.432295] can: broadcast manager protocol (rev 20120528 t)
[   47.432306] can: netlink gateway (rev 20130117) max_hops=1
[   47.432612] Key type dns_resolver registered
[   47.433065] ThumbEE CPU extension supported.
[   47.433080] Registering SWP/SWPB emulation handler
[   47.438621] palmas 0-0048: Irq flag is 0x00000000
[   47.476292] palmas 0-0048: Muxing GPIO 2, PWM 0, LED 0
[   47.483966] smps123: 600 <--> 1500 mV at 1060 mV 
[   47.489267] mmc0: new high speed MMC card at address 0001
[   47.495158] mmcblk0: mmc0:0001 SEM04G 3.68 GiB 
[   47.499985] mmcblk0boot0: mmc0:0001 SEM04G partition 1 2.00 MiB
[   47.506252] mmcblk0boot1: mmc0:0001 SEM04G partition 2 2.00 MiB
[   47.513485] smps45: 600 <--> 1310 mV at 1030 mV 
[   47.520103] smps6: 1200 mV 
[   47.523031] Alternate GPT is invalid, using primary GPT.
[   47.528616]  mmcblk0: p1 p2 p3 p4 p5 p6 p7 p8 p9 p10
[   47.536038]  mmcblk0boot1: unknown partition table
[   47.541570] smps7: 1800 mV 
[   47.544507]  mmcblk0boot0: unknown partition table
[   47.553968] smps8: 600 <--> 1310 mV at 1040 mV 
[   47.559974] smps9: 2100 mV 
[   47.563828] smps10_out2: 5000 mV 
[   47.569113] smps10_out1: 5000 mV 
[   47.572976] ldo1: 1500 <--> 1800 mV 
[   47.577574] ldo2: 2800 mV 
[   47.581913] ldo3: 1500 mV 
[   47.585371] ldo4: 1500 <--> 1800 mV 
[   47.590673] ldo5: 1800 mV 
[   47.596529] ldo6: 1200 mV 
[   47.600277] ldo7: 2000 mV 
[   47.604633] ldo8: 3000 mV 
[   47.608868] ldo9: 1800 <--> 3000 mV at 3000 mV 
[   47.615128] ldoln: 1800 mV 
[   47.619592] ldousb: 3250 mV 
[   47.623098] REGEN1: no parameters
[   47.626664] REGEN2: no parameters
[   47.630382] regen3: no parameters
[   47.634184] SYSEN1: no parameters
[   47.637747] SYSEN2: no parameters
[   47.877845] omap_i2c 48070000.i2c: bus 0 rev0.12 at 400 kHz
[   48.157858] omap_i2c 4807c000.i2c: bus 4 rev0.12 at 400 kHz
[   48.165242] omap_hsmmc 4809c000.mmc: pins are not configured from the driver
[   48.207964] drivers/rtc/hctosys.c: unable to open rtc device (rtc0)
[   48.219894] ALSA device list:
[   48.223004]   No soundcards found.
[   48.227079] Waiting for root device /dev/mmcblk1p2...
[   48.325378] mmc2: host does not support reading read-only switch. assuming write-enable.
[   48.335923] mmc2: new high speed SDHC card at address 910e
[   48.341945] mmcblk1: mmc2:910e SD08G 7.42 GiB 
[   48.347931]  mmcblk1: p1 p2
ls /sys/kernel/debug/clk/orphans/


[   49.690306] EXT4-fs (mmcblk1p2): recovery complete
[   49.698960] EXT4-fs (mmcblk1p2): mounted filesystem with ordered data mode. Opts: (null)
[   49.707436] VFS: Mounted root (ext4 filesystem) on device 179:50.
[   49.722410] devtmpfs: mounted
[   49.725802] Freeing unused kernel memory: 552K (c0a69000 - c0af3000)
Mounting proc : OK
Mounting sysfs : OK
Mounting devtmpfs:mount: mounting none on /dev failed: Device or resource busy
boot mounted: OK
ln: /dev/tty-bd: File exists
/dev/ttyO2
no_console_suspend linked to /dev/tty-bd - using as console

******************************************
Starting System Init for GenericOMAP5(FlattenedDeviceTree)
Release: X.x
Kernel: Linux GenericOMAP5(FlattenedDeviceTree) 3.15.0-rc5-next-20140521-00002-g86f77fe #1 SMP Thu May 22 05:45:52 CDT 2014 armv7l GNU/Linux
******************************************
Saving kernel ring buffer : OK
Mounting devpts : OK
Setting up networking
Configuring lo : OK
Starting syslogd : OK
Starting klogd : OK
Mounting filesystems : OK
mount: mounting none on /proc/bus/usb/ failed: No such file or directory

Please press Enter to activate this console. echo 'H''ello World' 'B''oard Booted'


/ # 
/ # 
/ # echo 'H''ello World' 'B''oard Booted'
Hello World Board Booted
/ # 
/ # 
/ # sync;poweroff

[   52.291635] random: nonblocking pool is initialized
/ # 
/ # 
/ # umount: devtmpfs busy - remounted read-only
umount: can't remount /dev/root read-only
umount: can't remount rootfs read-only
The system is going down NOW!
Sent SIGTERM to all processes
Sent SIGKILL to all processes
Requesting system poweroff
[   56.453933] reboot: Power down

Skipping tty reset...
Thanks for using picocom
