- 04:14:22 [INFO] Starting target session
- 04:14:22 [INFO] Connected to k2e-evm via serial 
- 04:14:22 [INFO] Host: #check prompt
- 04:14:25 [ERROR] On command: #check prompt waiting for #check prompt.+?(?-mix:((?-mix:login:)|[Pp]assword)) >>> error: execution expired
- 04:14:25 [INFO] Target: 
- 04:14:25 [INFO] Host: #check prompt
- 04:14:27 [ERROR] On command: #check prompt waiting for #check prompt.+?(?-mix:root@.+[@:#]+) >>> error: execution expired
- 04:14:27 [INFO] Target: 
- 04:14:27 [INFO] Host: #check prompt
- 04:14:29 [ERROR] On command: #check prompt waiting for #check prompt.+?(?-mix:root@.+[@:#]+) >>> error: execution expired
- 04:14:29 [INFO] Target: 
- 04:14:29 [INFO] Host: #check prompt
- 04:14:31 [ERROR] On command: #check prompt waiting for #check prompt.+?(?-mix:root@.+[@:#]+) >>> error: execution expired
- 04:14:31 [INFO] Target: 
- 04:14:31 [INFO] Disconnected serial from k2e-evm
- 04:14:32 [INFO] Connected to k2e-evm via serial 
- 04:14:32 [INFO] Host: 
- 04:14:38 [INFO] Target: 
U-Boot SPL 2016.05-00208-gc3846c6 (May 19 2016 - 04:35:55)
Trying to boot from SPI
U-Boot 2016.05-00208-gc3846c6 (May 19 2016 - 04:35:55 -0500), Build: jenkins-ti-uboot-compile-test-117
CPU: 66AK2Ex SR1.0
I2C:   ready
DRAM:  DDR3A Speed will be configured for 1600 Operation.
Detected SO-DIMM [18KSF51272HZ-1G6K2]
DDR3 speed 1600
DRAM: 4 GiB
Clear entire DDR3 memory to enable ECC
2 GiB
NAND:  512 MiB
Net:   
Warning: netcp@24000000 using MAC address from ROM
eth0: netcp@24000000
Hit any key to stop autoboot:  1  0 
=>  
=>  
=>  
=>  
=>  
=>  
=>  
- 04:14:38 [INFO] Host: 
- 04:14:38 [INFO] Target: 
- 04:14:38 [INFO] Host: version
- 04:14:38 [INFO] Target: 
version
U-Boot 2016.05-00208-gc3846c6 (May 19 2016 - 04:35:55 -0500)
arm-linux-gnueabihf-gcc (Linaro GCC 5.3-2016.02) 5.3.1 20160113
GNU ld (GNU Binutils) 2.25.0 Linaro 2015_10
- 04:14:38 [INFO] Host: setenv bootargs 'console=ttyS0,115200n8 earlyprintk=serial,ttyS0,115200n8 rootwait '
- 04:14:39 [INFO] Target: 
setenv bootargs 'console=ttyS0,115200n8 earlyprintk=serial,ttyS0,115200n8 rootwait '
- 04:14:39 [INFO] Host: setenv bootcmd  ''
- 04:14:39 [INFO] Target: 
setenv bootcmd  ''
- 04:14:39 [INFO] Host: setenv autoload 'no'
- 04:14:39 [INFO] Target: 
setenv autoload 'no'
- 04:14:39 [INFO] Host: setenv serverip '192.168.0.1'
- 04:14:39 [INFO] Target: 
setenv serverip '192.168.0.1'
- 04:14:39 [INFO] Host: setenv _initramfs -
- 04:14:39 [INFO] Target: 
setenv _initramfs -
- 04:14:39 [INFO] Host: printenv
- 04:14:39 [INFO] Target: 
printenv
_initramfs=-
addr_mon=0x0c140000
addr_secdb_key=0xc000000
addr_ubi=0x82000000
arch=arm
args_all=setenv bootargs console=ttyS0,115200n8 rootwait=1
args_net=setenv bootargs ${bootargs} rootfstype=nfs root=/dev/nfs rw nfsroot=${serverip}:${nfs_root},${nfs_options} ip=dhcp
args_ramfs=setenv bootargs ${bootargs} rdinit=/sbin/init rw root=/dev/ram0 initrd=0x808080000,80M
args_ubi=setenv bootargs ${bootargs} rootfstype=ubifs root=ubi0:rootfs rootflags=sync rw ubi.mtd=ubifs,2048
autoload=no
baudrate=115200
board=ks2_evm
board_name=ks2_evm
boot=ubi
bootargs=console=ttyS0,115200n8 earlyprintk=serial,ttyS0,115200n8 rootwait 
bootcmd=
bootdelay=1
bootdir=/boot
bootm_size=0x10000000
burn_ubi=nand erase.part ubifs; nand write ${addr_ubi} ubifs ${filesize}
burn_uboot_nand=nand erase 0 0x100000; nand write ${loadaddr} 0 ${filesize}
burn_uboot_spi=sf probe; sf erase 0 0x80000; sf write ${loadaddr} 0 ${filesize}
cpu=armv7
ethaddr=b4:99:4c:00:47:53
fdt_addr_r=0x88000000
fdtaddr=0x88000000
fdtcontroladdr=feeeb880
get_fdt_net=dhcp ${fdtaddr} ${tftp_root}/${name_fdt}
get_fdt_ramfs=dhcp ${fdtaddr} ${tftp_root}/${name_fdt}
get_fdt_ubi=ubifsload ${fdtaddr} ${bootdir}/${name_fdt}
get_fs_ramfs=dhcp ${rdaddr} ${tftp_root}/${name_fs}
get_kern_net=dhcp ${loadaddr} ${tftp_root}/${name_kern}
get_kern_ramfs=dhcp ${loadaddr} ${tftp_root}/${name_kern}
get_kern_ubi=ubifsload ${loadaddr} ${bootdir}/${name_kern}
get_mon_net=dhcp ${addr_mon} ${tftp_root}/${name_mon}
get_mon_ramfs=dhcp ${addr_mon} ${tftp_root}/${name_mon}
get_mon_ubi=ubifsload ${addr_mon} ${bootdir}/${name_mon}
get_ubi_net=dhcp ${addr_ubi} ${tftp_root}/${name_ubi}
get_uboot_net=dhcp ${loadaddr} ${tftp_root}/${name_uboot}
init_fw_rd_net=dhcp ${rdaddr} ${tftp_root}/${name_fw_rd}; run set_rd_spec
init_fw_rd_ramfs=setenv rd_spec -
init_fw_rd_ubi=ubifsload ${rdaddr} ${bootdir}/${name_fw_rd}; run set_rd_spec
init_net=run args_all args_net
init_ramfs=run args_all args_ramfs get_fs_ramfs
init_ubi=run args_all args_ubi; ubi part ubifs; ubifsmount ubi:rootfs;
kernel_addr_r=0x82000000
loadaddr=0x82000000
mem_lpae=1
mem_reserve=512M
mtdparts=mtdparts=davinci_nand.0:1024k(bootloader)ro,512k(params)ro,-(ubifs)
name_fdt=keystone-k2e-evm.dtb
name_fs=arago-console-image-k2e-evm.cpio.gz
name_fw_rd=k2-fw-initrd.cpio.gz
name_kern=zImage
name_mon=skern-k2e.bin
name_ubi=k2e-evm-ubifs.ubi
name_uboot=u-boot-spi-k2e-evm.gph
nfs_options=v3,tcp,rsize=4096,wsize=4096
nfs_root=/export
no_post=1
ramdisk_addr_r=0x88080000
rdaddr=0x88080000
run_kern=bootz ${loadaddr} ${rd_spec} ${fdtaddr}
run_mon=mon_install ${addr_mon}
serverip=192.168.0.1
set_rd_spec=setenv rd_spec ${rdaddr}:${filesize}
soc=keystone
stderr=serial@02530c00
stdin=serial@02530c00
stdout=serial@02530c00
tftp_root=/
vendor=ti
ver=U-Boot 2016.05-00208-gc3846c6 (May 19 2016 - 04:35:55 -0500)
Environment size: 2947/262140 bytes
- 04:14:39 [INFO] Host: printenv
- 04:14:40 [INFO] Target: 
printenv
_initramfs=-
addr_mon=0x0c140000
addr_secdb_key=0xc000000
addr_ubi=0x82000000
arch=arm
args_all=setenv bootargs console=ttyS0,115200n8 rootwait=1
args_net=setenv bootargs ${bootargs} rootfstype=nfs root=/dev/nfs rw nfsroot=${serverip}:${nfs_root},${nfs_options} ip=dhcp
args_ramfs=setenv bootargs ${bootargs} rdinit=/sbin/init rw root=/dev/ram0 initrd=0x808080000,80M
args_ubi=setenv bootargs ${bootargs} rootfstype=ubifs root=ubi0:rootfs rootflags=sync rw ubi.mtd=ubifs,2048
autoload=no
baudrate=115200
board=ks2_evm
board_name=ks2_evm
boot=ubi
bootargs=console=ttyS0,115200n8 earlyprintk=serial,ttyS0,115200n8 rootwait 
bootcmd=
bootdelay=1
bootdir=/boot
bootm_size=0x10000000
burn_ubi=nand erase.part ubifs; nand write ${addr_ubi} ubifs ${filesize}
burn_uboot_nand=nand erase 0 0x100000; nand write ${loadaddr} 0 ${filesize}
burn_uboot_spi=sf probe; sf erase 0 0x80000; sf write ${loadaddr} 0 ${filesize}
cpu=armv7
ethaddr=b4:99:4c:00:47:53
fdt_addr_r=0x88000000
fdtaddr=0x88000000
fdtcontroladdr=feeeb880
get_fdt_net=dhcp ${fdtaddr} ${tftp_root}/${name_fdt}
get_fdt_ramfs=dhcp ${fdtaddr} ${tftp_root}/${name_fdt}
get_fdt_ubi=ubifsload ${fdtaddr} ${bootdir}/${name_fdt}
get_fs_ramfs=dhcp ${rdaddr} ${tftp_root}/${name_fs}
get_kern_net=dhcp ${loadaddr} ${tftp_root}/${name_kern}
get_kern_ramfs=dhcp ${loadaddr} ${tftp_root}/${name_kern}
get_kern_ubi=ubifsload ${loadaddr} ${bootdir}/${name_kern}
get_mon_net=dhcp ${addr_mon} ${tftp_root}/${name_mon}
get_mon_ramfs=dhcp ${addr_mon} ${tftp_root}/${name_mon}
get_mon_ubi=ubifsload ${addr_mon} ${bootdir}/${name_mon}
get_ubi_net=dhcp ${addr_ubi} ${tftp_root}/${name_ubi}
get_uboot_net=dhcp ${loadaddr} ${tftp_root}/${name_uboot}
init_fw_rd_net=dhcp ${rdaddr} ${tftp_root}/${name_fw_rd}; run set_rd_spec
init_fw_rd_ramfs=setenv rd_spec -
init_fw_rd_ubi=ubifsload ${rdaddr} ${bootdir}/${name_fw_rd}; run set_rd_spec
init_net=run args_all args_net
init_ramfs=run args_all args_ramfs get_fs_ramfs
init_ubi=run args_all args_ubi; ubi part ubifs; ubifsmount ubi:rootfs;
kernel_addr_r=0x82000000
loadaddr=0x82000000
mem_lpae=1
mem_reserve=512M
mtdparts=mtdparts=davinci_nand.0:1024k(bootloader)ro,512k(params)ro,-(ubifs)
name_fdt=keystone-k2e-evm.dtb
name_fs=arago-console-image-k2e-evm.cpio.gz
name_fw_rd=k2-fw-initrd.cpio.gz
name_kern=zImage
name_mon=skern-k2e.bin
name_ubi=k2e-evm-ubifs.ubi
name_uboot=u-boot-spi-k2e-evm.gph
nfs_options=v3,tcp,rsize=4096,wsize=4096
nfs_root=/export
no_post=1
ramdisk_addr_r=0x88080000
rdaddr=0x88080000
run_kern=bootz ${loadaddr} ${rd_spec} ${fdtaddr}
run_mon=mon_install ${addr_mon}
serverip=192.168.0.1
set_rd_spec=setenv rd_spec ${rdaddr}:${filesize}
soc=keystone
stderr=serial@02530c00
stdin=serial@02530c00
stdout=serial@02530c00
tftp_root=/
vendor=ti
ver=U-Boot 2016.05-00208-gc3846c6 (May 19 2016 - 04:35:55 -0500)
Environment size: 2947/262140 bytes
- 04:14:40 [INFO] Host: setenv bootargs ''${bootargs}' ip=:::::eth0:dhcp '
- 04:14:40 [INFO] Target: 
setenv bootargs ''${bootargs}' ip=:::::eth0:dhcp '
- 04:14:40 [INFO] Host: setenv serverip '192.168.0.1'
- 04:14:40 [INFO] Target: 
setenv serverip '192.168.0.1'
- 04:14:40 [INFO] Host: setenv autoload 'no'
- 04:14:40 [INFO] Target: 
setenv autoload 'no'
- 04:14:40 [INFO] Host: dhcp
- 04:14:44 [INFO] Target: 
dhcp
netcp@24000000 Waiting for SGMII auto negotiation to complete.... done
netcp@24000000 Waiting for PHY auto negotiation to complete. done
BOOTP broadcast 1
BOOTP broadcast 2
BOOTP broadcast 3
DHCP client bound to address 192.168.0.212 (1256 ms)
- 04:14:44 [INFO] Host: tftp ${loadaddr} 192.168.0.1:vatf_k2e-evm/1732ecb395c2b604bd182013421be4ae
- 04:14:47 [INFO] Target: 
tftp ${loadaddr} 192.168.0.1:vatf_k2e-evm/1732ecb395c2b604bd182013421be4ae
netcp@24000000 Waiting for SGMII auto negotiation to complete. done
Using netcp@24000000 device
TFTP from server 192.168.0.1; our IP address is 192.168.0.212
Filename 'vatf_k2e-evm/1732ecb395c2b604bd182013421be4ae'.
Load address: 0x82000000
Loading: *#################################################################
	 #################################################################
	 #################################################################
	 #################################################################
	 ##################################
	 2.5 MiB/s
done
Bytes transferred = 4315816 (41daa8 hex)
- 04:14:47 [INFO] Host: tftp ${fdt_addr_r} 192.168.0.1:vatf_k2e-evm/0514ed9c8dc4800372fee8f43477fd4c
- 04:14:48 [INFO] Target: 
tftp ${fdt_addr_r} 192.168.0.1:vatf_k2e-evm/0514ed9c8dc4800372fee8f43477fd4c
netcp@24000000 Waiting for SGMII auto negotiation to complete. done
Using netcp@24000000 device
TFTP from server 192.168.0.1; our IP address is 192.168.0.212
Filename 'vatf_k2e-evm/0514ed9c8dc4800372fee8f43477fd4c'.
Load address: 0x88000000
Loading: *##
	 2 MiB/s
done
Bytes transferred = 22610 (5852 hex)
- 04:14:48 [INFO] Host: tftp ${addr_mon} 192.168.0.1:vatf_k2e-evm/8dd84e09dc00e0511080f2ef0f01c680
- 04:14:49 [INFO] Target: 
tftp ${addr_mon} 192.168.0.1:vatf_k2e-evm/8dd84e09dc00e0511080f2ef0f01c680
netcp@24000000 Waiting for SGMII auto negotiation to complete. done
Using netcp@24000000 device
TFTP from server 192.168.0.1; our IP address is 192.168.0.212
Filename 'vatf_k2e-evm/8dd84e09dc00e0511080f2ef0f01c680'.
Load address: 0xc140000
Loading: *####
	 2.4 MiB/s
done
Bytes transferred = 45056 (b000 hex)
- 04:14:49 [INFO] Host: printenv
- 04:14:50 [INFO] Target: 
printenv
_initramfs=-
addr_mon=0x0c140000
addr_secdb_key=0xc000000
addr_ubi=0x82000000
arch=arm
args_all=setenv bootargs console=ttyS0,115200n8 rootwait=1
args_net=setenv bootargs ${bootargs} rootfstype=nfs root=/dev/nfs rw nfsroot=${serverip}:${nfs_root},${nfs_options} ip=dhcp
args_ramfs=setenv bootargs ${bootargs} rdinit=/sbin/init rw root=/dev/ram0 initrd=0x808080000,80M
args_ubi=setenv bootargs ${bootargs} rootfstype=ubifs root=ubi0:rootfs rootflags=sync rw ubi.mtd=ubifs,2048
autoload=no
baudrate=115200
board=ks2_evm
board_name=ks2_evm
boot=ubi
bootargs=console=ttyS0,115200n8 earlyprintk=serial,ttyS0,115200n8 rootwait  ip=:::::eth0:dhcp 
bootcmd=
bootdelay=1
bootdir=/boot
bootm_size=0x10000000
burn_ubi=nand erase.part ubifs; nand write ${addr_ubi} ubifs ${filesize}
burn_uboot_nand=nand erase 0 0x100000; nand write ${loadaddr} 0 ${filesize}
burn_uboot_spi=sf probe; sf erase 0 0x80000; sf write ${loadaddr} 0 ${filesize}
cpu=armv7
dnsip=192.0.2.2
dnsip2=192.0.2.3
ethact=netcp@24000000
ethaddr=b4:99:4c:00:47:53
fdt_addr_r=0x88000000
fdtaddr=0x88000000
fdtcontroladdr=feeeb880
fileaddr=c140000
filesize=b000
gatewayip=192.168.0.1
get_fdt_net=dhcp ${fdtaddr} ${tftp_root}/${name_fdt}
get_fdt_ramfs=dhcp ${fdtaddr} ${tftp_root}/${name_fdt}
get_fdt_ubi=ubifsload ${fdtaddr} ${bootdir}/${name_fdt}
get_fs_ramfs=dhcp ${rdaddr} ${tftp_root}/${name_fs}
get_kern_net=dhcp ${loadaddr} ${tftp_root}/${name_kern}
get_kern_ramfs=dhcp ${loadaddr} ${tftp_root}/${name_kern}
get_kern_ubi=ubifsload ${loadaddr} ${bootdir}/${name_kern}
get_mon_net=dhcp ${addr_mon} ${tftp_root}/${name_mon}
get_mon_ramfs=dhcp ${addr_mon} ${tftp_root}/${name_mon}
get_mon_ubi=ubifsload ${addr_mon} ${bootdir}/${name_mon}
get_ubi_net=dhcp ${addr_ubi} ${tftp_root}/${name_ubi}
get_uboot_net=dhcp ${loadaddr} ${tftp_root}/${name_uboot}
init_fw_rd_net=dhcp ${rdaddr} ${tftp_root}/${name_fw_rd}; run set_rd_spec
init_fw_rd_ramfs=setenv rd_spec -
init_fw_rd_ubi=ubifsload ${rdaddr} ${bootdir}/${name_fw_rd}; run set_rd_spec
init_net=run args_all args_net
init_ramfs=run args_all args_ramfs get_fs_ramfs
init_ubi=run args_all args_ubi; ubi part ubifs; ubifsmount ubi:rootfs;
ipaddr=192.168.0.212
kernel_addr_r=0x82000000
loadaddr=0x82000000
mem_lpae=1
mem_reserve=512M
mtdparts=mtdparts=davinci_nand.0:1024k(bootloader)ro,512k(params)ro,-(ubifs)
name_fdt=keystone-k2e-evm.dtb
name_fs=arago-console-image-k2e-evm.cpio.gz
name_fw_rd=k2-fw-initrd.cpio.gz
name_kern=zImage
name_mon=skern-k2e.bin
name_ubi=k2e-evm-ubifs.ubi
name_uboot=u-boot-spi-k2e-evm.gph
netmask=255.255.255.0
nfs_options=v3,tcp,rsize=4096,wsize=4096
nfs_root=/export
no_post=1
ramdisk_addr_r=0x88080000
rdaddr=0x88080000
run_kern=bootz ${loadaddr} ${rd_spec} ${fdtaddr}
run_mon=mon_install ${addr_mon}
serverip=192.168.0.1
set_rd_spec=setenv rd_spec ${rdaddr}:${filesize}
soc=keystone
stderr=serial@02530c00
stdin=serial@02530c00
stdout=serial@02530c00
tftp_root=/
vendor=ti
ver=U-Boot 2016.05-00208-gc3846c6 (May 19 2016 - 04:35:55 -0500)
Environment size: 3133/262140 bytes
- 04:14:50 [INFO] Host: setenv bootcmd ''${bootcmd}' mon_install ${addr_mon};'
- 04:14:50 [INFO] Target: 
setenv bootcmd ''${bootcmd}' mon_install ${addr_mon};'
- 04:14:50 [INFO] Host: printenv
- 04:14:50 [INFO] Target: 
printenv
_initramfs=-
addr_mon=0x0c140000
addr_secdb_key=0xc000000
addr_ubi=0x82000000
arch=arm
args_all=setenv bootargs console=ttyS0,115200n8 rootwait=1
args_net=setenv bootargs ${bootargs} rootfstype=nfs root=/dev/nfs rw nfsroot=${serverip}:${nfs_root},${nfs_options} ip=dhcp
args_ramfs=setenv bootargs ${bootargs} rdinit=/sbin/init rw root=/dev/ram0 initrd=0x808080000,80M
args_ubi=setenv bootargs ${bootargs} rootfstype=ubifs root=ubi0:rootfs rootflags=sync rw ubi.mtd=ubifs,2048
autoload=no
baudrate=115200
board=ks2_evm
board_name=ks2_evm
boot=ubi
bootargs=console=ttyS0,115200n8 earlyprintk=serial,ttyS0,115200n8 rootwait  ip=:::::eth0:dhcp 
bootcmd= mon_install ${addr_mon};
bootdelay=1
bootdir=/boot
bootm_size=0x10000000
burn_ubi=nand erase.part ubifs; nand write ${addr_ubi} ubifs ${filesize}
burn_uboot_nand=nand erase 0 0x100000; nand write ${loadaddr} 0 ${filesize}
burn_uboot_spi=sf probe; sf erase 0 0x80000; sf write ${loadaddr} 0 ${filesize}
cpu=armv7
dnsip=192.0.2.2
dnsip2=192.0.2.3
ethact=netcp@24000000
ethaddr=b4:99:4c:00:47:53
fdt_addr_r=0x88000000
fdtaddr=0x88000000
fdtcontroladdr=feeeb880
fileaddr=c140000
filesize=b000
gatewayip=192.168.0.1
get_fdt_net=dhcp ${fdtaddr} ${tftp_root}/${name_fdt}
get_fdt_ramfs=dhcp ${fdtaddr} ${tftp_root}/${name_fdt}
get_fdt_ubi=ubifsload ${fdtaddr} ${bootdir}/${name_fdt}
get_fs_ramfs=dhcp ${rdaddr} ${tftp_root}/${name_fs}
get_kern_net=dhcp ${loadaddr} ${tftp_root}/${name_kern}
get_kern_ramfs=dhcp ${loadaddr} ${tftp_root}/${name_kern}
get_kern_ubi=ubifsload ${loadaddr} ${bootdir}/${name_kern}
get_mon_net=dhcp ${addr_mon} ${tftp_root}/${name_mon}
get_mon_ramfs=dhcp ${addr_mon} ${tftp_root}/${name_mon}
get_mon_ubi=ubifsload ${addr_mon} ${bootdir}/${name_mon}
get_ubi_net=dhcp ${addr_ubi} ${tftp_root}/${name_ubi}
get_uboot_net=dhcp ${loadaddr} ${tftp_root}/${name_uboot}
init_fw_rd_net=dhcp ${rdaddr} ${tftp_root}/${name_fw_rd}; run set_rd_spec
init_fw_rd_ramfs=setenv rd_spec -
init_fw_rd_ubi=ubifsload ${rdaddr} ${bootdir}/${name_fw_rd}; run set_rd_spec
init_net=run args_all args_net
init_ramfs=run args_all args_ramfs get_fs_ramfs
init_ubi=run args_all args_ubi; ubi part ubifs; ubifsmount ubi:rootfs;
ipaddr=192.168.0.212
kernel_addr_r=0x82000000
loadaddr=0x82000000
mem_lpae=1
mem_reserve=512M
mtdparts=mtdparts=davinci_nand.0:1024k(bootloader)ro,512k(params)ro,-(ubifs)
name_fdt=keystone-k2e-evm.dtb
name_fs=arago-console-image-k2e-evm.cpio.gz
name_fw_rd=k2-fw-initrd.cpio.gz
name_kern=zImage
name_mon=skern-k2e.bin
name_ubi=k2e-evm-ubifs.ubi
name_uboot=u-boot-spi-k2e-evm.gph
netmask=255.255.255.0
nfs_options=v3,tcp,rsize=4096,wsize=4096
nfs_root=/export
no_post=1
ramdisk_addr_r=0x88080000
rdaddr=0x88080000
run_kern=bootz ${loadaddr} ${rd_spec} ${fdtaddr}
run_mon=mon_install ${addr_mon}
serverip=192.168.0.1
set_rd_spec=setenv rd_spec ${rdaddr}:${filesize}
soc=keystone
stderr=serial@02530c00
stdin=serial@02530c00
stdout=serial@02530c00
tftp_root=/
vendor=ti
ver=U-Boot 2016.05-00208-gc3846c6 (May 19 2016 - 04:35:55 -0500)
Environment size: 3158/262140 bytes
- 04:14:50 [INFO] Host: setenv bootargs ''${bootargs}' root=/dev/nfs rw nfsroot=192.168.0.1:/home/tigtfarm14/NFS_exports/linux/k2e-evm/autofs/e11f9cfffbd6a2f88dd55a5118811c23,nolock,v3,tcp,rsize=4096,wsize=4096 '
- 04:14:50 [INFO] Target: 
setenv bootargs ''${bootargs}' root=/dev/nfs rw nfsroot=192.168.0.1:/home/tigtfarm14/NFS_exports/linux/k2e-evm/autofs/e11f9cfffbd6a2f88dd55a5118811c23,nolock,v3,tcp,rsize=4096,wsize=4096 '
- 04:14:50 [INFO] Host: printenv
- 04:14:50 [INFO] Target: 
printenv
_initramfs=-
addr_mon=0x0c140000
addr_secdb_key=0xc000000
addr_ubi=0x82000000
arch=arm
args_all=setenv bootargs console=ttyS0,115200n8 rootwait=1
args_net=setenv bootargs ${bootargs} rootfstype=nfs root=/dev/nfs rw nfsroot=${serverip}:${nfs_root},${nfs_options} ip=dhcp
args_ramfs=setenv bootargs ${bootargs} rdinit=/sbin/init rw root=/dev/ram0 initrd=0x808080000,80M
args_ubi=setenv bootargs ${bootargs} rootfstype=ubifs root=ubi0:rootfs rootflags=sync rw ubi.mtd=ubifs,2048
autoload=no
baudrate=115200
board=ks2_evm
board_name=ks2_evm
boot=ubi
bootargs=console=ttyS0,115200n8 earlyprintk=serial,ttyS0,115200n8 rootwait  ip=:::::eth0:dhcp  root=/dev/nfs rw nfsroot=192.168.0.1:/home/tigtfarm14/NFS_exports/linux/k2e-evm/autofs/e11f9cfffbd6a2f88dd55a5118811c23,nolock,v3,tcp,rsize=4096,wsize=4096 
bootcmd= mon_install ${addr_mon};
bootdelay=1
bootdir=/boot
bootm_size=0x10000000
burn_ubi=nand erase.part ubifs; nand write ${addr_ubi} ubifs ${filesize}
burn_uboot_nand=nand erase 0 0x100000; nand write ${loadaddr} 0 ${filesize}
burn_uboot_spi=sf probe; sf erase 0 0x80000; sf write ${loadaddr} 0 ${filesize}
cpu=armv7
dnsip=192.0.2.2
dnsip2=192.0.2.3
ethact=netcp@24000000
ethaddr=b4:99:4c:00:47:53
fdt_addr_r=0x88000000
fdtaddr=0x88000000
fdtcontroladdr=feeeb880
fileaddr=c140000
filesize=b000
gatewayip=192.168.0.1
get_fdt_net=dhcp ${fdtaddr} ${tftp_root}/${name_fdt}
get_fdt_ramfs=dhcp ${fdtaddr} ${tftp_root}/${name_fdt}
get_fdt_ubi=ubifsload ${fdtaddr} ${bootdir}/${name_fdt}
get_fs_ramfs=dhcp ${rdaddr} ${tftp_root}/${name_fs}
get_kern_net=dhcp ${loadaddr} ${tftp_root}/${name_kern}
get_kern_ramfs=dhcp ${loadaddr} ${tftp_root}/${name_kern}
get_kern_ubi=ubifsload ${loadaddr} ${bootdir}/${name_kern}
get_mon_net=dhcp ${addr_mon} ${tftp_root}/${name_mon}
get_mon_ramfs=dhcp ${addr_mon} ${tftp_root}/${name_mon}
get_mon_ubi=ubifsload ${addr_mon} ${bootdir}/${name_mon}
get_ubi_net=dhcp ${addr_ubi} ${tftp_root}/${name_ubi}
get_uboot_net=dhcp ${loadaddr} ${tftp_root}/${name_uboot}
init_fw_rd_net=dhcp ${rdaddr} ${tftp_root}/${name_fw_rd}; run set_rd_spec
init_fw_rd_ramfs=setenv rd_spec -
init_fw_rd_ubi=ubifsload ${rdaddr} ${bootdir}/${name_fw_rd}; run set_rd_spec
init_net=run args_all args_net
init_ramfs=run args_all args_ramfs get_fs_ramfs
init_ubi=run args_all args_ubi; ubi part ubifs; ubifsmount ubi:rootfs;
ipaddr=192.168.0.212
kernel_addr_r=0x82000000
loadaddr=0x82000000
mem_lpae=1
mem_reserve=512M
mtdparts=mtdparts=davinci_nand.0:1024k(bootloader)ro,512k(params)ro,-(ubifs)
name_fdt=keystone-k2e-evm.dtb
name_fs=arago-console-image-k2e-evm.cpio.gz
name_fw_rd=k2-fw-initrd.cpio.gz
name_kern=zImage
name_mon=skern-k2e.bin
name_ubi=k2e-evm-ubifs.ubi
name_uboot=u-boot-spi-k2e-evm.gph
netmask=255.255.255.0
nfs_options=v3,tcp,rsize=4096,wsize=4096
nfs_root=/export
no_post=1
ramdisk_addr_r=0x88080000
rdaddr=0x88080000
run_kern=bootz ${loadaddr} ${rd_spec} ${fdtaddr}
run_mon=mon_install ${addr_mon}
serverip=192.168.0.1
set_rd_spec=setenv rd_spec ${rdaddr}:${filesize}
soc=keystone
stderr=serial@02530c00
stdin=serial@02530c00
stdout=serial@02530c00
tftp_root=/
vendor=ti
ver=U-Boot 2016.05-00208-gc3846c6 (May 19 2016 - 04:35:55 -0500)
Environment size: 3315/262140 bytes
- 04:14:50 [INFO] Host: setenv bootcmd ''${bootcmd}' if iminfo ${loadaddr}; then bootm ${loadaddr} ${_initramfs} ${fdt_addr_r}; else bootz ${loadaddr} ${_initramfs} ${fdt_addr_r}; bootm ${loadaddr} ${_initramfs} ${fdt_addr_r}; fi'
- 04:14:51 [INFO] Target: 
setenv bootcmd ''${bootcmd}' if iminfo ${loadaddr}; then bootm ${loadaddr} ${_initramfs} ${fdt_addr_r}; else bootz ${loadaddr} ${_initramfs} ${fdt_addr_r}; bootm ${loadaddr} ${_initramfs} ${fdt_addr_r}; fi'
- 04:14:51 [INFO] Host: version
- 04:14:51 [INFO] Target: 
version
U-Boot 2016.05-00208-gc3846c6 (May 19 2016 - 04:35:55 -0500)
arm-linux-gnueabihf-gcc (Linaro GCC 5.3-2016.02) 5.3.1 20160113
GNU ld (GNU Binutils) 2.25.0 Linaro 2015_10
- 04:14:51 [INFO] Host: bdinfo
- 04:14:51 [INFO] Target: 
bdinfo
arch_number = 0x00000000
boot_params = 0x80000100
DRAM bank   = 0x00000000
-> start    = 0x80000000
-> size     = 0x80000000
DRAM bank   = 0x00000001
-> start    = 0x00000000
-> size     = 0x00000000
baudrate    = 115200 bps
TLB addr    = 0xFFFF0000
relocaddr   = 0xFFF32000
reloc off   = 0xF3F32000
irq_sp      = 0xFEEEB870
sp start    = 0xFEEEB860
- 04:14:51 [INFO] Host: mmc rescan; echo $?
- 04:15:01 [ERROR] On command: mmc rescan; echo $? waiting for (?m-ix:0[\0\n\r]+) >>> error: execution expired
- 04:15:01 [INFO] Target: 
mmc rescan; echo $?
Unknown command 'mmc' - try 'help'
- 04:15:01 [INFO] Host: boot
- 04:15:21 [INFO] Target: 
boot
K2_BM_15.07-39-g035329caed63 SoC:k2e built:16:02:41, Dec 16 2015
## installed monitor, freq [208333333], status 0
## Checking Image at 82000000 ...
Unknown image format!
Kernel image @ 0x82000000 [ 0x000000 - 0x41daa8 ]
## Flattened Device Tree blob at 88000000
   Booting using the fdt blob at 0x88000000
   Loading Device Tree to 8fff7000, end 8ffff851 ... OK
Starting kernel ...
[    0.000000] Booting Linux on physical CPU 0x0
[    0.000000] Linux version 4.7.0-rc1-next-20160601-00002-g3acaeb3512a2 (nmenon@horus) (gcc version 4.9.3 20150413 (prerelease) (Linaro GCC 4.9-2015.05) ) #1 SMP PREEMPT Wed Jun 1 03:12:09 CDT 2016
[    0.000000] CPU: ARMv7 Processor [412fc0f4] revision 4 (ARMv7), cr=30c5387d
[    0.000000] CPU: div instructions available: patching division code
[    0.000000] CPU: PIPT / VIPT nonaliasing data cache, PIPT instruction cache
[    0.000000] Machine model: Texas Instruments Keystone 2 Edison EVM
[    0.000000] Switching physical address space to 0x800000000
[    0.000000] cma: Reserved 16 MiB at 0x000000085f000000
[    0.000000] Forcing write-allocate cache policy for SMP
[    0.000000] Memory policy: Data cache writealloc
[    0.000000] psci: probing for conduit method from DT.
[    0.000000] psci: Using PSCI v0.1 Function IDs from DT
[    0.000000] percpu: Embedded 14 pages/cpu @edf9f000 s26048 r8192 d23104 u57344
[    0.000000] Built 1 zonelists in Zone order, mobility grouping on.  Total pages: 915968
[    0.000000] Kernel command line: console=ttyS0,115200n8 earlyprintk=serial,ttyS0,115200n8 rootwait  ip=:::::eth0:dhcp  root=/dev/nfs rw nfsroot=192.168.0.1:/home/tigtfarm14/NFS_exports/linux/k2e-evm/autofs/e11f9cfffbd6a2f88dd55a5118811c23,nolock,v3,tcp,rsize=4096,wsize=4096 
[    0.000000] log_buf_len individual max cpu contribution: 4096 bytes
[    0.000000] log_buf_len total cpu_extra contributions: 12288 bytes
[    0.000000] log_buf_len min size: 16384 bytes
[    0.000000] log_buf_len: 32768 bytes
[    0.000000] early log buf free: 14356(87%)
[    0.000000] PID hash table entries: 4096 (order: 2, 16384 bytes)
[    0.000000] Dentry cache hash table entries: 131072 (order: 7, 524288 bytes)
[    0.000000] Inode-cache hash table entries: 65536 (order: 6, 262144 bytes)
[    0.000000] Memory: 3610860K/3670016K available (6311K kernel code, 360K rwdata, 1968K rodata, 2048K init, 201K bss, 42772K reserved, 16384K cma-reserved, 2867200K highmem)
[    0.000000] Virtual kernel memory layout:
[    0.000000]     vector  : 0xffff0000 - 0xffff1000   (   4 kB)
[    0.000000]     fixmap  : 0xffc00000 - 0xfff00000   (3072 kB)
[    0.000000]     vmalloc : 0xf0800000 - 0xff800000   ( 240 MB)
[    0.000000]     lowmem  : 0xc0000000 - 0xf0000000   ( 768 MB)
[    0.000000]     pkmap   : 0xbfe00000 - 0xc0000000   (   2 MB)
[    0.000000]     modules : 0xbf000000 - 0xbfe00000   (  14 MB)
[    0.000000]       .text : 0xc0008000 - 0xc0a15c50   (10296 kB)
[    0.000000]       .init : 0xc0c00000 - 0xc0e00000   (2048 kB)
[    0.000000]       .data : 0xc0e00000 - 0xc0e5a3a0   ( 361 kB)
[    0.000000]        .bss : 0xc0e5c000 - 0xc0e8e730   ( 202 kB)
[    0.000000] SLUB: HWalign=64, Order=0-3, MinObjects=0, CPUs=4, Nodes=1
[    0.000000] Preemptible hierarchical RCU implementation.
[    0.000000] 	Build-time adjustment of leaf fanout to 32.
[    0.000000] NR_IRQS:16 nr_irqs:16 16
[    0.000000] Architected cp15 timer(s) running at 208.33MHz (virt).
[    0.000000] clocksource: arch_sys_counter: mask: 0xffffffffffffff max_cycles: 0x300c4cdf1c, max_idle_ns: 440795202901 ns
[    0.000003] sched_clock: 56 bits at 208MHz, resolution 4ns, wraps every 4398046511101ns
[    0.000011] Switching to timer-based delay loop, resolution 4ns
[    0.000127] keystone timer clock @208333333 Hz
[    0.000237] Console: colour dummy device 80x30
[    0.000252] Calibrating delay loop (skipped), value calculated using timer frequency.. 416.66 BogoMIPS (lpj=2083333)
[    0.000262] pid_max: default: 4096 minimum: 301
[    0.000323] Mount-cache hash table entries: 2048 (order: 1, 8192 bytes)
[    0.000330] Mountpoint-cache hash table entries: 2048 (order: 1, 8192 bytes)
[    0.000764] CPU: Testing write buffer coherency: ok
[    0.000924] /cpus/cpu@0 missing clock-frequency property
[    0.000940] /cpus/cpu@1 missing clock-frequency property
[    0.000956] /cpus/cpu@2 missing clock-frequency property
[    0.000972] /cpus/cpu@3 missing clock-frequency property
[    0.000979] CPU0: thread -1, cpu 0, socket 0, mpidr 80000000
[    0.000991] Setting up static identity map for 0x80200000 - 0x80200130
[    0.104795] CPU1: thread -1, cpu 1, socket 0, mpidr 80000001
[    0.144851] CPU2: thread -1, cpu 2, socket 0, mpidr 80000002
[    0.184889] CPU3: thread -1, cpu 3, socket 0, mpidr 80000003
[    0.184981] Brought up 4 CPUs
[    0.184997] SMP: Total of 4 processors activated (1666.66 BogoMIPS).
[    0.185003] CPU: All CPU(s) started in SVC mode.
[    0.185414] devtmpfs: initialized
[    0.189729] VFP support v0.3: implementor 41 architecture 4 part 30 variant f rev 0
[    0.190011] clocksource: jiffies: mask: 0xffffffff max_cycles: 0xffffffff, max_idle_ns: 19112604462750000 ns
[    0.190551] NET: Registered protocol family 16
[    0.191280] DMA: preallocated 256 KiB pool for atomic coherent allocations
[    0.197780] hw-breakpoint: found 5 (+1 reserved) breakpoint and 4 watchpoint registers.
[    0.197788] hw-breakpoint: maximum watchpoint size is 8 bytes.
[    0.207752] vgaarb: loaded
[    0.208027] SCSI subsystem initialized
[    0.208409] usbcore: registered new interface driver usbfs
[    0.208490] usbcore: registered new interface driver hub
[    0.208582] usbcore: registered new device driver usb
[    0.210441] clocksource: Switched to clocksource arch_sys_counter
[    0.235704] NET: Registered protocol family 2
[    0.236118] TCP established hash table entries: 8192 (order: 3, 32768 bytes)
[    0.236169] TCP bind hash table entries: 8192 (order: 4, 65536 bytes)
[    0.236269] TCP: Hash tables configured (established 8192 bind 8192)
[    0.236311] UDP hash table entries: 512 (order: 2, 16384 bytes)
[    0.236336] UDP-Lite hash table entries: 512 (order: 2, 16384 bytes)
[    0.236456] NET: Registered protocol family 1
[    0.246641] RPC: Registered named UNIX socket transport module.
[    0.246648] RPC: Registered udp transport module.
[    0.246653] RPC: Registered tcp transport module.
[    0.246658] RPC: Registered tcp NFSv4.1 backchannel transport module.
[    0.246915] hw perfevents: enabled with armv7_cortex_a15 PMU driver, 7 counters available
[    0.247318] platform alarmtimer: set dma_pfn_offset00780000
[    0.247671] futex hash table entries: 16 (order: -2, 1024 bytes)
[    0.248457] workingset: timestamp_bits=28 max_order=20 bucket_order=0
[    0.257016] Installing knfsd (copyright (C) 1996 okir@monad.swb.de).
[    0.257097] ntfs: driver 2.1.32 [Flags: R/O].
[    0.257359] jffs2: version 2.2. (NAND)  2001-2006 Red Hat, Inc.
[    0.259995] NET: Registered protocol family 38
[    0.260047] bounce: pool size: 64 pages
[    0.260199] Block layer SCSI generic (bsg) driver version 0.4 loaded (major 252)
[    0.260209] io scheduler noop registered
[    0.260215] io scheduler deadline registered
[    0.260239] io scheduler cfq registered (default)
[    0.260389] keystone_irq soc:keystone_irq@26202a0: irqchip registered, nr_irqs 28
[    0.261120] keystone-navigator-qmss soc:qmss@2a40000: qmgr start queue 0, number of queues 8192
[    0.261229] keystone-navigator-qmss soc:qmss@2a40000: added qmgr start queue 0, num of queues 8192, reg_peek f0940000, reg_status f0938000, reg_config f093a000, reg_region f093c000, reg_push f0980000, reg_pop f09c0000
[    0.261343] keystone-navigator-qmss soc:qmss@2a40000: failed to get firmware for pdsp
[    0.262064] keystone-navigator-qmss soc:qmss@2a40000: pdsp id 0 not started for range acc-low-0
[    0.262752] keystone-navigator-dma soc:knav_dmas@0: DMA dma_gbe registered 149 logical channels, flows 128, tx chans: 21, rx chans: 91
[    0.308564] Serial: 8250/16550 driver, 4 ports, IRQ sharing disabled
[    0.308639] platform serial8250: set dma_pfn_offset00780000
[    0.309877] console [ttyS0] disabled
[    0.309910] 2530c00.serial: ttyS0 at MMIO 0x2530c00 (irq = 26, base_baud = 13020833) is a 16550A
[    1.005248] console [ttyS0] enabled
[    1.009346] 2531000.serial: ttyS1 at MMIO 0x2531000 (irq = 27, base_baud = 13020833) is a 16550A
[    1.022899] loop: module loaded
[    1.026234] at24 0-0050: 131072 byte 24c1024 EEPROM, writable, 1 bytes/write
[    1.034201] spi_davinci 21000400.spi: DMA is not supported (-19)
[    1.040848] m25p80 spi0.0: n25q128a11 (16384 Kbytes)
[    1.045821] 2 ofpart partitions found on MTD device spi0.0
[    1.051324] Creating 2 MTD partitions on "spi0.0":
[    1.056107] 0x000000000000-0x000000080000 : "u-boot-spl"
[    1.072256] 0x000000080000-0x000001000000 : "misc"
[    1.087872] spi_davinci 21000400.spi: Controller at 0xf097a400
[    1.093859] spi_davinci 21000600.spi: DMA is not supported (-19)
[    1.100219] spi_davinci 21000600.spi: Controller at 0xf097c600
[    1.106182] spi_davinci 21000800.spi: DMA is not supported (-19)
[    1.112506] spi_davinci 21000800.spi: Controller at 0xf097e800
[    1.160456] davinci_mdio 24200f00.mdio: davinci mdio revision 1.7
[    1.166540] libphy: 24200f00.mdio: probed
[    1.171122] davinci_mdio 24200f00.mdio: phy[0]: device 24200f00.mdio:00, driver Marvell 88E1510
[    1.179812] davinci_mdio 24200f00.mdio: phy[1]: device 24200f00.mdio:01, driver Marvell 88E1510
[    4.201383] netcp-1.0 2620110.netcp: module(netcp-xgbe) not used for device
[    4.209097] platform xhci-hcd.0.auto: set dma_pfn_offset00780000
[    4.215571] platform xhci-hcd.1.auto: set dma_pfn_offset00780000
[    4.222028] xhci-hcd xhci-hcd.0.auto: xHCI Host Controller
[    4.227647] xhci-hcd xhci-hcd.0.auto: new USB bus registered, assigned bus number 1
[    4.235531] xhci-hcd xhci-hcd.0.auto: hcc params 0x0298f06d hci version 0x100 quirks 0x00010010
[    4.244247] xhci-hcd xhci-hcd.0.auto: irq 34, io mem 0x02690000
[    4.250290] usb usb1: New USB device found, idVendor=1d6b, idProduct=0002
[    4.257084] usb usb1: New USB device strings: Mfr=3, Product=2, SerialNumber=1
[    4.264313] usb usb1: Product: xHCI Host Controller
[    4.269182] usb usb1: Manufacturer: Linux 4.7.0-rc1-next-20160601-00002-g3acaeb3512a2 xhci-hcd
[    4.277795] usb usb1: SerialNumber: xhci-hcd.0.auto
[    4.283057] hub 1-0:1.0: USB hub found
[    4.286828] hub 1-0:1.0: 1 port detected
[    4.291015] xhci-hcd xhci-hcd.0.auto: xHCI Host Controller
[    4.296609] xhci-hcd xhci-hcd.0.auto: new USB bus registered, assigned bus number 2
[    4.304328] usb usb2: We don't know the algorithms for LPM for this host, disabling LPM.
[    4.312519] usb usb2: New USB device found, idVendor=1d6b, idProduct=0003
[    4.319299] usb usb2: New USB device strings: Mfr=3, Product=2, SerialNumber=1
[    4.326527] usb usb2: Product: xHCI Host Controller
[    4.331409] usb usb2: Manufacturer: Linux 4.7.0-rc1-next-20160601-00002-g3acaeb3512a2 xhci-hcd
[    4.340010] usb usb2: SerialNumber: xhci-hcd.0.auto
[    4.345269] hub 2-0:1.0: USB hub found
[    4.349032] hub 2-0:1.0: 1 port detected
[    4.353251] xhci-hcd xhci-hcd.1.auto: xHCI Host Controller
[    4.358854] xhci-hcd xhci-hcd.1.auto: new USB bus registered, assigned bus number 3
[    4.366746] xhci-hcd xhci-hcd.1.auto: hcc params 0x0298f06d hci version 0x100 quirks 0x00010010
[    4.375459] xhci-hcd xhci-hcd.1.auto: irq 68, io mem 0x25010000
[    4.381505] usb usb3: New USB device found, idVendor=1d6b, idProduct=0002
[    4.388285] usb usb3: New USB device strings: Mfr=3, Product=2, SerialNumber=1
[    4.395586] usb usb3: Product: xHCI Host Controller
[    4.400474] usb usb3: Manufacturer: Linux 4.7.0-rc1-next-20160601-00002-g3acaeb3512a2 xhci-hcd
[    4.409075] usb usb3: SerialNumber: xhci-hcd.1.auto
[    4.414317] hub 3-0:1.0: USB hub found
[    4.418081] hub 3-0:1.0: 1 port detected
[    4.422268] xhci-hcd xhci-hcd.1.auto: xHCI Host Controller
[    4.427867] xhci-hcd xhci-hcd.1.auto: new USB bus registered, assigned bus number 4
[    4.435584] usb usb4: We don't know the algorithms for LPM for this host, disabling LPM.
[    4.443777] usb usb4: New USB device found, idVendor=1d6b, idProduct=0003
[    4.450636] usb usb4: New USB device strings: Mfr=3, Product=2, SerialNumber=1
[    4.457849] usb usb4: Product: xHCI Host Controller
[    4.462739] usb usb4: Manufacturer: Linux 4.7.0-rc1-next-20160601-00002-g3acaeb3512a2 xhci-hcd
[    4.471352] usb usb4: SerialNumber: xhci-hcd.1.auto
[    4.476607] hub 4-0:1.0: USB hub found
[    4.480370] hub 4-0:1.0: 1 port detected
[    4.484674] usbcore: registered new interface driver usb-storage
[    4.490901] mousedev: PS/2 mouse device common for all mice
[    4.496631] i2c /dev entries driver
[    4.500646] davinci-wdt 22f0080.wdt: heartbeat 60 sec
[    4.506149] usbcore: registered new interface driver usbhid
[    4.511728] usbhid: USB HID core driver
[    4.516317] nand: device found, Manufacturer ID: 0x2c, Chip ID: 0xac
[    4.522754] nand: Micron MT29F4G08ABBDAH4
[    4.526756] nand: 512 MiB, SLC, erase size: 128 KiB, page size: 2048, OOB size: 64
[    4.534619] Bad block table found at page 262080, version 0x01
[    4.540963] Bad block table found at page 262016, version 0x01
[    4.547097] 3 ofpart partitions found on MTD device 30000000.nand
[    4.553419] Creating 3 MTD partitions on "30000000.nand":
[    4.558819] 0x000000000000-0x000000100000 : "u-boot"
[    4.564568] 0x000000100000-0x000000180000 : "params"
[    4.570241] 0x000000180000-0x000020000000 : "ubifs"
[    4.579370] davinci_nand 30000000.nand: controller rev. 2.5
[    4.585250] platform oprofile-perf.0: set dma_pfn_offset00780000
[    4.591393] oprofile: using timer interrupt.
[    4.595698] Netfilter messages via NETLINK v0.30.
[    4.600587] nf_conntrack version 0.5.0 (16384 buckets, 65536 max)
[    4.606892] ctnetlink v0.93: registering with nfnetlink.
[    4.612515] ipip: IPv4 over IPv4 tunneling driver
[    4.617585] gre: GRE over IPv4 demultiplexor driver
[    4.622473] ip_gre: GRE over IPv4 tunneling driver
[    4.628079] ip_tables: (C) 2000-2006 Netfilter Core Team
[    4.670490] usb 2-1: new SuperSpeed USB device number 2 using xhci-hcd
[    4.730468] ipt_CLUSTERIP: ClusterIP Version 0.8 loaded successfully
[    4.736826] arp_tables: arp_tables: (C) 2002 David S. Miller
[    4.742500] Initializing XFRM netlink socket
[    4.747481] NET: Registered protocol family 10
[    4.752687] NET: Registered protocol family 17
[    4.757135] NET: Registered protocol family 15
[    4.761628] 8021q: 802.1Q VLAN Support v1.8
[    4.765846] sctp: Hash tables configured (bind 512/512)
[    4.771355] Registering SWP/SWPB emulation handler
[    4.794679] usb 2-1: New USB device found, idVendor=0930, idProduct=6545
[    4.801401] usb 2-1: New USB device strings: Mfr=1, Product=2, SerialNumber=3
[    4.808527] usb 2-1: Product: DataTraveler 3.0
[    4.812976] usb 2-1: Manufacturer: Kingston
[    4.817152] usb 2-1: SerialNumber: 00147854487EEE90377192C0
[    4.823269] usb-storage 2-1:1.0: USB Mass Storage device detected
[    4.829525] scsi host0: usb-storage 2-1:1.0
[    4.861126] netcp-1.0 2620110.netcp eth0: Link is Down
[    4.868579] IPv6: ADDRCONF(NETDEV_UP): eth0: link is not ready
[    4.874424] 8021q: adding VLAN 0 to HW filter on device eth0
[    5.894520] scsi 0:0:0:0: Direct-Access     Kingston DataTraveler 3.0 PMAP PQ: 0 ANSI: 6
[    7.025343] sd 0:0:0:0: [sda] 60995328 512-byte logical blocks: (31.2 GB/29.1 GiB)
[    7.033122] sd 0:0:0:0: [sda] Write Protect is off
[    7.038064] sd 0:0:0:0: [sda] No Caching mode page found
[    7.043399] sd 0:0:0:0: [sda] Assuming drive cache: write through
[    7.073508]  sda: sda1
[    7.077043] sd 0:0:0:0: [sda] Attached SCSI removable disk
[    8.860798] netcp-1.0 2620110.netcp eth0: Link is Up - 1Gbps/Full - flow control off
[    8.870467] IPv6: ADDRCONF(NETDEV_CHANGE): eth0: link becomes ready
[    8.890505] Sending DHCP requests ., OK
[    8.940455] IP-Config: Got DHCP answer from 192.168.0.1, my address is 192.168.0.212
[    8.948276] IP-Config: Complete:
[    8.951518]      device=eth0, hwaddr=b4:99:4c:00:47:53, ipaddr=192.168.0.212, mask=255.255.255.0, gw=192.168.0.1
[    8.961694]      host=192.168.0.212, domain=ti.com, nis-domain=(none)
[    8.968126]      bootserver=0.0.0.0, rootserver=192.168.0.1, rootpath=     nameserver0=192.0.2.2, nameserver1=192.0.2.3
[    8.994976] VFS: Mounted root (nfs filesystem) on device 0:15.
[    9.001155] devtmpfs: mounted
[    9.005155] Freeing unused kernel memory: 2048K (c0c00000 - c0e00000)
[    9.240468] systemd[1]: System time before build time, advancing clock.
[    9.257423] random: systemd urandom read with 33 bits of entropy available
[    9.301115] systemd[1]: systemd 229 running in system mode. (+PAM -AUDIT -SELINUX +IMA -APPARMOR +SMACK +SYSVINIT +UTMP -LIBCRYPTSETUP -GCRYPT -GNUTLS +ACL +XZ -LZ4 -SECCOMP +BLKID -ELFUTILS +KMOD -IDN)
[    9.319435] systemd[1]: Detected architecture arm.
Welcome to [1mArago 2016.05[0m!
[    9.349421] systemd[1]: Set hostname to <k2hk-evm>.
[    9.603982] systemd[1]: Listening on Network Service Netlink Socket.
[[0;32m  OK  [0m] Listening on Network Service Netlink Socket.
[    9.630695] systemd[1]: Started Dispatch Password Requests to Console Directory Watch.
[[0;32m  OK  [0m] Started Dispatch Password Requests to Console Directory Watch.
[    9.673809] systemd[1]: Reached target Swap.
[[0;32m  OK  [0m] Reached target Swap.
[    9.700907] systemd[1]: Listening on udev Control Socket.
[[0;32m  OK  [0m] Listening on udev Control Socket.
[    9.730800] systemd[1]: Listening on Syslog Socket.
[[0;32m  OK  [0m] Listening on Syslog Socket.
[    9.751162] systemd[1]: Created slice System Slice.
[[0;32m  OK  [0m] Created slice System Slice.
[    9.770903] systemd[1]: Created slice system-getty.slice.
[[0;32m  OK  [0m] Created slice system-getty.slice.
[    9.800884] systemd[1]: Created slice system-serial\x2dgetty.slice.
[[0;32m  OK  [0m] Created slice system-serial\x2dgetty.slice.
[    9.830662] systemd[1]: Started Forward Password Requests to Wall Directory Watch.
[[0;32m  OK  [0m] Started Forward Password Requests to Wall Directory Watch.
[    9.860542] systemd[1]: Reached target Paths.
[[0;32m  OK  [0m] Reached target Paths.
[    9.880861] systemd[1]: Created slice User and Session Slice.
[[0;32m  OK  [0m] Created slice User and Session Slice.
[    9.910527] systemd[1]: Reached target Slices.
[[0;32m  OK  [0m] Reached target Slices.
[    9.930571] systemd[1]: Listening on udev Kernel Socket.
[[0;32m  OK  [0m] Listening on udev Kernel Socket.
[    9.950529] systemd[1]: Reached target Remote File Systems.
[[0;32m  OK  [0m] Reached target Remote File Systems.
[    9.980618] systemd[1]: Listening on Journal Socket.
[[0;32m  OK  [0m] Listening on Journal Socket.
[   10.040608] systemd[1]: Mounting Debug File System...
         Mounting Debug File System...
[   10.062010] systemd[1]: Starting Setup Virtual Console...
         Starting Setup Virtual Console...
[   10.092032] systemd[1]: Mounting POSIX Message Queue File System...
         Mounting POSIX Message Queue File System...
[   10.123024] systemd[1]: Mounting Temporary Directory...
         Mounting Temporary Directory...
[   10.152109] systemd[1]: Starting Create Static Device Nodes in /dev...
         Starting Create Static Device Nodes in /dev...
[   10.182330] systemd[1]: Starting Remount Root and Kernel File Systems...
         Starting Remount Root and Kernel File Systems...
[   10.211437] systemd[1]: Listening on /dev/initctl Compatibility Named Pipe.
[[0;32m  OK  [0m] Listening on /dev/initctl Compatibility Named Pipe.
[   10.240682] systemd[1]: Listening on Journal Socket (/dev/log).
[[0;32m  OK  [0m] Listening on Journal Socket (/dev/log).
[   10.300743] systemd[1]: Starting Journal Service...
         Starting Journal Service...
[   10.326669] systemd[1]: Starting Apply Kernel Variables...
         Starting Apply Kernel Variables...
[   10.354864] systemd[1]: Mounted POSIX Message Queue File System.
[[0;32m  OK  [0m] Mounted POSIX Message Queue File System.
[   10.380596] systemd[1]: Mounted Debug File System.
[[0;32m  OK  [0m] Mounted Debug File System.
[   10.400577] systemd[1]: Mounted Temporary Directory.
[[0;32m  OK  [0m] Mounted Temporary Directory.
[   10.420750] systemd[1]: Started Journal Service.
[[0;32m  OK  [0m] Started Journal Service.
[[0;32m  OK  [0m] Started Setup Virtual Console.
[[0;32m  OK  [0m] Started Create Static Device Nodes in /dev.
[[0;32m  OK  [0m] Started Remount Root and Kernel File Systems.
[[0;32m  OK  [0m] Started Apply Kernel Variables.
         Starting udev Coldplug all Devices...
         Starting udev Kernel Device Manager...
[[0;32m  OK  [0m] Reached target Local File Systems (Pre).
         Mounting /var/volatile...
         Mounting /media/ram...
         Starting Flush Journal to Persistent Storage...
[[0;32m  OK  [0m] Mounted /var/volatile.
[[0;32m  OK  [0m] Mounted /media/ram.
[[0;32m  OK  [0m] Started udev Kernel Device Manager.
[   10.882455] systemd-journald[1238]: Received request to flush runtime journal from PID 1
[[0;32m  OK  [0m] Started Flush Journal to Persistent Storage.
         Starting Load/Save Random Seed...
[[0;32m  OK  [0m] Reached target Local File Systems.
         Starting Create Volatile Files and Directories...
[[0;32m  OK  [0m] Started Load/Save Random Seed.
[[0;32m  OK  [0m] Started Create Volatile Files and Directories.
         Starting Update UTMP about System Boot/Shutdown...
         Starting Network Time Synchronization...
[[0;32m  OK  [0m] Started udev Coldplug all Devices.
[   11.261953] random: nonblocking pool is initialized
[[0;32m  OK  [0m] Started Network Time Synchronization.
[[0;32m  OK  [0m] Found device /dev/ttyS0.
[[0;32m  OK  [0m] Started Update UTMP about System Boot/Shutdown.
[[0;32m  OK  [0m] Reached target System Time Synchronized.
[[0;32m  OK  [0m] Reached target System Initialization.
[[0;32m  OK  [0m] Started Daily Cleanup of Temporary Directories.
[[0;32m  OK  [0m] Reached target Timers.
[[0;32m  OK  [0m] Listening on D-Bus System Message Bus Socket.
[[0;32m  OK  [0m] Listening on RPCbind Server Activation Socket.
[[0;32m  OK  [0m] Reached target Sockets.
[[0;32m  OK  [0m] Reached target Basic System.
[[0;32m  OK  [0m] Started D-Bus System Message Bus.
[   11.902059] EXT4-fs (sda1): mounting ext2 file system using the ext4 subsystem
[   11.911751] EXT4-fs (sda1): warning: mounting unchecked fs, running e2fsck is recommended
         Starting Network Service...
[   11.999568] EXT4-fs (sda1): mounted filesystem without journal. Opts: (null)
[[0;32m  OK  [0m] Started System Logging Service.
         Starting telnetd.service...
         Starting Permit User Sessions...
[[0;32m  OK  [0m] Started Kernel Logging Service.
         Starting Login Service...
[[0;32m  OK  [0m] Started Network Service.
[[0;32m  OK  [0m] Started telnetd.service.
[[0;32m  OK  [0m] Started Permit User Sessions.
[[0;32m  OK  [0m] Started System Logging Service.
[[0;32m  OK  [0m] Started Getty on tty1.
[[0;32m  OK  [0m] Started Serial Getty on ttyS0.
         Starting thttpd.service...
[[0;32m  OK  [0m] Reached target Network.
[[0;32m  OK  [0m] Started thttpd.service.
[[0;32m  OK  [0m] Started Login Service.
[[0;32m  OK  [0m] Started System Logging Service.
         Starting thermal-zone-init.service...
[[0;32m  OK  [0m] Started thermal-zone-init.service.
[[0;32m  OK  [0m] Started System Logging Service.
         Starting gplv3-notice.service...
[[0;32m  OK  [0m] Started System Logging Service.
[[0;1;31mFAILED[0m] Failed to start System Logging Service.
See 'systemctl status busybox-syslog.service' for details.
[[0;32m  OK  [0m] Started gplv3-notice.service.
 _____                    _____           _         _   
|  _  |___ ___ ___ ___   |  _  |___ ___  |_|___ ___| |_ 
|     |  _| .'| . | . |  |   __|  _| . | | | -_|  _|  _|
|__|__|_| |__,|_  |___|  |__|  |_| |___|_| |___|___|_|  
              |___|                    |___|            
Arago Project http://arago-project.org k2hk-evm ttyS0
Arago 2016.05 k2hk-evm ttyS0
k2hk-evm login: 
- 04:15:21 [INFO] Host: root
- 04:15:25 [INFO] Target: 
root
7[r[999;999H[6nroot@k2hk-evm:~# 
- 04:15:25 [INFO] Sleeping 15 secs to allow systemd to finish starting processes...
- 04:15:40 [INFO] Disconnected serial from k2e-evm
- 04:15:40 [INFO] Connected to k2e-evm via serial 
- 04:15:40 [INFO] Host: uname -a
- 04:15:40 [INFO] Target: 
uname -a
Linux k2hk-evm 4.7.0-rc1-next-20160601-00002-g3acaeb3512a2 #1 SMP PREEMPT Wed Jun 1 03:12:09 CDT 2016 armv7l GNU/Linux
root@k2hk-evm:~# 
- 04:15:40 [INFO] Host: cat /proc/cmdline
- 04:15:40 [INFO] Target: 
cat /proc/cmdline
console=ttyS0,115200n8 earlyprintk=serial,ttyS0,115200n8 rootwait  ip=:::::eth0:dhcp  root=/dev/nfs rw nfsroot=192.168.0.1:/home/tigtfarm14/NFS_exports/linux/k2e-evm/autofs/e11f9cfffbd6a2f88dd55a5118811c23,nolock,v3,tcp,rsize=4096,wsize=4096 
root@k2hk-evm:~# 
- 04:15:40 [INFO] Host: uname -a
- 04:15:40 [INFO] Target: 
uname -a
Linux k2hk-evm 4.7.0-rc1-next-20160601-00002-g3acaeb3512a2 #1 SMP PREEMPT Wed Jun 1 03:12:09 CDT 2016 armv7l GNU/Linux
root@k2hk-evm:~# 
- 04:15:40 [INFO] Host: cat /proc/mtd
- 04:15:40 [INFO] Target: 
cat /proc/mtd
dev:    size   erasesize  name
mtd0: 00080000 00001000 "u-boot-spl"
mtd1: 00f80000 00001000 "misc"
mtd2: 00100000 00020000 "u-boot"
mtd3: 00080000 00020000 "params"
mtd4: 1fe80000 00020000 "ubifs"
root@k2hk-evm:~# 
- 04:15:41 [INFO] Host: export IPERFHOST=192.168.0.1
- 04:15:41 [INFO] Target: 
export IPERFHOST=192.168.0.1
root@k2hk-evm:~# 
- 04:15:41 [INFO] Host: export NFS_SERVER=192.168.0.1
- 04:15:41 [INFO] Target: 
export NFS_SERVER=192.168.0.1
root@k2hk-evm:~# 
- 04:15:41 [INFO] Host: export NFS_ROOT_PATH=/home/tigtfarm14/NFS_exports/linux/k2e-evm
- 04:15:41 [INFO] Target: 
export NFS_ROOT_PATH=/home/tigtfarm14/NFS_exports/linux/k2e-evm 
[Aroot@k2hk-evm:~# export NFS_ROOT_PATH=/home/tigtfarm14/NFS_exports/linux/k2e-ev[Km
root@k2hk-evm:~# 
- 04:15:41 [INFO] Host: export AP_SSID=
- 04:15:41 [INFO] Target: 
export AP_SSID=
root@k2hk-evm:~# 
- 04:15:41 [INFO] Host: mkdir -p -m 777 /test
- 04:15:41 [INFO] Target: 
mkdir -p -m 777 /test
root@k2hk-evm:~# 
- 04:15:41 [INFO] Host: cd /test
- 04:15:41 [INFO] Target: 
cd /test
root@k2hk-evm:/test# 
- 04:15:41 [INFO] Host: cat > test.sh << EOF
- 04:15:41 [INFO] Target: 
cat > test.sh << EOF
- 04:15:41 [INFO] Host: failtest() {
- 04:15:41 [INFO] Target: 
failtest() {
- 04:15:41 [INFO] Host:   echo 1 >&3
- 04:15:42 [INFO] Target: 
  echo 1 >&3
- 04:15:42 [INFO] Host: }
- 04:15:42 [INFO] Target: 
- 04:15:42 [INFO] Host: timeout=600
- 04:15:42 [INFO] Target: 
timeout=600
- 04:15:42 [INFO] Host: 
- 04:15:42 [INFO] Target: 
- 04:15:42 [INFO] Host: # Start of user's script logic
- 04:15:42 [INFO] Target: 
# Start of user's script logic
- 04:15:42 [INFO] Host: mount -t proc proc /proc 2>/dev/null;
- 04:15:42 [INFO] Target: 
mount -t proc proc /proc 2>/dev/null;
- 04:15:42 [INFO] Host: 
- 04:15:42 [INFO] Target: 
- 04:15:42 [INFO] Host: mount -t sysfs sys /sys 2>/dev/null;
- 04:15:42 [INFO] Target: 
mount -t sysfs sys /sys 2>/dev/null;
- 04:15:42 [INFO] Host: 
- 04:15:42 [INFO] Target: 
- 04:15:42 [INFO] Host: mount -t debugfs none /sys/kernel/debug 2>/dev/null;
- 04:15:43 [INFO] Target: 
mount -t debugfs none /sys/kernel/debug 2>/dev/null;
- 04:15:43 [INFO] Host: 
- 04:15:43 [INFO] Target: 
- 04:15:43 [INFO] Host: echo 'cpuinfo:';cat /proc/cpuinfo; echo '=======';
- 04:15:43 [INFO] Target: 
echo 'cpuinfo:';cat /proc/cpuinfo; echo '=======';
- 04:15:43 [INFO] Host: 
- 04:15:43 [INFO] Target: 
- 04:15:43 [INFO] Host: echo 'soc info:';head /sys/devices/soc0/* 2>/dev/null; echo '=======';
- 04:15:43 [INFO] Target: 
echo 'soc info:';head /sys/devices/soc0/* 2>/dev/null; echo '=======';
- 04:15:43 [INFO] Host: 
- 04:15:43 [INFO] Target: 
- 04:15:43 [INFO] Host: echo 'DT Model info'; head /proc/device-tree/name /proc/device-tree/model /proc/device-tree/compatible 2>/dev/null;echo; echo '=======';
- 04:15:43 [INFO] Target: 
echo 'DT Model info'; head /proc/device-tree/name /proc/device-tree/model /pro 
c/device-tree/compatible 2>/dev/null;echo; echo '=======';
- 04:15:43 [INFO] Host: 
- 04:15:43 [INFO] Target: 
- 04:15:43 [INFO] Host: echo 'interrupts:';cat /proc/interrupts; echo '=======';
- 04:15:43 [INFO] Target: 
echo 'interrupts:';cat /proc/interrupts; echo '=======';
- 04:15:43 [INFO] Host: 
- 04:15:43 [INFO] Target: 
- 04:15:43 [INFO] Host: echo 'Clk_summary:';cat /sys/kernel/debug/clk/clk_summary; echo '=======';
- 04:15:44 [INFO] Target: 
echo 'Clk_summary:';cat /sys/kernel/debug/clk/clk_summary; echo '=======';
- 04:15:44 [INFO] Host: 
- 04:15:44 [INFO] Target: 
- 04:15:44 [INFO] Host: echo "Available frequencies"; cat /sys/devices/system/cpu/cpu0/cpufreq/scaling_available_frequencies 2>/dev/null;echo '=======';
- 04:15:44 [INFO] Target: 
echo "Available frequencies"; cat /sys/devices/system/cpu/cpu0/cpufreq/scaling 
_available_frequencies 2>/dev/null;echo '=======';
- 04:15:44 [INFO] Host: 
- 04:15:44 [INFO] Target: 
- 04:15:44 [INFO] Host: TMPF=/tmp/a.\$\$; TMPF2=/tmp/b.\$\$; STR=""
- 04:15:44 [INFO] Target: 
TMPF=/tmp/a.\$\$; TMPF2=/tmp/b.\$\$; STR=""
- 04:15:44 [INFO] Host: 
- 04:15:44 [INFO] Target: 
- 04:15:44 [INFO] Host: cp /dev/kmsg \$TMPF &
- 04:15:44 [INFO] Target: 
cp /dev/kmsg \$TMPF &
- 04:15:44 [INFO] Host: 
- 04:15:44 [INFO] Target: 
- 04:15:44 [INFO] Host: PID=\$! ; sleep 5; kill -9 \$PID
- 04:15:44 [INFO] Target: 
PID=\$! ; sleep 5; kill -9 \$PID
- 04:15:44 [INFO] Host: 
- 04:15:44 [INFO] Target: 
- 04:15:44 [INFO] Host: 
- 04:15:45 [INFO] Target: 
- 04:15:45 [INFO] Host: 
- 04:15:45 [INFO] Target: 
- 04:15:45 [INFO] Host: cat \$TMPF|grep "^0">\$TMPF2; N=\`cat \$TMPF2|wc -l\`; if [ "\$N" -ne 0 ]; then STR="\$STR emerg=\$N";echo "===== EMERGE++";cat \$TMPF2|cut -d ';' -f2;echo "====="; fi
- 04:15:45 [INFO] Target: 
cat \$TMPF|grep "^0">\$TMPF2; N=\`cat \$TMPF2|wc -l\`; if [ "\$N" -ne 0 ]; the 
n STR="\$STR emerg=\$N";echo "===== EMERGE++";cat \$TMPF2|cut -d ';' -f2;echo "= 
===="; fi
- 04:15:45 [INFO] Host: 
- 04:15:45 [INFO] Target: 
- 04:15:45 [INFO] Host: cat \$TMPF|grep "^1">\$TMPF2; N=\`cat \$TMPF2|wc -l\`; if [ "\$N" -ne 0 ]; then STR="\$STR alert=\$N";echo "===== ALERT ==";cat \$TMPF2|cut -d ';' -f2;echo "====="; fi
- 04:15:45 [INFO] Target: 
cat \$TMPF|grep "^1">\$TMPF2; N=\`cat \$TMPF2|wc -l\`; if [ "\$N" -ne 0 ]; the 
n STR="\$STR alert=\$N";echo "===== ALERT ==";cat \$TMPF2|cut -d ';' -f2;echo "= 
===="; fi
- 04:15:45 [INFO] Host: 
- 04:15:45 [INFO] Target: 
- 04:15:45 [INFO] Host: cat \$TMPF|grep "^2">\$TMPF2; N=\`cat \$TMPF2|wc -l\`; if [ "\$N" -ne 0 ]; then STR="\$STR crit=\$N";echo "===== CRIT ==";cat \$TMPF2|cut -d ';' -f2;echo "====="; fi
- 04:15:45 [INFO] Target: 
cat \$TMPF|grep "^2">\$TMPF2; N=\`cat \$TMPF2|wc -l\`; if [ "\$N" -ne 0 ]; the 
n STR="\$STR crit=\$N";echo "===== CRIT ==";cat \$TMPF2|cut -d ';' -f2;echo "=== 
=="; fi
- 04:15:45 [INFO] Host: 
- 04:15:45 [INFO] Target: 
- 04:15:45 [INFO] Host: cat \$TMPF|grep "^3">\$TMPF2; N=\`cat \$TMPF2|wc -l\`; if [ "\$N" -ne 0 ]; then STR="\$STR err=\$N";echo "===== ERR ==";cat \$TMPF2|cut -d ';' -f2;echo "=====" ;fi
- 04:15:45 [INFO] Target: 
cat \$TMPF|grep "^3">\$TMPF2; N=\`cat \$TMPF2|wc -l\`; if [ "\$N" -ne 0 ]; the 
n STR="\$STR err=\$N";echo "===== ERR ==";cat \$TMPF2|cut -d ';' -f2;echo "===== 
" ;fi
- 04:15:45 [INFO] Host: 
- 04:15:45 [INFO] Target: 
- 04:15:45 [INFO] Host: cat \$TMPF|grep "^4">\$TMPF2; N=\`cat \$TMPF2|wc -l\`; if [ "\$N" -ne 0 ]; then STR="\$STR warn=\$N";echo "===== WARN ==";cat \$TMPF2|cut -d ';' -f2;echo "=====" ;fi
- 04:15:46 [INFO] Target: 
cat \$TMPF|grep "^4">\$TMPF2; N=\`cat \$TMPF2|wc -l\`; if [ "\$N" -ne 0 ]; the 
n STR="\$STR warn=\$N";echo "===== WARN ==";cat \$TMPF2|cut -d ';' -f2;echo "=== 
==" ;fi
- 04:15:46 [INFO] Host: 
- 04:15:46 [INFO] Target: 
- 04:15:46 [INFO] Host: rm \$TMPF \$TMPF2; echo "SUM""MARY RESULT: BOOT:" 'PASS: H''ello World' 'B''oard' "Booted" "Boot Log has::::\$STR:"
- 04:15:46 [INFO] Target: 
rm \$TMPF \$TMPF2; echo "SUM""MARY RESULT: BOOT:" 'PASS: H''ello World' 'B''oa 
rd' "Booted" "Boot Log has::::\$STR:"
- 04:15:46 [INFO] Host: 
- 04:15:46 [INFO] Target: 
- 04:15:46 [INFO] Host: EOF
- 04:15:46 [INFO] Target: 
root@k2hk-evm:/test# 
- 04:15:46 [INFO] Host: cd /test
- 04:15:46 [INFO] Target: 
cd /test
root@k2hk-evm:/test# 
- 04:15:46 [INFO] Host: chmod +x test.sh
- 04:15:46 [INFO] Target: 
chmod +x test.sh
root@k2hk-evm:/test# 
- 04:15:46 [INFO] Host: ./test.sh 2> stderr.log > stdout.log 3> result.log
- 04:15:51 [INFO] Target: 
./test.sh 2> stderr.log > stdout.log 3> result.log
root@k2hk-evm:/test# 
- 04:15:51 [INFO] Host: echo $?
- 04:15:51 [INFO] Target: 
echo $?
root@k2hk-evm:/test# 
- 04:15:51 [INFO] Host: cd /test
- 04:15:52 [INFO] Target: 
cd /test
root@k2hk-evm:/test# 
- 04:15:52 [INFO] Host: cat stdout.log
- 04:15:53 [INFO] Target: 
cat stdout.log
cpuinfo:
processor	: 0
model name	: ARMv7 Processor rev 4 (v7l)
BogoMIPS	: 416.66
Features	: half thumb fastmult vfp edsp neon vfpv3 tls vfpv4 idiva idivt vfpd32 lpae evtstrm 
CPU implementer	: 0x41
CPU architecture: 7
CPU variant	: 0x2
CPU part	: 0xc0f
CPU revision	: 4
processor	: 1
model name	: ARMv7 Processor rev 4 (v7l)
BogoMIPS	: 416.66
Features	: half thumb fastmult vfp edsp neon vfpv3 tls vfpv4 idiva idivt vfpd32 lpae evtstrm 
CPU implementer	: 0x41
CPU architecture: 7
CPU variant	: 0x2
CPU part	: 0xc0f
CPU revision	: 4
processor	: 2
model name	: ARMv7 Processor rev 4 (v7l)
BogoMIPS	: 416.66
Features	: half thumb fastmult vfp edsp neon vfpv3 tls vfpv4 idiva idivt vfpd32 lpae evtstrm 
CPU implementer	: 0x41
CPU architecture: 7
CPU variant	: 0x2
CPU part	: 0xc0f
CPU revision	: 4
processor	: 3
model name	: ARMv7 Processor rev 4 (v7l)
BogoMIPS	: 416.66
Features	: half thumb fastmult vfp edsp neon vfpv3 tls vfpv4 idiva idivt vfpd32 lpae evtstrm 
CPU implementer	: 0x41
CPU architecture: 7
CPU variant	: 0x2
CPU part	: 0xc0f
CPU revision	: 4
Hardware	: Keystone
Revision	: 0000
Serial		: 0000000000000000
=======
soc info:
=======
DT Model info
==> /proc/device-tree/name <==
==> /proc/device-tree/model <==
Texas Instruments Keystone 2 Edison EVM
==> /proc/device-tree/compatible <==
ti,k2e-evmti,k2eti,keystone
=======
interrupts:
           CPU0       CPU1       CPU2       CPU3       
 19:      10133       4546       4482       4692     GIC-0  27 Edge      arch_timer
 21:          0          0          0          0     GIC-0 142 Edge      timer-keystone
 26:       1450          0          0          0     GIC-0 309 Edge      serial
 28:          0          0          0          0     GIC-0 315 Edge      2530000.i2c
 29:          1          0          0          0     GIC-0 318 Edge      2530400.i2c
 30:          0          0          0          0     GIC-0 321 Edge      2530800.i2c
 31:          7          0          0          0     GIC-0 324 Edge      21000400.spi
 32:          0          0          0          0     GIC-0 328 Edge      21000600.spi
 33:          0          0          0          0     GIC-0 332 Edge      21000800.spi
 34:        478          0          0          0     GIC-0 184 Edge      2680000.usb, xhci-hcd:usb1
 68:          0          0          0          0     GIC-0 446 Edge      25000000.usb, xhci-hcd:usb3
 77:      11827          0          0          0     GIC-0  80 Level     hwqueue-528
 79:      14576          0          0          0     GIC-0  82 Level     hwqueue-530
IPI0:          0          0          0          0  CPU wakeup interrupts
IPI1:          0          0          0          0  Timer broadcast interrupts
IPI2:       2091       5681       3735       8473  Rescheduling interrupts
IPI3:        139        101        186        162  Function call interrupts
IPI4:          0          0          0          0  CPU stop interrupts
IPI5:          0          0          0          0  IRQ work interrupts
IPI6:          0          0          0          0  completion interrupts
Err:          0
=======
Clk_summary:
   clock                         enable_cnt  prepare_cnt        rate   accuracy   phase
----------------------------------------------------------------------------------------
 refclk-ddr3a                             0            0   100000000          0 0  
    ddr3apllclk                           0            0   400000000          0 0  
 refclk-pass                              1            1   100000000          0 0  
    papllclk                              3            3  1000000000          0 0  
       paclk13                            1            1   333333333          0 0  
          pa                              1            1   333333333          0 0  
             sa                           0            0   333333333          0 0  
             cpgmac                       1            1   333333333          0 0  
 refclk-sys                               1            1   100000000          0 0  
    mainpllclk                            1            1  1250000000          0 0  
       mainmuxclk                         1            1  1250000000          0 0  
          chipstmxptclk                   0            0    52083334          0 0  
          gemtraceclk                     0            0   625000000          0 0  
          chipclk1rstiso                  0            0  1250000000          0 0  
             chipclk1rstiso112            0            0   104166666          0 0  
                sr                        0            0   104166666          0 0  
             chipclk1rstiso16             0            0   208333333          0 0  
             chipclk1rstiso14             0            0   312500000          0 0  
             chipclk1rstiso13             0            0   416666666          0 0  
          chipclk1                        2            2  1250000000          0 0  
             gem0                         0            0  1250000000          0 0  
             chipclk114                   0            0    52083333          0 0  
             chipclk112                   0            0   104166666          0 0  
             chipclk16                    4            4   208333333          0 0  
                usb1                      1            2   208333333          0 0  
                aemif-spi                 2            2   208333333          0 0  
                   spi                    3            6   208333333          0 0  
                   aemif                  2            4   208333333          0 0  
                usb                       1            2   208333333          0 0  
                modrst0                   6            6   208333333          0 0  
                   keymgr                 0            0   208333333          0 0  
                   gpio                   1            2   208333333          0 0  
                   i2c                    3            6   208333333          0 0  
                   usim                   0            0   208333333          0 0  
                   uart1                  1            2   208333333          0 0  
                   uart0                  1            2   208333333          0 0  
                   timer15                1            2   208333333          0 0  
                   timer3                 0            0   208333333          0 0  
                   timer2                 0            0   208333333          0 0  
                   timer1                 0            0   208333333          0 0  
                   timer0                 1            2   208333333          0 0  
             chipclk14                    0            0   312500000          0 0  
             chipclk13                    1            1   416666666          0 0  
                xge                       0            0   416666666          0 0  
                tetb-trc                  0            0   416666666          0 0  
                debugss-trc               0            0   416666666          0 0  
             chipclk12                    0            0   625000000          0 0  
                pcie1                     0            0   625000000          0 0  
                hyperlink-0               0            0   625000000          0 0  
                ddr3-0                    0            0   625000000          0 0  
                pcie                      0            0   625000000          0 0  
=======
Available frequencies
=======
===== ERR ==
/cpus/cpu@0 missing clock-frequency property
/cpus/cpu@1 missing clock-frequency property
/cpus/cpu@2 missing clock-frequency property
/cpus/cpu@3 missing clock-frequency property
platform alarmtimer: set dma_pfn_offset00780000
keystone-navigator-qmss soc:qmss@2a40000: failed to get firmware for pdsp
keystone-navigator-qmss soc:qmss@2a40000: pdsp id 0 not started for range acc-low-0
platform serial8250: set dma_pfn_offset00780000
platform xhci-hcd.0.auto: set dma_pfn_offset00780000
platform xhci-hcd.1.auto: set dma_pfn_offset00780000
platform oprofile-perf.0: set dma_pfn_offset00780000
sd 0:0:0:0: [sda] No Caching mode page found
sd 0:0:0:0: [sda] Assuming drive cache: write through
systemd[1]: System time before build time, advancing clock.
systemd[1]: systemd 229 running in system mode. (+PAM -AUDIT -SELINUX +IMA -APPARMOR +SMACK +SYSVINIT +UTMP -LIBCRYPTSETUP -GCRYPT -GNUTLS +ACL +XZ -LZ4 -SECCOMP +BLKID -ELFUTILS +KMOD -IDN)
systemd[1]: Detected architecture arm.
systemd[1]: Set hostname to <k2hk-evm>.
systemd[1]: Listening on Network Service Netlink Socket.
systemd[1]: Started Dispatch Password Requests to Console Directory Watch.
systemd[1]: Reached target Swap.
systemd[1]: Listening on udev Control Socket.
systemd[1]: Listening on Syslog Socket.
systemd[1]: Created slice System Slice.
systemd[1]: Created slice system-getty.slice.
systemd[1]: Created slice system-serial\x5cx2dgetty.slice.
systemd[1]: Started Forward Password Requests to Wall Directory Watch.
systemd[1]: Reached target Paths.
systemd[1]: Created slice User and Session Slice.
systemd[1]: Reached target Slices.
systemd[1]: Listening on udev Kernel Socket.
systemd[1]: Reached target Remote File Systems.
systemd[1]: Listening on Journal Socket.
systemd[1]: Mounting Debug File System...
systemd[1]: Starting Setup Virtual Console...
systemd[1]: Mounting POSIX Message Queue File System...
systemd[1]: Mounting Temporary Directory...
systemd[1]: Starting Create Static Device Nodes in /dev...
systemd[1]: Starting Remount Root and Kernel File Systems...
systemd[1]: Listening on /dev/initctl Compatibility Named Pipe.
systemd[1]: Listening on Journal Socket (/dev/log).
systemd[1]: Starting Journal Service...
systemd[1]: Starting Apply Kernel Variables...
systemd[1]: Mounted POSIX Message Queue File System.
systemd[1]: Mounted Debug File System.
systemd[1]: Mounted Temporary Directory.
systemd[1]: Started Journal Service.
=====
===== WARN ==
Forcing write-allocate cache policy for SMP
workingset: timestamp_bits=28 max_order=20 bucket_order=0
netcp-1.0 2620110.netcp: module(netcp-xgbe) not used for device
systemd-journald[1238]: Received request to flush runtime journal from PID 1
EXT4-fs (sda1): warning: mounting unchecked fs, running e2fsck is recommended
=====
SUMMARY RESULT: BOOT: PASS: Hello World Board Booted Boot Log has:::: err=46 warn=5:
root@k2hk-evm:/test# 
- 04:15:53 [INFO] Host: cat stderr.log
- 04:15:53 [INFO] Target: 
cat stderr.log
./test.sh: line 31:  2430 Killed                  cp /dev/kmsg $TMPF
root@k2hk-evm:/test# 
- 04:15:53 [INFO] Host: cat result.log
- 04:15:55 [ERROR] On command: cat result.log waiting for cat result.log.+?(?m-ix:^1[\0\n\r]+) >>> error: execution expired
- 04:15:55 [INFO] Target: 
cat result.log
root@k2hk-evm:/test# 
- 04:15:55 [INFO] Host: cd /test
- 04:15:55 [INFO] Target: 
cd /test
root@k2hk-evm:/test# 
URL:gtsystest.telogy.design.ti.com/vatf/tigtfarm14/tigtfarm14_vatf@k2e-evm/tigtfarm1406_01_2016_04_14_22/files/session_iteration_1/test_1
