- 02:23:22 [INFO] Starting target session
- 02:23:22 [INFO] Connected to k2hk-evm via serial 
- 02:23:22 [INFO] Host: #check prompt
- 02:23:25 [ERROR] On command: #check prompt waiting for #check prompt.+?(?-mix:((?-mix:.*\s+login)|[Pp]assword)) >>> error: execution expired
- 02:23:25 [INFO] Target: 
- 02:23:25 [INFO] Host: #check prompt
- 02:23:27 [ERROR] On command: #check prompt waiting for #check prompt.+?(?m-ix:root.*#) >>> error: execution expired
- 02:23:27 [INFO] Target: 
- 02:23:27 [INFO] Host: #check prompt
- 02:23:29 [ERROR] On command: #check prompt waiting for #check prompt.+?(?m-ix:root.*#) >>> error: execution expired
- 02:23:29 [INFO] Target: 
- 02:23:29 [INFO] Host: #check prompt
- 02:23:31 [ERROR] On command: #check prompt waiting for #check prompt.+?(?m-ix:root.*#) >>> error: execution expired
- 02:23:31 [INFO] Target: 
- 02:23:31 [INFO] Disconnected serial from k2hk-evm
- 02:23:54 [INFO] Connected to k2hk-evm via serial 
- 02:23:54 [INFO] Host: 
- 02:23:59 [INFO] Target: 
U-Boot 2015.07 (Feb 12 2016 - 19:54:27 -0500)
CPU: 66AK2Hx SR2.0
I2C:   ready
DRAM:  DDR3A Speed will be configured for 1333 Operation.
Detected SO-DIMM [SQR-SD3T-2G1333SED]
DDR3 speed 1333
DRAM: 2 GiB (includes reported below)
Clear entire DDR3 memory to enable ECC
2 GiB
NAND:  512 MiB
Net:   Phy 2 not found
Phy 3 not found
K2HK_EMAC, K2HK_EMAC1
Error: K2HK_EMAC1 address not set.
, K2HK_EMAC2
Error: K2HK_EMAC2 address not set.
, K2HK_EMAC3
Error: K2HK_EMAC3 address not set.
U-Boot#  
U-Boot#  
U-Boot#  
U-Boot#  
U-Boot#  
U-Boot#  
U-Boot#  
U-Boot#  
U-Boot#  
U-Boot#  
U-Boot#  
U-Boot#  
U-Boot#  
U-Boot#  
U-Boot#  
U-Boot# 
- 02:23:59 [INFO] Host: 
- 02:23:59 [INFO] Target: 
U-Boot#  
U-Boot#  
U-Boot#  
U-Boot# 
U-Boot# 
- 02:23:59 [INFO] Host: version
- 02:23:59 [INFO] Target: 
version
U-Boot 2015.07 (Feb 12 2016 - 19:54:27 -0500)
arm-linux-gnueabihf-gcc (Linaro GCC 4.9-2015.05) 4.9.3 20150413 (prerelease)
GNU ld (GNU Binutils) Linaro 2014.11-3-git 2.24.0.20141017
U-Boot# 
- 02:23:59 [INFO] Host: setenv bootargs 'console=ttyS0,115200n8 earlyprintk=serial,ttyS0,115200n8 rootwait '
- 02:23:59 [INFO] Target: 
setenv bootargs 'console=ttyS0,115200n8 earlyprintk=serial,ttyS0,115200n8 rootwait '
U-Boot# 
- 02:23:59 [INFO] Host: setenv bootcmd  ''
- 02:23:59 [INFO] Target: 
setenv bootcmd  ''
U-Boot# 
- 02:23:59 [INFO] Host: setenv autoload 'no'
- 02:23:59 [INFO] Target: 
setenv autoload 'no'
U-Boot# 
- 02:23:59 [INFO] Host: setenv serverip '192.168.1.254'
- 02:24:00 [INFO] Target: 
setenv serverip '192.168.1.254'
U-Boot# 
- 02:24:00 [INFO] Host: setenv _initramfs -
- 02:24:00 [INFO] Target: 
setenv _initramfs -
U-Boot# 
- 02:24:00 [INFO] Host: printenv
- 02:24:00 [INFO] Target: 
printenv
_initramfs=-
addr_mon=0x0c5f0000
addr_secdb_key=0xc000000
addr_ubi=0x82000000
arch=arm
args_all=setenv bootargs console=ttyS0,115200n8 rootwait=1
args_net=setenv bootargs ${bootargs} rootfstype=nfs root=/dev/nfs rw nfsroot=${serverip}:${nfs_root},${nfs_options} ip=dhcp
args_ramfs=setenv bootargs ${bootargs} rdinit=/sbin/init rw root=/dev/ram0 initrd=0x808080000,80M
args_ubi=setenv bootargs ${bootargs} rootfstype=ubifs root=ubi0:rootfs rootflags=sync rw ubi.mtd=ubifs,2048
autoload=no
baudrate=115200
board=ks2_evm
board_name=ks2_evm
boot=ubi
bootargs=console=ttyS0,115200n8 earlyprintk=serial,ttyS0,115200n8 rootwait 
bootcmd=
bootcmd_bak=run init_${boot} init_fw_rd_${boot} get_fdt_${boot} get_mon_${boot} get_kern_${boot} run_mon run_kern
bootdelay=1
bootdir=/boot
bootfile=//zImage
bootm_size=0x10000000
burn_ubi=nand erase.part ubifs; nand write ${addr_ubi} ubifs ${filesize}
burn_uboot_nand=nand erase 0 0x100000; nand write ${loadaddr} 0 ${filesize}
burn_uboot_spi=sf probe; sf erase 0 0x80000; sf write ${loadaddr} 0 ${filesize}
cpu=armv7
dnsip=192.0.2.2
dnsip2=192.0.2.3
ethact=K2HK_EMAC
ethaddr=b4:99:4c:b7:fc:b1
fdt_addr_r=0x88000000
fdtaddr=0x88000000
get_fdt_net=dhcp ${fdtaddr} ${tftp_root}/${name_fdt}
get_fdt_ramfs=dhcp ${fdtaddr} ${tftp_root}/${name_fdt}
get_fdt_ubi=ubifsload ${fdtaddr} ${bootdir}/${name_fdt}
get_fs_ramfs=dhcp ${rdaddr} ${tftp_root}/${name_fs}
get_kern_net=dhcp ${loadaddr} ${tftp_root}/${name_kern}
get_kern_ramfs=dhcp ${loadaddr} ${tftp_root}/${name_kern}
get_kern_ubi=ubifsload ${loadaddr} ${bootdir}/${name_kern}
get_mon_net=dhcp ${addr_mon} ${tftp_root}/${name_mon}
get_mon_ramfs=dhcp ${addr_mon} ${tftp_root}/${name_mon}
get_mon_ubi=ubifsload ${addr_mon} ${bootdir}/${name_mon}
get_ubi_net=dhcp ${addr_ubi} ${tftp_root}/${name_ubi}
get_uboot_net=dhcp ${loadaddr} ${tftp_root}/${name_uboot}
init_fw_rd_net=dhcp ${rdaddr} ${tftp_root}/${name_fw_rd}; run set_rd_spec
init_fw_rd_ramfs=setenv rd_spec -
init_fw_rd_ubi=ubifsload ${rdaddr} ${bootdir}/${name_fw_rd}; run set_rd_spec
init_net=run args_all args_net
init_ramfs=run args_all args_ramfs get_fs_ramfs
init_ubi=run args_all args_ubi; ubi part ubifs; ubifsmount ubi:rootfs;
ipaddr=10.8.45.117
kernel_addr_r=0x82000000
loadaddr=0x82000000
mem_lpae=1
mem_reserve=512M
mtdparts=mtdparts=davinci_nand.0:1024k(bootloader)ro,512k(params)ro,-(ubifs)
name_fdt=k2hk-evm.dtb
name_fs=arago-console-image-k2hk-evm.cpio.gz
name_fw_rd=k2-fw-initrd.cpio.gz
name_kern=zImage
name_mon=skern-k2hk.bin
name_ubi=k2hk-evm-ubifs.ubi
name_uboot=u-boot-spi-k2hk-evm.gph
netmask=255.255.254.0
nfs_options=v3,tcp,rsize=4096,wsize=4096
nfs_root=/export
nfs_root_r=/home/franklin/nfs/k2hk/
no_post=1
ramdisk_addr_r=0x88080000
rdaddr=0x88080000
run_kern=bootz ${loadaddr} ${rd_spec} ${fdtaddr}
run_mon=mon_install ${addr_mon}
serverip=192.168.1.254
serverip_r=192.168.1.1
set_rd_spec=setenv rd_spec ${rdaddr}:${filesize}
soc=keystone
stderr=serial
stdin=serial
stdout=serial
tftp_root=/
vendor=ti
ver=U-Boot 2015.07 (Feb 12 2016 - 19:54:27 -0500)
Environment size: 3177/262140 bytes
U-Boot# 
- 02:24:00 [INFO] Host: printenv
- 02:24:00 [INFO] Target: 
printenv
_initramfs=-
addr_mon=0x0c5f0000
addr_secdb_key=0xc000000
addr_ubi=0x82000000
arch=arm
args_all=setenv bootargs console=ttyS0,115200n8 rootwait=1
args_net=setenv bootargs ${bootargs} rootfstype=nfs root=/dev/nfs rw nfsroot=${serverip}:${nfs_root},${nfs_options} ip=dhcp
args_ramfs=setenv bootargs ${bootargs} rdinit=/sbin/init rw root=/dev/ram0 initrd=0x808080000,80M
args_ubi=setenv bootargs ${bootargs} rootfstype=ubifs root=ubi0:rootfs rootflags=sync rw ubi.mtd=ubifs,2048
autoload=no
baudrate=115200
board=ks2_evm
board_name=ks2_evm
boot=ubi
bootargs=console=ttyS0,115200n8 earlyprintk=serial,ttyS0,115200n8 rootwait 
bootcmd=
bootcmd_bak=run init_${boot} init_fw_rd_${boot} get_fdt_${boot} get_mon_${boot} get_kern_${boot} run_mon run_kern
bootdelay=1
bootdir=/boot
bootfile=//zImage
bootm_size=0x10000000
burn_ubi=nand erase.part ubifs; nand write ${addr_ubi} ubifs ${filesize}
burn_uboot_nand=nand erase 0 0x100000; nand write ${loadaddr} 0 ${filesize}
burn_uboot_spi=sf probe; sf erase 0 0x80000; sf write ${loadaddr} 0 ${filesize}
cpu=armv7
dnsip=192.0.2.2
dnsip2=192.0.2.3
ethact=K2HK_EMAC
ethaddr=b4:99:4c:b7:fc:b1
fdt_addr_r=0x88000000
fdtaddr=0x88000000
get_fdt_net=dhcp ${fdtaddr} ${tftp_root}/${name_fdt}
get_fdt_ramfs=dhcp ${fdtaddr} ${tftp_root}/${name_fdt}
get_fdt_ubi=ubifsload ${fdtaddr} ${bootdir}/${name_fdt}
get_fs_ramfs=dhcp ${rdaddr} ${tftp_root}/${name_fs}
get_kern_net=dhcp ${loadaddr} ${tftp_root}/${name_kern}
get_kern_ramfs=dhcp ${loadaddr} ${tftp_root}/${name_kern}
get_kern_ubi=ubifsload ${loadaddr} ${bootdir}/${name_kern}
get_mon_net=dhcp ${addr_mon} ${tftp_root}/${name_mon}
get_mon_ramfs=dhcp ${addr_mon} ${tftp_root}/${name_mon}
get_mon_ubi=ubifsload ${addr_mon} ${bootdir}/${name_mon}
get_ubi_net=dhcp ${addr_ubi} ${tftp_root}/${name_ubi}
get_uboot_net=dhcp ${loadaddr} ${tftp_root}/${name_uboot}
init_fw_rd_net=dhcp ${rdaddr} ${tftp_root}/${name_fw_rd}; run set_rd_spec
init_fw_rd_ramfs=setenv rd_spec -
init_fw_rd_ubi=ubifsload ${rdaddr} ${bootdir}/${name_fw_rd}; run set_rd_spec
init_net=run args_all args_net
init_ramfs=run args_all args_ramfs get_fs_ramfs
init_ubi=run args_all args_ubi; ubi part ubifs; ubifsmount ubi:rootfs;
ipaddr=10.8.45.117
kernel_addr_r=0x82000000
loadaddr=0x82000000
mem_lpae=1
mem_reserve=512M
mtdparts=mtdparts=davinci_nand.0:1024k(bootloader)ro,512k(params)ro,-(ubifs)
name_fdt=k2hk-evm.dtb
name_fs=arago-console-image-k2hk-evm.cpio.gz
name_fw_rd=k2-fw-initrd.cpio.gz
name_kern=zImage
name_mon=skern-k2hk.bin
name_ubi=k2hk-evm-ubifs.ubi
name_uboot=u-boot-spi-k2hk-evm.gph
netmask=255.255.254.0
nfs_options=v3,tcp,rsize=4096,wsize=4096
nfs_root=/export
nfs_root_r=/home/franklin/nfs/k2hk/
no_post=1
ramdisk_addr_r=0x88080000
rdaddr=0x88080000
run_kern=bootz ${loadaddr} ${rd_spec} ${fdtaddr}
run_mon=mon_install ${addr_mon}
serverip=192.168.1.254
serverip_r=192.168.1.1
set_rd_spec=setenv rd_spec ${rdaddr}:${filesize}
soc=keystone
stderr=serial
stdin=serial
stdout=serial
tftp_root=/
vendor=ti
ver=U-Boot 2015.07 (Feb 12 2016 - 19:54:27 -0500)
Environment size: 3177/262140 bytes
U-Boot# 
- 02:24:00 [INFO] Host: setenv bootargs ''${bootargs}' ip=:::::eth0:dhcp '
- 02:24:00 [INFO] Target: 
setenv bootargs ''${bootargs}' ip=:::::eth0:dhcp '
U-Boot# 
- 02:24:00 [INFO] Host: setenv serverip '192.168.1.254'
- 02:24:00 [INFO] Target: 
setenv serverip '192.168.1.254'
U-Boot# 
- 02:24:00 [INFO] Host: setenv autoload 'no'
- 02:24:01 [INFO] Target: 
setenv autoload 'no'
U-Boot# 
- 02:24:01 [INFO] Host: dhcp
- 02:24:03 [INFO] Target: 
dhcp
K2HK_EMAC Waiting for SGMII auto negotiation to complete. done
K2HK_EMAC Waiting for PHY auto negotiation to complete. done
BOOTP broadcast 1
BOOTP broadcast 2
BOOTP broadcast 3
DHCP client bound to address 192.168.1.167 (1335 ms)
U-Boot# 
- 02:24:03 [INFO] Host: tftp ${loadaddr} 192.168.1.254:vatf_k2hk-evm/bebeab0358f7c074d107982165f1f850
- 02:24:05 [INFO] Target: 
tftp ${loadaddr} 192.168.1.254:vatf_k2hk-evm/bebeab0358f7c074d107982165f1f850
K2HK_EMAC Waiting for SGMII auto negotiation to complete. done
Using K2HK_EMAC device
TFTP from server 192.168.1.254; our IP address is 192.168.1.167
Filename 'vatf_k2hk-evm/bebeab0358f7c074d107982165f1f850'.
Load address: 0x82000000
Loading: *#################################################################
	 #################################################################
	 #################################################################
	 #################################################################
	 ###################################
	 2.2 MiB/s
done
Bytes transferred = 4318672 (41e5d0 hex)
U-Boot# 
- 02:24:05 [INFO] Host: tftp ${fdt_addr_r} 192.168.1.254:vatf_k2hk-evm/9792ce0cd8eda49da635549aef95124a
- 02:24:05 [INFO] Target: 
tftp ${fdt_addr_r} 192.168.1.254:vatf_k2hk-evm/9792ce0cd8eda49da635549aef95124a
K2HK_EMAC Waiting for SGMII auto negotiation to complete. done
Using K2HK_EMAC device
TFTP from server 192.168.1.254; our IP address is 192.168.1.167
Filename 'vatf_k2hk-evm/9792ce0cd8eda49da635549aef95124a'.
Load address: 0x88000000
Loading: *##
	 2 MiB/s
done
Bytes transferred = 28972 (712c hex)
U-Boot# 
- 02:24:05 [INFO] Host: tftp ${addr_mon} 192.168.1.254:vatf_k2hk-evm/945c4fa713c56a0128dbbcd5e829c86b
- 02:24:06 [INFO] Target: 
tftp ${addr_mon} 192.168.1.254:vatf_k2hk-evm/945c4fa713c56a0128dbbcd5e829c86b
K2HK_EMAC Waiting for SGMII auto negotiation to complete. done
Using K2HK_EMAC device
TFTP from server 192.168.1.254; our IP address is 192.168.1.167
Filename 'vatf_k2hk-evm/945c4fa713c56a0128dbbcd5e829c86b'.
Load address: 0xc5f0000
Loading: *####
	 2 MiB/s
done
Bytes transferred = 45056 (b000 hex)
U-Boot# 
- 02:24:06 [INFO] Host: printenv
- 02:24:06 [INFO] Target: 
printenv
_initramfs=-
addr_mon=0x0c5f0000
addr_secdb_key=0xc000000
addr_ubi=0x82000000
arch=arm
args_all=setenv bootargs console=ttyS0,115200n8 rootwait=1
args_net=setenv bootargs ${bootargs} rootfstype=nfs root=/dev/nfs rw nfsroot=${serverip}:${nfs_root},${nfs_options} ip=dhcp
args_ramfs=setenv bootargs ${bootargs} rdinit=/sbin/init rw root=/dev/ram0 initrd=0x808080000,80M
args_ubi=setenv bootargs ${bootargs} rootfstype=ubifs root=ubi0:rootfs rootflags=sync rw ubi.mtd=ubifs,2048
autoload=no
baudrate=115200
board=ks2_evm
board_name=ks2_evm
boot=ubi
bootargs=console=ttyS0,115200n8 earlyprintk=serial,ttyS0,115200n8 rootwait  ip=:::::eth0:dhcp 
bootcmd=
bootcmd_bak=run init_${boot} init_fw_rd_${boot} get_fdt_${boot} get_mon_${boot} get_kern_${boot} run_mon run_kern
bootdelay=1
bootdir=/boot
bootfile=//zImage
bootm_size=0x10000000
burn_ubi=nand erase.part ubifs; nand write ${addr_ubi} ubifs ${filesize}
burn_uboot_nand=nand erase 0 0x100000; nand write ${loadaddr} 0 ${filesize}
burn_uboot_spi=sf probe; sf erase 0 0x80000; sf write ${loadaddr} 0 ${filesize}
cpu=armv7
dnsip=192.0.2.2
dnsip2=192.0.2.3
ethact=K2HK_EMAC
ethaddr=b4:99:4c:b7:fc:b1
fdt_addr_r=0x88000000
fdtaddr=0x88000000
fileaddr=c5f0000
filesize=b000
get_fdt_net=dhcp ${fdtaddr} ${tftp_root}/${name_fdt}
get_fdt_ramfs=dhcp ${fdtaddr} ${tftp_root}/${name_fdt}
get_fdt_ubi=ubifsload ${fdtaddr} ${bootdir}/${name_fdt}
get_fs_ramfs=dhcp ${rdaddr} ${tftp_root}/${name_fs}
get_kern_net=dhcp ${loadaddr} ${tftp_root}/${name_kern}
get_kern_ramfs=dhcp ${loadaddr} ${tftp_root}/${name_kern}
get_kern_ubi=ubifsload ${loadaddr} ${bootdir}/${name_kern}
get_mon_net=dhcp ${addr_mon} ${tftp_root}/${name_mon}
get_mon_ramfs=dhcp ${addr_mon} ${tftp_root}/${name_mon}
get_mon_ubi=ubifsload ${addr_mon} ${bootdir}/${name_mon}
get_ubi_net=dhcp ${addr_ubi} ${tftp_root}/${name_ubi}
get_uboot_net=dhcp ${loadaddr} ${tftp_root}/${name_uboot}
init_fw_rd_net=dhcp ${rdaddr} ${tftp_root}/${name_fw_rd}; run set_rd_spec
init_fw_rd_ramfs=setenv rd_spec -
init_fw_rd_ubi=ubifsload ${rdaddr} ${bootdir}/${name_fw_rd}; run set_rd_spec
init_net=run args_all args_net
init_ramfs=run args_all args_ramfs get_fs_ramfs
init_ubi=run args_all args_ubi; ubi part ubifs; ubifsmount ubi:rootfs;
ipaddr=192.168.1.167
kernel_addr_r=0x82000000
loadaddr=0x82000000
mem_lpae=1
mem_reserve=512M
mtdparts=mtdparts=davinci_nand.0:1024k(bootloader)ro,512k(params)ro,-(ubifs)
name_fdt=k2hk-evm.dtb
name_fs=arago-console-image-k2hk-evm.cpio.gz
name_fw_rd=k2-fw-initrd.cpio.gz
name_kern=zImage
name_mon=skern-k2hk.bin
name_ubi=k2hk-evm-ubifs.ubi
name_uboot=u-boot-spi-k2hk-evm.gph
netmask=255.255.255.0
nfs_options=v3,tcp,rsize=4096,wsize=4096
nfs_root=/export
nfs_root_r=/home/franklin/nfs/k2hk/
no_post=1
ramdisk_addr_r=0x88080000
rdaddr=0x88080000
run_kern=bootz ${loadaddr} ${rd_spec} ${fdtaddr}
run_mon=mon_install ${addr_mon}
serverip=192.168.1.254
serverip_r=192.168.1.1
set_rd_spec=setenv rd_spec ${rdaddr}:${filesize}
soc=keystone
stderr=serial
stdin=serial
stdout=serial
tftp_root=/
vendor=ti
ver=U-Boot 2015.07 (Feb 12 2016 - 19:54:27 -0500)
Environment size: 3233/262140 bytes
U-Boot# 
- 02:24:06 [INFO] Host: setenv bootcmd ''${bootcmd}' mon_install ${addr_mon};'
- 02:24:06 [INFO] Target: 
setenv bootcmd ''${bootcmd}' mon_install ${addr_mon};'
U-Boot# 
- 02:24:06 [INFO] Host: printenv
- 02:24:07 [INFO] Target: 
printenv
_initramfs=-
addr_mon=0x0c5f0000
addr_secdb_key=0xc000000
addr_ubi=0x82000000
arch=arm
args_all=setenv bootargs console=ttyS0,115200n8 rootwait=1
args_net=setenv bootargs ${bootargs} rootfstype=nfs root=/dev/nfs rw nfsroot=${serverip}:${nfs_root},${nfs_options} ip=dhcp
args_ramfs=setenv bootargs ${bootargs} rdinit=/sbin/init rw root=/dev/ram0 initrd=0x808080000,80M
args_ubi=setenv bootargs ${bootargs} rootfstype=ubifs root=ubi0:rootfs rootflags=sync rw ubi.mtd=ubifs,2048
autoload=no
baudrate=115200
board=ks2_evm
board_name=ks2_evm
boot=ubi
bootargs=console=ttyS0,115200n8 earlyprintk=serial,ttyS0,115200n8 rootwait  ip=:::::eth0:dhcp 
bootcmd= mon_install ${addr_mon};
bootcmd_bak=run init_${boot} init_fw_rd_${boot} get_fdt_${boot} get_mon_${boot} get_kern_${boot} run_mon run_kern
bootdelay=1
bootdir=/boot
bootfile=//zImage
bootm_size=0x10000000
burn_ubi=nand erase.part ubifs; nand write ${addr_ubi} ubifs ${filesize}
burn_uboot_nand=nand erase 0 0x100000; nand write ${loadaddr} 0 ${filesize}
burn_uboot_spi=sf probe; sf erase 0 0x80000; sf write ${loadaddr} 0 ${filesize}
cpu=armv7
dnsip=192.0.2.2
dnsip2=192.0.2.3
ethact=K2HK_EMAC
ethaddr=b4:99:4c:b7:fc:b1
fdt_addr_r=0x88000000
fdtaddr=0x88000000
fileaddr=c5f0000
filesize=b000
get_fdt_net=dhcp ${fdtaddr} ${tftp_root}/${name_fdt}
get_fdt_ramfs=dhcp ${fdtaddr} ${tftp_root}/${name_fdt}
get_fdt_ubi=ubifsload ${fdtaddr} ${bootdir}/${name_fdt}
get_fs_ramfs=dhcp ${rdaddr} ${tftp_root}/${name_fs}
get_kern_net=dhcp ${loadaddr} ${tftp_root}/${name_kern}
get_kern_ramfs=dhcp ${loadaddr} ${tftp_root}/${name_kern}
get_kern_ubi=ubifsload ${loadaddr} ${bootdir}/${name_kern}
get_mon_net=dhcp ${addr_mon} ${tftp_root}/${name_mon}
get_mon_ramfs=dhcp ${addr_mon} ${tftp_root}/${name_mon}
get_mon_ubi=ubifsload ${addr_mon} ${bootdir}/${name_mon}
get_ubi_net=dhcp ${addr_ubi} ${tftp_root}/${name_ubi}
get_uboot_net=dhcp ${loadaddr} ${tftp_root}/${name_uboot}
init_fw_rd_net=dhcp ${rdaddr} ${tftp_root}/${name_fw_rd}; run set_rd_spec
init_fw_rd_ramfs=setenv rd_spec -
init_fw_rd_ubi=ubifsload ${rdaddr} ${bootdir}/${name_fw_rd}; run set_rd_spec
init_net=run args_all args_net
init_ramfs=run args_all args_ramfs get_fs_ramfs
init_ubi=run args_all args_ubi; ubi part ubifs; ubifsmount ubi:rootfs;
ipaddr=192.168.1.167
kernel_addr_r=0x82000000
loadaddr=0x82000000
mem_lpae=1
mem_reserve=512M
mtdparts=mtdparts=davinci_nand.0:1024k(bootloader)ro,512k(params)ro,-(ubifs)
name_fdt=k2hk-evm.dtb
name_fs=arago-console-image-k2hk-evm.cpio.gz
name_fw_rd=k2-fw-initrd.cpio.gz
name_kern=zImage
name_mon=skern-k2hk.bin
name_ubi=k2hk-evm-ubifs.ubi
name_uboot=u-boot-spi-k2hk-evm.gph
netmask=255.255.255.0
nfs_options=v3,tcp,rsize=4096,wsize=4096
nfs_root=/export
nfs_root_r=/home/franklin/nfs/k2hk/
no_post=1
ramdisk_addr_r=0x88080000
rdaddr=0x88080000
run_kern=bootz ${loadaddr} ${rd_spec} ${fdtaddr}
run_mon=mon_install ${addr_mon}
serverip=192.168.1.254
serverip_r=192.168.1.1
set_rd_spec=setenv rd_spec ${rdaddr}:${filesize}
soc=keystone
stderr=serial
stdin=serial
stdout=serial
tftp_root=/
vendor=ti
ver=U-Boot 2015.07 (Feb 12 2016 - 19:54:27 -0500)
Environment size: 3258/262140 bytes
U-Boot# 
- 02:24:07 [INFO] Host: setenv bootargs ''${bootargs}' root=/dev/nfs rw nfsroot=192.168.1.254:/home/NFS_exports/k2hk/autofs/64ebb7dcbda7649cd3f50fce09cb4686,nolock,v3,tcp,rsize=4096,wsize=4096 '
- 02:24:07 [INFO] Target: 
setenv bootargs ''${bootargs}' root=/dev/nfs rw nfsroot=192.168.1.254:/home/NFS_exports/k2hk/autofs/64ebb7dcbda7649cd3f50fce09cb4686,nolock,v3,tcp,rsize=4096,wsize=4096 '
U-Boot# 
- 02:24:07 [INFO] Host: printenv
- 02:24:07 [INFO] Target: 
printenv
_initramfs=-
addr_mon=0x0c5f0000
addr_secdb_key=0xc000000
addr_ubi=0x82000000
arch=arm
args_all=setenv bootargs console=ttyS0,115200n8 rootwait=1
args_net=setenv bootargs ${bootargs} rootfstype=nfs root=/dev/nfs rw nfsroot=${serverip}:${nfs_root},${nfs_options} ip=dhcp
args_ramfs=setenv bootargs ${bootargs} rdinit=/sbin/init rw root=/dev/ram0 initrd=0x808080000,80M
args_ubi=setenv bootargs ${bootargs} rootfstype=ubifs root=ubi0:rootfs rootflags=sync rw ubi.mtd=ubifs,2048
autoload=no
baudrate=115200
board=ks2_evm
board_name=ks2_evm
boot=ubi
bootargs=console=ttyS0,115200n8 earlyprintk=serial,ttyS0,115200n8 rootwait  ip=:::::eth0:dhcp  root=/dev/nfs rw nfsroot=192.168.1.254:/home/NFS_exports/k2hk/autofs/64ebb7dcbda7649cd3f50fce09cb4686,nolock,v3,tcp,rsize=4096,wsize=4096 
bootcmd= mon_install ${addr_mon};
bootcmd_bak=run init_${boot} init_fw_rd_${boot} get_fdt_${boot} get_mon_${boot} get_kern_${boot} run_mon run_kern
bootdelay=1
bootdir=/boot
bootfile=//zImage
bootm_size=0x10000000
burn_ubi=nand erase.part ubifs; nand write ${addr_ubi} ubifs ${filesize}
burn_uboot_nand=nand erase 0 0x100000; nand write ${loadaddr} 0 ${filesize}
burn_uboot_spi=sf probe; sf erase 0 0x80000; sf write ${loadaddr} 0 ${filesize}
cpu=armv7
dnsip=192.0.2.2
dnsip2=192.0.2.3
ethact=K2HK_EMAC
ethaddr=b4:99:4c:b7:fc:b1
fdt_addr_r=0x88000000
fdtaddr=0x88000000
fileaddr=c5f0000
filesize=b000
get_fdt_net=dhcp ${fdtaddr} ${tftp_root}/${name_fdt}
get_fdt_ramfs=dhcp ${fdtaddr} ${tftp_root}/${name_fdt}
get_fdt_ubi=ubifsload ${fdtaddr} ${bootdir}/${name_fdt}
get_fs_ramfs=dhcp ${rdaddr} ${tftp_root}/${name_fs}
get_kern_net=dhcp ${loadaddr} ${tftp_root}/${name_kern}
get_kern_ramfs=dhcp ${loadaddr} ${tftp_root}/${name_kern}
get_kern_ubi=ubifsload ${loadaddr} ${bootdir}/${name_kern}
get_mon_net=dhcp ${addr_mon} ${tftp_root}/${name_mon}
get_mon_ramfs=dhcp ${addr_mon} ${tftp_root}/${name_mon}
get_mon_ubi=ubifsload ${addr_mon} ${bootdir}/${name_mon}
get_ubi_net=dhcp ${addr_ubi} ${tftp_root}/${name_ubi}
get_uboot_net=dhcp ${loadaddr} ${tftp_root}/${name_uboot}
init_fw_rd_net=dhcp ${rdaddr} ${tftp_root}/${name_fw_rd}; run set_rd_spec
init_fw_rd_ramfs=setenv rd_spec -
init_fw_rd_ubi=ubifsload ${rdaddr} ${bootdir}/${name_fw_rd}; run set_rd_spec
init_net=run args_all args_net
init_ramfs=run args_all args_ramfs get_fs_ramfs
init_ubi=run args_all args_ubi; ubi part ubifs; ubifsmount ubi:rootfs;
ipaddr=192.168.1.167
kernel_addr_r=0x82000000
loadaddr=0x82000000
mem_lpae=1
mem_reserve=512M
mtdparts=mtdparts=davinci_nand.0:1024k(bootloader)ro,512k(params)ro,-(ubifs)
name_fdt=k2hk-evm.dtb
name_fs=arago-console-image-k2hk-evm.cpio.gz
name_fw_rd=k2-fw-initrd.cpio.gz
name_kern=zImage
name_mon=skern-k2hk.bin
name_ubi=k2hk-evm-ubifs.ubi
name_uboot=u-boot-spi-k2hk-evm.gph
netmask=255.255.255.0
nfs_options=v3,tcp,rsize=4096,wsize=4096
nfs_root=/export
nfs_root_r=/home/franklin/nfs/k2hk/
no_post=1
ramdisk_addr_r=0x88080000
rdaddr=0x88080000
run_kern=bootz ${loadaddr} ${rd_spec} ${fdtaddr}
run_mon=mon_install ${addr_mon}
serverip=192.168.1.254
serverip_r=192.168.1.1
set_rd_spec=setenv rd_spec ${rdaddr}:${filesize}
soc=keystone
stderr=serial
stdin=serial
stdout=serial
tftp_root=/
vendor=ti
ver=U-Boot 2015.07 (Feb 12 2016 - 19:54:27 -0500)
Environment size: 3397/262140 bytes
U-Boot# 
- 02:24:07 [INFO] Host: setenv bootcmd ''${bootcmd}' if iminfo ${loadaddr}; then bootm ${loadaddr} ${_initramfs} ${fdt_addr_r}; else bootz ${loadaddr} ${_initramfs} ${fdt_addr_r}; bootm ${loadaddr} ${_initramfs} ${fdt_addr_r}; fi'
- 02:24:07 [INFO] Target: 
setenv bootcmd ''${bootcmd}' if iminfo ${loadaddr}; then bootm ${loadaddr} ${_initramfs} ${fdt_addr_r}; else bootz ${loadaddr} ${_initramfs} ${fdt_addr_r}; bootm ${loadaddr} ${_initramfs} ${fdt_addr_r}; fi'
U-Boot# 
- 02:24:07 [INFO] Host: version
- 02:24:07 [INFO] Target: 
version
U-Boot 2015.07 (Feb 12 2016 - 19:54:27 -0500)
arm-linux-gnueabihf-gcc (Linaro GCC 4.9-2015.05) 4.9.3 20150413 (prerelease)
GNU ld (GNU Binutils) Linaro 2014.11-3-git 2.24.0.20141017
U-Boot# 
- 02:24:07 [INFO] Host: bdinfo
- 02:24:07 [INFO] Target: 
bdinfo
arch_number = 0x00000000
boot_params = 0x80000100
DRAM bank   = 0x00000000
-> start    = 0x80000000
-> size     = 0x80000000
DRAM bank   = 0x00000001
-> start    = 0x00000000
-> size     = 0x00000000
eth0name    = K2HK_EMAC
ethaddr     = b4:99:4c:b7:fc:b1
eth1name    = K2HK_EMAC1
eth1addr    = (not set)
eth2name    = K2HK_EMAC2
eth2addr    = (not set)
eth3name    = K2HK_EMAC3
eth3addr    = (not set)
current eth = K2HK_EMAC
ip_addr     = 192.168.1.167
baudrate    = 115200 bps
TLB addr    = 0xFFFF0000
relocaddr   = 0xFFF3F000
reloc off   = 0xF3F3F000
irq_sp      = 0xFEEFEEF0
sp start    = 0xFEEFEEE0
U-Boot# 
- 02:24:07 [INFO] Host: mmc rescan; echo $?
- 02:24:17 [ERROR] On command: mmc rescan; echo $? waiting for (?m-ix:0[\0\n\r]+) >>> error: execution expired
- 02:24:17 [INFO] Target: 
mmc rescan; echo $?
Unknown command 'mmc' - try 'help'
U-Boot# 
- 02:24:17 [INFO] Host: boot
- 02:24:36 [INFO] Target: 
boot
K2_BM_15.07-39-g035329caed63 SoC:k2hk built:16:02:41, Dec 16 2015
## installed monitor, freq [200000000], status 0
## Checking Image at 82000000 ...
Unknown image format!
Kernel image @ 0x82000000 [ 0x000000 - 0x41e5d0 ]
## Flattened Device Tree blob at 88000000
   Booting using the fdt blob at 0x88000000
   Loading Device Tree to 8fff5000, end 8ffff12b ... OK
Starting kernel ...
[    0.000000] Booting Linux on physical CPU 0x0
[    0.000000] Linux version 4.7.0-rc2-next-20160608-00002-gb30c76c01b56 (nmenon@horus) (gcc version 4.9.3 20150413 (prerelease) (Linaro GCC 4.9-2015.05) ) #1 SMP PREEMPT Wed Jun 8 02:19:50 CDT 2016
[    0.000000] CPU: ARMv7 Processor [412fc0f4] revision 4 (ARMv7), cr=30c5387d
[    0.000000] CPU: div instructions available: patching division code
[    0.000000] CPU: PIPT / VIPT nonaliasing data cache, PIPT instruction cache
[    0.000000] Machine model: Texas Instruments Keystone 2 Kepler/Hawking EVM
[    0.000000] Switching physical address space to 0x800000000
[    0.000000] cma: Reserved 16 MiB at 0x000000085f000000
[    0.000000] Forcing write-allocate cache policy for SMP
[    0.000000] Memory policy: Data cache writealloc
[    0.000000] psci: probing for conduit method from DT.
[    0.000000] psci: Using PSCI v0.1 Function IDs from DT
[    0.000000] percpu: Embedded 14 pages/cpu @ef3a3000 s26112 r8192 d23040 u57344
[    0.000000] Built 1 zonelists in Zone order, mobility grouping on.  Total pages: 391680
[    0.000000] Kernel command line: console=ttyS0,115200n8 earlyprintk=serial,ttyS0,115200n8 rootwait  ip=:::::eth0:dhcp  root=/dev/nfs rw nfsroot=192.168.1.254:/home/NFS_exports/k2hk/autofs/64ebb7dcbda7649cd3f50fce09cb4686,nolock,v3,tcp,rsize=4096,wsize=4096 
[    0.000000] log_buf_len individual max cpu contribution: 4096 bytes
[    0.000000] log_buf_len total cpu_extra contributions: 12288 bytes
[    0.000000] log_buf_len min size: 16384 bytes
[    0.000000] log_buf_len: 32768 bytes
[    0.000000] early log buf free: 14364(87%)
[    0.000000] PID hash table entries: 4096 (order: 2, 16384 bytes)
[    0.000000] Dentry cache hash table entries: 131072 (order: 7, 524288 bytes)
[    0.000000] Inode-cache hash table entries: 65536 (order: 6, 262144 bytes)
[    0.000000] Memory: 1530100K/1572864K available (6311K kernel code, 360K rwdata, 1972K rodata, 2048K init, 201K bss, 26380K reserved, 16384K cma-reserved, 770048K highmem)
[    0.000000] Virtual kernel memory layout:
[    0.000000]     vector  : 0xffff0000 - 0xffff1000   (   4 kB)
[    0.000000]     fixmap  : 0xffc00000 - 0xfff00000   (3072 kB)
[    0.000000]     vmalloc : 0xf0800000 - 0xff800000   ( 240 MB)
[    0.000000]     lowmem  : 0xc0000000 - 0xf0000000   ( 768 MB)
[    0.000000]     pkmap   : 0xbfe00000 - 0xc0000000   (   2 MB)
[    0.000000]     modules : 0xbf000000 - 0xbfe00000   (  14 MB)
[    0.000000]       .text : 0xc0008000 - 0xc0a16cd8   (10300 kB)
[    0.000000]       .init : 0xc0c00000 - 0xc0e00000   (2048 kB)
[    0.000000]       .data : 0xc0e00000 - 0xc0e5a360   ( 361 kB)
[    0.000000]        .bss : 0xc0e5c000 - 0xc0e8e730   ( 202 kB)
[    0.000000] SLUB: HWalign=64, Order=0-3, MinObjects=0, CPUs=4, Nodes=1
[    0.000000] Preemptible hierarchical RCU implementation.
[    0.000000] 	Build-time adjustment of leaf fanout to 32.
[    0.000000] NR_IRQS:16 nr_irqs:16 16
[    0.000000] Architected cp15 timer(s) running at 200.00MHz (virt).
[    0.000000] clocksource: arch_sys_counter: mask: 0xffffffffffffff max_cycles: 0x2e2049d3e8, max_idle_ns: 440795210634 ns
[    0.000003] sched_clock: 56 bits at 200MHz, resolution 5ns, wraps every 4398046511102ns
[    0.000011] Switching to timer-based delay loop, resolution 5ns
[    0.000144] keystone timer clock @200000000 Hz
[    0.000254] Console: colour dummy device 80x30
[    0.000270] Calibrating delay loop (skipped), value calculated using timer frequency.. 400.00 BogoMIPS (lpj=2000000)
[    0.000279] pid_max: default: 4096 minimum: 301
[    0.000335] Mount-cache hash table entries: 2048 (order: 1, 8192 bytes)
[    0.000342] Mountpoint-cache hash table entries: 2048 (order: 1, 8192 bytes)
[    0.000747] CPU: Testing write buffer coherency: ok
[    0.000904] /cpus/cpu@0 missing clock-frequency property
[    0.000920] /cpus/cpu@1 missing clock-frequency property
[    0.000935] /cpus/cpu@2 missing clock-frequency property
[    0.000951] /cpus/cpu@3 missing clock-frequency property
[    0.000958] CPU0: thread -1, cpu 0, socket 0, mpidr 80000000
[    0.000975] Setting up static identity map for 0x80200000 - 0x80200130
[    0.114526] CPU1: thread -1, cpu 1, socket 0, mpidr 80000001
[    0.154572] CPU2: thread -1, cpu 2, socket 0, mpidr 80000002
[    0.194614] CPU3: thread -1, cpu 3, socket 0, mpidr 80000003
[    0.194703] Brought up 4 CPUs
[    0.194719] SMP: Total of 4 processors activated (1600.00 BogoMIPS).
[    0.194725] CPU: All CPU(s) started in SVC mode.
[    0.195097] devtmpfs: initialized
[    0.200149] VFP support v0.3: implementor 41 architecture 4 part 30 variant f rev 0
[    0.200414] clocksource: jiffies: mask: 0xffffffff max_cycles: 0xffffffff, max_idle_ns: 19112604462750000 ns
[    0.200868] NET: Registered protocol family 16
[    0.201525] DMA: preallocated 256 KiB pool for atomic coherent allocations
[    0.208115] hw-breakpoint: found 5 (+1 reserved) breakpoint and 4 watchpoint registers.
[    0.208122] hw-breakpoint: maximum watchpoint size is 8 bytes.
[    0.217004] vgaarb: loaded
[    0.217245] SCSI subsystem initialized
[    0.217589] usbcore: registered new interface driver usbfs
[    0.217667] usbcore: registered new interface driver hub
[    0.217755] usbcore: registered new device driver usb
[    0.219449] clocksource: Switched to clocksource arch_sys_counter
[    0.242700] NET: Registered protocol family 2
[    0.243081] TCP established hash table entries: 8192 (order: 3, 32768 bytes)
[    0.243127] TCP bind hash table entries: 8192 (order: 4, 65536 bytes)
[    0.243216] TCP: Hash tables configured (established 8192 bind 8192)
[    0.243254] UDP hash table entries: 512 (order: 2, 16384 bytes)
[    0.243276] UDP-Lite hash table entries: 512 (order: 2, 16384 bytes)
[    0.243390] NET: Registered protocol family 1
[    0.253556] RPC: Registered named UNIX socket transport module.
[    0.253563] RPC: Registered udp transport module.
[    0.253568] RPC: Registered tcp transport module.
[    0.253572] RPC: Registered tcp NFSv4.1 backchannel transport module.
[    0.253813] hw perfevents: enabled with armv7_cortex_a15 PMU driver, 7 counters available
[    0.254210] platform alarmtimer: set dma_pfn_offset00780000
[    0.254544] futex hash table entries: 16 (order: -2, 1024 bytes)
[    0.255276] workingset: timestamp_bits=28 max_order=19 bucket_order=0
[    0.263124] Installing knfsd (copyright (C) 1996 okir@monad.swb.de).
[    0.263205] ntfs: driver 2.1.32 [Flags: R/O].
[    0.263434] jffs2: version 2.2. (NAND)  2001-2006 Red Hat, Inc.
[    0.265823] NET: Registered protocol family 38
[    0.265865] bounce: pool size: 64 pages
[    0.266001] Block layer SCSI generic (bsg) driver version 0.4 loaded (major 252)
[    0.266009] io scheduler noop registered
[    0.266015] io scheduler deadline registered
[    0.266035] io scheduler cfq registered (default)
[    0.266178] keystone_irq soc:keystone_irq@26202a0: irqchip registered, nr_irqs 28
[    0.268036] keystone-navigator-qmss soc:qmss@2a40000: qmgr start queue 0, number of queues 8192
[    0.268139] keystone-navigator-qmss soc:qmss@2a40000: added qmgr start queue 0, num of queues 8192, reg_peek f09c0000, reg_status f09e2000, reg_config f09e4000, reg_region f09e6000, reg_push f0a00000, reg_pop f0a40000
[    0.268149] keystone-navigator-qmss soc:qmss@2a40000: qmgr start queue 8192, number of queues 8192
[    0.268240] keystone-navigator-qmss soc:qmss@2a40000: added qmgr start queue 8192, num of queues 8192, reg_peek f0a80000, reg_status f09e8400, reg_config f09ea000, reg_region f09ec000, reg_push f0ac0000, reg_pop f0b00000
[    0.268343] keystone-navigator-qmss soc:qmss@2a40000: failed to get firmware for pdsp
[    0.269002] keystone-navigator-qmss soc:qmss@2a40000: pdsp id 0 not started for range acc-low-0
[    0.269554] keystone-navigator-dma soc:knav_dmas@0: DMA dma_gbe registered 41 logical channels, flows 32, tx chans: 9, rx chans: 24
[    0.312404] Serial: 8250/16550 driver, 4 ports, IRQ sharing disabled
[    0.312473] platform serial8250: set dma_pfn_offset00780000
[    0.313652] console [ttyS0] disabled
[    0.313685] 2530c00.serial: ttyS0 at MMIO 0x2530c00 (irq = 26, base_baud = 12500000) is a 16550A
[    1.039197] console [ttyS0] enabled
[    1.043270] 2531000.serial: ttyS1 at MMIO 0x2531000 (irq = 27, base_baud = 12500000) is a 16550A
[    1.056495] loop: module loaded
[    1.059866] at24 0-0050: 131072 byte 24c1024 EEPROM, writable, 1 bytes/write
[    1.067497] spi_davinci 21000400.spi: DMA is not supported (-19)
[    1.074091] m25p80 spi0.0: n25q128a11 (16384 Kbytes)
[    1.079086] 2 ofpart partitions found on MTD device spi0.0
[    1.084618] Creating 2 MTD partitions on "spi0.0":
[    1.089425] 0x000000000000-0x000000080000 : "u-boot-spl"
[    1.095442] 0x000000080000-0x000001000000 : "misc"
[    1.100955] spi_davinci 21000400.spi: Controller at 0xf0a2a400
[    1.106920] spi_davinci 21000600.spi: DMA is not supported (-19)
[    1.113275] spi_davinci 21000600.spi: Controller at 0xf0a2c600
[    1.119231] spi_davinci 21000800.spi: DMA is not supported (-19)
[    1.125577] spi_davinci 21000800.spi: Controller at 0xf0a2e800
[    1.179464] davinci_mdio 2090300.mdio: davinci mdio revision 1.5
[    1.185490] libphy: 2090300.mdio: probed
[    1.189941] davinci_mdio 2090300.mdio: phy[0]: device 2090300.mdio:00, driver Marvell 88E1111
[    1.198497] davinci_mdio 2090300.mdio: phy[1]: device 2090300.mdio:01, driver Marvell 88E1111
[    2.212230] netcp-1.0 2620110.netcp: module(netcp-xgbe) not used for device
[    2.219955] platform xhci-hcd.0.auto: set dma_pfn_offset00780000
[    2.226430] xhci-hcd xhci-hcd.0.auto: xHCI Host Controller
[    2.232085] xhci-hcd xhci-hcd.0.auto: new USB bus registered, assigned bus number 1
[    2.240007] xhci-hcd xhci-hcd.0.auto: hcc params 0x0298f06d hci version 0x100 quirks 0x00010010
[    2.248745] xhci-hcd xhci-hcd.0.auto: irq 34, io mem 0x02690000
[    2.254836] usb usb1: New USB device found, idVendor=1d6b, idProduct=0002
[    2.261675] usb usb1: New USB device strings: Mfr=3, Product=2, SerialNumber=1
[    2.268922] usb usb1: Product: xHCI Host Controller
[    2.273840] usb usb1: Manufacturer: Linux 4.7.0-rc2-next-20160608-00002-gb30c76c01b56 xhci-hcd
[    2.282508] usb usb1: SerialNumber: xhci-hcd.0.auto
[    2.287761] hub 1-0:1.0: USB hub found
[    2.291569] hub 1-0:1.0: 1 port detected
[    2.295737] xhci-hcd xhci-hcd.0.auto: xHCI Host Controller
[    2.301390] xhci-hcd xhci-hcd.0.auto: new USB bus registered, assigned bus number 2
[    2.309134] usb usb2: We don't know the algorithms for LPM for this host, disabling LPM.
[    2.317365] usb usb2: New USB device found, idVendor=1d6b, idProduct=0003
[    2.324202] usb usb2: New USB device strings: Mfr=3, Product=2, SerialNumber=1
[    2.331472] usb usb2: Product: xHCI Host Controller
[    2.336364] usb usb2: Manufacturer: Linux 4.7.0-rc2-next-20160608-00002-gb30c76c01b56 xhci-hcd
[    2.345031] usb usb2: SerialNumber: xhci-hcd.0.auto
[    2.350310] hub 2-0:1.0: USB hub found
[    2.354089] hub 2-0:1.0: 1 port detected
[    2.358351] usbcore: registered new interface driver usb-storage
[    2.364610] mousedev: PS/2 mouse device common for all mice
[    2.370381] i2c /dev entries driver
[    2.374345] davinci-wdt 22f0080.wdt: heartbeat 60 sec
[    2.380184] usbcore: registered new interface driver usbhid
[    2.385773] usbhid: USB HID core driver
[    2.390420] nand: device found, Manufacturer ID: 0x2c, Chip ID: 0xac
[    2.396794] nand: Micron MT29F4G08ABBDAHC
[    2.400845] nand: 512 MiB, SLC, erase size: 128 KiB, page size: 2048, OOB size: 64
[    2.408737] Bad block table found at page 262080, version 0x01
[    2.415142] Bad block table found at page 262016, version 0x01
[    2.421335] 3 ofpart partitions found on MTD device 30000000.nand
[    2.427448] Creating 3 MTD partitions on "30000000.nand":
[    2.432891] 0x000000000000-0x000000100000 : "u-boot"
[    2.438557] 0x000000100000-0x000000180000 : "params"
[    2.444212] 0x000000180000-0x000020000000 : "ubifs"
[    2.453006] davinci_nand 30000000.nand: controller rev. 2.5
[    2.458742] platform oprofile-perf.0: set dma_pfn_offset00780000
[    2.464914] oprofile: using timer interrupt.
[    2.469234] Netfilter messages via NETLINK v0.30.
[    2.474151] nf_conntrack version 0.5.0 (16384 buckets, 65536 max)
[    2.480494] ctnetlink v0.93: registering with nfnetlink.
[    2.485990] ipip: IPv4 over IPv4 tunneling driver
[    2.491259] gre: GRE over IPv4 demultiplexor driver
[    2.496152] ip_gre: GRE over IPv4 tunneling driver
[    2.501760] ip_tables: (C) 2000-2006 Netfilter Core Team
[    2.507141] ipt_CLUSTERIP: ClusterIP Version 0.8 loaded successfully
[    2.513556] arp_tables: arp_tables: (C) 2002 David S. Miller
[    2.519256] Initializing XFRM netlink socket
[    2.524219] NET: Registered protocol family 10
[    2.529420] NET: Registered protocol family 17
[    2.533922] NET: Registered protocol family 15
[    2.538379] 8021q: 802.1Q VLAN Support v1.8
[    2.542648] sctp: Hash tables configured (bind 512/512)
[    2.548142] Registering SWP/SWPB emulation handler
[    2.609467] usb 1-1: new high-speed USB device number 2 using xhci-hcd
[    2.640147] netcp-1.0 2620110.netcp eth0: Link is Down
[    2.647038] IPv6: ADDRCONF(NETDEV_UP): eth0: link is not ready
[    2.652920] 8021q: adding VLAN 0 to HW filter on device eth0
[    2.750860] usb 1-1: New USB device found, idVendor=2109, idProduct=2812
[    2.757586] usb 1-1: New USB device strings: Mfr=0, Product=1, SerialNumber=0
[    2.764759] usb 1-1: Product: USB2.0 Hub       
[    2.789273] hub 1-1:1.0: USB hub found
[    2.793182] hub 1-1:1.0: 4 ports detected
[    2.869555] usb 2-1: new SuperSpeed USB device number 2 using xhci-hcd
[    2.891208] usb 2-1: New USB device found, idVendor=2109, idProduct=0812
[    2.897933] usb 2-1: New USB device strings: Mfr=1, Product=2, SerialNumber=0
[    2.905105] usb 2-1: Product: USB3.0 Hub       
[    2.909669] usb 2-1: Manufacturer: VIA Labs, Inc.   
[    2.917278] hub 2-1:1.0: USB hub found
[    2.921176] hub 2-1:1.0: 4 ports detected
[    3.099460] usb 1-1.1: new high-speed USB device number 3 using xhci-hcd
[    3.211021] usb 1-1.1: New USB device found, idVendor=2109, idProduct=2812
[    3.217920] usb 1-1.1: New USB device strings: Mfr=0, Product=1, SerialNumber=0
[    3.225268] usb 1-1.1: Product: USB2.0 Hub       
[    3.237361] hub 1-1.1:1.0: USB hub found
[    3.241476] hub 1-1.1:1.0: 4 ports detected
[    3.319556] usb 2-1.1: new SuperSpeed USB device number 3 using xhci-hcd
[    3.341118] usb 2-1.1: New USB device found, idVendor=2109, idProduct=0812
[    3.348018] usb 2-1.1: New USB device strings: Mfr=1, Product=2, SerialNumber=0
[    3.355391] usb 2-1.1: Product: USB3.0 Hub       
[    3.360120] usb 2-1.1: Manufacturer: VIA Labs, Inc.   
[    3.381253] hub 2-1.1:1.0: USB hub found
[    3.385363] hub 2-1.1:1.0: 4 ports detected
[    3.429465] usb 1-1.2: new full-speed USB device number 4 using xhci-hcd
[    3.545053] usb 1-1.2: New USB device found, idVendor=046d, idProduct=0a44
[    3.551975] usb 1-1.2: New USB device strings: Mfr=1, Product=2, SerialNumber=0
[    3.559325] usb 1-1.2: Product: Logitech USB Headset
[    3.564331] usb 1-1.2: Manufacturer: Logitech
[    3.591958] input: Logitech Logitech USB Headset as /devices/platform/soc/2680000.usb/2690000.dwc3/xhci-hcd.0.auto/usb1/1-1/1-1.2/1-1.2:1.3/0003:046D:0A44.0001/input/input0
[    3.629495] usb 2-1.4: new SuperSpeed USB device number 4 using xhci-hcd
[    3.659477] hid-generic 0003:046D:0A44.0001: input: USB HID v1.00 Device [Logitech Logitech USB Headset] on usb-xhci-hcd.0.auto-1.2/input3
[    3.697919] usb 2-1.4: New USB device found, idVendor=154b, idProduct=00d2
[    3.704832] usb 2-1.4: New USB device strings: Mfr=1, Product=2, SerialNumber=3
[    3.712215] usb 2-1.4: Product: USB 3.0 FD
[    3.716323] usb 2-1.4: Manufacturer: PNY
[    3.720265] usb 2-1.4: SerialNumber: 070B63731922B313
[    3.725779] usb-storage 2-1.4:1.0: USB Mass Storage device detected
[    3.732261] scsi host0: usb-storage 2-1.4:1.0
[    3.749470] usb 1-1.1.4: new high-speed USB device number 5 using xhci-hcd
[    4.081710] usb 1-1.1.4: New USB device found, idVendor=046d, idProduct=081b
[    4.088796] usb 1-1.1.4: New USB device strings: Mfr=0, Product=0, SerialNumber=2
[    4.096328] usb 1-1.1.4: SerialNumber: 721E2500
[    4.159495] usb 2-1.1.3: new SuperSpeed USB device number 5 using xhci-hcd
[    4.730115] scsi 0:0:0:0: Direct-Access     PNY      USB 3.0 FD       PMAP PQ: 0 ANSI: 6
[    5.234382] sd 0:0:0:0: [sda] 30965760 512-byte logical blocks: (15.9 GB/14.8 GiB)
[    5.242919] sd 0:0:0:0: [sda] Write Protect is off
[    5.248640] sd 0:0:0:0: [sda] No Caching mode page found
[    5.253984] sd 0:0:0:0: [sda] Assuming drive cache: write through
[    5.263518]  sda: sda1
[    5.268533] sd 0:0:0:0: [sda] Attached SCSI removable disk
[    6.639820] netcp-1.0 2620110.netcp eth0: Link is Up - 1Gbps/Full - flow control off
[    6.649470] IPv6: ADDRCONF(NETDEV_CHANGE): eth0: link becomes ready
[    6.669509] Sending DHCP requests ., OK
[    6.739470] IP-Config: Got DHCP answer from 192.168.1.254, my address is 192.168.1.167
[    6.747499] IP-Config: Complete:
[    6.750762]      device=eth0, hwaddr=b4:99:4c:b7:fc:b1, ipaddr=192.168.1.167, mask=255.255.255.0, gw=192.168.1.254
[    6.761175]      host=192.168.1.167, domain=tidfarm-03.internal.ti.com, nis-domain=(none)
[    6.769380]      bootserver=192.168.1.254, rootserver=192.168.1.254, rootpath=     nameserver0=192.0.2.2, nameserver1=192.0.2.3
[    6.795435] VFS: Mounted root (nfs filesystem) on device 0:14.
[    6.801629] devtmpfs: mounted
[    6.805545] Freeing unused kernel memory: 2048K (c0c00000 - c0e00000)
[    6.888052] systemd[1]: System time before build time, advancing clock.
[    6.904527] random: systemd urandom read with 31 bits of entropy available
[    6.960022] systemd[1]: systemd 229 running in system mode. (+PAM -AUDIT -SELINUX +IMA -APPARMOR +SMACK +SYSVINIT +UTMP -LIBCRYPTSETUP -GCRYPT -GNUTLS +ACL +XZ -LZ4 -SECCOMP +BLKID -ELFUTILS +KMOD -IDN)
[    6.978387] systemd[1]: Detected architecture arm.
Welcome to [1mArago 2016.05[0m!
[    7.000325] systemd[1]: Set hostname to <k2hk-evm>.
[    7.008076] systemd[1]: Initializing machine ID from random generator.
[    7.214750] systemd[1]: Listening on Syslog Socket.
[[0;32m  OK  [0m] Listening on Syslog Socket.
[    7.239912] systemd[1]: Listening on udev Control Socket.
[[0;32m  OK  [0m] Listening on udev Control Socket.
[    7.270099] systemd[1]: Created slice User and Session Slice.
[[0;32m  OK  [0m] Created slice User and Session Slice.
[    7.299675] systemd[1]: Started Dispatch Password Requests to Console Directory Watch.
[[0;32m  OK  [0m] Started Dispatch Password Requests to Console Directory Watch.
[    7.336642] systemd[1]: Listening on Journal Socket (/dev/log).
[[0;32m  OK  [0m] Listening on Journal Socket (/dev/log).
[    7.359658] systemd[1]: Started Forward Password Requests to Wall Directory Watch.
[[0;32m  OK  [0m] Started Forward Password Requests to Wall Directory Watch.
[    7.389536] systemd[1]: Reached target Paths.
[[0;32m  OK  [0m] Reached target Paths.
[    7.409852] systemd[1]: Created slice System Slice.
[[0;32m  OK  [0m] Created slice System Slice.
[    7.429874] systemd[1]: Created slice system-getty.slice.
[[0;32m  OK  [0m] Created slice system-getty.slice.
[    7.459541] systemd[1]: Reached target Swap.
[[0;32m  OK  [0m] Reached target Swap.
[    7.479546] systemd[1]: Reached target Slices.
[[0;32m  OK  [0m] Reached target Slices.
[    7.499666] systemd[1]: Listening on Network Service Netlink Socket.
[[0;32m  OK  [0m] Listening on Network Service Netlink Socket.
[    7.529576] systemd[1]: Listening on udev Kernel Socket.
[[0;32m  OK  [0m] Listening on udev Kernel Socket.
[    7.549540] systemd[1]: Reached target Remote File Systems.
[[0;32m  OK  [0m] Reached target Remote File Systems.
[    7.579634] systemd[1]: Listening on Journal Socket.
[[0;32m  OK  [0m] Listening on Journal Socket.
[    7.629739] systemd[1]: Starting Setup Virtual Console...
         Starting Setup Virtual Console...
[    7.650849] systemd[1]: Mounting Debug File System...
         Mounting Debug File System...
[    7.671816] systemd[1]: Mounting Temporary Directory...
         Mounting Temporary Directory...
[    7.700879] systemd[1]: Mounting POSIX Message Queue File System...
         Mounting POSIX Message Queue File System...
[    7.730918] systemd[1]: Starting Create Static Device Nodes in /dev...
         Starting Create Static Device Nodes in /dev...
[    7.760905] systemd[1]: Starting Journal Service...
         Starting Journal Service...
[    7.783300] systemd[1]: Starting Remount Root and Kernel File Systems...
         Starting Remount Root and Kernel File Systems...
[    7.810052] systemd[1]: Created slice system-serial\x2dgetty.slice.
[[0;32m  OK  [0m] Created slice system-serial\x2dgetty.slice.
[    7.839943] systemd[1]: Listening on /dev/initctl Compatibility Named Pipe.
[[0;32m  OK  [0m] Listening on /dev/initctl Compatibility Named Pipe.
[    7.899702] systemd[1]: Starting Apply Kernel Variables...
         Starting Apply Kernel Variables...
[    7.913385] systemd[1]: Mounted Debug File System.
[[0;32m  OK  [0m] Mounted Debug File System.
[    7.939590] systemd[1]: Mounted POSIX Message Queue File System.
[[0;32m  OK  [0m] Mounted POSIX Message Queue File System.
[    7.969563] systemd[1]: Mounted Temporary Directory.
[[0;32m  OK  [0m] Mounted Temporary Directory.
[    7.989720] systemd[1]: Started Journal Service.
[[0;32m  OK  [0m] Started Journal Service.
[[0;32m  OK  [0m] Started Setup Virtual Console.
[[0;32m  OK  [0m] Started Create Static Device Nodes in /dev.
[[0;32m  OK  [0m] Started Remount Root and Kernel File Systems.
[[0;32m  OK  [0m] Started Apply Kernel Variables.
         Starting Rebuild Hardware Database...
         Starting Rebuild Dynamic Linker Cache...
[[0;32m  OK  [0m] Reached target Local File Systems (Pre).
         Mounting /media/ram...
         Mounting /var/volatile...
         Starting udev Kernel Device Manager...
         Starting Flush Journal to Persistent Storage...
[[0;32m  OK  [0m] Mounted /var/volatile.
[[0;32m  OK  [0m] Mounted /media/ram.
[    8.368681] systemd-journald[1268]: Received request to flush runtime journal from PID 1
[    8.385329] random: nonblocking pool is initialized
         Starting Load/Save Random Seed...
[[0;32m  OK  [0m] Reached target Local File Systems.
         Starting Rebuild Journal Catalog...
[[0;32m  OK  [0m] Started udev Kernel Device Manager.
[[0;32m  OK  [0m] Started Rebuild Dynamic Linker Cache.
[[0;32m  OK  [0m] Started Flush Journal to Persistent Storage.
[[0;32m  OK  [0m] Started Load/Save Random Seed.
[[0;32m  OK  [0m] Started Rebuild Journal Catalog.
         Starting Create Volatile Files and Directories...
[[0;32m  OK  [0m] Started Create Volatile Files and Directories.
         Starting Opkg first boot configure...
         Starting Network Time Synchronization...
         Starting Update UTMP about System Boot/Shutdown...
[[0;32m  OK  [0m] Started Network Time Synchronization.
[[0;32m  OK  [0m] Reached target System Time Synchronized.
         Starting Synchronize System and HW clocks...
[[0;32m  OK  [0m] Started Update UTMP about System Boot/Shutdown.
[[0;1;31mFAILED[0m] Failed to start Synchronize System and HW clocks.
See 'systemctl status sync-clocks.service' for details.
[[0;32m  OK  [0m] Started Rebuild Hardware Database.
[    9.179537] usb 2-1.1.3: device descriptor read/8, error -110
[[0;32m  OK  [0m] Started Opkg first boot configure.
         Starting udev Coldplug all Devices...
[    9.289493] usb 2-1.1.3: new SuperSpeed USB device number 5 using xhci-hcd
         Starting Update is Completed...
[[0;32m  OK  [0m] Started Update is Completed.
[[0;32m  OK  [0m] Started udev Coldplug all Devices.
[[0;32m  OK  [0m] Reached target System Initialization.
[[0;32m  OK  [0m] Started Daily Cleanup of Temporary Directories.
[[0;32m  OK  [0m] Reached target Timers.
[[0;32m  OK  [0m] Listening on D-Bus System Message Bus Socket.
[[0;32m  OK  [0m] Listening on RPCbind Server Activation Socket.
[[0;32m  OK  [0m] Reached target Sockets.
[[0;32m  OK  [0m] Reached target Basic System.
         Starting Login Service...
         Starting Permit User Sessions...
[[0;32m  OK  [0m] Started Kernel Logging Service.
         Starting telnetd.service...
[[0;32m  OK  [0m] Started D-Bus System Message Bus.
         Starting Network Service...
[[0;32m  OK  [0m] Started System Logging Service.
[[0;32m  OK  [0m] Started Permit User Sessions.
[[0;32m  OK  [0m] Started telnetd.service.
[[0;32m  OK  [0m] Started Network Service.
[[0;32m  OK  [0m] Found device /dev/ttyS0.
[   10.401241] FAT-fs (sda1): Volume was not properly unmounted. Some data may be corrupt. Please run fsck.
[[0;32m  OK  [0m] Started System Logging Service.
[[0;32m  OK  [0m] Reached target Network.
         Starting Network Name Resolution...
         Starting thttpd.service...
[[0;32m  OK  [0m] Started Serial Getty on ttyS0.
[[0;32m  OK  [0m] Started Getty on tty1.
[[0;32m  OK  [0m] Started Network Name Resolution.
[[0;32m  OK  [0m] Started thttpd.service.
[[0;32m  OK  [0m] Started Login Service.
[[0;32m  OK  [0m] Started System Logging Service.
         Starting thermal-zone-init.service...
[[0;32m  OK  [0m] Started thermal-zone-init.service.
[[0;32m  OK  [0m] Started System Logging Service.
         Starting gplv3-notice.service...
[[0;32m  OK  [0m] Started System Logging Service.
[[0;1;31mFAILED[0m] Failed to start System Logging Service.
See 'systemctl status busybox-syslog.service' for details.
[[0;32m  OK  [0m] Started gplv3-notice.service.
[   14.309506] usb 2-1.1.3: device descriptor read/8, error -110
[   14.749490] usb 2-1.1.3: new SuperSpeed USB device number 6 using xhci-hcd
 _____                    _____           _         _   
|  _  |___ ___ ___ ___   |  _  |___ ___  |_|___ ___| |_ 
|     |  _| .'| . | . |  |   __|  _| . | | | -_|  _|  _|
|__|__|_| |__,|_  |___|  |__|  |_| |___|_| |___|___|_|  
              |___|                    |___|            
Arago Project http://arago-project.org k2hk-evm ttyS0
Arago 2016.05 k2hk-evm ttyS0
k2hk-evm login: 
- 02:24:36 [INFO] Host: root
- 02:24:39 [INFO] Target: 
root
7[r[999;999H[6n[   19.769502] usb 2-1.1.3: device descriptor read/8, error -110
[   19.879459] usb 2-1.1.3: new SuperSpeed USB device number 6 using xhci-hcd
root@k2hk-evm:~# 
- 02:24:39 [INFO] Sleeping 15 secs to allow systemd to finish starting processes...
- 02:24:54 [INFO] Disconnected serial from k2hk-evm
- 02:24:54 [INFO] Connected to k2hk-evm via serial 
- 02:24:54 [INFO] Host: uname -a
- 02:24:55 [INFO] Target: 
uname -a
Linux k2hk-evm 4.7.0-rc2-next-20160608-00002-gb30c76c01b56 #1 SMP PREEMPT Wed Jun 8 02:19:50 CDT 2016 armv7l GNU/Linux
root@k2hk-evm:~# 
- 02:24:55 [INFO] Host: cat /proc/cmdline
- 02:24:55 [INFO] Target: 
cat /proc/cmdline
console=ttyS0,115200n8 earlyprintk=serial,ttyS0,115200n8 rootwait  ip=:::::eth0:dhcp  root=/dev/nfs rw nfsroot=192.168.1.254:/home/NFS_exports/k2hk/autofs/64ebb7dcbda7649cd3f50fce09cb4686,nolock,v3,tcp,rsize=4096,wsize=4096 
root@k2hk-evm:~# 
- 02:24:55 [INFO] Host: uname -a
- 02:24:55 [INFO] Target: 
uname -a
Linux k2hk-evm 4.7.0-rc2-next-20160608-00002-gb30c76c01b56 #1 SMP PREEMPT Wed Jun 8 02:19:50 CDT 2016 armv7l GNU/Linux
root@k2hk-evm:~# 
- 02:24:55 [INFO] Host: cat /proc/mtd
- 02:24:55 [INFO] Target: 
cat /proc/mtd
dev:    size   erasesize  name
mtd0: 00080000 00001000 "u-boot-spl"
mtd1: 00f80000 00001000 "misc"
mtd2: 00100000 00020000 "u-boot"
mtd3: 00080000 00020000 "params"
mtd4: 1fe80000 00020000 "ubifs"
root@k2hk-evm:~# 
- 02:24:57 [INFO] Host: export IPERFHOST=192.168.1.254
- 02:24:57 [INFO] Target: 
export IPERFHOST=192.168.1.254
root@k2hk-evm:~# 
- 02:24:57 [INFO] Host: export NFS_SERVER=192.168.1.254
- 02:24:57 [INFO] Target: 
export NFS_SERVER=192.168.1.254
root@k2hk-evm:~# 
- 02:24:57 [INFO] Host: export NFS_ROOT_PATH=/home/NFS_exports/k2hk
- 02:24:57 [INFO] Target: 
export NFS_ROOT_PATH=/home/NFS_exports/k2hk
root@k2hk-evm:~# 
- 02:24:57 [INFO] Host: export AP_SSID=
- 02:24:57 [INFO] Target: 
export AP_SSID=
root@k2hk-evm:~# 
- 02:24:57 [INFO] Host: mkdir -p -m 777 /test
- 02:24:57 [INFO] Target: 
mkdir -p -m 777 /test
root@k2hk-evm:~# 
- 02:24:57 [INFO] Host: cd /test
- 02:24:57 [INFO] Target: 
cd /test
root@k2hk-evm:/test# 
- 02:24:57 [INFO] Host: cat > test.sh << EOF
- 02:24:57 [INFO] Target: 
cat > test.sh << EOF
- 02:24:57 [INFO] Host: failtest() {
- 02:24:57 [INFO] Target: 
failtest() {
- 02:24:57 [INFO] Host:   echo 1 >&3
- 02:24:57 [INFO] Target: 
  echo 1 >&3
- 02:24:57 [INFO] Host: }
- 02:24:58 [INFO] Target: 
- 02:24:58 [INFO] Host: timeout=600
- 02:24:58 [INFO] Target: 
timeout=600
- 02:24:58 [INFO] Host: 
- 02:24:58 [INFO] Target: 
- 02:24:58 [INFO] Host: # Start of user's script logic
- 02:24:58 [INFO] Target: 
# Start of user's script logic
- 02:24:58 [INFO] Host: mount -t proc proc /proc 2>/dev/null;
- 02:24:58 [INFO] Target: 
mount -t proc proc /proc 2>/dev/null;
- 02:24:58 [INFO] Host: 
- 02:24:58 [INFO] Target: 
- 02:24:58 [INFO] Host: mount -t sysfs sys /sys 2>/dev/null;
- 02:24:58 [INFO] Target: 
mount -t sysfs sys /sys 2>/dev/null;
- 02:24:58 [INFO] Host: 
- 02:24:58 [INFO] Target: 
- 02:24:58 [INFO] Host: mount -t debugfs none /sys/kernel/debug 2>/dev/null;
- 02:24:58 [INFO] Target: 
mount -t debugfs none /sys/kernel/debug 2>/dev/null;
- 02:24:58 [INFO] Host: 
- 02:24:58 [INFO] Target: 
- 02:24:58 [INFO] Host: echo 'cpuinfo:';cat /proc/cpuinfo; echo '=======';
- 02:24:59 [INFO] Target: 
echo 'cpuinfo:';cat /proc/cpuinfo; echo '=======';
- 02:24:59 [INFO] Host: 
- 02:24:59 [INFO] Target: 
- 02:24:59 [INFO] Host: echo 'soc info:';head /sys/devices/soc0/* 2>/dev/null; echo '=======';
- 02:24:59 [INFO] Target: 
echo 'soc info:';head /sys/devices/soc0/* 2>/dev/null; echo '=======';
- 02:24:59 [INFO] Host: 
- 02:24:59 [INFO] Target: 
- 02:24:59 [INFO] Host: echo 'DT Model info'; head /proc/device-tree/name /proc/device-tree/model /proc/device-tree/compatible 2>/dev/null;echo; echo '=======';
- 02:24:59 [INFO] Target: 
echo 'DT Model info'; head /proc/device-tree/name /proc/device-tree/model /pro 
c/device-tree/compatible 2>/dev/null;echo; echo '=======';
- 02:24:59 [INFO] Host: 
- 02:24:59 [INFO] Target: 
> [   40.949497] usb 2-1.1.3: device descriptor read/8, error -110
- 02:24:59 [INFO] Host: echo 'interrupts:';cat /proc/interrupts; echo '=======';
- 02:24:59 [INFO] Target: 
echo 'interrupts:';cat /proc/interrupts; echo '=======';
> [   41.059461] usb 2-1.1.3: new SuperSpeed USB device number 8 using xhci-hcd
- 02:24:59 [INFO] Host: 
- 02:24:59 [INFO] Target: 
- 02:24:59 [INFO] Host: echo 'Clk_summary:';cat /sys/kernel/debug/clk/clk_summary; echo '=======';
- 02:24:59 [INFO] Target: 
echo 'Clk_summary:';cat /sys/kernel/debug/clk/clk_summary; echo '=======';
- 02:24:59 [INFO] Host: 
- 02:25:00 [INFO] Target: 
- 02:25:00 [INFO] Host: echo "Available frequencies"; cat /sys/devices/system/cpu/cpu0/cpufreq/scaling_available_frequencies 2>/dev/null;echo '=======';
- 02:25:00 [INFO] Target: 
echo "Available frequencies"; cat /sys/devices/system/cpu/cpu0/cpufreq/scaling 
_available_frequencies 2>/dev/null;echo '=======';
- 02:25:00 [INFO] Host: 
- 02:25:00 [INFO] Target: 
- 02:25:00 [INFO] Host: TMPF=/tmp/a.\$\$; TMPF2=/tmp/b.\$\$; STR=""
- 02:25:00 [INFO] Target: 
TMPF=/tmp/a.\$\$; TMPF2=/tmp/b.\$\$; STR=""
- 02:25:00 [INFO] Host: 
- 02:25:00 [INFO] Target: 
- 02:25:00 [INFO] Host: cp /dev/kmsg \$TMPF &
- 02:25:00 [INFO] Target: 
cp /dev/kmsg \$TMPF &
- 02:25:00 [INFO] Host: 
- 02:25:00 [INFO] Target: 
- 02:25:00 [INFO] Host: PID=\$! ; sleep 5; kill -9 \$PID
- 02:25:00 [INFO] Target: 
PID=\$! ; sleep 5; kill -9 \$PID
- 02:25:00 [INFO] Host: 
- 02:25:00 [INFO] Target: 
- 02:25:00 [INFO] Host: 
- 02:25:00 [INFO] Target: 
- 02:25:00 [INFO] Host: 
- 02:25:01 [INFO] Target: 
- 02:25:01 [INFO] Host: cat \$TMPF|grep "^0">\$TMPF2; N=\`cat \$TMPF2|wc -l\`; if [ "\$N" -ne 0 ]; then STR="\$STR emerg=\$N";echo "===== EMERGE++";cat \$TMPF2|cut -d ';' -f2;echo "====="; fi
- 02:25:01 [INFO] Target: 
cat \$TMPF|grep "^0">\$TMPF2; N=\`cat \$TMPF2|wc -l\`; if [ "\$N" -ne 0 ]; the 
n STR="\$STR emerg=\$N";echo "===== EMERGE++";cat \$TMPF2|cut -d ';' -f2;echo "= 
===="; fi
- 02:25:01 [INFO] Host: 
- 02:25:01 [INFO] Target: 
- 02:25:01 [INFO] Host: cat \$TMPF|grep "^1">\$TMPF2; N=\`cat \$TMPF2|wc -l\`; if [ "\$N" -ne 0 ]; then STR="\$STR alert=\$N";echo "===== ALERT ==";cat \$TMPF2|cut -d ';' -f2;echo "====="; fi
- 02:25:01 [INFO] Target: 
cat \$TMPF|grep "^1">\$TMPF2; N=\`cat \$TMPF2|wc -l\`; if [ "\$N" -ne 0 ]; the 
n STR="\$STR alert=\$N";echo "===== ALERT ==";cat \$TMPF2|cut -d ';' -f2;echo "= 
===="; fi
- 02:25:01 [INFO] Host: 
- 02:25:01 [INFO] Target: 
- 02:25:01 [INFO] Host: cat \$TMPF|grep "^2">\$TMPF2; N=\`cat \$TMPF2|wc -l\`; if [ "\$N" -ne 0 ]; then STR="\$STR crit=\$N";echo "===== CRIT ==";cat \$TMPF2|cut -d ';' -f2;echo "====="; fi
- 02:25:01 [INFO] Target: 
cat \$TMPF|grep "^2">\$TMPF2; N=\`cat \$TMPF2|wc -l\`; if [ "\$N" -ne 0 ]; the 
n STR="\$STR crit=\$N";echo "===== CRIT ==";cat \$TMPF2|cut -d ';' -f2;echo "=== 
=="; fi
- 02:25:01 [INFO] Host: 
- 02:25:01 [INFO] Target: 
- 02:25:01 [INFO] Host: cat \$TMPF|grep "^3">\$TMPF2; N=\`cat \$TMPF2|wc -l\`; if [ "\$N" -ne 0 ]; then STR="\$STR err=\$N";echo "===== ERR ==";cat \$TMPF2|cut -d ';' -f2;echo "=====" ;fi
- 02:25:01 [INFO] Target: 
cat \$TMPF|grep "^3">\$TMPF2; N=\`cat \$TMPF2|wc -l\`; if [ "\$N" -ne 0 ]; the 
n STR="\$STR err=\$N";echo "===== ERR ==";cat \$TMPF2|cut -d ';' -f2;echo "===== 
" ;fi
- 02:25:01 [INFO] Host: 
- 02:25:01 [INFO] Target: 
- 02:25:01 [INFO] Host: cat \$TMPF|grep "^4">\$TMPF2; N=\`cat \$TMPF2|wc -l\`; if [ "\$N" -ne 0 ]; then STR="\$STR warn=\$N";echo "===== WARN ==";cat \$TMPF2|cut -d ';' -f2;echo "=====" ;fi
- 02:25:01 [INFO] Target: 
cat \$TMPF|grep "^4">\$TMPF2; N=\`cat \$TMPF2|wc -l\`; if [ "\$N" -ne 0 ]; the 
n STR="\$STR warn=\$N";echo "===== WARN ==";cat \$TMPF2|cut -d ';' -f2;echo "=== 
==" ;fi
- 02:25:01 [INFO] Host: 
- 02:25:02 [INFO] Target: 
- 02:25:02 [INFO] Host: rm \$TMPF \$TMPF2; echo "SUM""MARY RESULT: BOOT:" 'PASS: H''ello World' 'B''oard' "Booted" "Boot Log has::::\$STR:"
- 02:25:02 [INFO] Target: 
rm \$TMPF \$TMPF2; echo "SUM""MARY RESULT: BOOT:" 'PASS: H''ello World' 'B''oa 
rd' "Booted" "Boot Log has::::\$STR:"
- 02:25:02 [INFO] Host: 
- 02:25:02 [INFO] Target: 
- 02:25:02 [INFO] Host: EOF
- 02:25:02 [INFO] Target: 
root@k2hk-evm:/test# 
- 02:25:02 [INFO] Host: cd /test
- 02:25:02 [INFO] Target: 
cd /test
root@k2hk-evm:/test# 
- 02:25:02 [INFO] Host: chmod +x test.sh
- 02:25:02 [INFO] Target: 
chmod +x test.sh
root@k2hk-evm:/test# 
- 02:25:02 [INFO] Host: ./test.sh 2> stderr.log > stdout.log 3> result.log
- 02:25:07 [INFO] Target: 
./test.sh 2> stderr.log > stdout.log 3> result.log
[   46.079500] usb 2-1.1.3: device descriptor read/8, error -110
[   46.190055] usb 2-1.1-port3: unable to enumerate USB device
[   46.709523] usb 2-1.1.3: new SuperSpeed USB device number 9 using xhci-hcd
root@k2hk-evm:/test# 
- 02:25:07 [INFO] Host: echo $?
- 02:25:07 [INFO] Target: 
echo $?
root@k2hk-evm:/test# 
- 02:25:07 [INFO] Host: cd /test
- 02:25:07 [INFO] Target: 
cd /test
root@k2hk-evm:/test# 
- 02:25:07 [INFO] Host: cat stdout.log
- 02:25:09 [INFO] Target: 
cat stdout.log
cpuinfo:
processor	: 0
model name	: ARMv7 Processor rev 4 (v7l)
BogoMIPS	: 400.00
Features	: half thumb fastmult vfp edsp neon vfpv3 tls vfpv4 idiva idivt vfpd32 lpae evtstrm 
CPU implementer	: 0x41
CPU architecture: 7
CPU variant	: 0x2
CPU part	: 0xc0f
CPU revision	: 4
processor	: 1
model name	: ARMv7 Processor rev 4 (v7l)
BogoMIPS	: 400.00
Features	: half thumb fastmult vfp edsp neon vfpv3 tls vfpv4 idiva idivt vfpd32 lpae evtstrm 
CPU implementer	: 0x41
CPU architecture: 7
CPU variant	: 0x2
CPU part	: 0xc0f
CPU revision	: 4
processor	: 2
model name	: ARMv7 Processor rev 4 (v7l)
BogoMIPS	: 400.00
Features	: half thumb fastmult vfp edsp neon vfpv3 tls vfpv4 idiva idivt vfpd32 lpae evtstrm 
CPU implementer	: 0x41
CPU architecture: 7
CPU variant	: 0x2
CPU part	: 0xc0f
CPU revision	: 4
processor	: 3
model name	: ARMv7 Processor rev 4 (v7l)
BogoMIPS	: 400.00
Features	: half thumb fastmult vfp edsp neon vfpv3 tls vfpv4 idiva idivt vfpd32 lpae evtstrm 
CPU implementer	: 0x41
CPU architecture: 7
CPU variant	: 0x2
CPU part	: 0xc0f
CPU revision	: 4
Hardware	: Keystone
Revision	: 0000
Serial		: 0000000000000000
=======
soc info:
=======
DT Model info
==> /proc/device-tree/name <==
==> /proc/device-tree/model <==
Texas Instruments Keystone 2 Kepler/Hawking EVM
==> /proc/device-tree/compatible <==
ti,k2hk-evmti,k2hkti,keystone
=======
interrupts:
           CPU0       CPU1       CPU2       CPU3       
 19:       6464       4446       4433       4688     GIC-0  27 Edge      arch_timer
 21:          0          0          0          0     GIC-0 142 Edge      timer-keystone
 26:       1522          0          0          0     GIC-0 309 Edge      serial
 28:          0          0          0          0     GIC-0 315 Edge      2530000.i2c
 29:          1          0          0          0     GIC-0 318 Edge      2530400.i2c
 30:          0          0          0          0     GIC-0 321 Edge      2530800.i2c
 31:          7          0          0          0     GIC-0 324 Edge      21000400.spi
 32:          0          0          0          0     GIC-0 328 Edge      21000600.spi
 33:          0          0          0          0     GIC-0 332 Edge      21000800.spi
 34:        785          0          0          0     GIC-0 425 Edge      2680000.usb, xhci-hcd:usb1
 76:      13817          0          0          0     GIC-0  80 Level     hwqueue-8704
 78:      19829          0          0          0     GIC-0  82 Level     hwqueue-8706
IPI0:          0          0          0          0  CPU wakeup interrupts
IPI1:          0          0          0          0  Timer broadcast interrupts
IPI2:       2428       4648       4497       8319  Rescheduling interrupts
IPI3:        217         75         20        226  Function call interrupts
IPI4:          0          0          0          0  CPU stop interrupts
IPI5:          0          0          0          0  IRQ work interrupts
IPI6:          0          0          0          0  completion interrupts
Err:          0
=======
Clk_summary:
   clock                         enable_cnt  prepare_cnt        rate   accuracy   phase
----------------------------------------------------------------------------------------
 refclk-ddr3b                             0            0   100000000          0 0  
    ddr3bpllclk                           0            0  1000000000          0 0  
 refclk-ddr3a                             0            0   100000000          0 0  
    ddr3apllclk                           0            0   333333333          0 0  
 refclk-arm                               0            0   125000000          0 0  
    armpllclk                             0            0  1400000000          0 0  
 refclk-pass                              1            1   122880000          0 0  
    papllclk                              3            3   983040000          0 0  
       paclk13                            1            1   327680000          0 0  
          pa                              1            1   327680000          0 0  
             sa                           0            0   327680000          0 0  
             cpgmac                       1            1   327680000          0 0  
 refclk-sys                               1            1   122880000          0 0  
    mainpllclk                            1            1  1200000000          0 0  
       mainmuxclk                         1            1  1200000000          0 0  
          chipstmxptclk                   0            0    50000000          0 0  
          gemtraceclk                     0            0   600000000          0 0  
          chipclk1rstiso                  0            0  1200000000          0 0  
             chipclk1rstiso112            0            0   100000000          0 0  
                sr                        0            0   100000000          0 0  
             chipclk1rstiso16             0            0   200000000          0 0  
             chipclk1rstiso14             0            0   300000000          0 0  
             chipclk1rstiso13             0            0   400000000          0 0  
                srio                      0            0   400000000          0 0  
          chipclk1                        2            2  1200000000          0 0  
             gem7                         0            0  1200000000          0 0  
             gem6                         0            0  1200000000          0 0  
             gem5                         0            0  1200000000          0 0  
             gem4                         0            0  1200000000          0 0  
             gem3                         0            0  1200000000          0 0  
             gem2                         0            0  1200000000          0 0  
             gem1                         0            0  1200000000          0 0  
             gem0                         0            0  1200000000          0 0  
             chipclk114                   0            0    50000000          0 0  
             chipclk112                   0            0   100000000          0 0  
             chipclk16                    3            3   200000000          0 0  
                tsip                      0            0   200000000          0 0  
                aemif-spi                 2            2   200000000          0 0  
                   spi                    3            6   200000000          0 0  
                   aemif                  2            4   200000000          0 0  
                usb                       1            2   200000000          0 0  
                modrst0                   6            6   200000000          0 0  
                   keymgr                 0            0   200000000          0 0  
                   gpio                   1            2   200000000          0 0  
                   i2c                    3            6   200000000          0 0  
                   usim                   0            0   200000000          0 0  
                   uart1                  1            2   200000000          0 0  
                   uart0                  1            2   200000000          0 0  
                   timer15                1            2   200000000          0 0  
                   timer3                 0            0   200000000          0 0  
                   timer2                 0            0   200000000          0 0  
                   timer1                 0            0   200000000          0 0  
                   timer0                 1            2   200000000          0 0  
             chipclk14                    0            0   300000000          0 0  
             chipclk13                    1            1   400000000          0 0  
                xge                       0            0   400000000          0 0  
                dxb                       0            0   400000000          0 0  
                bcp                       0            0   400000000          0 0  
                vcp-7                     0            0   400000000          0 0  
                vcp-6                     0            0   400000000          0 0  
                vcp-5                     0            0   400000000          0 0  
                vcp-4                     0            0   400000000          0 0  
                vcp-3                     0            0   400000000          0 0  
                vcp-2                     0            0   400000000          0 0  
                vcp-1                     0            0   400000000          0 0  
                vcp-0                     0            0   400000000          0 0  
                tcp3d-3                   0            0   400000000          0 0  
                tcp3d-2                   0            0   400000000          0 0  
                tcp3d-1                   0            0   400000000          0 0  
                tcp3d-0                   0            0   400000000          0 0  
                aif                       0            0   400000000          0 0  
                fftc-5                    0            0   400000000          0 0  
                fftc-4                    0            0   400000000          0 0  
                fftc-3                    0            0   400000000          0 0  
                fftc-2                    0            0   400000000          0 0  
                fftc-1                    0            0   400000000          0 0  
                fftc-0                    0            0   400000000          0 0  
                rac-23                    0            0   400000000          0 0  
                rac-01                    0            0   400000000          0 0  
                tac                       0            0   400000000          0 0  
                ddr3-1                    0            0   400000000          0 0  
                tetb-trc                  0            0   400000000          0 0  
                debugss-trc               0            0   400000000          0 0  
             chipclk12                    0            0   600000000          0 0  
                hyperlink-1               0            0   600000000          0 0  
                hyperlink-0               0            0   600000000          0 0  
                ddr3-0                    0            0   600000000          0 0  
                pcie                      0            0   600000000          0 0  
=======
Available frequencies
=======
===== ERR ==
/cpus/cpu@0 missing clock-frequency property
/cpus/cpu@1 missing clock-frequency property
/cpus/cpu@2 missing clock-frequency property
/cpus/cpu@3 missing clock-frequency property
platform alarmtimer: set dma_pfn_offset00780000
keystone-navigator-qmss soc:qmss@2a40000: failed to get firmware for pdsp
keystone-navigator-qmss soc:qmss@2a40000: pdsp id 0 not started for range acc-low-0
platform serial8250: set dma_pfn_offset00780000
platform xhci-hcd.0.auto: set dma_pfn_offset00780000
platform oprofile-perf.0: set dma_pfn_offset00780000
sd 0:0:0:0: [sda] No Caching mode page found
sd 0:0:0:0: [sda] Assuming drive cache: write through
systemd[1]: System time before build time, advancing clock.
systemd[1]: systemd 229 running in system mode. (+PAM -AUDIT -SELINUX +IMA -APPARMOR +SMACK +SYSVINIT +UTMP -LIBCRYPTSETUP -GCRYPT -GNUTLS +ACL +XZ -LZ4 -SECCOMP +BLKID -ELFUTILS +KMOD -IDN)
systemd[1]: Detected architecture arm.
systemd[1]: Set hostname to <k2hk-evm>.
systemd[1]: Initializing machine ID from random generator.
systemd[1]: Listening on Syslog Socket.
systemd[1]: Listening on udev Control Socket.
systemd[1]: Created slice User and Session Slice.
systemd[1]: Started Dispatch Password Requests to Console Directory Watch.
systemd[1]: Listening on Journal Socket (/dev/log).
systemd[1]: Started Forward Password Requests to Wall Directory Watch.
systemd[1]: Reached target Paths.
systemd[1]: Created slice System Slice.
systemd[1]: Created slice system-getty.slice.
systemd[1]: Reached target Swap.
systemd[1]: Reached target Slices.
systemd[1]: Listening on Network Service Netlink Socket.
systemd[1]: Listening on udev Kernel Socket.
systemd[1]: Reached target Remote File Systems.
systemd[1]: Listening on Journal Socket.
systemd[1]: Starting Setup Virtual Console...
systemd[1]: Mounting Debug File System...
systemd[1]: Mounting Temporary Directory...
systemd[1]: Mounting POSIX Message Queue File System...
systemd[1]: Starting Create Static Device Nodes in /dev...
systemd[1]: Starting Journal Service...
systemd[1]: Starting Remount Root and Kernel File Systems...
systemd[1]: Created slice system-serial\x5cx2dgetty.slice.
systemd[1]: Listening on /dev/initctl Compatibility Named Pipe.
systemd[1]: Starting Apply Kernel Variables...
systemd[1]: Mounted Debug File System.
systemd[1]: Mounted POSIX Message Queue File System.
systemd[1]: Mounted Temporary Directory.
systemd[1]: Started Journal Service.
usb 2-1.1.3: device descriptor read/8, error -110
usb 2-1.1.3: device descriptor read/8, error -110
usb 2-1.1.3: device descriptor read/8, error -110
usb 2-1.1.3: device descriptor read/8, error -110
usb 2-1.1.3: device descriptor read/8, error -110
usb 2-1.1.3: device descriptor read/8, error -110
usb 2-1.1.3: device descriptor read/8, error -110
usb 2-1.1.3: device descriptor read/8, error -110
usb 2-1.1-port3: unable to enumerate USB device
=====
===== WARN ==
Forcing write-allocate cache policy for SMP
workingset: timestamp_bits=28 max_order=19 bucket_order=0
netcp-1.0 2620110.netcp: module(netcp-xgbe) not used for device
systemd-journald[1268]: Received request to flush runtime journal from PID 1
FAT-fs (sda1): Volume was not properly unmounted. Some data may be corrupt. Please run fsck.
=====
SUMMARY RESULT: BOOT: PASS: Hello World Board Booted Boot Log has:::: err=55 warn=5:
root@k2hk-evm:/test# 
- 02:25:09 [INFO] Host: cat stderr.log
- 02:25:09 [INFO] Target: 
cat stderr.log
./test.sh: line 31:  2530 Killed                  cp /dev/kmsg $TMPF
root@k2hk-evm:/test# 
- 02:25:09 [INFO] Host: cat result.log
- 02:25:11 [ERROR] On command: cat result.log waiting for cat result.log.+?(?m-ix:^1[\0\n\r]+) >>> error: execution expired
- 02:25:11 [INFO] Target: 
cat result.log
root@k2hk-evm:/test# [   51.729507] usb 2-1.1.3: device descriptor read/8, error -110
[   51.839461] usb 2-1.1.3: new SuperSpeed USB device number 9 using xhci-hcd
- 02:25:11 [INFO] Host: cd /test
- 02:25:11 [INFO] Target: 
cd /test
root@k2hk-evm:/test# 
URL:gtsystest.telogy.design.ti.com/vatf/tidfarm-03/tidfarm-03_vatf@k2hk-evm/tidfarm-0306_08_2016_02_23_20/files/session_iteration_1/test_1
