- 05:23:40 [INFO] Starting target session
- 05:23:41 [INFO] Connected to k2hk-evm via serial 
- 05:23:41 [INFO] Host: #check prompt
- 05:23:44 [ERROR] On command: #check prompt waiting for #check prompt.+?(?-mix:((?-mix:login:)|[Pp]assword)) >>> error: execution expired
- 05:23:44 [INFO] Target: 
#check prompt
root@k2hk-evm:/test# 
- 05:23:44 [INFO] Host: #check prompt
- 05:23:44 [INFO] Target: 
#check prompt
root@k2hk-evm:/test# 
- 05:23:44 [INFO] Host: sync;poweroff
- 05:23:53 [INFO] Target: 
sync;poweroff
Broadcast message from root@k2hk-evm (ttyS0) (Wed Dec 16 08:55
IStopping Dropbear SSH server: stopped /usr/sbin/dropbear (pid 1737)
dropbear.
Stopping mpmsrv daemon.
platform: k2hk-evm
Stopping softhsm daemon.
Stopping telnet daemon.
Stopping tiipclad daemon.
Stopping system message bus: dbus.
Stopping thttpd.
stopping statd: done
Stopping random number generator daemon.
Stopping rpcbind daemon...
done.
Stopping Lighttpd Web Server: stopped /usr/sbin/lighttpd (pid 1960)
lighttpd.
NOT deconfiguring network interfaces: / is an NFS mount
* stopping FTP Server: vsftpd... stopped /usr/sbin/vsftpd (pid 1964)
done.
Disabling thermal zones...
/etc/rc0.d/K98thermal-zone-init: line 13: /sys/class/thermal/thermal_zone*/mode: No such file or directory
***************************************************************
***************************************************************
NOTICE: This file system contains the following GPLv3 packages:
	autoconf
	binutils
	cpp-symlinks
	cpp
	g++-symlinks
	g++
	gawk
	gcc-symlinks
	gcc
	gdb
	gdbserver
	libgmp10
	libmpc3
	libmpfr4
	make
If you do not wish to distribute GPLv3 components please remove
the above packages prior to distribution.  This can be done using
the opkg remove command.  i.e.:
    opkg remove <package>
Where <package> is the name printed in the list above
NOTE: If the package is a dependency of another package you
      will be notified of the dependent packages.  You should
      use the --force-removal-of-dependent-packages option to
      also remove the dependent packages as well
***************************************************************
***************************************************************
Sending all processes the TERM signal...
Sending all processes the KILL signal...
Unmounting remote filesystems...
Deactivating swap...
Unmounting local filesystems...
[ 1816.062571] sd 0:0:0:0: [sda] Synchronizing SCSI cache
[ 1816.069558] reboot: System halted
- 05:23:53 [INFO] Disconnected serial from k2hk-evm
- 05:23:54 [INFO] Connected to k2hk-evm via serial 
- 05:23:54 [INFO] Host: 
- 05:23:59 [INFO] Target: 
U-Boot SPL 2015.07-00032-g3eaf8a0 (Aug 04 2015 - 16:26:43)
U-Boot 2015.07-00032-g3eaf8a0 (Aug 04 2015 - 16:26:43 -0400)
I2C:   ready
DRAM:  DDR3A Speed will be configured for 1333 Operation.
Detected SO-DIMM [SQR-SD3T-2G1333SED]
DDR3 speed 1333
DRAM: 2 GiB (includes reported below)
2 GiB
NAND:  512 MiB
NAND read from offset 100000 failed -74
*** Warning - readenv() failed, using default environment
Net:   Phy 2 not found
Phy 3 not found
K2HK_EMAC
Warning: K2HK_EMAC using MAC address from net device
, K2HK_EMAC1
Error: K2HK_EMAC1 address not set.
, K2HK_EMAC2
Error: K2HK_EMAC2 address not set.
, K2HK_EMAC3
Error: K2HK_EMAC3 address not set.
Hit any key to stop autoboot:  1  0 
U-Boot# 
U-Boot# 
U-Boot# 
U-Boot# 
U-Boot# 
U-Boot# 
U-Boot# 
U-Boot# 
U-Boot# 
U-Boot# 
U-Boot# 
- 05:23:59 [INFO] Host: 
- 05:23:59 [INFO] Target: 
U-Boot# 
U-Boot# 
U-Boot# 
- 05:23:59 [INFO] Host: version
- 05:23:59 [INFO] Target: 
version
U-Boot 2015.07-00032-g3eaf8a0 (Aug 04 2015 - 16:26:43 -0400)
arm-linux-gnueabihf-gcc (crosstool-NG linaro-1.13.1-4.7-2013.03-20130313 - Linaro GCC 2013.03) 4.7.3 20130226 (prerelease)
GNU ld (crosstool-NG linaro-1.13.1-4.7-2013.03-20130313 - Linaro GCC 2013.03) 2.23.1
U-Boot# 
- 05:23:59 [INFO] Host: setenv bootargs 'console=ttyS0,115200n8 earlyprintk rootwait '
- 05:23:59 [INFO] Target: 
setenv bootargs 'console=ttyS0,115200n8 earlyprintk rootwait '
U-Boot# 
- 05:23:59 [INFO] Host: setenv bootcmd  ''
- 05:24:00 [INFO] Target: 
setenv bootcmd  ''
U-Boot# 
- 05:24:00 [INFO] Host: setenv autoload 'no'
- 05:24:00 [INFO] Target: 
setenv autoload 'no'
U-Boot# 
- 05:24:00 [INFO] Host: setenv serverip '192.168.0.1'
- 05:24:00 [INFO] Target: 
setenv serverip '192.168.0.1'
U-Boot# 
- 05:24:00 [INFO] Host: printenv
- 05:24:00 [INFO] Target: 
printenv
addr_mon=0x0c5f0000
addr_secdb_key=0xc000000
addr_ubi=0x82000000
arch=arm
args_all=setenv bootargs console=ttyS0,115200n8 rootwait=1
args_net=setenv bootargs ${bootargs} rootfstype=nfs root=/dev/nfs rw nfsroot=${serverip}:${nfs_root},${nfs_options} ip=dhcp
args_ramfs=setenv bootargs ${bootargs} rdinit=/sbin/init rw root=/dev/ram0 initrd=0x802000000,9M
args_ubi=setenv bootargs ${bootargs} rootfstype=ubifs root=ubi0:rootfs rootflags=sync rw ubi.mtd=ubifs,2048
autoload=no
baudrate=115200
board=ks2_evm
board_name=ks2_evm
boot=ubi
bootargs=console=ttyS0,115200n8 earlyprintk rootwait 
bootcmd=
bootdelay=1
bootm_size=0x10000000
burn_ubi=nand erase.part ubifs; nand write ${addr_ubi} ubifs ${filesize}
burn_uboot_nand=nand erase 0 0x100000; nand write ${loadaddr} 0 ${filesize}
burn_uboot_spi=sf probe; sf erase 0 0x100000; sf write ${loadaddr} 0 ${filesize}
cpu=armv7
ethact=K2HK_EMAC
ethaddr=c4:ed:ba:a6:7d:4c
fdt_addr_r=0x88000000
fdtaddr=0x88000000
get_fdt_net=dhcp ${fdtaddr} ${tftp_root}/${name_fdt}
get_fdt_ramfs=dhcp ${fdtaddr} ${tftp_root}/${name_fdt}
get_fdt_ubi=ubifsload ${fdtaddr} ${name_fdt}
get_fs_ramfs=dhcp ${rdaddr} ${tftp_root}/${name_fs}
get_kern_net=dhcp ${loadaddr} ${tftp_root}/${name_kern}
get_kern_ramfs=dhcp ${loadaddr} ${tftp_root}/${name_kern}
get_kern_ubi=ubifsload ${loadaddr} ${name_kern}
get_mon_net=dhcp ${addr_mon} ${tftp_root}/${name_mon}
get_mon_ramfs=dhcp ${addr_mon} ${tftp_root}/${name_mon}
get_mon_ubi=ubifsload ${addr_mon} ${name_mon}
get_ubi_net=dhcp ${addr_ubi} ${tftp_root}/${name_ubi}
get_uboot_net=dhcp ${loadaddr} ${tftp_root}/${name_uboot}
init_net=run args_all args_net
init_ramfs=run args_all args_ramfs get_fs_ramfs
init_ubi=run args_all args_ubi; ubi part ubifs; ubifsmount ubi:boot;ubifsload ${addr_secdb_key} securedb.key.bin;
kernel_addr_r=0x82000000
loadaddr=0x82000000
mem_lpae=1
mem_reserve=512M
mtdparts=mtdparts=davinci_nand.0:1024k(bootloader)ro,512k(params)ro,-(ubifs)
name_fdt=k2hk-evm.dtb
name_fs=arago-console-image-k2hk-evm.cpio.gz
name_kern=zImage
name_mon=skern-k2hk.bin
name_ubi=k2hk-evm-ubifs.ubi
name_uboot=u-boot-spi-k2hk-evm.gph
nfs_options=v3,tcp,rsize=4096,wsize=4096
nfs_root=/export
no_post=1
ramdisk_addr_r=0x88080000
rdaddr=0x88080000
run_kern=bootz ${loadaddr} - ${fdtaddr}
run_mon=mon_install ${addr_mon}
serverip=192.168.0.1
soc=keystone
stderr=serial
stdin=serial
stdout=serial
tftp_root=/
vendor=ti
ver=U-Boot 2015.07-00032-g3eaf8a0 (Aug 04 2015 - 16:26:43 -0400)
Environment size: 2581/262140 bytes
U-Boot# 
- 05:24:00 [INFO] Host: printenv
- 05:24:00 [INFO] Target: 
printenv
addr_mon=0x0c5f0000
addr_secdb_key=0xc000000
addr_ubi=0x82000000
arch=arm
args_all=setenv bootargs console=ttyS0,115200n8 rootwait=1
args_net=setenv bootargs ${bootargs} rootfstype=nfs root=/dev/nfs rw nfsroot=${serverip}:${nfs_root},${nfs_options} ip=dhcp
args_ramfs=setenv bootargs ${bootargs} rdinit=/sbin/init rw root=/dev/ram0 initrd=0x802000000,9M
args_ubi=setenv bootargs ${bootargs} rootfstype=ubifs root=ubi0:rootfs rootflags=sync rw ubi.mtd=ubifs,2048
autoload=no
baudrate=115200
board=ks2_evm
board_name=ks2_evm
boot=ubi
bootargs=console=ttyS0,115200n8 earlyprintk rootwait 
bootcmd=
bootdelay=1
bootm_size=0x10000000
burn_ubi=nand erase.part ubifs; nand write ${addr_ubi} ubifs ${filesize}
burn_uboot_nand=nand erase 0 0x100000; nand write ${loadaddr} 0 ${filesize}
burn_uboot_spi=sf probe; sf erase 0 0x100000; sf write ${loadaddr} 0 ${filesize}
cpu=armv7
ethact=K2HK_EMAC
ethaddr=c4:ed:ba:a6:7d:4c
fdt_addr_r=0x88000000
fdtaddr=0x88000000
get_fdt_net=dhcp ${fdtaddr} ${tftp_root}/${name_fdt}
get_fdt_ramfs=dhcp ${fdtaddr} ${tftp_root}/${name_fdt}
get_fdt_ubi=ubifsload ${fdtaddr} ${name_fdt}
get_fs_ramfs=dhcp ${rdaddr} ${tftp_root}/${name_fs}
get_kern_net=dhcp ${loadaddr} ${tftp_root}/${name_kern}
get_kern_ramfs=dhcp ${loadaddr} ${tftp_root}/${name_kern}
get_kern_ubi=ubifsload ${loadaddr} ${name_kern}
get_mon_net=dhcp ${addr_mon} ${tftp_root}/${name_mon}
get_mon_ramfs=dhcp ${addr_mon} ${tftp_root}/${name_mon}
get_mon_ubi=ubifsload ${addr_mon} ${name_mon}
get_ubi_net=dhcp ${addr_ubi} ${tftp_root}/${name_ubi}
get_uboot_net=dhcp ${loadaddr} ${tftp_root}/${name_uboot}
init_net=run args_all args_net
init_ramfs=run args_all args_ramfs get_fs_ramfs
init_ubi=run args_all args_ubi; ubi part ubifs; ubifsmount ubi:boot;ubifsload ${addr_secdb_key} securedb.key.bin;
kernel_addr_r=0x82000000
loadaddr=0x82000000
mem_lpae=1
mem_reserve=512M
mtdparts=mtdparts=davinci_nand.0:1024k(bootloader)ro,512k(params)ro,-(ubifs)
name_fdt=k2hk-evm.dtb
name_fs=arago-console-image-k2hk-evm.cpio.gz
name_kern=zImage
name_mon=skern-k2hk.bin
name_ubi=k2hk-evm-ubifs.ubi
name_uboot=u-boot-spi-k2hk-evm.gph
nfs_options=v3,tcp,rsize=4096,wsize=4096
nfs_root=/export
no_post=1
ramdisk_addr_r=0x88080000
rdaddr=0x88080000
run_kern=bootz ${loadaddr} - ${fdtaddr}
run_mon=mon_install ${addr_mon}
serverip=192.168.0.1
soc=keystone
stderr=serial
stdin=serial
stdout=serial
tftp_root=/
vendor=ti
ver=U-Boot 2015.07-00032-g3eaf8a0 (Aug 04 2015 - 16:26:43 -0400)
Environment size: 2581/262140 bytes
U-Boot# 
- 05:24:00 [INFO] Host: setenv bootargs ''${bootargs}' ip=:::::eth0:dhcp '
- 05:24:00 [INFO] Target: 
setenv bootargs ''${bootargs}' ip=:::::eth0:dhcp '
U-Boot# 
- 05:24:00 [INFO] Host: setenv serverip '192.168.0.1'
- 05:24:01 [INFO] Target: 
setenv serverip '192.168.0.1'
U-Boot# 
- 05:24:01 [INFO] Host: setenv autoload 'no'
- 05:24:01 [INFO] Target: 
setenv autoload 'no'
U-Boot# 
- 05:24:01 [INFO] Host: dhcp
- 05:24:02 [INFO] Target: 
dhcp
K2HK_EMAC Waiting for SGMII auto negotiation to complete. done
BOOTP broadcast 1
BOOTP broadcast 2
BOOTP broadcast 3
DHCP client bound to address 192.168.0.135 (1035 ms)
U-Boot# 
- 05:24:02 [INFO] Host: tftp ${loadaddr} 192.168.0.1:vatf_k2hk-evm/1cb2aca286fb623e0dbbfd030fba9bd5
- 05:24:04 [INFO] Target: 
tftp ${loadaddr} 192.168.0.1:vatf_k2hk-evm/1cb2aca286fb623e0dbbfd030fba9bd5
K2HK_EMAC Waiting for SGMII auto negotiation to complete. done
Using K2HK_EMAC device
TFTP from server 192.168.0.1; our IP address is 192.168.0.135
Filename 'vatf_k2hk-evm/1cb2aca286fb623e0dbbfd030fba9bd5'.
Load address: 0x82000000
Loading: *#################################################################
	 #################################################################
	 #################################################################
	 #################################################################
	 #########################
	 2.6 MiB/s
done
Bytes transferred = 4170256 (3fa210 hex)
U-Boot# 
- 05:24:04 [INFO] Host: tftp ${fdt_addr_r} 192.168.0.1:vatf_k2hk-evm/9ade60b2cd137ec9198cbf23b9b2008d
- 05:24:05 [INFO] Target: 
tftp ${fdt_addr_r} 192.168.0.1:vatf_k2hk-evm/9ade60b2cd137ec9198cbf23b9b2008d
K2HK_EMAC Waiting for SGMII auto negotiation to complete. done
Using K2HK_EMAC device
TFTP from server 192.168.0.1; our IP address is 192.168.0.135
Filename 'vatf_k2hk-evm/9ade60b2cd137ec9198cbf23b9b2008d'.
Load address: 0x88000000
Loading: *##
	 2.5 MiB/s
done
Bytes transferred = 28723 (7033 hex)
U-Boot# 
- 05:24:05 [INFO] Host: tftp ${addr_mon} 192.168.0.1:vatf_k2hk-evm/945c4fa713c56a0128dbbcd5e829c86b
- 05:24:05 [INFO] Target: 
tftp ${addr_mon} 192.168.0.1:vatf_k2hk-evm/945c4fa713c56a0128dbbcd5e829c86b
K2HK_EMAC Waiting for SGMII auto negotiation to complete. done
Using K2HK_EMAC device
TFTP from server 192.168.0.1; our IP address is 192.168.0.135
Filename 'vatf_k2hk-evm/945c4fa713c56a0128dbbcd5e829c86b'.
Load address: 0xc5f0000
Loading: *####
	 2.5 MiB/s
done
Bytes transferred = 45056 (b000 hex)
U-Boot# 
- 05:24:05 [INFO] Host: printenv
- 05:24:05 [INFO] Target: 
printenv
addr_mon=0x0c5f0000
addr_secdb_key=0xc000000
addr_ubi=0x82000000
arch=arm
args_all=setenv bootargs console=ttyS0,115200n8 rootwait=1
args_net=setenv bootargs ${bootargs} rootfstype=nfs root=/dev/nfs rw nfsroot=${serverip}:${nfs_root},${nfs_options} ip=dhcp
args_ramfs=setenv bootargs ${bootargs} rdinit=/sbin/init rw root=/dev/ram0 initrd=0x802000000,9M
args_ubi=setenv bootargs ${bootargs} rootfstype=ubifs root=ubi0:rootfs rootflags=sync rw ubi.mtd=ubifs,2048
autoload=no
baudrate=115200
board=ks2_evm
board_name=ks2_evm
boot=ubi
bootargs=console=ttyS0,115200n8 earlyprintk rootwait  ip=:::::eth0:dhcp 
bootcmd=
bootdelay=1
bootm_size=0x10000000
burn_ubi=nand erase.part ubifs; nand write ${addr_ubi} ubifs ${filesize}
burn_uboot_nand=nand erase 0 0x100000; nand write ${loadaddr} 0 ${filesize}
burn_uboot_spi=sf probe; sf erase 0 0x100000; sf write ${loadaddr} 0 ${filesize}
cpu=armv7
dnsip=192.0.2.2
dnsip2=192.0.2.3
ethact=K2HK_EMAC
ethaddr=c4:ed:ba:a6:7d:4c
fdt_addr_r=0x88000000
fdtaddr=0x88000000
fileaddr=c5f0000
filesize=b000
get_fdt_net=dhcp ${fdtaddr} ${tftp_root}/${name_fdt}
get_fdt_ramfs=dhcp ${fdtaddr} ${tftp_root}/${name_fdt}
get_fdt_ubi=ubifsload ${fdtaddr} ${name_fdt}
get_fs_ramfs=dhcp ${rdaddr} ${tftp_root}/${name_fs}
get_kern_net=dhcp ${loadaddr} ${tftp_root}/${name_kern}
get_kern_ramfs=dhcp ${loadaddr} ${tftp_root}/${name_kern}
get_kern_ubi=ubifsload ${loadaddr} ${name_kern}
get_mon_net=dhcp ${addr_mon} ${tftp_root}/${name_mon}
get_mon_ramfs=dhcp ${addr_mon} ${tftp_root}/${name_mon}
get_mon_ubi=ubifsload ${addr_mon} ${name_mon}
get_ubi_net=dhcp ${addr_ubi} ${tftp_root}/${name_ubi}
get_uboot_net=dhcp ${loadaddr} ${tftp_root}/${name_uboot}
init_net=run args_all args_net
init_ramfs=run args_all args_ramfs get_fs_ramfs
init_ubi=run args_all args_ubi; ubi part ubifs; ubifsmount ubi:boot;ubifsload ${addr_secdb_key} securedb.key.bin;
ipaddr=192.168.0.135
kernel_addr_r=0x82000000
loadaddr=0x82000000
mem_lpae=1
mem_reserve=512M
mtdparts=mtdparts=davinci_nand.0:1024k(bootloader)ro,512k(params)ro,-(ubifs)
name_fdt=k2hk-evm.dtb
name_fs=arago-console-image-k2hk-evm.cpio.gz
name_kern=zImage
name_mon=skern-k2hk.bin
name_ubi=k2hk-evm-ubifs.ubi
name_uboot=u-boot-spi-k2hk-evm.gph
netmask=255.255.255.0
nfs_options=v3,tcp,rsize=4096,wsize=4096
nfs_root=/export
no_post=1
ramdisk_addr_r=0x88080000
rdaddr=0x88080000
run_kern=bootz ${loadaddr} - ${fdtaddr}
run_mon=mon_install ${addr_mon}
serverip=192.168.0.1
soc=keystone
stderr=serial
stdin=serial
stdout=serial
tftp_root=/
vendor=ti
ver=U-Boot 2015.07-00032-g3eaf8a0 (Aug 04 2015 - 16:26:43 -0400)
Environment size: 2719/262140 bytes
U-Boot# 
- 05:24:05 [INFO] Host: setenv bootcmd ''${bootcmd}' mon_install ${addr_mon};'
- 05:24:06 [INFO] Target: 
setenv bootcmd ''${bootcmd}' mon_install ${addr_mon};'
U-Boot# 
- 05:24:06 [INFO] Host: printenv
- 05:24:06 [INFO] Target: 
printenv
addr_mon=0x0c5f0000
addr_secdb_key=0xc000000
addr_ubi=0x82000000
arch=arm
args_all=setenv bootargs console=ttyS0,115200n8 rootwait=1
args_net=setenv bootargs ${bootargs} rootfstype=nfs root=/dev/nfs rw nfsroot=${serverip}:${nfs_root},${nfs_options} ip=dhcp
args_ramfs=setenv bootargs ${bootargs} rdinit=/sbin/init rw root=/dev/ram0 initrd=0x802000000,9M
args_ubi=setenv bootargs ${bootargs} rootfstype=ubifs root=ubi0:rootfs rootflags=sync rw ubi.mtd=ubifs,2048
autoload=no
baudrate=115200
board=ks2_evm
board_name=ks2_evm
boot=ubi
bootargs=console=ttyS0,115200n8 earlyprintk rootwait  ip=:::::eth0:dhcp 
bootcmd= mon_install ${addr_mon};
bootdelay=1
bootm_size=0x10000000
burn_ubi=nand erase.part ubifs; nand write ${addr_ubi} ubifs ${filesize}
burn_uboot_nand=nand erase 0 0x100000; nand write ${loadaddr} 0 ${filesize}
burn_uboot_spi=sf probe; sf erase 0 0x100000; sf write ${loadaddr} 0 ${filesize}
cpu=armv7
dnsip=192.0.2.2
dnsip2=192.0.2.3
ethact=K2HK_EMAC
ethaddr=c4:ed:ba:a6:7d:4c
fdt_addr_r=0x88000000
fdtaddr=0x88000000
fileaddr=c5f0000
filesize=b000
get_fdt_net=dhcp ${fdtaddr} ${tftp_root}/${name_fdt}
get_fdt_ramfs=dhcp ${fdtaddr} ${tftp_root}/${name_fdt}
get_fdt_ubi=ubifsload ${fdtaddr} ${name_fdt}
get_fs_ramfs=dhcp ${rdaddr} ${tftp_root}/${name_fs}
get_kern_net=dhcp ${loadaddr} ${tftp_root}/${name_kern}
get_kern_ramfs=dhcp ${loadaddr} ${tftp_root}/${name_kern}
get_kern_ubi=ubifsload ${loadaddr} ${name_kern}
get_mon_net=dhcp ${addr_mon} ${tftp_root}/${name_mon}
get_mon_ramfs=dhcp ${addr_mon} ${tftp_root}/${name_mon}
get_mon_ubi=ubifsload ${addr_mon} ${name_mon}
get_ubi_net=dhcp ${addr_ubi} ${tftp_root}/${name_ubi}
get_uboot_net=dhcp ${loadaddr} ${tftp_root}/${name_uboot}
init_net=run args_all args_net
init_ramfs=run args_all args_ramfs get_fs_ramfs
init_ubi=run args_all args_ubi; ubi part ubifs; ubifsmount ubi:boot;ubifsload ${addr_secdb_key} securedb.key.bin;
ipaddr=192.168.0.135
kernel_addr_r=0x82000000
loadaddr=0x82000000
mem_lpae=1
mem_reserve=512M
mtdparts=mtdparts=davinci_nand.0:1024k(bootloader)ro,512k(params)ro,-(ubifs)
name_fdt=k2hk-evm.dtb
name_fs=arago-console-image-k2hk-evm.cpio.gz
name_kern=zImage
name_mon=skern-k2hk.bin
name_ubi=k2hk-evm-ubifs.ubi
name_uboot=u-boot-spi-k2hk-evm.gph
netmask=255.255.255.0
nfs_options=v3,tcp,rsize=4096,wsize=4096
nfs_root=/export
no_post=1
ramdisk_addr_r=0x88080000
rdaddr=0x88080000
run_kern=bootz ${loadaddr} - ${fdtaddr}
run_mon=mon_install ${addr_mon}
serverip=192.168.0.1
soc=keystone
stderr=serial
stdin=serial
stdout=serial
tftp_root=/
vendor=ti
ver=U-Boot 2015.07-00032-g3eaf8a0 (Aug 04 2015 - 16:26:43 -0400)
Environment size: 2744/262140 bytes
U-Boot# 
- 05:24:06 [INFO] Host: setenv bootargs ''${bootargs}' root=/dev/nfs rw nfsroot=192.168.0.1:/home/tigtfarm11/NFS_exports/linux/k2hk-evm/autofs/04a9c0b3a7b069044963e297e7093ba0,nolock,v3,tcp,rsize=4096,wsize=4096 '
- 05:24:06 [INFO] Target: 
setenv bootargs ''${bootargs}' root=/dev/nfs rw nfsroot=192.168.0.1:/home/tigtfarm11/NFS_exports/linux/k2hk-evm/autofs/04a9c0b3a7b069044963e297e7093ba0,nolock,v3,tcp,rsize=4096,wsize=4096 '
U-Boot# 
- 05:24:06 [INFO] Host: printenv
- 05:24:06 [INFO] Target: 
printenv
addr_mon=0x0c5f0000
addr_secdb_key=0xc000000
addr_ubi=0x82000000
arch=arm
args_all=setenv bootargs console=ttyS0,115200n8 rootwait=1
args_net=setenv bootargs ${bootargs} rootfstype=nfs root=/dev/nfs rw nfsroot=${serverip}:${nfs_root},${nfs_options} ip=dhcp
args_ramfs=setenv bootargs ${bootargs} rdinit=/sbin/init rw root=/dev/ram0 initrd=0x802000000,9M
args_ubi=setenv bootargs ${bootargs} rootfstype=ubifs root=ubi0:rootfs rootflags=sync rw ubi.mtd=ubifs,2048
autoload=no
baudrate=115200
board=ks2_evm
board_name=ks2_evm
boot=ubi
bootargs=console=ttyS0,115200n8 earlyprintk rootwait  ip=:::::eth0:dhcp  root=/dev/nfs rw nfsroot=192.168.0.1:/home/tigtfarm11/NFS_exports/linux/k2hk-evm/autofs/04a9c0b3a7b069044963e297e7093ba0,nolock,v3,tcp,rsize=4096,wsize=4096 
bootcmd= mon_install ${addr_mon};
bootdelay=1
bootm_size=0x10000000
burn_ubi=nand erase.part ubifs; nand write ${addr_ubi} ubifs ${filesize}
burn_uboot_nand=nand erase 0 0x100000; nand write ${loadaddr} 0 ${filesize}
burn_uboot_spi=sf probe; sf erase 0 0x100000; sf write ${loadaddr} 0 ${filesize}
cpu=armv7
dnsip=192.0.2.2
dnsip2=192.0.2.3
ethact=K2HK_EMAC
ethaddr=c4:ed:ba:a6:7d:4c
fdt_addr_r=0x88000000
fdtaddr=0x88000000
fileaddr=c5f0000
filesize=b000
get_fdt_net=dhcp ${fdtaddr} ${tftp_root}/${name_fdt}
get_fdt_ramfs=dhcp ${fdtaddr} ${tftp_root}/${name_fdt}
get_fdt_ubi=ubifsload ${fdtaddr} ${name_fdt}
get_fs_ramfs=dhcp ${rdaddr} ${tftp_root}/${name_fs}
get_kern_net=dhcp ${loadaddr} ${tftp_root}/${name_kern}
get_kern_ramfs=dhcp ${loadaddr} ${tftp_root}/${name_kern}
get_kern_ubi=ubifsload ${loadaddr} ${name_kern}
get_mon_net=dhcp ${addr_mon} ${tftp_root}/${name_mon}
get_mon_ramfs=dhcp ${addr_mon} ${tftp_root}/${name_mon}
get_mon_ubi=ubifsload ${addr_mon} ${name_mon}
get_ubi_net=dhcp ${addr_ubi} ${tftp_root}/${name_ubi}
get_uboot_net=dhcp ${loadaddr} ${tftp_root}/${name_uboot}
init_net=run args_all args_net
init_ramfs=run args_all args_ramfs get_fs_ramfs
init_ubi=run args_all args_ubi; ubi part ubifs; ubifsmount ubi:boot;ubifsload ${addr_secdb_key} securedb.key.bin;
ipaddr=192.168.0.135
kernel_addr_r=0x82000000
loadaddr=0x82000000
mem_lpae=1
mem_reserve=512M
mtdparts=mtdparts=davinci_nand.0:1024k(bootloader)ro,512k(params)ro,-(ubifs)
name_fdt=k2hk-evm.dtb
name_fs=arago-console-image-k2hk-evm.cpio.gz
name_kern=zImage
name_mon=skern-k2hk.bin
name_ubi=k2hk-evm-ubifs.ubi
name_uboot=u-boot-spi-k2hk-evm.gph
netmask=255.255.255.0
nfs_options=v3,tcp,rsize=4096,wsize=4096
nfs_root=/export
no_post=1
ramdisk_addr_r=0x88080000
rdaddr=0x88080000
run_kern=bootz ${loadaddr} - ${fdtaddr}
run_mon=mon_install ${addr_mon}
serverip=192.168.0.1
soc=keystone
stderr=serial
stdin=serial
stdout=serial
tftp_root=/
vendor=ti
ver=U-Boot 2015.07-00032-g3eaf8a0 (Aug 04 2015 - 16:26:43 -0400)
Environment size: 2902/262140 bytes
U-Boot# 
- 05:24:06 [INFO] Host: setenv bootcmd ''${bootcmd}' if iminfo ${loadaddr}; then bootm ${loadaddr} - ${fdt_addr_r}; else bootz ${loadaddr} - ${fdt_addr_r}; bootm ${loadaddr} - ${fdt_addr_r}; fi'
- 05:24:06 [INFO] Target: 
setenv bootcmd ''${bootcmd}' if iminfo ${loadaddr}; then bootm ${loadaddr} - ${fdt_addr_r}; else bootz ${loadaddr} - ${fdt_addr_r}; bootm ${loadaddr} - ${fdt_addr_r}; fi'
U-Boot# 
- 05:24:06 [INFO] Host: version
- 05:24:06 [INFO] Target: 
version
U-Boot 2015.07-00032-g3eaf8a0 (Aug 04 2015 - 16:26:43 -0400)
arm-linux-gnueabihf-gcc (crosstool-NG linaro-1.13.1-4.7-2013.03-20130313 - Linaro GCC 2013.03) 4.7.3 20130226 (prerelease)
GNU ld (crosstool-NG linaro-1.13.1-4.7-2013.03-20130313 - Linaro GCC 2013.03) 2.23.1
U-Boot# 
- 05:24:06 [INFO] Host: bdinfo
- 05:24:07 [INFO] Target: 
bdinfo
arch_number = 0x00000000
boot_params = 0x80000100
DRAM bank   = 0x00000000
-> start    = 0x80000000
-> size     = 0x80000000
DRAM bank   = 0x00000001
-> start    = 0x00000000
-> size     = 0x00000000
eth0name    = K2HK_EMAC
ethaddr     = c4:ed:ba:a6:7d:4c
eth1name    = K2HK_EMAC1
eth1addr    = (not set)
eth2name    = K2HK_EMAC2
eth2addr    = (not set)
eth3name    = K2HK_EMAC3
eth3addr    = (not set)
current eth = K2HK_EMAC
ip_addr     = 192.168.0.135
baudrate    = 115200 bps
TLB addr    = 0xFFFF0000
relocaddr   = 0xFFF44000
reloc off   = 0xF3F43000
irq_sp      = 0xFEF03EF0
sp start    = 0xFEF03EE0
U-Boot# 
- 05:24:07 [INFO] Host: mmc rescan; echo $?
- 05:24:17 [ERROR] On command: mmc rescan; echo $? waiting for (?m-ix:0[\0\n\r]+) >>> error: execution expired
- 05:24:17 [INFO] Target: 
mmc rescan; echo $?
Unknown command 'mmc' - try 'help'
U-Boot# 
- 05:24:17 [INFO] Host: boot
- 05:24:27 [INFO] Target: 
boot
K2_BM_15.07-39-g035329caed63 SoC:k2hk built:16:02:41, Dec 16 2015
## installed monitor, freq [200000000], status 0
## Checking Image at 82000000 ...
Unknown image format!
Kernel image @ 0x82000000 [ 0x000000 - 0x3fa210 ]
## Flattened Device Tree blob at 88000000
   Booting using the fdt blob at 0x88000000
   Loading Device Tree to 8fff5000, end 8ffff032 ... OK
Starting kernel ...
[    0.000000] Booting Linux on physical CPU 0x0
[    0.000000] Initializing cgroup subsys cpu
[    0.000000] Initializing cgroup subsys cpuacct
[    0.000000] Linux version 4.4.0-rc5-00002-ga767b07870d6 (nmenon@horus) (gcc version 4.9.3 20150413 (prerelease) (Linaro GCC 4.9-2015.05) ) #1 SMP PREEMPT Wed Dec 16 20:20:53 CST 2015
[    0.000000] CPU: ARMv7 Processor [412fc0f4] revision 4 (ARMv7), cr=30c5387d
[    0.000000] CPU: PIPT / VIPT nonaliasing data cache, PIPT instruction cache
[    0.000000] Machine model: Texas Instruments Keystone 2 Kepler/Hawking EVM
[    0.000000] Switching physical address space to 0x800000000
[    0.000000] cma: Reserved 16 MiB at 0x000000085f000000
[    0.000000] Forcing write-allocate cache policy for SMP
[    0.000000] Memory policy: Data cache writealloc
[    0.000000] PERCPU: Embedded 13 pages/cpu @ef3a7000 s21248 r8192 d23808 u53248
[    0.000000] Built 1 zonelists in Zone order, mobility grouping on.  Total pages: 391680
[    0.000000] Kernel command line: console=ttyS0,115200n8 earlyprintk rootwait  ip=:::::eth0:dhcp  root=/dev/nfs rw nfsroot=192.168.0.1:/home/tigtfarm11/NFS_exports/linux/k2hk-evm/autofs/04a9c0b3a7b069044963e297e7093ba0,nolock,v3,tcp,rsize=4096,wsize=4096 
[    0.000000] log_buf_len individual max cpu contribution: 4096 bytes
[    0.000000] log_buf_len total cpu_extra contributions: 12288 bytes
[    0.000000] log_buf_len min size: 16384 bytes
[    0.000000] log_buf_len: 32768 bytes
[    0.000000] early log buf free: 14472(88%)
[    0.000000] PID hash table entries: 4096 (order: 2, 16384 bytes)
[    0.000000] Dentry cache hash table entries: 131072 (order: 7, 524288 bytes)
[    0.000000] Inode-cache hash table entries: 65536 (order: 6, 262144 bytes)
[    0.000000] Memory: 1534472K/1572864K available (5656K kernel code, 358K rwdata, 1916K rodata, 360K init, 198K bss, 22008K reserved, 16384K cma-reserved, 770048K highmem)
[    0.000000] Virtual kernel memory layout:
[    0.000000]     vector  : 0xffff0000 - 0xffff1000   (   4 kB)
[    0.000000]     fixmap  : 0xffc00000 - 0xfff00000   (3072 kB)
[    0.000000]     vmalloc : 0xf0800000 - 0xff800000   ( 240 MB)
[    0.000000]     lowmem  : 0xc0000000 - 0xf0000000   ( 768 MB)
[    0.000000]     pkmap   : 0xbfe00000 - 0xc0000000   (   2 MB)
[    0.000000]     modules : 0xbf000000 - 0xbfe00000   (  14 MB)
[    0.000000]       .text : 0xc0008000 - 0xc076d604   (7574 kB)
[    0.000000]       .init : 0xc076e000 - 0xc07c8000   ( 360 kB)
[    0.000000]       .data : 0xc07c8000 - 0xc0821b14   ( 359 kB)
[    0.000000]        .bss : 0xc0824000 - 0xc0855bf0   ( 199 kB)
[    0.000000] SLUB: HWalign=64, Order=0-3, MinObjects=0, CPUs=4, Nodes=1
[    0.000000] Preemptible hierarchical RCU implementation.
[    0.000000] 	Build-time adjustment of leaf fanout to 32.
[    0.000000] NR_IRQS:16 nr_irqs:16 16
[    0.000000] Architected cp15 timer(s) running at 200.00MHz (virt).
[    0.000000] clocksource: arch_sys_counter: mask: 0xffffffffffffff max_cycles: 0x2e2049d3e8, max_idle_ns: 440795210634 ns
[    0.000004] sched_clock: 56 bits at 200MHz, resolution 5ns, wraps every 4398046511102ns
[    0.000012] Switching to timer-based delay loop, resolution 5ns
[    0.000163] keystone timer clock @200000000 Hz
[    0.000280] Console: colour dummy device 80x30
[    0.000298] Calibrating delay loop (skipped), value calculated using timer frequency.. 400.00 BogoMIPS (lpj=2000000)
[    0.000309] pid_max: default: 4096 minimum: 301
[    0.000375] Mount-cache hash table entries: 2048 (order: 1, 8192 bytes)
[    0.000383] Mountpoint-cache hash table entries: 2048 (order: 1, 8192 bytes)
[    0.000837] Initializing cgroup subsys io
[    0.000852] Initializing cgroup subsys devices
[    0.000863] Initializing cgroup subsys freezer
[    0.000881] CPU: Testing write buffer coherency: ok
[    0.001060] /cpus/cpu@0 missing clock-frequency property
[    0.001078] /cpus/cpu@1 missing clock-frequency property
[    0.001095] /cpus/cpu@2 missing clock-frequency property
[    0.001113] /cpus/cpu@3 missing clock-frequency property
[    0.001122] CPU0: thread -1, cpu 0, socket 0, mpidr 80000000
[    0.001161] Setting up static identity map for 0x800082c0 - 0x800083cc
[    0.086237] CPU1: thread -1, cpu 1, socket 0, mpidr 80000001
[    0.116275] CPU2: thread -1, cpu 2, socket 0, mpidr 80000002
[    0.146313] CPU3: thread -1, cpu 3, socket 0, mpidr 80000003
[    0.146393] Brought up 4 CPUs
[    0.146409] SMP: Total of 4 processors activated (1600.00 BogoMIPS).
[    0.146415] CPU: All CPU(s) started in SVC mode.
[    0.146760] devtmpfs: initialized
[    0.152682] VFP support v0.3: implementor 41 architecture 4 part 30 variant f rev 0
[    0.153004] clocksource: jiffies: mask: 0xffffffff max_cycles: 0xffffffff, max_idle_ns: 19112604462750000 ns
[    0.153578] NET: Registered protocol family 16
[    0.154369] DMA: preallocated 256 KiB pool for atomic coherent allocations
[    0.161607] hw-breakpoint: found 5 (+1 reserved) breakpoint and 4 watchpoint registers.
[    0.161614] hw-breakpoint: maximum watchpoint size is 8 bytes.
[    0.171466] vgaarb: loaded
[    0.171765] SCSI subsystem initialized
[    0.172164] usbcore: registered new interface driver usbfs
[    0.172253] usbcore: registered new interface driver hub
[    0.172355] usbcore: registered new device driver usb
[    0.174232] clocksource: Switched to clocksource arch_sys_counter
[    0.204083] NET: Registered protocol family 2
[    0.204571] TCP established hash table entries: 8192 (order: 3, 32768 bytes)
[    0.204623] TCP bind hash table entries: 8192 (order: 4, 65536 bytes)
[    0.204728] TCP: Hash tables configured (established 8192 bind 8192)
[    0.204770] UDP hash table entries: 512 (order: 2, 16384 bytes)
[    0.204797] UDP-Lite hash table entries: 512 (order: 2, 16384 bytes)
[    0.204933] NET: Registered protocol family 1
[    0.205111] RPC: Registered named UNIX socket transport module.
[    0.205118] RPC: Registered udp transport module.
[    0.205123] RPC: Registered tcp transport module.
[    0.205129] RPC: Registered tcp NFSv4.1 backchannel transport module.
[    0.205414] hw perfevents: enabled with armv7_cortex_a15 PMU driver, 7 counters available
[    0.206002] platform alarmtimer: set dma_pfn_offset00780000
[    0.206662] futex hash table entries: 16 (order: -2, 1024 bytes)
[    0.218773] Installing knfsd (copyright (C) 1996 okir@monad.swb.de).
[    0.218871] ntfs: driver 2.1.32 [Flags: R/O].
[    0.219202] jffs2: version 2.2. (NAND)  2001-2006 Red Hat, Inc.
[    0.221975] NET: Registered protocol family 38
[    0.222040] bounce: pool size: 64 pages
[    0.222266] Block layer SCSI generic (bsg) driver version 0.4 loaded (major 253)
[    0.222280] io scheduler noop registered
[    0.222291] io scheduler deadline registered
[    0.222317] io scheduler cfq registered (default)
[    0.222447] keystone_irq soc:keystone_irq@26202a0: irqchip registered, nr_irqs 28
[    0.224155] keystone-navigator-qmss soc:qmss@2a40000: qmgr start queue 0, number of queues 8192
[    0.224325] keystone-navigator-qmss soc:qmss@2a40000: added qmgr start queue 0, num of queues 8192, reg_peek f09c0000, reg_status f09e2000, reg_config f09e4000, reg_region f09e6000, reg_push f0a00000, reg_pop f0a40000
[    0.224337] keystone-navigator-qmss soc:qmss@2a40000: qmgr start queue 8192, number of queues 8192
[    0.224449] keystone-navigator-qmss soc:qmss@2a40000: added qmgr start queue 8192, num of queues 8192, reg_peek f0a80000, reg_status f09e8400, reg_config f09ea000, reg_region f09ec000, reg_push f0ac0000, reg_pop f0b00000
[    0.224569] keystone-navigator-qmss soc:qmss@2a40000: failed to get firmware for pdsp
[    0.225315] keystone-navigator-qmss soc:qmss@2a40000: pdsp id 0 not started for range acc-low-0
[    0.225951] keystone-navigator-dma soc:knav_dmas@0: DMA dma_gbe registered 41 logical channels, flows 32, tx chans: 9, rx chans: 24
[    0.289185] Serial: 8250/16550 driver, 4 ports, IRQ sharing disabled
[    0.289261] platform serial8250: set dma_pfn_offset00780000
[    0.290854] console [ttyS0] disabled
[    0.290898] 2530c00.serial: ttyS0 at MMIO 0x2530c00 (irq = 26, base_baud = 12500000) is a 16550A
[    1.013065] console [ttyS0] enabled
[    1.017268] 2531000.serial: ttyS1 at MMIO 0x2531000 (irq = 27, base_baud = 12500000) is a 16550A
[    1.031595] loop: module loaded
[    1.035001] at24 0-0050: 131072 byte 24c1024 EEPROM, writable, 1 bytes/write
[    1.043700] m25p80 spi32766.0: n25q128a11 (16384 Kbytes)
[    1.049068] spi32766.0: 'partitions' subnode not found on /soc/spi@21000400/n25q128a11@0. Trying to parse direct subnodes as partitions.
[    1.061413] 2 ofpart partitions found on MTD device spi32766.0
[    1.067294] Creating 2 MTD partitions on "spi32766.0":
[    1.072451] 0x000000000000-0x000000080000 : "u-boot-spl"
[    1.078729] 0x000000080000-0x000001000000 : "misc"
[    1.084451] spi_davinci 21000400.spi: Controller at 0xf0a2a400
[    1.090774] spi_davinci 21000600.spi: Controller at 0xf0a2c600
[    1.097127] spi_davinci 21000800.spi: Controller at 0xf0a2e800
[    1.144245] davinci_mdio 2090300.mdio: davinci mdio revision 1.5
[    1.150273] libphy: 2090300.mdio: probed
[    1.154823] davinci_mdio 2090300.mdio: phy[0]: device 2090300.mdio:00, driver Marvell 88E1111
[    1.163381] davinci_mdio 2090300.mdio: phy[1]: device 2090300.mdio:01, driver Marvell 88E1111
[    2.177299] netcp-1.0 2620110.netcp: module(netcp-xgbe) not used for device
[    2.385521] platform xhci-hcd.0.auto: set dma_pfn_offset00780000
[    2.392123] xhci-hcd xhci-hcd.0.auto: xHCI Host Controller
[    2.397844] xhci-hcd xhci-hcd.0.auto: new USB bus registered, assigned bus number 1
[    2.405804] xhci-hcd xhci-hcd.0.auto: hcc params 0x0298f06d hci version 0x100 quirks 0x00010010
[    2.414576] xhci-hcd xhci-hcd.0.auto: irq 34, io mem 0x02690000
[    2.420655] usb usb1: New USB device found, idVendor=1d6b, idProduct=0002
[    2.427483] usb usb1: New USB device strings: Mfr=3, Product=2, SerialNumber=1
[    2.434747] usb usb1: Product: xHCI Host Controller
[    2.439641] usb usb1: Manufacturer: Linux 4.4.0-rc5-00002-ga767b07870d6 xhci-hcd
[    2.447090] usb usb1: SerialNumber: xhci-hcd.0.auto
[    2.452451] hub 1-0:1.0: USB hub found
[    2.456266] hub 1-0:1.0: 1 port detected
[    2.460466] xhci-hcd xhci-hcd.0.auto: xHCI Host Controller
[    2.466163] xhci-hcd xhci-hcd.0.auto: new USB bus registered, assigned bus number 2
[    2.473905] usb usb2: We don't know the algorithms for LPM for this host, disabling LPM.
[    2.482154] usb usb2: New USB device found, idVendor=1d6b, idProduct=0003
[    2.488996] usb usb2: New USB device strings: Mfr=3, Product=2, SerialNumber=1
[    2.496272] usb usb2: Product: xHCI Host Controller
[    2.501165] usb usb2: Manufacturer: Linux 4.4.0-rc5-00002-ga767b07870d6 xhci-hcd
[    2.508599] usb usb2: SerialNumber: xhci-hcd.0.auto
[    2.513965] hub 2-0:1.0: USB hub found
[    2.517773] hub 2-0:1.0: 1 port detected
[    2.522155] usbcore: registered new interface driver usb-storage
[    2.528518] mousedev: PS/2 mouse device common for all mice
[    2.534395] i2c /dev entries driver
[    2.538593] davinci-wdt 22f0080.wdt: heartbeat 60 sec
[    2.544936] usbcore: registered new interface driver usbhid
[    2.550527] usbhid: USB HID core driver
[    2.555251] nand: device found, Manufacturer ID: 0x2c, Chip ID: 0xac
[    2.561627] nand: Micron MT29F4G08ABBDAHC
[    2.565683] nand: 512 MiB, SLC, erase size: 128 KiB, page size: 2048, OOB size: 64
[    2.573582] Bad block table found at page 262080, version 0x01
[    2.579993] Bad block table found at page 262016, version 0x01
[    2.586186] MT29F4G08ABBDAHC: 'partitions' subnode not found on /soc/aemif@21000A00/cs0/nand@0,0. Trying to parse direct subnodes as partitions.
[    2.599236] 3 ofpart partitions found on MTD device MT29F4G08ABBDAHC
[    2.605638] Creating 3 MTD partitions on "MT29F4G08ABBDAHC":
[    2.611318] 0x000000000000-0x000000100000 : "u-boot"
[    2.617303] 0x000000100000-0x000000180000 : "params"
[    2.623234] 0x000000180000-0x000020000000 : "ubifs"
[    2.629247] davinci_nand 30000000.nand: controller rev. 2.5
[    2.635163] platform oprofile-perf.0: set dma_pfn_offset00780000
[    2.641415] oprofile: using timer interrupt.
[    2.645783] Netfilter messages via NETLINK v0.30.
[    2.650519] nf_conntrack version 0.5.0 (16384 buckets, 65536 max)
[    2.657151] ctnetlink v0.93: registering with nfnetlink.
[    2.662803] ipip: IPv4 over IPv4 tunneling driver
[    2.668035] gre: GRE over IPv4 demultiplexor driver
[    2.672931] ip_gre: GRE over IPv4 tunneling driver
[    2.678904] ip_tables: (C) 2000-2006 Netfilter Core Team
[    2.684356] ipt_CLUSTERIP: ClusterIP Version 0.8 loaded successfully
[    2.690754] arp_tables: (C) 2002 David S. Miller
[    2.695464] Initializing XFRM netlink socket
[    2.700703] NET: Registered protocol family 10
[    2.705991] NET: Registered protocol family 17
[    2.710466] NET: Registered protocol family 15
[    2.714967] 8021q: 802.1Q VLAN Support v1.8
[    2.720768] sctp: Hash tables configured (established 65536 bind 65536)
[    2.727777] Registering SWP/SWPB emulation handler
[    2.824901] netcp-1.0 2620110.netcp eth0: Link is Down
[    2.831891] IPv6: ADDRCONF(NETDEV_UP): eth0: link is not ready
[    2.837759] 8021q: adding VLAN 0 to HW filter on device eth0
[    2.864488] usb 2-1: new SuperSpeed USB device number 2 using xhci-hcd
[    2.889959] usb 2-1: New USB device found, idVendor=125f, idProduct=db8a
[    2.896712] usb 2-1: New USB device strings: Mfr=1, Product=2, SerialNumber=3
[    2.903873] usb 2-1: Product: ADATA USB Flash Drive
[    2.908778] usb 2-1: Manufacturer: ADATA
[    2.912712] usb 2-1: SerialNumber: 14912203321700B2
[    2.918924] usb-storage 2-1:1.0: USB Mass Storage device detected
[    2.925271] scsi host0: usb-storage 2-1:1.0
[    4.128492] scsi 0:0:0:0: Direct-Access     ADATA    USB Flash Drive  1100 PQ: 0 ANSI: 6
[    4.137949] sd 0:0:0:0: [sda] 15155200 512-byte logical blocks: (7.75 GB/7.22 GiB)
[    4.146286] sd 0:0:0:0: [sda] Write Protect is off
[    4.151789] sd 0:0:0:0: [sda] Write cache: enabled, read cache: enabled, doesn't support DPO or FUA
[    4.167561]  sda: sda1
[    4.172642] sd 0:0:0:0: [sda] Attached SCSI removable disk
[    6.824598] netcp-1.0 2620110.netcp eth0: Link is Up - 1Gbps/Full - flow control off
[    6.834256] IPv6: ADDRCONF(NETDEV_CHANGE): eth0: link becomes ready
[    6.854303] Sending DHCP requests ., OK
[    6.904254] IP-Config: Got DHCP answer from 192.168.0.1, my address is 192.168.0.135
[    6.912129] IP-Config: Complete:
[    6.915398]      device=eth0, hwaddr=c4:ed:ba:a6:7d:4c, ipaddr=192.168.0.135, mask=255.255.255.0, gw=192.168.0.1
[    6.925641]      host=192.168.0.135, domain=ti.com, nis-domain=(none)
[    6.932103]      bootserver=0.0.0.0, rootserver=192.168.0.1, rootpath=
[    6.938511]      nameserver0=192.0.2.2, nameserver1=192.0.2.3
[    6.960142] VFS: Mounted root (nfs filesystem) on device 0:15.
[    6.966237] devtmpfs: mounted
[    6.969394] Freeing unused kernel memory: 360K (c076e000 - c07c8000)
INIT: version 2.88 booting
Error opening /dev/fb0: No such file or directory
Starting udev
udev: Not using udev cache because of changes detected in the following files:
udev:     /proc/version /proc/cmdline /proc/devices
udev:     lib/udev/rules.d/* etc/udev/rules.d/*
udev: The udev cache will be regenerated. To identify the detected changes,
udev: compare the cached sysconf at   /etc/udev/cache.data
udev: against the current sysconf at  /dev/shm/udev.cache
[    7.548266] udevd[1234]: starting version 182
[    8.507934] random: dd urandom read with 115 bits of entropy available
Populating dev cache
[    8.718530] random: nonblocking pool is initialized
Wed Dec 16 09:34:38 UTC 2015
INIT: Entering runlevel: 5
NOT configuring network interfaces: / is an NFS mount
Starting system message bus: dbus.
Starting telnet daemon.
Starting rpcbind daemon...done.
starting statd: done
Starting syslogd/klogd: done
Starting thttpd.
Enabling thermal zones...
/etc/rc5.d/S98thermal-zone-init: line 7: /sys/class/thermal/thermal_zone*/mode: No such file or directory
 _____                    _____           _         _   
|  _  |___ ___ ___ ___   |  _  |___ ___  |_|___ ___| |_ 
|     |  _| .'| . | . |  |   __|  _| . | | | -_|  _|  _|
|__|__|_| |__,|_  |___|  |__|  |_| |___|_| |___|___|_|  
              |___|                    |___|            
Arago Project http://arago-project.org k2hk-evm /dev/ttyS0
Arago 2015.12 k2hk-evm /dev/ttyS0
k2hk-evm login: 
- 05:24:27 [INFO] Host: root
- 05:24:28 [INFO] Target: 
root
root@k2hk-evm:~# 
- 05:24:28 [INFO] Host: uname -a
- 05:24:28 [INFO] Target: 
uname -a
Linux k2hk-evm 4.4.0-rc5-00002-ga767b07870d6 #1 SMP PREEMPT Wed Dec 16 20:20:53 CST 2015 armv7l GNU/Linux
root@k2hk-evm:~# 
- 05:24:28 [INFO] Host: cat /proc/cmdline
- 05:24:28 [INFO] Target: 
cat /proc/cmdline
console=ttyS0,115200n8 earlyprintk rootwait  ip=:::::eth0:dhcp  root=/dev/nfs rw nfsroot=192.168.0.1:/home/tigtfarm11/NFS_exports/linux/k2hk-evm/autofs/04a9c0b3a7b069044963e297e7093ba0,nolock,v3,tcp,rsize=4096,wsize=4096 
root@k2hk-evm:~# 
- 05:24:28 [INFO] Host: uname -a
- 05:24:28 [INFO] Target: 
uname -a
Linux k2hk-evm 4.4.0-rc5-00002-ga767b07870d6 #1 SMP PREEMPT Wed Dec 16 20:20:53 CST 2015 armv7l GNU/Linux
root@k2hk-evm:~# 
- 05:24:28 [INFO] Host: cat /proc/mtd
- 05:24:28 [INFO] Target: 
cat /proc/mtd
dev:    size   erasesize  name
mtd0: 00080000 00010000 "u-boot-spl"
mtd1: 00f80000 00010000 "misc"
mtd2: 00100000 00020000 "u-boot"
mtd3: 00080000 00020000 "params"
mtd4: 1fe80000 00020000 "ubifs"
root@k2hk-evm:~# 
- 05:24:28 [INFO] Host: export IPERFHOST=192.168.0.1
- 05:24:28 [INFO] Target: 
export IPERFHOST=192.168.0.1
root@k2hk-evm:~# 
- 05:24:28 [INFO] Host: export NFS_SERVER=192.168.0.1
- 05:24:28 [INFO] Target: 
export NFS_SERVER=192.168.0.1
root@k2hk-evm:~# 
- 05:24:28 [INFO] Host: export NFS_ROOT_PATH=/home/tigtfarm11/NFS_exports/linux/k2hk-evm
- 05:24:29 [INFO] Target: 
export NFS_ROOT_PATH=/home/tigtfarm11/NFS_exports/linux/k2hk-ev 
root@k2hk-evm:~# 
- 05:24:29 [INFO] Host: export AP_SSID=
- 05:24:29 [INFO] Target: 
export AP_SSID=
root@k2hk-evm:~# 
- 05:24:29 [INFO] Host: mkdir -p -m 777 /test
- 05:24:29 [INFO] Target: 
mkdir -p -m 777 /test
root@k2hk-evm:~# 
- 05:24:29 [INFO] Host: cd /test
- 05:24:29 [INFO] Target: 
cd /test
root@k2hk-evm:/test# 
- 05:24:29 [INFO] Host: cat > test.sh << EOF
- 05:24:29 [INFO] Target: 
cat > test.sh << EOF
- 05:24:29 [INFO] Host: failtest() {
- 05:24:29 [INFO] Target: 
failtest() {
- 05:24:29 [INFO] Host:   echo 1 >&3
- 05:24:29 [INFO] Target: 
  echo 1 >&3
- 05:24:29 [INFO] Host: }
- 05:24:29 [INFO] Target: 
- 05:24:29 [INFO] Host: timeout=600
- 05:24:29 [INFO] Target: 
timeout=600
- 05:24:29 [INFO] Host: 
- 05:24:29 [INFO] Target: 
- 05:24:29 [INFO] Host: # Start of user's script logic
- 05:24:30 [INFO] Target: 
# Start of user's script logic
- 05:24:30 [INFO] Host: mount -t proc proc /proc 2>/dev/null;
- 05:24:30 [INFO] Target: 
mount -t proc proc /proc 2>/dev/null;
- 05:24:30 [INFO] Host: 
- 05:24:30 [INFO] Target: 
- 05:24:30 [INFO] Host: mount -t sysfs sys /sys 2>/dev/null;
- 05:24:30 [INFO] Target: 
mount -t sysfs sys /sys 2>/dev/null;
- 05:24:30 [INFO] Host: 
- 05:24:30 [INFO] Target: 
- 05:24:30 [INFO] Host: mount -t debugfs none /sys/kernel/debug 2>/dev/null;
- 05:24:30 [INFO] Target: 
mount -t debugfs none /sys/kernel/debug 2>/dev/null;
- 05:24:30 [INFO] Host: 
- 05:24:30 [INFO] Target: 
- 05:24:30 [INFO] Host: echo 'cpuinfo:';cat /proc/cpuinfo; echo '=======';
- 05:24:30 [INFO] Target: 
echo 'cpuinfo:';cat /proc/cpuinfo; echo '=======';
- 05:24:30 [INFO] Host: 
- 05:24:30 [INFO] Target: 
- 05:24:30 [INFO] Host: echo 'soc info:';head /sys/devices/soc0/* 2>/dev/null; echo '=======';
- 05:24:31 [INFO] Target: 
echo 'soc info:';head /sys/devices/soc0/* 2>/dev/null; echo '=======';
- 05:24:31 [INFO] Host: 
- 05:24:31 [INFO] Target: 
- 05:24:31 [INFO] Host: echo 'DT Model info'; head /proc/device-tree/name /proc/device-tree/model /proc/device-tree/compatible 2>/dev/null;echo; echo '=======';
- 05:24:31 [INFO] Target: 
echo 'DT Model info'; head /proc/device-tree/name /proc/device-tree/model /pro 
c/device-tree/compatible 2>/dev/null;echo; echo '=======';
- 05:24:31 [INFO] Host: 
- 05:24:31 [INFO] Target: 
- 05:24:31 [INFO] Host: echo 'interrupts:';cat /proc/interrupts; echo '=======';
- 05:24:31 [INFO] Target: 
echo 'interrupts:';cat /proc/interrupts; echo '=======';
- 05:24:31 [INFO] Host: 
- 05:24:31 [INFO] Target: 
- 05:24:31 [INFO] Host: echo 'Clk_summary:';cat /sys/kernel/debug/clk/clk_summary; echo '=======';
- 05:24:31 [INFO] Target: 
echo 'Clk_summary:';cat /sys/kernel/debug/clk/clk_summary; echo '=======';
- 05:24:31 [INFO] Host: 
- 05:24:31 [INFO] Target: 
- 05:24:31 [INFO] Host: echo "Available frequencies"; cat /sys/devices/system/cpu/cpu0/cpufreq/scaling_available_frequencies 2>/dev/null;echo '=======';
- 05:24:31 [INFO] Target: 
echo "Available frequencies"; cat /sys/devices/system/cpu/cpu0/cpufreq/scaling 
_available_frequencies 2>/dev/null;echo '=======';
- 05:24:31 [INFO] Host: 
- 05:24:31 [INFO] Target: 
- 05:24:31 [INFO] Host: TMPF=/tmp/a.\$\$; TMPF2=/tmp/b.\$\$; STR=""
- 05:24:32 [INFO] Target: 
TMPF=/tmp/a.\$\$; TMPF2=/tmp/b.\$\$; STR=""
- 05:24:32 [INFO] Host: 
- 05:24:32 [INFO] Target: 
- 05:24:32 [INFO] Host: cp /dev/kmsg \$TMPF &
- 05:24:32 [INFO] Target: 
cp /dev/kmsg \$TMPF &
- 05:24:32 [INFO] Host: 
- 05:24:32 [INFO] Target: 
- 05:24:32 [INFO] Host: PID=\$! ; sleep 5; kill -9 \$PID
- 05:24:32 [INFO] Target: 
PID=\$! ; sleep 5; kill -9 \$PID
- 05:24:32 [INFO] Host: 
- 05:24:32 [INFO] Target: 
- 05:24:32 [INFO] Host: 
- 05:24:32 [INFO] Target: 
- 05:24:32 [INFO] Host: 
- 05:24:32 [INFO] Target: 
- 05:24:32 [INFO] Host: cat \$TMPF|grep "^0">\$TMPF2; N=\`cat \$TMPF2|wc -l\`; if [ "\$N" -ne 0 ]; then STR="\$STR emerg=\$N";echo "===== EMERGE++";cat \$TMPF2|cut -d ';' -f2;echo "====="; fi
- 05:24:32 [INFO] Target: 
cat \$TMPF|grep "^0">\$TMPF2; N=\`cat \$TMPF2|wc -l\`; if [ "\$N" -ne 0 ]; the 
n STR="\$STR emerg=\$N";echo "===== EMERGE++";cat \$TMPF2|cut -d ';' -f2;echo "= 
===="; fi
- 05:24:32 [INFO] Host: 
- 05:24:32 [INFO] Target: 
- 05:24:32 [INFO] Host: cat \$TMPF|grep "^1">\$TMPF2; N=\`cat \$TMPF2|wc -l\`; if [ "\$N" -ne 0 ]; then STR="\$STR alert=\$N";echo "===== ALERT ==";cat \$TMPF2|cut -d ';' -f2;echo "====="; fi
- 05:24:33 [INFO] Target: 
cat \$TMPF|grep "^1">\$TMPF2; N=\`cat \$TMPF2|wc -l\`; if [ "\$N" -ne 0 ]; the 
n STR="\$STR alert=\$N";echo "===== ALERT ==";cat \$TMPF2|cut -d ';' -f2;echo "= 
===="; fi
- 05:24:33 [INFO] Host: 
- 05:24:33 [INFO] Target: 
- 05:24:33 [INFO] Host: cat \$TMPF|grep "^2">\$TMPF2; N=\`cat \$TMPF2|wc -l\`; if [ "\$N" -ne 0 ]; then STR="\$STR crit=\$N";echo "===== CRIT ==";cat \$TMPF2|cut -d ';' -f2;echo "====="; fi
- 05:24:33 [INFO] Target: 
cat \$TMPF|grep "^2">\$TMPF2; N=\`cat \$TMPF2|wc -l\`; if [ "\$N" -ne 0 ]; the 
n STR="\$STR crit=\$N";echo "===== CRIT ==";cat \$TMPF2|cut -d ';' -f2;echo "=== 
=="; fi
- 05:24:33 [INFO] Host: 
- 05:24:33 [INFO] Target: 
- 05:24:33 [INFO] Host: cat \$TMPF|grep "^3">\$TMPF2; N=\`cat \$TMPF2|wc -l\`; if [ "\$N" -ne 0 ]; then STR="\$STR err=\$N";echo "===== ERR ==";cat \$TMPF2|cut -d ';' -f2;echo "=====" ;fi
- 05:24:33 [INFO] Target: 
cat \$TMPF|grep "^3">\$TMPF2; N=\`cat \$TMPF2|wc -l\`; if [ "\$N" -ne 0 ]; the 
n STR="\$STR err=\$N";echo "===== ERR ==";cat \$TMPF2|cut -d ';' -f2;echo "===== 
" ;fi
- 05:24:33 [INFO] Host: 
- 05:24:33 [INFO] Target: 
- 05:24:33 [INFO] Host: cat \$TMPF|grep "^4">\$TMPF2; N=\`cat \$TMPF2|wc -l\`; if [ "\$N" -ne 0 ]; then STR="\$STR warn=\$N";echo "===== WARN ==";cat \$TMPF2|cut -d ';' -f2;echo "=====" ;fi
- 05:24:33 [INFO] Target: 
cat \$TMPF|grep "^4">\$TMPF2; N=\`cat \$TMPF2|wc -l\`; if [ "\$N" -ne 0 ]; the 
n STR="\$STR warn=\$N";echo "===== WARN ==";cat \$TMPF2|cut -d ';' -f2;echo "=== 
==" ;fi
- 05:24:33 [INFO] Host: 
- 05:24:33 [INFO] Target: 
- 05:24:33 [INFO] Host: rm \$TMPF \$TMPF2; echo "SUM""MARY RESULT: BOOT:" 'PASS: H''ello World' 'B''oard' "Booted" "Boot Log has::::\$STR:"
- 05:24:33 [INFO] Target: 
rm \$TMPF \$TMPF2; echo "SUM""MARY RESULT: BOOT:" 'PASS: H''ello World' 'B''oa 
rd' "Booted" "Boot Log has::::\$STR:"
- 05:24:33 [INFO] Host: 
- 05:24:33 [INFO] Target: 
- 05:24:33 [INFO] Host: EOF
- 05:24:34 [INFO] Target: 
root@k2hk-evm:/test# 
- 05:24:34 [INFO] Host: cd /test
- 05:24:34 [INFO] Target: 
cd /test
root@k2hk-evm:/test# 
- 05:24:34 [INFO] Host: chmod +x test.sh
- 05:24:34 [INFO] Target: 
chmod +x test.sh
root@k2hk-evm:/test# 
- 05:24:34 [INFO] Host: ./test.sh 2> stderr.log > stdout.log 3> result.log
- 05:24:39 [INFO] Target: 
./test.sh 2> stderr.log > stdout.log 3> result.log
root@k2hk-evm:/test# 
- 05:24:39 [INFO] Host: echo $?
- 05:24:39 [INFO] Target: 
echo $?
root@k2hk-evm:/test# 
- 05:24:39 [INFO] Host: cd /test
- 05:24:39 [INFO] Target: 
cd /test
root@k2hk-evm:/test# 
- 05:24:39 [INFO] Host: cat stdout.log
- 05:24:40 [INFO] Target: 
cat stdout.log
cpuinfo:
processor	: 0
model name	: ARMv7 Processor rev 4 (v7l)
BogoMIPS	: 400.00
Features	: half thumb fastmult vfp edsp neon vfpv3 tls vfpv4 idiva idivt vfpd32 lpae evtstrm 
CPU implementer	: 0x41
CPU architecture: 7
CPU variant	: 0x2
CPU part	: 0xc0f
CPU revision	: 4
processor	: 1
model name	: ARMv7 Processor rev 4 (v7l)
BogoMIPS	: 400.00
Features	: half thumb fastmult vfp edsp neon vfpv3 tls vfpv4 idiva idivt vfpd32 lpae evtstrm 
CPU implementer	: 0x41
CPU architecture: 7
CPU variant	: 0x2
CPU part	: 0xc0f
CPU revision	: 4
processor	: 2
model name	: ARMv7 Processor rev 4 (v7l)
BogoMIPS	: 400.00
Features	: half thumb fastmult vfp edsp neon vfpv3 tls vfpv4 idiva idivt vfpd32 lpae evtstrm 
CPU implementer	: 0x41
CPU architecture: 7
CPU variant	: 0x2
CPU part	: 0xc0f
CPU revision	: 4
processor	: 3
model name	: ARMv7 Processor rev 4 (v7l)
BogoMIPS	: 400.00
Features	: half thumb fastmult vfp edsp neon vfpv3 tls vfpv4 idiva idivt vfpd32 lpae evtstrm 
CPU implementer	: 0x41
CPU architecture: 7
CPU variant	: 0x2
CPU part	: 0xc0f
CPU revision	: 4
Hardware	: Keystone
Revision	: 0000
Serial		: 0000000000000000
=======
soc info:
=======
DT Model info
==> /proc/device-tree/name <==
==> /proc/device-tree/model <==
Texas Instruments Keystone 2 Kepler/Hawking EVM
==> /proc/device-tree/compatible <==
ti,k2hk-evmti,k2hkti,keystone
=======
interrupts:
           CPU0       CPU1       CPU2       CPU3       
 18:       3530       1619       1616       1614       GIC  27 Edge      arch_timer
 20:          0          0          0          0       GIC 142 Edge      timer-keystone
 26:        994          0          0          0       GIC 309 Edge      serial
 28:          0          0          0          0       GIC 315 Edge      2530000.i2c
 29:          1          0          0          0       GIC 318 Edge      2530400.i2c
 30:          0          0          0          0       GIC 321 Edge      2530800.i2c
 31:          7          0          0          0       GIC 324 Edge      21000400.spi
 32:          0          0          0          0       GIC 328 Edge      21000600.spi
 33:          0          0          0          0       GIC 332 Edge      21000800.spi
 34:        503          0          0          0       GIC 425 Edge      2680000.usb, xhci-hcd:usb1
 76:      10260          0          0          0       GIC  80 Level     hwqueue-8704
 78:      12764          0          0          0       GIC  82 Level     hwqueue-8706
IPI0:          0          0          0          0  CPU wakeup interrupts
IPI1:          0          0          0          0  Timer broadcast interrupts
IPI2:       1575       2825       2953       3009  Rescheduling interrupts
IPI3:          1          4          4          3  Function call interrupts
IPI4:         24         73         67        144  Single function call interrupts
IPI5:          0          0          0          0  CPU stop interrupts
IPI6:          0          0          0          0  IRQ work interrupts
IPI7:          0          0          0          0  completion interrupts
Err:          0
=======
Clk_summary:
   clock                         enable_cnt  prepare_cnt        rate   accuracy   phase
----------------------------------------------------------------------------------------
 refclk-ddr3b                             0            0   100000000          0 0  
    ddr3bpllclk                           0            0  1000000000          0 0  
 refclk-ddr3a                             0            0   100000000          0 0  
    ddr3apllclk                           0            0   333333333          0 0  
 refclk-arm                               0            0   125000000          0 0  
    armpllclk                             0            0  1200000000          0 0  
 refclk-pass                              1            1   122880000          0 0  
    papllclk                              3            3   983040000          0 0  
       paclk13                            1            1   327680000          0 0  
          pa                              1            1   327680000          0 0  
             sa                           0            0   327680000          0 0  
             cpgmac                       1            1   327680000          0 0  
 refclk-sys                               1            1   122880000          0 0  
    mainpllclk                            1            1  1200000000          0 0  
       mainmuxclk                         1            1  1200000000          0 0  
          chipstmxptclk                   0            0    50000000          0 0  
          gemtraceclk                     0            0   600000000          0 0  
          chipclk1rstiso                  0            0  1200000000          0 0  
             chipclk1rstiso112            0            0   100000000          0 0  
                sr                        0            0   100000000          0 0  
             chipclk1rstiso16             0            0   200000000          0 0  
             chipclk1rstiso14             0            0   300000000          0 0  
             chipclk1rstiso13             0            0   400000000          0 0  
                srio                      0            0   400000000          0 0  
          chipclk1                        2            2  1200000000          0 0  
             gem7                         0            0  1200000000          0 0  
             gem6                         0            0  1200000000          0 0  
             gem5                         0            0  1200000000          0 0  
             gem4                         0            0  1200000000          0 0  
             gem3                         0            0  1200000000          0 0  
             gem2                         0            0  1200000000          0 0  
             gem1                         0            0  1200000000          0 0  
             gem0                         0            0  1200000000          0 0  
             chipclk114                   0            0    50000000          0 0  
             chipclk112                   0            0   100000000          0 0  
             chipclk16                    3            3   200000000          0 0  
                tsip                      0            0   200000000          0 0  
                aemif-spi                 2            2   200000000          0 0  
                   spi                    3            6   200000000          0 0  
                   aemif                  2            4   200000000          0 0  
                usb                       1            2   200000000          0 0  
                modrst0                   6            6   200000000          0 0  
                   keymgr                 0            0   200000000          0 0  
                   gpio                   1            2   200000000          0 0  
                   i2c                    3            6   200000000          0 0  
                   usim                   0            0   200000000          0 0  
                   uart1                  1            2   200000000          0 0  
                   uart0                  1            2   200000000          0 0  
                   timer15                1            2   200000000          0 0  
                   timer3                 0            0   200000000          0 0  
                   timer2                 0            0   200000000          0 0  
                   timer1                 0            0   200000000          0 0  
                   timer0                 1            2   200000000          0 0  
             chipclk14                    0            0   300000000          0 0  
             chipclk13                    1            1   400000000          0 0  
                xge                       0            0   400000000          0 0  
                dxb                       0            0   400000000          0 0  
                bcp                       0            0   400000000          0 0  
                vcp-7                     0            0   400000000          0 0  
                vcp-6                     0            0   400000000          0 0  
                vcp-5                     0            0   400000000          0 0  
                vcp-4                     0            0   400000000          0 0  
                vcp-3                     0            0   400000000          0 0  
                vcp-2                     0            0   400000000          0 0  
                vcp-1                     0            0   400000000          0 0  
                vcp-0                     0            0   400000000          0 0  
                tcp3d-3                   0            0   400000000          0 0  
                tcp3d-2                   0            0   400000000          0 0  
                tcp3d-1                   0            0   400000000          0 0  
                tcp3d-0                   0            0   400000000          0 0  
                aif                       0            0   400000000          0 0  
                fftc-5                    0            0   400000000          0 0  
                fftc-4                    0            0   400000000          0 0  
                fftc-3                    0            0   400000000          0 0  
                fftc-2                    0            0   400000000          0 0  
                fftc-1                    0            0   400000000          0 0  
                fftc-0                    0            0   400000000          0 0  
                rac-23                    0            0   400000000          0 0  
                rac-01                    0            0   400000000          0 0  
                tac                       0            0   400000000          0 0  
                ddr3-1                    0            0   400000000          0 0  
                tetb-trc                  0            0   400000000          0 0  
                debugss-trc               0            0   400000000          0 0  
             chipclk12                    0            0   600000000          0 0  
                hyperlink-1               0            0   600000000          0 0  
                hyperlink-0               0            0   600000000          0 0  
                ddr3-0                    0            0   600000000          0 0  
                pcie                      0            0   600000000          0 0  
=======
Available frequencies
=======
===== ERR ==
/cpus/cpu@0 missing clock-frequency property
/cpus/cpu@1 missing clock-frequency property
/cpus/cpu@2 missing clock-frequency property
/cpus/cpu@3 missing clock-frequency property
platform alarmtimer: set dma_pfn_offset00780000
keystone-navigator-qmss soc:qmss@2a40000: failed to get firmware for pdsp
keystone-navigator-qmss soc:qmss@2a40000: pdsp id 0 not started for range acc-low-0
platform serial8250: set dma_pfn_offset00780000
platform xhci-hcd.0.auto: set dma_pfn_offset00780000
platform oprofile-perf.0: set dma_pfn_offset00780000
udevd[1234]: starting version 182
=====
===== WARN ==
Forcing write-allocate cache policy for SMP
spi32766.0: 'partitions' subnode not found on /soc/spi@21000400/n25q128a11@0. Trying to parse direct subnodes as partitions.
netcp-1.0 2620110.netcp: module(netcp-xgbe) not used for device
MT29F4G08ABBDAHC: 'partitions' subnode not found on /soc/aemif@21000A00/cs0/nand@0,0. Trying to parse direct subnodes as partitions.
IP-Config: Got DHCP answer from 192.168.0.1, my address is 192.168.0.135
, nameserver1=192.0.2.3
=====
SUMMARY RESULT: BOOT: PASS: Hello World Board Booted Boot Log has:::: err=11 warn=6:
root@k2hk-evm:/test# 
- 05:24:40 [INFO] Host: cat stderr.log
- 05:24:40 [INFO] Target: 
cat stderr.log
./test.sh: line 31:  1644 Killed                  cp /dev/kmsg $TMPF
root@k2hk-evm:/test# 
- 05:24:40 [INFO] Host: cat result.log
- 05:24:42 [ERROR] On command: cat result.log waiting for cat result.log.+?(?m-ix:^1[\0\n\r]+) >>> error: execution expired
- 05:24:42 [INFO] Target: 
cat result.log
root@k2hk-evm:/test# 
- 05:24:42 [INFO] Host: cd /test
- 05:24:42 [INFO] Target: 
cd /test
root@k2hk-evm:/test# 
URL:gtsystest.telogy.design.ti.com/vatf/tigtfarm11/tigtfarm11_vatf@k2hk-evm/tigtfarm1112_17_2015_05_23_40/files/session_iteration_1/test_1
