- 02:38:19 [INFO] Starting target session
- 02:38:20 [INFO] Connected to k2l-evm via serial 
- 02:38:20 [INFO] Host: #check prompt
- 02:38:23 [ERROR] On command: #check prompt waiting for #check prompt.+?(?-mix:((?-mix:login:)|[Pp]assword)) >>> error: execution expired
- 02:38:23 [INFO] Target: 
#check prompt
root@k2l-evm:~# 
- 02:38:23 [INFO] Host: #check prompt
- 02:38:23 [INFO] Target: 
#check prompt
root@k2l-evm:~# 
- 02:38:23 [INFO] Host: sync;poweroff
- 02:38:37 [INFO] Target: 
sync;poweroff
[[0;32m  OK  [0m] Stopped target System Time Synchronized.
         Stopping User Manager for UID 0...
[[0;32m  OK  [0m] Stopped Setup Virtual Console.
         Stopping Update UTMP about System Boot/Shutdown...
         Stopping Network Time Synchronization...
         Stopping Load/Save Random Seed...
[[0;32m  OK  [0m] Stopped target Slices.
[[0;         Stopping Session c1 of user root.
[[0;32m  OK  [0m] Stopped target Sockets.
[[0;32m  OK  [0m] Closed dropbear.socket.
[[0;32m  OK  [0m] Closed RPCbind Server Activation Socket.
[[0;32m  OK  [0m] Closed Load/Save RF Kill Switch Status /dev/rfkill Watch.
[[0;32m  OK  [0m] Stopped target Swap.
[[0;32m  OK  [0m] Stopped Dispatch Password Requests to Console Directory Watch.
[[0;32m  OK  [0m] Stopped target Multi-User System.
         Stopping Kernel Logging Service...
         Stopping System Logging Service...
         Stopping strongSwan IPsec IKEv1/IKEv2 daemon using ipsec.conf...
ipsec_starter[370]: charon stopped after 200 ms
         Stopping Vsftpd ftp daemon...
ipsec_starter[370]: unable to create netlink socket
ipsec_starter[370]: received netlink error: Address family not supported by protocol (97)
ipsec_starter[370]: unable to create IPv4 routing table rule
ipsec_starter[370]: received netlink error: Address family not supported by protocol (97)
ipsec_starter[370]: ipsec starter stopped
         Stopping Lightning Fast Webserver With Light System Requirements...
[[0;32m  OK  [0m] Stopped target Login Prompts.
         Stopping Serial Getty on ttyS0...
         Stopping Ethernet Bridge Filtering Tables...
         Stopping gplv3-notice.service...
         Stopping Getty on tty1...
[[0;32m  OK  [0m] Stopped Network Time Synchronization.
[[0;32m  OK  [0m] Stopped System Logging Service.
[[0;32m  OK  [0m] Stopped strongSwan IPsec IKEv[  451.934186] Ebtables v2.0 registered
1/IKEv2 daemon using ipsec.conf.
[[0;32m  OK  [0m] Stopped Kernel Logging Service.
[[0;32m  OK  [0m] Stopped Vsftpd ftp daemon.
[[0;32m  OK  [0m] Stopped Serial Getty on ttyS0.
[[0;32m  OK  [0m] Stopped Getty on tty1.
[  452.045173] bridge: automatic filtering via arp/ip/ip6tables has been deprecated. Update your scripts to load br_netfilter if you need this.
[[0;32m  OK  [0m] Stopped Lightning Fast Webserver With Light System Requirements.
[[0;32m  OK  [0m] Stopped User Manager for UID 0.
[[0;32m  OK  [0m] Stopped Load/Save Random Seed.
[[0;32m  OK  [0m] Stopped Session c1 of user root.
[[0;32m  OK  [0m] Stopped Update UTMP about System Boot/Shutdown.
[  452.443309] Ebtables v2.0 unregistered
[[0;32m  OK  [0m] Stopped User Manager for UID 0.
[[0;32m  OK  [0m] Removed slice User Slice of root.
         Stopping Login Service...
[[0;32m  OK  [0m] Removed slice system-getty.slice.
[[0;32m  OK  [0m] Removed slice system-serial\x2dgetty.slice.
         Stopping Permit User Sessions...
[[0;32m  OK  [0m] Stopped target Network.
         Stopping Network Service...
[[0;32m  OK  [0m] Stopped Create Volatile Files and Directories.
[[0;32m  OK  [0m] Stopped target Local File Systems.
         Unmounting /media/ram...
         Unmounting /var/volatile...
         Unmounting /run/user/0...
         Unmounting Temporary Directory...
[[0;32m  OK  [0m] Stopped Login Service.
[[0;32m  OK  [0m] Stopped Network Service.
[[0;32m  OK  [0m] Stopped Ethernet Bridge Filtering Tables.
[[0;32m  OK  [0m] Stopped Permit User Sessions.
[[0;32m  OK  [0m] Unmounted /media/ram.
[[0;32m  OK  [0m] Stopped gplv3-notice.service.
[[0;32m  OK  [0m] Unmounted /var/volatile.
[[0;32m  OK  [0m] Unmounted /run/user/0.
[[0;1;31mFAILED[0m] Failed unmounting Temporary Directory.
         Stopping parse-ip.service...
         Stopping thermal-zone-init.service...
[[0;32m  OK  [0m] Reached target Unmount All Filesystems.
[[0;32m  OK  [0m] Stopped target Local File Systems (Pre).
[[0;32m  OK  [0m] Stopped Remount Root and Kernel File Systems.
[[0;32m  OK  [0m] Stopped Create Static Device Nodes in /dev.
[[0;32m  OK  [0m] Stopped target Remote File Systems.
[[0;32m  OK  [0m] Stopped Apply Kernel Variables.
[[0;32m  OK  [0m] Stopped Load Kernel Modules.
         Stopping D-Bus System Message Bus...
[[0;32m  OK  [0m] Removed slice User and Session Slice.
[[0;32m  OK  [0m] Stopped D-Bus System Message Bus.
[[0;32m  OK  [0m] Stopped parse-ip.service.
[[0;32m  OK  [0m] Stopped thermal-zone-init.service.
         Stopping matrix-gui-2.0.service...
[[0;32m  OK  [0m] Closed D-Bus System Message Bus Socket.
[[0;32m  OK  [0m] Stopped matrix-gui-2.0.service.
         Stopping gdbserverproxy.service...
[[0;32m  OK  [0m] Stopped gdbserverproxy.service.
         Stopping rng-tools.service...
[[0;32m  OK  [0m] Stopped rng-tools.service.
         Stopping thttpd.service...
[[0;32m  OK  [0m] Stopped thttpd.service.
         Stopping tiipclad-daemon.service...
         Stopping run_srss_tc.service...
         Stopping mpmsrv-daemon.service...
         Stopping softhsm-daemon.service...
[  454.179825] uio_module_drv soc:srss: mmap index 0: mmap offset(0x2330008) and size (0x4) is outside the allowed range
[  454.191425] uio_module_drv soc:srss: mmap index 0: mmap offset(0x2330080) and size (0x4) is outside the allowed range
         Stopping telnetd.service...
[[0;32m  OK  [0m] Stopped tiipclad-daemon.service.
[[0;32m  OK  [0m] Stopped run_srss_tc.service.
[[0;32m  OK  [0m] Stopped mpmsrv-daemon.service.
[[0;32m  OK  [0m] Stopped softhsm-daemon.service.
[[0;32m  OK  [0m] Stopped telnetd.service.
[[0;32m  OK  [0m] Reached target Shutdown.
[  454.653583] systemd-shutdown[1]: Sending SIGTERM to remaining processes...
[  454.673570] systemd-journald[106]: Received SIGTERM from PID 1 (systemd-shutdow).
[  464.686748] systemd-shutdown[1]: Sending SIGKILL to remaining processes...
[  464.702859] systemd-shutdown[1]: Sending SIGKILL to PID 614 (rngd).
[  464.712138] systemd-shutdown[1]: Unmounting file systems.
[  464.718094] systemd-shutdown[1]: Remounting '/tmp' read-only with options ''.
[  464.725241] systemd-shutdown[1]: Unmounting /tmp.
[  464.756915] systemd-shutdown[1]: Remounting '/' read-only with options 'vers=3,rsize=4096,wsize=4096,namlen=255,hard,nolock,proto=tcp,timeo=600,retrans=2,sec=sys,mountaddr=192.168.0.1,mountvers=3,mountproto=tcp,local_lock=all,addr=192.168.0.1'.
[  464.802431] systemd-shutdown[1]: Remounting '/' read-only with options 'vers=3,rsize=4096,wsize=4096,namlen=255,hard,nolock,proto=tcp,timeo=600,retrans=2,sec=sys,mountaddr=192.168.0.1,mountvers=3,mountproto=tcp,local_lock=all,addr=192.168.0.1'.
[  464.824162] systemd-shutdown[1]: Remounting '/' read-only with options 'vers=3,rsize=4096,wsize=4096,namlen=255,hard,nolock,proto=tcp,timeo=600,retrans=2,sec=sys,mountaddr=192.168.0.1,mountvers=3,mountproto=tcp,local_lock=all,addr=192.168.0.1'.
[  464.846852] systemd-shutdown[1]: All filesystems unmounted.
[  464.852416] systemd-shutdown[1]: Deactivating swaps.
[  464.857602] systemd-shutdown[1]: All swaps deactivated.
[  464.862813] systemd-shutdown[1]: Detaching loop devices.
[  464.872588] systemd-shutdown[1]: All loop devices detached.
[  464.878212] systemd-shutdown[1]: Detaching DM devices.
[  464.883875] systemd-shutdown[1]: All DM devices detached.
[  464.891219] systemd-shutdown[1]: Powering off.
[  464.897002] reboot: System halted
- 02:38:37 [INFO] Disconnected serial from k2l-evm
- 02:38:38 [INFO] Connected to k2l-evm via serial 
- 02:38:38 [INFO] Host: 
- 02:38:43 [INFO] Target: 
U-Boot SPL 2016.05-00208-gc3846c6 (May 19 2016 - 04:35:55)
Trying to boot from SPI
U-Boot 2016.05-00208-gc3846c6 (May 19 2016 - 04:35:55 -0500), Build: jenkins-ti-uboot-compile-test-117
CPU: 66AK2Lx SR1.0
I2C:   ready
DRAM:  DRAM: 2 GiB
Clear entire DDR3 memory to enable ECC
2 GiB
NAND:  2048 MiB
Net:   
Warning: netcp@26000000 using MAC address from ROM
eth0: netcp@26000000
Hit any key to stop autoboot:  2  0 
=>  
=>  
=>  
- 02:38:43 [INFO] Host: 
- 02:38:43 [INFO] Target: 
- 02:38:43 [INFO] Host: version
- 02:38:43 [INFO] Target: 
version
U-Boot 2016.05-00208-gc3846c6 (May 19 2016 - 04:35:55 -0500)
arm-linux-gnueabihf-gcc (Linaro GCC 5.3-2016.02) 5.3.1 20160113
GNU ld (GNU Binutils) 2.25.0 Linaro 2015_10
- 02:38:43 [INFO] Host: setenv bootargs 'console=ttyS0,115200n8 earlyprintk=serial,ttyS0,115200n8 rootwait '
- 02:38:43 [INFO] Target: 
setenv bootargs 'console=ttyS0,115200n8 earlyprintk=serial,ttyS0,115200n8 rootwait '
- 02:38:43 [INFO] Host: setenv bootcmd  ''
- 02:38:43 [INFO] Target: 
setenv bootcmd  ''
- 02:38:43 [INFO] Host: setenv autoload 'no'
- 02:38:44 [INFO] Target: 
setenv autoload 'no'
- 02:38:44 [INFO] Host: setenv serverip '192.168.0.1'
- 02:38:44 [INFO] Target: 
setenv serverip '192.168.0.1'
- 02:38:44 [INFO] Host: setenv _initramfs -
- 02:38:44 [INFO] Target: 
setenv _initramfs -
- 02:38:44 [INFO] Host: printenv
- 02:38:44 [INFO] Target: 
printenv
_initramfs=-
addr_mon=0x0c140000
addr_secdb_key=0xc000000
addr_ubi=0x82000000
arch=arm
args_all=setenv bootargs console=ttyS0,115200n8 rootwait=1
args_net=setenv bootargs ${bootargs} rootfstype=nfs root=/dev/nfs rw nfsroot=${serverip}:${nfs_root},${nfs_options} ip=dhcp
args_ramfs=setenv bootargs ${bootargs} rdinit=/sbin/init rw root=/dev/ram0 initrd=0x808080000,80M
args_ubi=setenv bootargs ${bootargs} rootfstype=ubifs root=ubi0:rootfs rootflags=sync rw ubi.mtd=ubifs,4096
autoload=no
baudrate=115200
board=ks2_evm
board_name=ks2_evm
boot=ubi
bootargs=console=ttyS0,115200n8 earlyprintk=serial,ttyS0,115200n8 rootwait 
bootcmd=
bootdelay=2
bootdir=/boot
bootm_size=0x10000000
burn_ubi=nand erase.part ubifs; nand write ${addr_ubi} ubifs ${filesize}
burn_uboot_nand=nand erase 0 0x100000; nand write ${loadaddr} 0 ${filesize}
burn_uboot_spi=sf probe; sf erase 0 0x80000; sf write ${loadaddr} 0 ${filesize}
cpu=armv7
ethaddr=b4:99:4c:91:2a:fa
fdt_addr_r=0x88000000
fdtaddr=0x88000000
fdtcontroladdr=feeebfe0
get_fdt_net=dhcp ${fdtaddr} ${tftp_root}/${name_fdt}
get_fdt_nfs=nfs ${fdtaddr} ${nfs_root}/boot/${name_fdt}
get_fdt_ramfs=dhcp ${fdtaddr} ${tftp_root}/${name_fdt}
get_fdt_ubi=ubifsload ${fdtaddr} ${bootdir}/${name_fdt}
get_fs_ramfs=dhcp ${rdaddr} ${tftp_root}/${name_fs}
get_kern_net=dhcp ${loadaddr} ${tftp_root}/${name_kern}
get_kern_nfs=nfs ${loadaddr} ${nfs_root}/boot/${name_kern}
get_kern_ramfs=dhcp ${loadaddr} ${tftp_root}/${name_kern}
get_kern_ubi=ubifsload ${loadaddr} ${bootdir}/${name_kern}
get_mon_net=dhcp ${addr_mon} ${tftp_root}/${name_mon}
get_mon_nfs=nfs ${addr_mon} ${nfs_root}/boot/${name_mon}
get_mon_ramfs=dhcp ${addr_mon} ${tftp_root}/${name_mon}
get_mon_ubi=ubifsload ${addr_mon} ${bootdir}/${name_mon}
get_ubi_net=dhcp ${addr_ubi} ${tftp_root}/${name_ubi}
get_ubi_nfs=nfs ${addr_ubi} ${nfs_root}/boot/${name_ubi}
get_uboot_net=dhcp ${loadaddr} ${tftp_root}/${name_uboot}
get_uboot_nfs=nfs ${loadaddr} ${nfs_root}/boot/${name_uboot}
init_fw_rd_net=dhcp ${rdaddr} ${tftp_root}/${name_fw_rd}; run set_rd_spec
init_fw_rd_ramfs=setenv rd_spec -
init_fw_rd_ubi=ubifsload ${rdaddr} ${bootdir}/${name_fw_rd}; run set_rd_spec
init_net=run args_all args_net
init_nfs=setenv autoload no; dhcp; run args_all args_net
init_ramfs=run args_all args_ramfs get_fs_ramfs
init_ubi=run args_all args_ubi; ubi part ubifs; ubifsmount ubi:rootfs;
kernel_addr_r=0x82000000
loadaddr=0x82000000
mem_lpae=1
mem_reserve=512M
mtdparts=mtdparts=davinci_nand.0:1024k(bootloader)ro,512k(params)ro,-(ubifs)
name_fdt=keystone-k2l-evm.dtb
name_fs=arago-console-image-k2l-evm.cpio.gz
name_fw_rd=k2-fw-initrd.cpio.gz
name_kern=zImage
name_mon=skern-k2l.bin
name_ubi=k2l-evm-ubifs.ubi
name_uboot=u-boot-spi-k2l-evm.gph
nfs_options=v3,tcp,rsize=4096,wsize=4096
nfs_root=/export
no_post=1
pxefile_addr_r=0x80100000
ramdisk_addr_r=0x88080000
rdaddr=0x88080000
run_kern=bootz ${loadaddr} ${rd_spec} ${fdtaddr}
run_mon=mon_install ${addr_mon}
scriptaddr=0x80000000
serverip=192.168.0.1
set_rd_spec=setenv rd_spec ${rdaddr}:${filesize}
soc=keystone
stderr=serial@02530c00
stdin=serial@02530c00
stdout=serial@02530c00
tftp_root=/
vendor=ti
ver=U-Boot 2016.05-00208-gc3846c6 (May 19 2016 - 04:35:55 -0500)
Environment size: 3358/262140 bytes
- 02:38:44 [INFO] Host: printenv
- 02:38:44 [INFO] Target: 
printenv
_initramfs=-
addr_mon=0x0c140000
addr_secdb_key=0xc000000
addr_ubi=0x82000000
arch=arm
args_all=setenv bootargs console=ttyS0,115200n8 rootwait=1
args_net=setenv bootargs ${bootargs} rootfstype=nfs root=/dev/nfs rw nfsroot=${serverip}:${nfs_root},${nfs_options} ip=dhcp
args_ramfs=setenv bootargs ${bootargs} rdinit=/sbin/init rw root=/dev/ram0 initrd=0x808080000,80M
args_ubi=setenv bootargs ${bootargs} rootfstype=ubifs root=ubi0:rootfs rootflags=sync rw ubi.mtd=ubifs,4096
autoload=no
baudrate=115200
board=ks2_evm
board_name=ks2_evm
boot=ubi
bootargs=console=ttyS0,115200n8 earlyprintk=serial,ttyS0,115200n8 rootwait 
bootcmd=
bootdelay=2
bootdir=/boot
bootm_size=0x10000000
burn_ubi=nand erase.part ubifs; nand write ${addr_ubi} ubifs ${filesize}
burn_uboot_nand=nand erase 0 0x100000; nand write ${loadaddr} 0 ${filesize}
burn_uboot_spi=sf probe; sf erase 0 0x80000; sf write ${loadaddr} 0 ${filesize}
cpu=armv7
ethaddr=b4:99:4c:91:2a:fa
fdt_addr_r=0x88000000
fdtaddr=0x88000000
fdtcontroladdr=feeebfe0
get_fdt_net=dhcp ${fdtaddr} ${tftp_root}/${name_fdt}
get_fdt_nfs=nfs ${fdtaddr} ${nfs_root}/boot/${name_fdt}
get_fdt_ramfs=dhcp ${fdtaddr} ${tftp_root}/${name_fdt}
get_fdt_ubi=ubifsload ${fdtaddr} ${bootdir}/${name_fdt}
get_fs_ramfs=dhcp ${rdaddr} ${tftp_root}/${name_fs}
get_kern_net=dhcp ${loadaddr} ${tftp_root}/${name_kern}
get_kern_nfs=nfs ${loadaddr} ${nfs_root}/boot/${name_kern}
get_kern_ramfs=dhcp ${loadaddr} ${tftp_root}/${name_kern}
get_kern_ubi=ubifsload ${loadaddr} ${bootdir}/${name_kern}
get_mon_net=dhcp ${addr_mon} ${tftp_root}/${name_mon}
get_mon_nfs=nfs ${addr_mon} ${nfs_root}/boot/${name_mon}
get_mon_ramfs=dhcp ${addr_mon} ${tftp_root}/${name_mon}
get_mon_ubi=ubifsload ${addr_mon} ${bootdir}/${name_mon}
get_ubi_net=dhcp ${addr_ubi} ${tftp_root}/${name_ubi}
get_ubi_nfs=nfs ${addr_ubi} ${nfs_root}/boot/${name_ubi}
get_uboot_net=dhcp ${loadaddr} ${tftp_root}/${name_uboot}
get_uboot_nfs=nfs ${loadaddr} ${nfs_root}/boot/${name_uboot}
init_fw_rd_net=dhcp ${rdaddr} ${tftp_root}/${name_fw_rd}; run set_rd_spec
init_fw_rd_ramfs=setenv rd_spec -
init_fw_rd_ubi=ubifsload ${rdaddr} ${bootdir}/${name_fw_rd}; run set_rd_spec
init_net=run args_all args_net
init_nfs=setenv autoload no; dhcp; run args_all args_net
init_ramfs=run args_all args_ramfs get_fs_ramfs
init_ubi=run args_all args_ubi; ubi part ubifs; ubifsmount ubi:rootfs;
kernel_addr_r=0x82000000
loadaddr=0x82000000
mem_lpae=1
mem_reserve=512M
mtdparts=mtdparts=davinci_nand.0:1024k(bootloader)ro,512k(params)ro,-(ubifs)
name_fdt=keystone-k2l-evm.dtb
name_fs=arago-console-image-k2l-evm.cpio.gz
name_fw_rd=k2-fw-initrd.cpio.gz
name_kern=zImage
name_mon=skern-k2l.bin
name_ubi=k2l-evm-ubifs.ubi
name_uboot=u-boot-spi-k2l-evm.gph
nfs_options=v3,tcp,rsize=4096,wsize=4096
nfs_root=/export
no_post=1
pxefile_addr_r=0x80100000
ramdisk_addr_r=0x88080000
rdaddr=0x88080000
run_kern=bootz ${loadaddr} ${rd_spec} ${fdtaddr}
run_mon=mon_install ${addr_mon}
scriptaddr=0x80000000
serverip=192.168.0.1
set_rd_spec=setenv rd_spec ${rdaddr}:${filesize}
soc=keystone
stderr=serial@02530c00
stdin=serial@02530c00
stdout=serial@02530c00
tftp_root=/
vendor=ti
ver=U-Boot 2016.05-00208-gc3846c6 (May 19 2016 - 04:35:55 -0500)
Environment size: 3358/262140 bytes
- 02:38:44 [INFO] Host: setenv bootargs ''${bootargs}' ip=:::::eth0:dhcp '
- 02:38:44 [INFO] Target: 
setenv bootargs ''${bootargs}' ip=:::::eth0:dhcp '
- 02:38:44 [INFO] Host: setenv serverip '192.168.0.1'
- 02:38:45 [INFO] Target: 
setenv serverip '192.168.0.1'
- 02:38:45 [INFO] Host: setenv autoload 'no'
- 02:38:45 [INFO] Target: 
setenv autoload 'no'
- 02:38:45 [INFO] Host: dhcp
- 02:38:48 [INFO] Target: 
dhcp
netcp@26000000 Waiting for SGMII auto negotiation to complete.. done
netcp@26000000 Waiting for PHY auto negotiation to complete. done
BOOTP broadcast 1
BOOTP broadcast 2
BOOTP broadcast 3
DHCP client bound to address 192.168.0.218 (1259 ms)
- 02:38:48 [INFO] Host: tftp ${loadaddr} 192.168.0.1:vatf_k2l-evm/f9380389a6cba91c7cb7592c5061b31d
- 02:38:51 [INFO] Target: 
tftp ${loadaddr} 192.168.0.1:vatf_k2l-evm/f9380389a6cba91c7cb7592c5061b31d
netcp@26000000 Waiting for SGMII auto negotiation to complete. done
Using netcp@26000000 device
TFTP from server 192.168.0.1; our IP address is 192.168.0.218
Filename 'vatf_k2l-evm/f9380389a6cba91c7cb7592c5061b31d'.
Load address: 0x82000000
Loading: *#################################################################
	 #################################################################
	 #################################################################
	 #################################################################
	 ##################################
	 2.6 MiB/s
done
Bytes transferred = 4315840 (41dac0 hex)
- 02:38:51 [INFO] Host: tftp ${fdt_addr_r} 192.168.0.1:vatf_k2l-evm/9c53dbdfe3dfb0844eaedf25e8606639
- 02:38:52 [INFO] Target: 
tftp ${fdt_addr_r} 192.168.0.1:vatf_k2l-evm/9c53dbdfe3dfb0844eaedf25e8606639
netcp@26000000 Waiting for SGMII auto negotiation to complete. done
Using netcp@26000000 device
TFTP from server 192.168.0.1; our IP address is 192.168.0.218
Filename 'vatf_k2l-evm/9c53dbdfe3dfb0844eaedf25e8606639'.
Load address: 0x88000000
Loading: *##
	 2.2 MiB/s
done
Bytes transferred = 24828 (60fc hex)
- 02:38:52 [INFO] Host: tftp ${addr_mon} 192.168.0.1:vatf_k2l-evm/c5faba4e35639f0365e84be09a6f1b33
- 02:38:53 [INFO] Target: 
tftp ${addr_mon} 192.168.0.1:vatf_k2l-evm/c5faba4e35639f0365e84be09a6f1b33
netcp@26000000 Waiting for SGMII auto negotiation to complete. done
Using netcp@26000000 device
TFTP from server 192.168.0.1; our IP address is 192.168.0.218
Filename 'vatf_k2l-evm/c5faba4e35639f0365e84be09a6f1b33'.
Load address: 0xc140000
Loading: *####
	 2.5 MiB/s
done
Bytes transferred = 45056 (b000 hex)
- 02:38:53 [INFO] Host: printenv
- 02:38:54 [INFO] Target: 
printenv
_initramfs=-
addr_mon=0x0c140000
addr_secdb_key=0xc000000
addr_ubi=0x82000000
arch=arm
args_all=setenv bootargs console=ttyS0,115200n8 rootwait=1
args_net=setenv bootargs ${bootargs} rootfstype=nfs root=/dev/nfs rw nfsroot=${serverip}:${nfs_root},${nfs_options} ip=dhcp
args_ramfs=setenv bootargs ${bootargs} rdinit=/sbin/init rw root=/dev/ram0 initrd=0x808080000,80M
args_ubi=setenv bootargs ${bootargs} rootfstype=ubifs root=ubi0:rootfs rootflags=sync rw ubi.mtd=ubifs,4096
autoload=no
baudrate=115200
board=ks2_evm
board_name=ks2_evm
boot=ubi
bootargs=console=ttyS0,115200n8 earlyprintk=serial,ttyS0,115200n8 rootwait  ip=:::::eth0:dhcp 
bootcmd=
bootdelay=2
bootdir=/boot
bootm_size=0x10000000
burn_ubi=nand erase.part ubifs; nand write ${addr_ubi} ubifs ${filesize}
burn_uboot_nand=nand erase 0 0x100000; nand write ${loadaddr} 0 ${filesize}
burn_uboot_spi=sf probe; sf erase 0 0x80000; sf write ${loadaddr} 0 ${filesize}
cpu=armv7
dnsip=192.0.2.2
dnsip2=192.0.2.3
ethact=netcp@26000000
ethaddr=b4:99:4c:91:2a:fa
fdt_addr_r=0x88000000
fdtaddr=0x88000000
fdtcontroladdr=feeebfe0
fileaddr=c140000
filesize=b000
gatewayip=192.168.0.1
get_fdt_net=dhcp ${fdtaddr} ${tftp_root}/${name_fdt}
get_fdt_nfs=nfs ${fdtaddr} ${nfs_root}/boot/${name_fdt}
get_fdt_ramfs=dhcp ${fdtaddr} ${tftp_root}/${name_fdt}
get_fdt_ubi=ubifsload ${fdtaddr} ${bootdir}/${name_fdt}
get_fs_ramfs=dhcp ${rdaddr} ${tftp_root}/${name_fs}
get_kern_net=dhcp ${loadaddr} ${tftp_root}/${name_kern}
get_kern_nfs=nfs ${loadaddr} ${nfs_root}/boot/${name_kern}
get_kern_ramfs=dhcp ${loadaddr} ${tftp_root}/${name_kern}
get_kern_ubi=ubifsload ${loadaddr} ${bootdir}/${name_kern}
get_mon_net=dhcp ${addr_mon} ${tftp_root}/${name_mon}
get_mon_nfs=nfs ${addr_mon} ${nfs_root}/boot/${name_mon}
get_mon_ramfs=dhcp ${addr_mon} ${tftp_root}/${name_mon}
get_mon_ubi=ubifsload ${addr_mon} ${bootdir}/${name_mon}
get_ubi_net=dhcp ${addr_ubi} ${tftp_root}/${name_ubi}
get_ubi_nfs=nfs ${addr_ubi} ${nfs_root}/boot/${name_ubi}
get_uboot_net=dhcp ${loadaddr} ${tftp_root}/${name_uboot}
get_uboot_nfs=nfs ${loadaddr} ${nfs_root}/boot/${name_uboot}
init_fw_rd_net=dhcp ${rdaddr} ${tftp_root}/${name_fw_rd}; run set_rd_spec
init_fw_rd_ramfs=setenv rd_spec -
init_fw_rd_ubi=ubifsload ${rdaddr} ${bootdir}/${name_fw_rd}; run set_rd_spec
init_net=run args_all args_net
init_nfs=setenv autoload no; dhcp; run args_all args_net
init_ramfs=run args_all args_ramfs get_fs_ramfs
init_ubi=run args_all args_ubi; ubi part ubifs; ubifsmount ubi:rootfs;
ipaddr=192.168.0.218
kernel_addr_r=0x82000000
loadaddr=0x82000000
mem_lpae=1
mem_reserve=512M
mtdparts=mtdparts=davinci_nand.0:1024k(bootloader)ro,512k(params)ro,-(ubifs)
name_fdt=keystone-k2l-evm.dtb
name_fs=arago-console-image-k2l-evm.cpio.gz
name_fw_rd=k2-fw-initrd.cpio.gz
name_kern=zImage
name_mon=skern-k2l.bin
name_ubi=k2l-evm-ubifs.ubi
name_uboot=u-boot-spi-k2l-evm.gph
netmask=255.255.255.0
nfs_options=v3,tcp,rsize=4096,wsize=4096
nfs_root=/export
no_post=1
pxefile_addr_r=0x80100000
ramdisk_addr_r=0x88080000
rdaddr=0x88080000
run_kern=bootz ${loadaddr} ${rd_spec} ${fdtaddr}
run_mon=mon_install ${addr_mon}
scriptaddr=0x80000000
serverip=192.168.0.1
set_rd_spec=setenv rd_spec ${rdaddr}:${filesize}
soc=keystone
stderr=serial@02530c00
stdin=serial@02530c00
stdout=serial@02530c00
tftp_root=/
vendor=ti
ver=U-Boot 2016.05-00208-gc3846c6 (May 19 2016 - 04:35:55 -0500)
Environment size: 3544/262140 bytes
- 02:38:54 [INFO] Host: setenv bootcmd ''${bootcmd}' mon_install ${addr_mon};'
- 02:38:54 [INFO] Target: 
setenv bootcmd ''${bootcmd}' mon_install ${addr_mon};'
- 02:38:54 [INFO] Host: printenv
- 02:38:54 [INFO] Target: 
printenv
_initramfs=-
addr_mon=0x0c140000
addr_secdb_key=0xc000000
addr_ubi=0x82000000
arch=arm
args_all=setenv bootargs console=ttyS0,115200n8 rootwait=1
args_net=setenv bootargs ${bootargs} rootfstype=nfs root=/dev/nfs rw nfsroot=${serverip}:${nfs_root},${nfs_options} ip=dhcp
args_ramfs=setenv bootargs ${bootargs} rdinit=/sbin/init rw root=/dev/ram0 initrd=0x808080000,80M
args_ubi=setenv bootargs ${bootargs} rootfstype=ubifs root=ubi0:rootfs rootflags=sync rw ubi.mtd=ubifs,4096
autoload=no
baudrate=115200
board=ks2_evm
board_name=ks2_evm
boot=ubi
bootargs=console=ttyS0,115200n8 earlyprintk=serial,ttyS0,115200n8 rootwait  ip=:::::eth0:dhcp 
bootcmd= mon_install ${addr_mon};
bootdelay=2
bootdir=/boot
bootm_size=0x10000000
burn_ubi=nand erase.part ubifs; nand write ${addr_ubi} ubifs ${filesize}
burn_uboot_nand=nand erase 0 0x100000; nand write ${loadaddr} 0 ${filesize}
burn_uboot_spi=sf probe; sf erase 0 0x80000; sf write ${loadaddr} 0 ${filesize}
cpu=armv7
dnsip=192.0.2.2
dnsip2=192.0.2.3
ethact=netcp@26000000
ethaddr=b4:99:4c:91:2a:fa
fdt_addr_r=0x88000000
fdtaddr=0x88000000
fdtcontroladdr=feeebfe0
fileaddr=c140000
filesize=b000
gatewayip=192.168.0.1
get_fdt_net=dhcp ${fdtaddr} ${tftp_root}/${name_fdt}
get_fdt_nfs=nfs ${fdtaddr} ${nfs_root}/boot/${name_fdt}
get_fdt_ramfs=dhcp ${fdtaddr} ${tftp_root}/${name_fdt}
get_fdt_ubi=ubifsload ${fdtaddr} ${bootdir}/${name_fdt}
get_fs_ramfs=dhcp ${rdaddr} ${tftp_root}/${name_fs}
get_kern_net=dhcp ${loadaddr} ${tftp_root}/${name_kern}
get_kern_nfs=nfs ${loadaddr} ${nfs_root}/boot/${name_kern}
get_kern_ramfs=dhcp ${loadaddr} ${tftp_root}/${name_kern}
get_kern_ubi=ubifsload ${loadaddr} ${bootdir}/${name_kern}
get_mon_net=dhcp ${addr_mon} ${tftp_root}/${name_mon}
get_mon_nfs=nfs ${addr_mon} ${nfs_root}/boot/${name_mon}
get_mon_ramfs=dhcp ${addr_mon} ${tftp_root}/${name_mon}
get_mon_ubi=ubifsload ${addr_mon} ${bootdir}/${name_mon}
get_ubi_net=dhcp ${addr_ubi} ${tftp_root}/${name_ubi}
get_ubi_nfs=nfs ${addr_ubi} ${nfs_root}/boot/${name_ubi}
get_uboot_net=dhcp ${loadaddr} ${tftp_root}/${name_uboot}
get_uboot_nfs=nfs ${loadaddr} ${nfs_root}/boot/${name_uboot}
init_fw_rd_net=dhcp ${rdaddr} ${tftp_root}/${name_fw_rd}; run set_rd_spec
init_fw_rd_ramfs=setenv rd_spec -
init_fw_rd_ubi=ubifsload ${rdaddr} ${bootdir}/${name_fw_rd}; run set_rd_spec
init_net=run args_all args_net
init_nfs=setenv autoload no; dhcp; run args_all args_net
init_ramfs=run args_all args_ramfs get_fs_ramfs
init_ubi=run args_all args_ubi; ubi part ubifs; ubifsmount ubi:rootfs;
ipaddr=192.168.0.218
kernel_addr_r=0x82000000
loadaddr=0x82000000
mem_lpae=1
mem_reserve=512M
mtdparts=mtdparts=davinci_nand.0:1024k(bootloader)ro,512k(params)ro,-(ubifs)
name_fdt=keystone-k2l-evm.dtb
name_fs=arago-console-image-k2l-evm.cpio.gz
name_fw_rd=k2-fw-initrd.cpio.gz
name_kern=zImage
name_mon=skern-k2l.bin
name_ubi=k2l-evm-ubifs.ubi
name_uboot=u-boot-spi-k2l-evm.gph
netmask=255.255.255.0
nfs_options=v3,tcp,rsize=4096,wsize=4096
nfs_root=/export
no_post=1
pxefile_addr_r=0x80100000
ramdisk_addr_r=0x88080000
rdaddr=0x88080000
run_kern=bootz ${loadaddr} ${rd_spec} ${fdtaddr}
run_mon=mon_install ${addr_mon}
scriptaddr=0x80000000
serverip=192.168.0.1
set_rd_spec=setenv rd_spec ${rdaddr}:${filesize}
soc=keystone
stderr=serial@02530c00
stdin=serial@02530c00
stdout=serial@02530c00
tftp_root=/
vendor=ti
ver=U-Boot 2016.05-00208-gc3846c6 (May 19 2016 - 04:35:55 -0500)
Environment size: 3569/262140 bytes
- 02:38:54 [INFO] Host: setenv bootargs ''${bootargs}' root=/dev/nfs rw nfsroot=192.168.0.1:/home/tigtfarm11/NFS_exports/linux/k2l-evm/autofs/e11f9cfffbd6a2f88dd55a5118811c23,nolock,v3,tcp,rsize=4096,wsize=4096 '
- 02:38:54 [INFO] Target: 
setenv bootargs ''${bootargs}' root=/dev/nfs rw nfsroot=192.168.0.1:/home/tigtfarm11/NFS_exports/linux/k2l-evm/autofs/e11f9cfffbd6a2f88dd55a5118811c23,nolock,v3,tcp,rsize=4096,wsize=4096 '
- 02:38:54 [INFO] Host: printenv
- 02:38:55 [INFO] Target: 
printenv
_initramfs=-
addr_mon=0x0c140000
addr_secdb_key=0xc000000
addr_ubi=0x82000000
arch=arm
args_all=setenv bootargs console=ttyS0,115200n8 rootwait=1
args_net=setenv bootargs ${bootargs} rootfstype=nfs root=/dev/nfs rw nfsroot=${serverip}:${nfs_root},${nfs_options} ip=dhcp
args_ramfs=setenv bootargs ${bootargs} rdinit=/sbin/init rw root=/dev/ram0 initrd=0x808080000,80M
args_ubi=setenv bootargs ${bootargs} rootfstype=ubifs root=ubi0:rootfs rootflags=sync rw ubi.mtd=ubifs,4096
autoload=no
baudrate=115200
board=ks2_evm
board_name=ks2_evm
boot=ubi
bootargs=console=ttyS0,115200n8 earlyprintk=serial,ttyS0,115200n8 rootwait  ip=:::::eth0:dhcp  root=/dev/nfs rw nfsroot=192.168.0.1:/home/tigtfarm11/NFS_exports/linux/k2l-evm/autofs/e11f9cfffbd6a2f88dd55a5118811c23,nolock,v3,tcp,rsize=4096,wsize=4096 
bootcmd= mon_install ${addr_mon};
bootdelay=2
bootdir=/boot
bootm_size=0x10000000
burn_ubi=nand erase.part ubifs; nand write ${addr_ubi} ubifs ${filesize}
burn_uboot_nand=nand erase 0 0x100000; nand write ${loadaddr} 0 ${filesize}
burn_uboot_spi=sf probe; sf erase 0 0x80000; sf write ${loadaddr} 0 ${filesize}
cpu=armv7
dnsip=192.0.2.2
dnsip2=192.0.2.3
ethact=netcp@26000000
ethaddr=b4:99:4c:91:2a:fa
fdt_addr_r=0x88000000
fdtaddr=0x88000000
fdtcontroladdr=feeebfe0
fileaddr=c140000
filesize=b000
gatewayip=192.168.0.1
get_fdt_net=dhcp ${fdtaddr} ${tftp_root}/${name_fdt}
get_fdt_nfs=nfs ${fdtaddr} ${nfs_root}/boot/${name_fdt}
get_fdt_ramfs=dhcp ${fdtaddr} ${tftp_root}/${name_fdt}
get_fdt_ubi=ubifsload ${fdtaddr} ${bootdir}/${name_fdt}
get_fs_ramfs=dhcp ${rdaddr} ${tftp_root}/${name_fs}
get_kern_net=dhcp ${loadaddr} ${tftp_root}/${name_kern}
get_kern_nfs=nfs ${loadaddr} ${nfs_root}/boot/${name_kern}
get_kern_ramfs=dhcp ${loadaddr} ${tftp_root}/${name_kern}
get_kern_ubi=ubifsload ${loadaddr} ${bootdir}/${name_kern}
get_mon_net=dhcp ${addr_mon} ${tftp_root}/${name_mon}
get_mon_nfs=nfs ${addr_mon} ${nfs_root}/boot/${name_mon}
get_mon_ramfs=dhcp ${addr_mon} ${tftp_root}/${name_mon}
get_mon_ubi=ubifsload ${addr_mon} ${bootdir}/${name_mon}
get_ubi_net=dhcp ${addr_ubi} ${tftp_root}/${name_ubi}
get_ubi_nfs=nfs ${addr_ubi} ${nfs_root}/boot/${name_ubi}
get_uboot_net=dhcp ${loadaddr} ${tftp_root}/${name_uboot}
get_uboot_nfs=nfs ${loadaddr} ${nfs_root}/boot/${name_uboot}
init_fw_rd_net=dhcp ${rdaddr} ${tftp_root}/${name_fw_rd}; run set_rd_spec
init_fw_rd_ramfs=setenv rd_spec -
init_fw_rd_ubi=ubifsload ${rdaddr} ${bootdir}/${name_fw_rd}; run set_rd_spec
init_net=run args_all args_net
init_nfs=setenv autoload no; dhcp; run args_all args_net
init_ramfs=run args_all args_ramfs get_fs_ramfs
init_ubi=run args_all args_ubi; ubi part ubifs; ubifsmount ubi:rootfs;
ipaddr=192.168.0.218
kernel_addr_r=0x82000000
loadaddr=0x82000000
mem_lpae=1
mem_reserve=512M
mtdparts=mtdparts=davinci_nand.0:1024k(bootloader)ro,512k(params)ro,-(ubifs)
name_fdt=keystone-k2l-evm.dtb
name_fs=arago-console-image-k2l-evm.cpio.gz
name_fw_rd=k2-fw-initrd.cpio.gz
name_kern=zImage
name_mon=skern-k2l.bin
name_ubi=k2l-evm-ubifs.ubi
name_uboot=u-boot-spi-k2l-evm.gph
netmask=255.255.255.0
nfs_options=v3,tcp,rsize=4096,wsize=4096
nfs_root=/export
no_post=1
pxefile_addr_r=0x80100000
ramdisk_addr_r=0x88080000
rdaddr=0x88080000
run_kern=bootz ${loadaddr} ${rd_spec} ${fdtaddr}
run_mon=mon_install ${addr_mon}
scriptaddr=0x80000000
serverip=192.168.0.1
set_rd_spec=setenv rd_spec ${rdaddr}:${filesize}
soc=keystone
stderr=serial@02530c00
stdin=serial@02530c00
stdout=serial@02530c00
tftp_root=/
vendor=ti
ver=U-Boot 2016.05-00208-gc3846c6 (May 19 2016 - 04:35:55 -0500)
Environment size: 3726/262140 bytes
- 02:38:55 [INFO] Host: setenv bootcmd ''${bootcmd}' if iminfo ${loadaddr}; then bootm ${loadaddr} ${_initramfs} ${fdt_addr_r}; else bootz ${loadaddr} ${_initramfs} ${fdt_addr_r}; bootm ${loadaddr} ${_initramfs} ${fdt_addr_r}; fi'
- 02:38:55 [INFO] Target: 
setenv bootcmd ''${bootcmd}' if iminfo ${loadaddr}; then bootm ${loadaddr} ${_initramfs} ${fdt_addr_r}; else bootz ${loadaddr} ${_initramfs} ${fdt_addr_r}; bootm ${loadaddr} ${_initramfs} ${fdt_addr_r}; fi'
- 02:38:55 [INFO] Host: version
- 02:38:55 [INFO] Target: 
version
U-Boot 2016.05-00208-gc3846c6 (May 19 2016 - 04:35:55 -0500)
arm-linux-gnueabihf-gcc (Linaro GCC 5.3-2016.02) 5.3.1 20160113
GNU ld (GNU Binutils) 2.25.0 Linaro 2015_10
- 02:38:55 [INFO] Host: bdinfo
- 02:38:55 [INFO] Target: 
bdinfo
arch_number = 0x00000000
boot_params = 0x80000100
DRAM bank   = 0x00000000
-> start    = 0x80000000
-> size     = 0x80000000
DRAM bank   = 0x00000001
-> start    = 0x00000000
-> size     = 0x00000000
baudrate    = 115200 bps
TLB addr    = 0xFFFF0000
relocaddr   = 0xFFF33000
reloc off   = 0xF3F33000
irq_sp      = 0xFEEEBFD0
sp start    = 0xFEEEBFC0
- 02:38:55 [INFO] Host: mmc rescan; echo $?
- 02:39:05 [ERROR] On command: mmc rescan; echo $? waiting for (?m-ix:0[\0\n\r]+) >>> error: execution expired
- 02:39:05 [INFO] Target: 
mmc rescan; echo $?
Unknown command 'mmc' - try 'help'
- 02:39:05 [INFO] Host: boot
- 02:39:25 [INFO] Target: 
boot
K2_BM_15.07-39-g035329caed63 SoC:k2l built:16:02:41, Dec 16 2015
## installed monitor, freq [199680000], status 0
## Checking Image at 82000000 ...
Unknown image format!
Kernel image @ 0x82000000 [ 0x000000 - 0x41dac0 ]
## Flattened Device Tree blob at 88000000
   Booting using the fdt blob at 0x88000000
   Loading Device Tree to 8fff6000, end 8ffff0fb ... OK
Starting kernel ...
[    0.000000] Booting Linux on physical CPU 0x0
[    0.000000] Linux version 4.7.0-rc1-next-20160602-00002-g3d35e2e00e80 (nmenon@horus) (gcc version 4.9.3 20150413 (prerelease) (Linaro GCC 4.9-2015.05) ) #1 SMP PREEMPT Thu Jun 2 01:35:53 CDT 2016
[    0.000000] CPU: ARMv7 Processor [412fc0f4] revision 4 (ARMv7), cr=30c5387d
[    0.000000] CPU: div instructions available: patching division code
[    0.000000] CPU: PIPT / VIPT nonaliasing data cache, PIPT instruction cache
[    0.000000] Machine model: Texas Instruments Keystone 2 Lamarr EVM
[    0.000000] Switching physical address space to 0x800000000
[    0.000000] cma: Reserved 16 MiB at 0x000000085f000000
[    0.000000] Forcing write-allocate cache policy for SMP
[    0.000000] Memory policy: Data cache writealloc
[    0.000000] psci: probing for conduit method from DT.
[    0.000000] psci: Using PSCI v0.1 Function IDs from DT
[    0.000000] percpu: Embedded 14 pages/cpu @ef3c2000 s26048 r8192 d23104 u57344
[    0.000000] Built 1 zonelists in Zone order, mobility grouping on.  Total pages: 391680
[    0.000000] Kernel command line: console=ttyS0,115200n8 earlyprintk=serial,ttyS0,115200n8 rootwait  ip=:::::eth0:dhcp  root=/dev/nfs rw nfsroot=192.168.0.1:/home/tigtfarm11/NFS_exports/linux/k2l-evm/autofs/e11f9cfffbd6a2f88dd55a5118811c23,nolock,v3,tcp,rsize=4096,wsize=4096 
[    0.000000] PID hash table entries: 4096 (order: 2, 16384 bytes)
[    0.000000] Dentry cache hash table entries: 131072 (order: 7, 524288 bytes)
[    0.000000] Inode-cache hash table entries: 65536 (order: 6, 262144 bytes)
[    0.000000] Memory: 1530260K/1572864K available (6311K kernel code, 360K rwdata, 1968K rodata, 2048K init, 201K bss, 26220K reserved, 16384K cma-reserved, 770048K highmem)
[    0.000000] Virtual kernel memory layout:
[    0.000000]     vector  : 0xffff0000 - 0xffff1000   (   4 kB)
[    0.000000]     fixmap  : 0xffc00000 - 0xfff00000   (3072 kB)
[    0.000000]     vmalloc : 0xf0800000 - 0xff800000   ( 240 MB)
[    0.000000]     lowmem  : 0xc0000000 - 0xf0000000   ( 768 MB)
[    0.000000]     pkmap   : 0xbfe00000 - 0xc0000000   (   2 MB)
[    0.000000]     modules : 0xbf000000 - 0xbfe00000   (  14 MB)
[    0.000000]       .text : 0xc0008000 - 0xc0a15c50   (10296 kB)
[    0.000000]       .init : 0xc0c00000 - 0xc0e00000   (2048 kB)
[    0.000000]       .data : 0xc0e00000 - 0xc0e5a3a0   ( 361 kB)
[    0.000000]        .bss : 0xc0e5c000 - 0xc0e8e730   ( 202 kB)
[    0.000000] SLUB: HWalign=64, Order=0-3, MinObjects=0, CPUs=2, Nodes=1
[    0.000000] Preemptible hierarchical RCU implementation.
[    0.000000] 	Build-time adjustment of leaf fanout to 32.
[    0.000000] 	RCU restricting CPUs from NR_CPUS=4 to nr_cpu_ids=2.
[    0.000000] RCU: Adjusting geometry for rcu_fanout_leaf=32, nr_cpu_ids=2
[    0.000000] NR_IRQS:16 nr_irqs:16 16
[    0.000000] of_psc_clk_init: error registering clk clkpcie1
[    0.000000] Architected cp15 timer(s) running at 199.68MHz (virt).
[    0.000000] clocksource: arch_sys_counter: mask: 0xffffffffffffff max_cycles: 0x2e0d652267, max_idle_ns: 440795206693 ns
[    0.000003] sched_clock: 56 bits at 199MHz, resolution 5ns, wraps every 4398046511101ns
[    0.000012] Switching to timer-based delay loop, resolution 5ns
[    0.000151] keystone timer clock @199680000 Hz
[    0.000258] Console: colour dummy device 80x30
[    0.000274] Calibrating delay loop (skipped), value calculated using timer frequency.. 399.36 BogoMIPS (lpj=1996800)
[    0.000284] pid_max: default: 4096 minimum: 301
[    0.000355] Mount-cache hash table entries: 2048 (order: 1, 8192 bytes)
[    0.000363] Mountpoint-cache hash table entries: 2048 (order: 1, 8192 bytes)
[    0.000794] CPU: Testing write buffer coherency: ok
[    0.000968] /cpus/cpu@0 missing clock-frequency property
[    0.000985] /cpus/cpu@1 missing clock-frequency property
[    0.000994] CPU0: thread -1, cpu 0, socket 0, mpidr 80000000
[    0.001006] Setting up static identity map for 0x80200000 - 0x80200130
[    0.101455] CPU1: thread -1, cpu 1, socket 0, mpidr 80000001
[    0.101550] Brought up 2 CPUs
[    0.101564] SMP: Total of 2 processors activated (798.72 BogoMIPS).
[    0.101570] CPU: All CPU(s) started in SVC mode.
[    0.101949] devtmpfs: initialized
[    0.106733] VFP support v0.3: implementor 41 architecture 4 part 30 variant f rev 0
[    0.106997] clocksource: jiffies: mask: 0xffffffff max_cycles: 0xffffffff, max_idle_ns: 19112604462750000 ns
[    0.107510] NET: Registered protocol family 16
[    0.108279] DMA: preallocated 256 KiB pool for atomic coherent allocations
[    0.115318] hw-breakpoint: found 5 (+1 reserved) breakpoint and 4 watchpoint registers.
[    0.115328] hw-breakpoint: maximum watchpoint size is 8 bytes.
[    0.160558] vgaarb: loaded
[    0.160756] SCSI subsystem initialized
[    0.160947] usbcore: registered new interface driver usbfs
[    0.160997] usbcore: registered new interface driver hub
[    0.161042] usbcore: registered new device driver usb
[    0.170354] clocksource: Switched to clocksource arch_sys_counter
[    0.196295] NET: Registered protocol family 2
[    0.196687] TCP established hash table entries: 8192 (order: 3, 32768 bytes)
[    0.196740] TCP bind hash table entries: 8192 (order: 4, 65536 bytes)
[    0.196844] TCP: Hash tables configured (established 8192 bind 8192)
[    0.196894] UDP hash table entries: 512 (order: 2, 16384 bytes)
[    0.196920] UDP-Lite hash table entries: 512 (order: 2, 16384 bytes)
[    0.197041] NET: Registered protocol family 1
[    0.197319] RPC: Registered named UNIX socket transport module.
[    0.197327] RPC: Registered udp transport module.
[    0.197332] RPC: Registered tcp transport module.
[    0.197338] RPC: Registered tcp NFSv4.1 backchannel transport module.
[    0.197641] hw perfevents: enabled with armv7_cortex_a15 PMU driver, 7 counters available
[    0.198103] platform alarmtimer: set dma_pfn_offset00780000
[    0.198393] futex hash table entries: 16 (order: -2, 1024 bytes)
[    0.199061] workingset: timestamp_bits=28 max_order=19 bucket_order=0
[    0.208210] Installing knfsd (copyright (C) 1996 okir@monad.swb.de).
[    0.208298] ntfs: driver 2.1.32 [Flags: R/O].
[    0.208579] jffs2: version 2.2. (NAND)  2001-2006 Red Hat, Inc.
[    0.211785] NET: Registered protocol family 38
[    0.211836] bounce: pool size: 64 pages
[    0.212000] Block layer SCSI generic (bsg) driver version 0.4 loaded (major 252)
[    0.212009] io scheduler noop registered
[    0.212017] io scheduler deadline registered
[    0.212041] io scheduler cfq registered (default)
[    0.212217] keystone_irq soc:keystone_irq@26202a0: irqchip registered, nr_irqs 28
[    0.213530] keystone-navigator-qmss soc:qmss@2a40000: qmgr start queue 0, number of queues 8192
[    0.213654] keystone-navigator-qmss soc:qmss@2a40000: added qmgr start queue 0, num of queues 8192, reg_peek f09c0000, reg_status f0982000, reg_config f0984000, reg_region f0986000, reg_push f0a00000, reg_pop f0a40000
[    0.213779] keystone-navigator-qmss soc:qmss@2a40000: failed to get firmware for pdsp
[    0.214522] keystone-navigator-qmss soc:qmss@2a40000: pdsp id 0 not started for range acc-low-0
[    0.215020] keystone-navigator-dma soc:knav_dmas@0: DMA dma_gbe registered 149 logical channels, flows 128, tx chans: 21, rx chans: 91
[    0.265576] Serial: 8250/16550 driver, 4 ports, IRQ sharing disabled
[    0.265658] platform serial8250: set dma_pfn_offset00780000
[    0.267012] console [ttyS0] disabled
[    0.267052] 2530c00.serial: ttyS0 at MMIO 0x2530c00 (irq = 26, base_baud = 12480000) is a 16550A
[    0.932576] console [ttyS0] enabled
[    0.936810] 2531000.serial: ttyS1 at MMIO 0x2531000 (irq = 27, base_baud = 12480000) is a 16550A
[    0.946306] 2348400.serial: ttyS2 at MMIO 0x2348400 (irq = 67, base_baud = 12480000) is a 16550A
[    0.955726] 2348800.serial: ttyS3 at MMIO 0x2348800 (irq = 68, base_baud = 12480000) is a 16550A
[    0.969103] loop: module loaded
[    0.972497] at24 0-0050: 131072 byte 24c1024 EEPROM, writable, 1 bytes/write
[    0.980229] spi_davinci 21000400.spi: DMA is not supported (-19)
[    0.986849] m25p80 spi0.0: n25q128a11 (16384 Kbytes)
[    0.991846] 2 ofpart partitions found on MTD device spi0.0
[    0.997308] Creating 2 MTD partitions on "spi0.0":
[    1.002121] 0x000000000000-0x000000080000 : "u-boot-spl"
[    1.018235] 0x000000080000-0x000001000000 : "misc"
[    1.033822] spi_davinci 21000400.spi: Controller at 0xf09a6400
[    1.039775] spi_davinci 21000600.spi: DMA is not supported (-19)
[    1.046120] spi_davinci 21000600.spi: Controller at 0xf09a8600
[    1.100333] davinci_mdio 26200f00.mdio: davinci mdio revision 1.7
[    1.106402] libphy: 26200f00.mdio: probed
[    1.111022] davinci_mdio 26200f00.mdio: phy[0]: device 26200f00.mdio:00, driver Marvell 88E1510
[    1.119688] davinci_mdio 26200f00.mdio: phy[1]: device 26200f00.mdio:01, driver Marvell 88E1510
[    2.133242] netcp-1.0 2620110.netcp: module(netcp-xgbe) not used for device
[    2.141036] platform xhci-hcd.0.auto: set dma_pfn_offset00780000
[    2.147532] xhci-hcd xhci-hcd.0.auto: xHCI Host Controller
[    2.153176] xhci-hcd xhci-hcd.0.auto: new USB bus registered, assigned bus number 1
[    2.161047] xhci-hcd xhci-hcd.0.auto: hcc params 0x0298f06d hci version 0x100 quirks 0x00010010
[    2.169723] xhci-hcd xhci-hcd.0.auto: irq 33, io mem 0x02690000
[    2.175785] usb usb1: New USB device found, idVendor=1d6b, idProduct=0002
[    2.182579] usb usb1: New USB device strings: Mfr=3, Product=2, SerialNumber=1
[    2.189772] usb usb1: Product: xHCI Host Controller
[    2.194657] usb usb1: Manufacturer: Linux 4.7.0-rc1-next-20160602-00002-g3d35e2e00e80 xhci-hcd
[    2.203262] usb usb1: SerialNumber: xhci-hcd.0.auto
[    2.208526] hub 1-0:1.0: USB hub found
[    2.212312] hub 1-0:1.0: 1 port detected
[    2.216488] xhci-hcd xhci-hcd.0.auto: xHCI Host Controller
[    2.222118] xhci-hcd xhci-hcd.0.auto: new USB bus registered, assigned bus number 2
[    2.229800] usb usb2: We don't know the algorithms for LPM for this host, disabling LPM.
[    2.237988] usb usb2: New USB device found, idVendor=1d6b, idProduct=0003
[    2.244780] usb usb2: New USB device strings: Mfr=3, Product=2, SerialNumber=1
[    2.252013] usb usb2: Product: xHCI Host Controller
[    2.256869] usb usb2: Manufacturer: Linux 4.7.0-rc1-next-20160602-00002-g3d35e2e00e80 xhci-hcd
[    2.265479] usb usb2: SerialNumber: xhci-hcd.0.auto
[    2.270756] hub 2-0:1.0: USB hub found
[    2.274508] hub 2-0:1.0: 1 port detected
[    2.278779] usbcore: registered new interface driver usb-storage
[    2.285038] mousedev: PS/2 mouse device common for all mice
[    2.300821] i2c /dev entries driver
[    2.304856] davinci-wdt 22f0080.wdt: heartbeat 60 sec
[    2.310507] usbcore: registered new interface driver usbhid
[    2.316055] usbhid: USB HID core driver
[    2.320729] nand: device found, Manufacturer ID: 0x2c, Chip ID: 0xa5
[    2.327057] nand: Micron MT29F16G08ADBCAH4
[    2.331170] nand: 2048 MiB, SLC, erase size: 256 KiB, page size: 4096, OOB size: 224
[    2.338886] nand: WARNING: 30000000.nand: the ECC used on your system is too weak compared to the one required by the NAND chip
[    2.350916] Bad block table found at page 524224, version 0x01
[    2.357755] Bad block table found at page 524160, version 0x01
[    2.364212] 3 ofpart partitions found on MTD device 30000000.nand
[    2.370278] Creating 3 MTD partitions on "30000000.nand":
[    2.375746] 0x000000000000-0x000000100000 : "u-boot"
[    2.391566] 0x000000100000-0x000000180000 : "params"
[    2.407273] 0x000000180000-0x000080000000 : "ubifs"
[    2.430194] davinci_nand 30000000.nand: controller rev. 2.5
[    2.435958] platform oprofile-perf.0: set dma_pfn_offset00780000
[    2.442112] oprofile: using timer interrupt.
[    2.446405] Netfilter messages via NETLINK v0.30.
[    2.451314] nf_conntrack version 0.5.0 (16384 buckets, 65536 max)
[    2.457615] ctnetlink v0.93: registering with nfnetlink.
[    2.463126] ipip: IPv4 over IPv4 tunneling driver
[    2.468198] gre: GRE over IPv4 demultiplexor driver
[    2.473368] ip_gre: GRE over IPv4 tunneling driver
[    2.479005] ip_tables: (C) 2000-2006 Netfilter Core Team
[    2.560343] ipt_CLUSTERIP: ClusterIP Version 0.8 loaded successfully
[    2.566683] arp_tables: arp_tables: (C) 2002 David S. Miller
[    2.572339] Initializing XFRM netlink socket
[    2.577335] NET: Registered protocol family 10
[    2.582643] NET: Registered protocol family 17
[    2.587080] NET: Registered protocol family 15
[    2.591563] 8021q: 802.1Q VLAN Support v1.8
[    2.595750] usb 2-1: new SuperSpeed USB device number 2 using xhci-hcd
[    2.602334] sctp: Hash tables configured (bind 512/512)
[    2.607829] Registering SWP/SWPB emulation handler
[    2.613619] usb 2-1: New USB device found, idVendor=125f, idProduct=db8a
[    2.620295] usb 2-1: New USB device strings: Mfr=1, Product=2, SerialNumber=3
[    2.627474] usb 2-1: Product: ADATA USB Flash Drive
[    2.632441] usb 2-1: Manufacturer: ADATA
[    2.636345] usb 2-1: SerialNumber: F12340000014C1408442050002
[    2.642751] usb-storage 2-1:1.0: USB Mass Storage device detected
[    2.649470] scsi host0: usb-storage 2-1:1.0
[    2.720991] netcp-1.0 2620110.netcp eth0: Link is Down
[    2.728508] IPv6: ADDRCONF(NETDEV_UP): eth0: link is not ready
[    2.734336] 8021q: adding VLAN 0 to HW filter on device eth0
[    3.650793] scsi 0:0:0:0: Direct-Access     ADATA    NAND Flash       1.00 PQ: 0 ANSI: 6
[    3.660337] sd 0:0:0:0: [sda] Attached SCSI removable disk
[    6.720662] netcp-1.0 2620110.netcp eth0: Link is Up - 1Gbps/Full - flow control off
[    6.730331] IPv6: ADDRCONF(NETDEV_CHANGE): eth0: link becomes ready
[    6.750353] Sending DHCP requests ., OK
[    6.800316] IP-Config: Got DHCP answer from 192.168.0.1, my address is 192.168.0.218
[    6.808126] IP-Config: Complete:
[    6.811360]      device=eth0, hwaddr=b4:99:4c:91:2a:fa, ipaddr=192.168.0.218, mask=255.255.255.0, gw=192.168.0.1
[    6.821504]      host=192.168.0.218, domain=ti.com, nis-domain=(none)
[    6.827917]      bootserver=0.0.0.0, rootserver=192.168.0.1, rootpath=     nameserver0=192.0.2.2, nameserver1=192.0.2.3
[    6.857753] VFS: Mounted root (nfs filesystem) on device 0:15.
[    6.863779] devtmpfs: mounted
[    6.867805] Freeing unused kernel memory: 2048K (c0c00000 - c0e00000)
[    6.964243] systemd[1]: System time before build time, advancing clock.
[    6.981662] random: systemd urandom read with 31 bits of entropy available
[    7.011078] systemd[1]: systemd 229 running in system mode. (+PAM -AUDIT -SELINUX +IMA -APPARMOR +SMACK +SYSVINIT +UTMP -LIBCRYPTSETUP -GCRYPT -GNUTLS +ACL +XZ -LZ4 -SECCOMP +BLKID -ELFUTILS +KMOD -IDN)
[    7.029401] systemd[1]: Detected architecture arm.
Welcome to [1mArago 2016.05[0m!
[    7.051013] systemd[1]: Set hostname to <k2hk-evm>.
[    7.058737] systemd[1]: Initializing machine ID from random generator.
[    7.266224] systemd[1]: Listening on udev Control Socket.
[[0;32m  OK  [0m] Listening on udev Control Socket.
[    7.290437] systemd[1]: Reached target Swap.
[[0;32m  OK  [0m] Reached target Swap.
[    7.310773] systemd[1]: Listening on Journal Socket.
[[0;32m  OK  [0m] Listening on Journal Socket.
[    7.330482] systemd[1]: Listening on udev Kernel Socket.
[[0;32m  OK  [0m] Listening on udev Kernel Socket.
[    7.360575] systemd[1]: Started Forward Password Requests to Wall Directory Watch.
[[0;32m  OK  [0m] Started Forward Password Requests to Wall Directory Watch.
[    7.390423] systemd[1]: Reached target Remote File Systems.
[[0;32m  OK  [0m] Reached target Remote File Systems.
[    7.420485] systemd[1]: Listening on Journal Socket (/dev/log).
[[0;32m  OK  [0m] Listening on Journal Socket (/dev/log).
[    7.450727] systemd[1]: Listening on /dev/initctl Compatibility Named Pipe.
[[0;32m  OK  [0m] Listening on /dev/initctl Compatibility Named Pipe.
[    7.481104] systemd[1]: Created slice System Slice.
[[0;32m  OK  [0m] Created slice System Slice.
[    7.500824] systemd[1]: Created slice system-getty.slice.
[[0;32m  OK  [0m] Created slice system-getty.slice.
[    7.570514] systemd[1]: Mounting Temporary Directory...
         Mounting Temporary Directory...
[    7.592233] systemd[1]: Starting Setup Virtual Console...
         Starting Setup Virtual Console...
[    7.620677] systemd[1]: Started Dispatch Password Requests to Console Directory Watch.
[[0;32m  OK  [0m] Started Dispatch Password Requests to Console Directory Watch.
[    7.650443] systemd[1]: Reached target Paths.
[[0;32m  OK  [0m] Reached target Paths.
[    7.700506] systemd[1]: Mounting Debug File System...
         Mounting Debug File System...
[    7.721197] systemd[1]: Created slice User and Session Slice.
[[0;32m  OK  [0m] Created slice User and Session Slice.
[    7.751982] systemd[1]: Starting Remount Root and Kernel File Systems...
         Starting Remount Root and Kernel File Systems...
[    7.768602] systemd[1]: Starting Apply Kernel Variables...
         Starting Apply Kernel Variables...
[    7.784054] systemd[1]: Listening on Syslog Socket.
[[0;32m  OK  [0m] Listening on Syslog Socket.
[    7.812629] systemd[1]: Starting Create Static Device Nodes in /dev...
         Starting Create Static Device Nodes in /dev...
[    7.840801] systemd[1]: Listening on Network Service Netlink Socket.
[[0;32m  OK  [0m] Listening on Network Service Netlink Socket.
[    7.870494] systemd[1]: Reached target Slices.
[[0;32m  OK  [0m] Reached target Slices.
[    7.920523] systemd[1]: Mounting POSIX Message Queue File System...
         Mounting POSIX Message Queue File System...
[    7.960985] systemd[1]: Starting Journal Service...
         Starting Journal Service...
[    7.981196] systemd[1]: Created slice system-serial\x2dgetty.slice.
[[0;32m  OK  [0m] Created slice system-serial\x2dgetty.slice.
[    8.043243] systemd[1]: Mounted Debug File System.
[[0;32m  OK  [0m] Mounted Debug File System.
[    8.070541] systemd[1]: Mounted POSIX Message Queue File System.
[[0;32m  OK  [0m] Mounted POSIX Message Queue File System.
[    8.100461] systemd[1]: Mounted Temporary Directory.
[[0;32m  OK  [0m] Mounted Temporary Directory.
[    8.120647] systemd[1]: Started Journal Service.
[[0;32m  OK  [0m] Started Journal Service.
[[0;32m  OK  [0m] Started Setup Virtual Console.
[[0;32m  OK  [0m] Started Remount Root and Kernel File Systems.
[[0;32m  OK  [0m] Started Apply Kernel Variables.
[[0;32m  OK  [0m] Started Create Static Device Nodes in /dev.
         Starting udev Kernel Device Manager...
         Starting Rebuild Dynamic Linker Cache...
         Starting Rebuild Hardware Database...
[[0;32m  OK  [0m] Reached target Local File Systems (Pre).
         Mounting /var/volatile...
         Mounting /media/ram...
         Starting Flush Journal to Persistent Storage...
[[0;32m  OK  [0m] Mounted /var/volatile.
[    8.474037] random: nonblocking pool is initialized
[[0;32m  OK  [0m] Mounted /media/ram.
[[0;32m  OK  [0m] Started udev Kernel Device Manager.
[[0;32m  OK  [0m] Started Rebuild Dynamic Linker Cache.
[    8.684457] systemd-journald[1220]: Received request to flush runtime journal from PID 1
[[0;32m  OK  [0m] Reached target Local File Systems.
         Starting Rebuild Journal Catalog...
         Starting Load/Save Random Seed...
[[0;32m  OK  [0m] Started Flush Journal to Persistent Storage.
[[0;32m  OK  [0m] Started Load/Save Random Seed.
[[0;32m  OK  [0m] Started Rebuild Journal Catalog.
         Starting Create Volatile Files and Directories...
[[0;32m  OK  [0m] Started Create Volatile Files and Directories.
         Starting Update UTMP about System Boot/Shutdown...
         Starting Opkg first boot configure...
         Starting Network Time Synchronization...
[[0;32m  OK  [0m] Started Update UTMP about System Boot/Shutdown.
[[0;32m  OK  [0m] Started Network Time Synchronization.
[[0;32m  OK  [0m] Reached target System Time Synchronized.
[[0;32m  OK  [0m] Started Opkg first boot configure.
[[0;32m  OK  [0m] Started Rebuild Hardware Database.
         Starting Update is Completed...
         Starting udev Coldplug all Devices...
[[0;32m  OK  [0m] Started Update is Completed.
[[0;32m  OK  [0m] Found device /dev/ttyS0.
[[0;32m  OK  [0m] Started udev Coldplug all Devices.
[[0;32m  OK  [0m] Reached target System Initialization.
[[0;32m  OK  [0m] Started Daily Cleanup of Temporary Directories.
[[0;32m  OK  [0m] Reached target Timers.
[[0;32m  OK  [0m] Listening on RPCbind Server Activation Socket.
[[0;32m  OK  [0m] Listening on D-Bus System Message Bus Socket.
[[0;32m  OK  [0m] Reached target Sockets.
[[0;32m  OK  [0m] Reached target Basic System.
         Starting telnetd.service...
         Starting Permit User Sessions...
[[0;32m  OK  [0m] Started System Logging Service.
[[0;32m  OK  [0m] Started D-Bus System Message Bus.
         Starting Network Service...
[[0;32m  OK  [0m] Started Kernel Logging Service.
         Starting Login Service...
[[0;32m  OK  [0m] Started telnetd.service.
[[0;32m  OK  [0m] Started Permit User Sessions.
[[0;32m  OK  [0m] Started Network Service.
[[0;32m  OK  [0m] Started System Logging Service.
[[0;32m  OK  [0m] Reached target Network.
[[0;32m  OK  [0m] Started Serial Getty on ttyS0.
[[0;32m  OK  [0m] Started Getty on tty1.
         Starting thttpd.service...
[[0;32m  OK  [0m] Started Login Service.
[[0;32m  OK  [0m] Started thttpd.service.
[[0;32m  OK  [0m] Started System Logging Service.
         Starting thermal-zone-init.service...
[[0;32m  OK  [0m] Started thermal-zone-init.service.
[[0;32m  OK  [0m] Started System Logging Service.
         Starting gplv3-notice.service...
[[0;32m  OK  [0m] Started System Logging Service.
[[0;1;31mFAILED[0m] Failed to start System Logging Service.
See 'systemctl status busybox-syslog.service' for details.
[[0;32m  OK  [0m] Started gplv3-notice.service.
 _____                    _____           _         _   
|  _  |___ ___ ___ ___   |  _  |___ ___  |_|___ ___| |_ 
|     |  _| .'| . | . |  |   __|  _| . | | | -_|  _|  _|
|__|__|_| |__,|_  |___|  |__|  |_| |___|_| |___|___|_|  
              |___|                    |___|            
Arago Project http://arago-project.org k2hk-evm ttyS0
Arago 2016.05 k2hk-evm ttyS0
k2hk-evm login: 
- 02:39:25 [INFO] Host: root
- 02:39:28 [INFO] Target: 
root
7[r[999;999H[6nroot@k2hk-evm:~# 
- 02:39:28 [INFO] Sleeping 15 secs to allow systemd to finish starting processes...
- 02:39:43 [INFO] Disconnected serial from k2l-evm
- 02:39:43 [INFO] Connected to k2l-evm via serial 
- 02:39:43 [INFO] Host: uname -a
- 02:39:44 [INFO] Target: 
uname -a
Linux k2hk-evm 4.7.0-rc1-next-20160602-00002-g3d35e2e00e80 #1 SMP PREEMPT Thu Jun 2 01:35:53 CDT 2016 armv7l GNU/Linux
root@k2hk-evm:~# 
- 02:39:44 [INFO] Host: cat /proc/cmdline
- 02:39:44 [INFO] Target: 
cat /proc/cmdline
console=ttyS0,115200n8 earlyprintk=serial,ttyS0,115200n8 rootwait  ip=:::::eth0:dhcp  root=/dev/nfs rw nfsroot=192.168.0.1:/home/tigtfarm11/NFS_exports/linux/k2l-evm/autofs/e11f9cfffbd6a2f88dd55a5118811c23,nolock,v3,tcp,rsize=4096,wsize=4096 
root@k2hk-evm:~# 
- 02:39:44 [INFO] Host: uname -a
- 02:39:44 [INFO] Target: 
uname -a
Linux k2hk-evm 4.7.0-rc1-next-20160602-00002-g3d35e2e00e80 #1 SMP PREEMPT Thu Jun 2 01:35:53 CDT 2016 armv7l GNU/Linux
root@k2hk-evm:~# 
- 02:39:44 [INFO] Host: cat /proc/mtd
- 02:39:44 [INFO] Target: 
cat /proc/mtd
dev:    size   erasesize  name
mtd0: 00080000 00001000 "u-boot-spl"
mtd1: 00f80000 00001000 "misc"
mtd2: 00100000 00040000 "u-boot"
mtd3: 00080000 00040000 "params"
mtd4: 7fe80000 00040000 "ubifs"
root@k2hk-evm:~# 
- 02:39:44 [INFO] Host: export IPERFHOST=192.168.0.1
- 02:39:44 [INFO] Target: 
export IPERFHOST=192.168.0.1
root@k2hk-evm:~# 
- 02:39:44 [INFO] Host: export NFS_SERVER=192.168.0.1
- 02:39:44 [INFO] Target: 
export NFS_SERVER=192.168.0.1
root@k2hk-evm:~# 
- 02:39:44 [INFO] Host: export NFS_ROOT_PATH=/home/tigtfarm11/NFS_exports/linux/k2l-evm
- 02:39:44 [INFO] Target: 
export NFS_ROOT_PATH=/home/tigtfarm11/NFS_exports/linux/k2l-evm 
[Aroot@k2hk-evm:~# export NFS_ROOT_PATH=/home/tigtfarm11/NFS_exports/linux/k2l-ev[Km
root@k2hk-evm:~# 
- 02:39:44 [INFO] Host: export AP_SSID=
- 02:39:45 [INFO] Target: 
export AP_SSID=
root@k2hk-evm:~# 
- 02:39:45 [INFO] Host: mkdir -p -m 777 /test
- 02:39:45 [INFO] Target: 
mkdir -p -m 777 /test
root@k2hk-evm:~# 
- 02:39:45 [INFO] Host: cd /test
- 02:39:45 [INFO] Target: 
cd /test
root@k2hk-evm:/test# 
- 02:39:45 [INFO] Host: cat > test.sh << EOF
- 02:39:45 [INFO] Target: 
cat > test.sh << EOF
- 02:39:45 [INFO] Host: failtest() {
- 02:39:45 [INFO] Target: 
failtest() {
- 02:39:45 [INFO] Host:   echo 1 >&3
- 02:39:45 [INFO] Target: 
>   echo 1 >&3
- 02:39:45 [INFO] Host: }
- 02:39:45 [INFO] Target: 
- 02:39:45 [INFO] Host: timeout=600
- 02:39:45 [INFO] Target: 
timeout=600
- 02:39:45 [INFO] Host: 
- 02:39:45 [INFO] Target: 
- 02:39:45 [INFO] Host: # Start of user's script logic
- 02:39:45 [INFO] Target: 
# Start of user's script logic
- 02:39:45 [INFO] Host: mount -t proc proc /proc 2>/dev/null;
- 02:39:45 [INFO] Target: 
mount -t proc proc /proc 2>/dev/null;
- 02:39:45 [INFO] Host: 
- 02:39:46 [INFO] Target: 
- 02:39:46 [INFO] Host: mount -t sysfs sys /sys 2>/dev/null;
- 02:39:46 [INFO] Target: 
mount -t sysfs sys /sys 2>/dev/null;
- 02:39:46 [INFO] Host: 
- 02:39:46 [INFO] Target: 
- 02:39:46 [INFO] Host: mount -t debugfs none /sys/kernel/debug 2>/dev/null;
- 02:39:46 [INFO] Target: 
mount -t debugfs none /sys/kernel/debug 2>/dev/null;
- 02:39:46 [INFO] Host: 
- 02:39:46 [INFO] Target: 
- 02:39:46 [INFO] Host: echo 'cpuinfo:';cat /proc/cpuinfo; echo '=======';
- 02:39:46 [INFO] Target: 
echo 'cpuinfo:';cat /proc/cpuinfo; echo '=======';
- 02:39:46 [INFO] Host: 
- 02:39:46 [INFO] Target: 
- 02:39:46 [INFO] Host: echo 'soc info:';head /sys/devices/soc0/* 2>/dev/null; echo '=======';
- 02:39:46 [INFO] Target: 
echo 'soc info:';head /sys/devices/soc0/* 2>/dev/null; echo '=======';
- 02:39:46 [INFO] Host: 
- 02:39:46 [INFO] Target: 
- 02:39:46 [INFO] Host: echo 'DT Model info'; head /proc/device-tree/name /proc/device-tree/model /proc/device-tree/compatible 2>/dev/null;echo; echo '=======';
- 02:39:46 [INFO] Target: 
echo 'DT Model info'; head /proc/device-tree/name /proc/device-tree/model /pro 
c/device-tree/compatible 2>/dev/null;echo; echo '=======';
- 02:39:46 [INFO] Host: 
- 02:39:47 [INFO] Target: 
- 02:39:47 [INFO] Host: echo 'interrupts:';cat /proc/interrupts; echo '=======';
- 02:39:47 [INFO] Target: 
echo 'interrupts:';cat /proc/interrupts; echo '=======';
- 02:39:47 [INFO] Host: 
- 02:39:47 [INFO] Target: 
- 02:39:47 [INFO] Host: echo 'Clk_summary:';cat /sys/kernel/debug/clk/clk_summary; echo '=======';
- 02:39:47 [INFO] Target: 
echo 'Clk_summary:';cat /sys/kernel/debug/clk/clk_summary; echo '=======';
- 02:39:47 [INFO] Host: 
- 02:39:47 [INFO] Target: 
- 02:39:47 [INFO] Host: echo "Available frequencies"; cat /sys/devices/system/cpu/cpu0/cpufreq/scaling_available_frequencies 2>/dev/null;echo '=======';
- 02:39:47 [INFO] Target: 
echo "Available frequencies"; cat /sys/devices/system/cpu/cpu0/cpufreq/scaling 
_available_frequencies 2>/dev/null;echo '=======';
- 02:39:47 [INFO] Host: 
- 02:39:47 [INFO] Target: 
- 02:39:47 [INFO] Host: TMPF=/tmp/a.\$\$; TMPF2=/tmp/b.\$\$; STR=""
- 02:39:47 [INFO] Target: 
TMPF=/tmp/a.\$\$; TMPF2=/tmp/b.\$\$; STR=""
- 02:39:47 [INFO] Host: 
- 02:39:47 [INFO] Target: 
- 02:39:47 [INFO] Host: cp /dev/kmsg \$TMPF &
- 02:39:47 [INFO] Target: 
cp /dev/kmsg \$TMPF &
- 02:39:47 [INFO] Host: 
- 02:39:48 [INFO] Target: 
- 02:39:48 [INFO] Host: PID=\$! ; sleep 5; kill -9 \$PID
- 02:39:48 [INFO] Target: 
PID=\$! ; sleep 5; kill -9 \$PID
- 02:39:48 [INFO] Host: 
- 02:39:48 [INFO] Target: 
- 02:39:48 [INFO] Host: 
- 02:39:48 [INFO] Target: 
- 02:39:48 [INFO] Host: 
- 02:39:48 [INFO] Target: 
- 02:39:48 [INFO] Host: cat \$TMPF|grep "^0">\$TMPF2; N=\`cat \$TMPF2|wc -l\`; if [ "\$N" -ne 0 ]; then STR="\$STR emerg=\$N";echo "===== EMERGE++";cat \$TMPF2|cut -d ';' -f2;echo "====="; fi
- 02:39:48 [INFO] Target: 
cat \$TMPF|grep "^0">\$TMPF2; N=\`cat \$TMPF2|wc -l\`; if [ "\$N" -ne 0 ]; the 
n STR="\$STR emerg=\$N";echo "===== EMERGE++";cat \$TMPF2|cut -d ';' -f2;echo "= 
===="; fi
- 02:39:48 [INFO] Host: 
- 02:39:48 [INFO] Target: 
- 02:39:48 [INFO] Host: cat \$TMPF|grep "^1">\$TMPF2; N=\`cat \$TMPF2|wc -l\`; if [ "\$N" -ne 0 ]; then STR="\$STR alert=\$N";echo "===== ALERT ==";cat \$TMPF2|cut -d ';' -f2;echo "====="; fi
- 02:39:48 [INFO] Target: 
cat \$TMPF|grep "^1">\$TMPF2; N=\`cat \$TMPF2|wc -l\`; if [ "\$N" -ne 0 ]; the 
n STR="\$STR alert=\$N";echo "===== ALERT ==";cat \$TMPF2|cut -d ';' -f2;echo "= 
===="; fi
- 02:39:48 [INFO] Host: 
- 02:39:48 [INFO] Target: 
- 02:39:48 [INFO] Host: cat \$TMPF|grep "^2">\$TMPF2; N=\`cat \$TMPF2|wc -l\`; if [ "\$N" -ne 0 ]; then STR="\$STR crit=\$N";echo "===== CRIT ==";cat \$TMPF2|cut -d ';' -f2;echo "====="; fi
- 02:39:48 [INFO] Target: 
cat \$TMPF|grep "^2">\$TMPF2; N=\`cat \$TMPF2|wc -l\`; if [ "\$N" -ne 0 ]; the 
n STR="\$STR crit=\$N";echo "===== CRIT ==";cat \$TMPF2|cut -d ';' -f2;echo "=== 
=="; fi
- 02:39:48 [INFO] Host: 
- 02:39:49 [INFO] Target: 
- 02:39:49 [INFO] Host: cat \$TMPF|grep "^3">\$TMPF2; N=\`cat \$TMPF2|wc -l\`; if [ "\$N" -ne 0 ]; then STR="\$STR err=\$N";echo "===== ERR ==";cat \$TMPF2|cut -d ';' -f2;echo "=====" ;fi
- 02:39:49 [INFO] Target: 
cat \$TMPF|grep "^3">\$TMPF2; N=\`cat \$TMPF2|wc -l\`; if [ "\$N" -ne 0 ]; the 
n STR="\$STR err=\$N";echo "===== ERR ==";cat \$TMPF2|cut -d ';' -f2;echo "===== 
" ;fi
- 02:39:49 [INFO] Host: 
- 02:39:49 [INFO] Target: 
- 02:39:49 [INFO] Host: cat \$TMPF|grep "^4">\$TMPF2; N=\`cat \$TMPF2|wc -l\`; if [ "\$N" -ne 0 ]; then STR="\$STR warn=\$N";echo "===== WARN ==";cat \$TMPF2|cut -d ';' -f2;echo "=====" ;fi
- 02:39:49 [INFO] Target: 
cat \$TMPF|grep "^4">\$TMPF2; N=\`cat \$TMPF2|wc -l\`; if [ "\$N" -ne 0 ]; the 
n STR="\$STR warn=\$N";echo "===== WARN ==";cat \$TMPF2|cut -d ';' -f2;echo "=== 
==" ;fi
- 02:39:49 [INFO] Host: 
- 02:39:49 [INFO] Target: 
- 02:39:49 [INFO] Host: rm \$TMPF \$TMPF2; echo "SUM""MARY RESULT: BOOT:" 'PASS: H''ello World' 'B''oard' "Booted" "Boot Log has::::\$STR:"
- 02:39:49 [INFO] Target: 
rm \$TMPF \$TMPF2; echo "SUM""MARY RESULT: BOOT:" 'PASS: H''ello World' 'B''oa 
rd' "Booted" "Boot Log has::::\$STR:"
- 02:39:49 [INFO] Host: 
- 02:39:49 [INFO] Target: 
- 02:39:49 [INFO] Host: EOF
- 02:39:55 [INFO] Target: 
root@k2hk-evm:/test# 
- 02:39:55 [INFO] Host: cd /test
- 02:39:55 [INFO] Target: 
cd /test
root@k2hk-evm:/test# 
- 02:39:55 [INFO] Host: chmod +x test.sh
- 02:39:55 [INFO] Target: 
chmod +x test.sh
root@k2hk-evm:/test# 
- 02:39:55 [INFO] Host: ./test.sh 2> stderr.log > stdout.log 3> result.log
- 02:40:01 [INFO] Target: 
./test.sh 2> stderr.log > stdout.log 3> result.log
root@k2hk-evm:/test# 
- 02:40:01 [INFO] Host: echo $?
- 02:40:01 [INFO] Target: 
echo $?
root@k2hk-evm:/test# 
- 02:40:01 [INFO] Host: cd /test
- 02:40:02 [INFO] Target: 
cd /test
root@k2hk-evm:/test# 
- 02:40:02 [INFO] Host: cat stdout.log
- 02:40:03 [INFO] Target: 
cat stdout.log
cpuinfo:
processor	: 0
model name	: ARMv7 Processor rev 4 (v7l)
BogoMIPS	: 399.36
Features	: half thumb fastmult vfp edsp neon vfpv3 tls vfpv4 idiva idivt vfpd32 lpae evtstrm 
CPU implementer	: 0x41
CPU architecture: 7
CPU variant	: 0x2
CPU part	: 0xc0f
CPU revision	: 4
processor	: 1
model name	: ARMv7 Processor rev 4 (v7l)
BogoMIPS	: 399.36
Features	: half thumb fastmult vfp edsp neon vfpv3 tls vfpv4 idiva idivt vfpd32 lpae evtstrm 
CPU implementer	: 0x41
CPU architecture: 7
CPU variant	: 0x2
CPU part	: 0xc0f
CPU revision	: 4
Hardware	: Keystone
Revision	: 0000
Serial		: 0000000000000000
=======
soc info:
=======
DT Model info
==> /proc/device-tree/name <==
==> /proc/device-tree/model <==
Texas Instruments Keystone 2 Lamarr EVM
==> /proc/device-tree/compatible <==
ti,k2l-evmti,k2lti,keystone
=======
interrupts:
           CPU0       CPU1       
 19:       7072       5301     GIC-0  27 Edge      arch_timer
 21:          0          0     GIC-0 142 Edge      timer-keystone
 26:       1528          0     GIC-0 309 Edge      serial
 28:          0          0     GIC-0 315 Edge      2530000.i2c
 29:          0          0     GIC-0 318 Edge      2530400.i2c
 30:          0          0     GIC-0 321 Edge      2530800.i2c
 31:          7          0     GIC-0 324 Edge      21000400.spi
 32:          0          0     GIC-0 328 Edge      21000600.spi
 33:        160          0     GIC-0 425 Edge      2680000.usb, xhci-hcd:usb1
 77:      16502          0     GIC-0  80 Level     hwqueue-528
 79:      21370          0     GIC-0  82 Level     hwqueue-530
IPI0:          0          0  CPU wakeup interrupts
IPI1:          0          0  Timer broadcast interrupts
IPI2:       2603      11682  Rescheduling interrupts
IPI3:         84         83  Function call interrupts
IPI4:          0          0  CPU stop interrupts
IPI5:          0          0  IRQ work interrupts
IPI6:          0          0  completion interrupts
Err:          0
=======
Clk_summary:
   clock                         enable_cnt  prepare_cnt        rate   accuracy   phase
----------------------------------------------------------------------------------------
 refclk-sys                               2            2   122880000          0 0  
    ddr3apllclk                           0            0   491520000          0 0  
    papllclk                              2            2   983040000          0 0  
       paclk13                            1            1   327680000          0 0  
          pa                              1            1   327680000          0 0  
             sa                           0            0   327680000          0 0  
             cpgmac                       1            1   327680000          0 0  
    mainpllclk                            1            1  1198080000          0 0  
       mainmuxclk                         1            1  1198080000          0 0  
          chipstmxptclk                   0            0    49920000          0 0  
          gemtraceclk                     0            0   599040000          0 0  
          chipclk1rstiso                  0            0  1198080000          0 0  
             chipclk1rstiso112            0            0    99840000          0 0  
                sr                        0            0    99840000          0 0  
             chipclk1rstiso16             0            0   199680000          0 0  
             chipclk1rstiso14             0            0   299520000          0 0  
             chipclk1rstiso13             0            0   399360000          0 0  
          chipclk1                        2            2  1198080000          0 0  
             gem3                         0            0  1198080000          0 0  
             gem2                         0            0  1198080000          0 0  
             gem1                         0            0  1198080000          0 0  
             gem0                         0            0  1198080000          0 0  
             chipclk114                   0            0    49920000          0 0  
             chipclk112                   0            0    99840000          0 0  
             chipclk16                    3            3   199680000          0 0  
                aemif-spi                 2            2   199680000          0 0  
                   spi                    2            4   199680000          0 0  
                   aemif                  2            4   199680000          0 0  
                usb                       1            2   199680000          0 0  
                modrst0                   8            8   199680000          0 0  
                   uart3                  1            2   199680000          0 0  
                   uart2                  1            2   199680000          0 0  
                   keymgr                 0            0   199680000          0 0  
                   gpio                   1            2   199680000          0 0  
                   i2c                    3            6   199680000          0 0  
                   usim                   0            0   199680000          0 0  
                   uart1                  1            2   199680000          0 0  
                   uart0                  1            2   199680000          0 0  
                   timer15                1            2   199680000          0 0  
                   timer3                 0            0   199680000          0 0  
                   timer2                 0            0   199680000          0 0  
                   timer1                 0            0   199680000          0 0  
                   timer0                 1            2   199680000          0 0  
             chipclk14                    0            0   299520000          0 0  
             chipclk13                    2            2   399360000          0 0  
                iqn-ail                   0            0   399360000          0 0  
                fftc-1                    0            0   399360000          0 0  
                dfe-pd1                   0            0   399360000          0 0  
                bcp                       0            0   399360000          0 0  
                vcp-3                     0            0   399360000          0 0  
                vcp-2                     0            0   399360000          0 0  
                vcp-1                     0            0   399360000          0 0  
                vcp-0                     0            0   399360000          0 0  
                tcp3d-1                   0            0   399360000          0 0  
                tcp3d-0                   0            0   399360000          0 0  
                osr                       1            1   399360000          0 0  
                fftc-0                    0            0   399360000          0 0  
                dfe-pd0                   0            0   399360000          0 0  
                rac                       0            0   399360000          0 0  
                tac                       0            0   399360000          0 0  
                tetb-trc                  0            0   399360000          0 0  
                debugss-trc               0            0   399360000          0 0  
             chipclk12                    0            0   599040000          0 0  
                dfe                       0            0   599040000          0 0  
                ddr3-0                    0            0   599040000          0 0  
                pcie                      0            0   599040000          0 0  
    armpllclk                             0            0  1198080000          0 0  
=======
Available frequencies
=======
===== ERR ==
/cpus/cpu@0 missing clock-frequency property
/cpus/cpu@1 missing clock-frequency property
platform alarmtimer: set dma_pfn_offset00780000
keystone-navigator-qmss soc:qmss@2a40000: failed to get firmware for pdsp
keystone-navigator-qmss soc:qmss@2a40000: pdsp id 0 not started for range acc-low-0
platform serial8250: set dma_pfn_offset00780000
platform xhci-hcd.0.auto: set dma_pfn_offset00780000
platform oprofile-perf.0: set dma_pfn_offset00780000
systemd[1]: System time before build time, advancing clock.
systemd[1]: systemd 229 running in system mode. (+PAM -AUDIT -SELINUX +IMA -APPARMOR +SMACK +SYSVINIT +UTMP -LIBCRYPTSETUP -GCRYPT -GNUTLS +ACL +XZ -LZ4 -SECCOMP +BLKID -ELFUTILS +KMOD -IDN)
systemd[1]: Detected architecture arm.
systemd[1]: Set hostname to <k2hk-evm>.
systemd[1]: Initializing machine ID from random generator.
systemd[1]: Listening on udev Control Socket.
systemd[1]: Reached target Swap.
systemd[1]: Listening on Journal Socket.
systemd[1]: Listening on udev Kernel Socket.
systemd[1]: Started Forward Password Requests to Wall Directory Watch.
systemd[1]: Reached target Remote File Systems.
systemd[1]: Listening on Journal Socket (/dev/log).
systemd[1]: Listening on /dev/initctl Compatibility Named Pipe.
systemd[1]: Created slice System Slice.
systemd[1]: Created slice system-getty.slice.
systemd[1]: Mounting Temporary Directory...
systemd[1]: Starting Setup Virtual Console...
systemd[1]: Started Dispatch Password Requests to Console Directory Watch.
systemd[1]: Reached target Paths.
systemd[1]: Mounting Debug File System...
systemd[1]: Created slice User and Session Slice.
systemd[1]: Starting Remount Root and Kernel File Systems...
systemd[1]: Starting Apply Kernel Variables...
systemd[1]: Listening on Syslog Socket.
systemd[1]: Starting Create Static Device Nodes in /dev...
systemd[1]: Listening on Network Service Netlink Socket.
systemd[1]: Reached target Slices.
systemd[1]: Mounting POSIX Message Queue File System...
systemd[1]: Starting Journal Service...
systemd[1]: Created slice system-serial\x5cx2dgetty.slice.
systemd[1]: Mounted Debug File System.
systemd[1]: Mounted POSIX Message Queue File System.
systemd[1]: Mounted Temporary Directory.
systemd[1]: Started Journal Service.
=====
===== WARN ==
workingset: timestamp_bits=28 max_order=19 bucket_order=0
netcp-1.0 2620110.netcp: module(netcp-xgbe) not used for device
nand: WARNING: 30000000.nand: the ECC used on your system is too weak compared to the one required by the NAND chip
systemd-journald[1220]: Received request to flush runtime journal from PID 1
=====
SUMMARY RESULT: BOOT: PASS: Hello World Board Booted Boot Log has:::: err=42 warn=4:
root@k2hk-evm:/test# 
- 02:40:03 [INFO] Host: cat stderr.log
- 02:40:03 [INFO] Target: 
cat stderr.log
./test.sh: line 31:  2414 Killed                  cp /dev/kmsg $TMPF
root@k2hk-evm:/test# 
- 02:40:03 [INFO] Host: cat result.log
- 02:40:05 [ERROR] On command: cat result.log waiting for cat result.log.+?(?m-ix:^1[\0\n\r]+) >>> error: execution expired
- 02:40:05 [INFO] Target: 
cat result.log
root@k2hk-evm:/test# 
- 02:40:05 [INFO] Host: cd /test
- 02:40:05 [INFO] Target: 
cd /test
root@k2hk-evm:/test# 
URL:gtsystest.telogy.design.ti.com/vatf/tigtfarm11/tigtfarm11_vatf@k2l-evm/tigtfarm1106_02_2016_02_38_19/files/session_iteration_1/test_1
