- 20:46:09 [INFO] Starting target session
- 20:46:09 [INFO] Connected to k2l-evm via serial 
- 20:46:09 [INFO] Host: #check prompt
- 20:46:12 [ERROR] On command: #check prompt waiting for #check prompt.+?(?-mix:((?-mix:login:)|[Pp]assword)) >>> error: execution expired
- 20:46:12 [INFO] Target: 
- 20:46:12 [INFO] Host: #check prompt
- 20:46:14 [ERROR] On command: #check prompt waiting for #check prompt.+?(?-mix:root@.+[@:#]+) >>> error: execution expired
- 20:46:14 [INFO] Target: 
- 20:46:14 [INFO] Host: #check prompt
- 20:46:16 [ERROR] On command: #check prompt waiting for #check prompt.+?(?-mix:root@.+[@:#]+) >>> error: execution expired
- 20:46:16 [INFO] Target: 
- 20:46:16 [INFO] Host: #check prompt
- 20:46:18 [ERROR] On command: #check prompt waiting for #check prompt.+?(?-mix:root@.+[@:#]+) >>> error: execution expired
- 20:46:18 [INFO] Target: 
- 20:46:18 [INFO] Disconnected serial from k2l-evm
- 20:46:19 [INFO] Connected to k2l-evm via serial 
- 20:46:19 [INFO] Host: 
- 20:46:24 [INFO] Target: 
U-Boot SPL 2015.07 (Dec 10 2015 - 05:29:57)
U-Boot 2015.07 (Dec 10 2015 - 05:29:57 -0500)
CPU: 66AK2Lx SR1.0
I2C:   ready
DRAM:  DRAM: 2 GiB
Clear entire DDR3 memory to enable ECC
2 GiB
NAND:  2048 MiB
Net:   Phy 2 not found
Phy 3 not found
K2L_EMAC, K2L_EMAC1, K2L_EMAC2
Error: K2L_EMAC2 address not set.
, K2L_EMAC3
Error: K2L_EMAC3 address not set.
Hit any key to stop autoboot:  1  0 
U-Boot# 
U-Boot# 
U-Boot# 
U-Boot# 
U-Boot# 
U-Boot# 
U-Boot# 
U-Boot# 
U-Boot# 
U-Boot# 
U-Boot# 
U-Boot# 
U-Boot# 
- 20:46:24 [INFO] Host: 
- 20:46:25 [INFO] Target: 
U-Boot# 
- 20:46:25 [INFO] Host: version
- 20:46:25 [INFO] Target: 
version
U-Boot 2015.07 (Dec 10 2015 - 05:29:57 -0500)
arm-linux-gnueabihf-gcc (Linaro GCC 4.9-2015.05) 4.9.3 20150413 (prerelease)
GNU ld (GNU Binutils) Linaro 2014.11-3-git 2.24.0.20141017
U-Boot# 
- 20:46:25 [INFO] Host: setenv bootargs 'console=ttyS0,115200n8 earlyprintk rootwait '
- 20:46:25 [INFO] Target: 
setenv bootargs 'console=ttyS0,115200n8 earlyprintk rootwait '
U-Boot# 
- 20:46:25 [INFO] Host: setenv bootcmd  ''
- 20:46:25 [INFO] Target: 
setenv bootcmd  ''
U-Boot# 
- 20:46:25 [INFO] Host: setenv autoload 'no'
- 20:46:25 [INFO] Target: 
setenv autoload 'no'
U-Boot# 
- 20:46:25 [INFO] Host: setenv serverip '192.168.0.1'
- 20:46:25 [INFO] Target: 
setenv serverip '192.168.0.1'
U-Boot# 
- 20:46:25 [INFO] Host: printenv
- 20:46:25 [INFO] Target: 
printenv
addr_mon=0x0c140000
addr_secdb_key=0xc000000
addr_ubi=0x82000000
arch=arm
args_all=setenv bootargs console=ttyS0,115200n8 rootwait=1
args_net=setenv bootargs ${bootargs} rootfstype=nfs root=/dev/nfs rw nfsroot=${serverip}:${nfs_root},${nfs_options} ip=dhcp
args_ramfs=setenv bootargs ${bootargs} rdinit=/sbin/init rw root=/dev/ram0 initrd=0x802000000,9M
args_ubi=setenv bootargs ${bootargs} rootfstype=ubifs root=ubi0:rootfs rootflags=sync rw ubi.mtd=ubifs,4096
autoload=no
baudrate=115200
board=ks2_evm
board_name=ks2_evm
boot=ubi
bootargs=console=ttyS0,115200n8 earlyprintk rootwait 
bootcmd=
bootdelay=1
bootm_size=0x10000000
burn_ubi=nand erase.part ubifs; nand write ${addr_ubi} ubifs ${filesize}
burn_uboot_nand=nand erase 0 0x100000; nand write ${loadaddr} 0 ${filesize}
burn_uboot_spi=sf probe; sf erase 0 0x100000; sf write ${loadaddr} 0 ${filesize}
cpu=armv7
eth1addr=b4:99:4c:91:2a:fa
ethact=K2L_EMAC
ethaddr=b4:99:4c:91:2a:fa
fdt_addr_r=0x88000000
fdtaddr=0x88000000
get_fdt_net=dhcp ${fdtaddr} ${tftp_root}/${name_fdt}
get_fdt_ramfs=dhcp ${fdtaddr} ${tftp_root}/${name_fdt}
get_fdt_ubi=ubifsload ${fdtaddr} ${name_fdt}
get_fs_ramfs=dhcp ${rdaddr} ${tftp_root}/${name_fs}
get_kern_net=dhcp ${loadaddr} ${tftp_root}/${name_kern}
get_kern_ramfs=dhcp ${loadaddr} ${tftp_root}/${name_kern}
get_kern_ubi=ubifsload ${loadaddr} ${name_kern}
get_mon_net=dhcp ${addr_mon} ${tftp_root}/${name_mon}
get_mon_ramfs=dhcp ${addr_mon} ${tftp_root}/${name_mon}
get_mon_ubi=ubifsload ${addr_mon} ${name_mon}
get_ubi_net=dhcp ${addr_ubi} ${tftp_root}/${name_ubi}
get_uboot_net=dhcp ${loadaddr} ${tftp_root}/${name_uboot}
init_net=run args_all args_net
init_ramfs=run args_all args_ramfs get_fs_ramfs
init_ubi=run args_all args_ubi; ubi part ubifs; ubifsmount ubi:boot;ubifsload ${addr_secdb_key} securedb.key.bin;
kernel_addr_r=0x82000000
loadaddr=0x82000000
mem_lpae=1
mem_reserve=512M
mtdparts=mtdparts=davinci_nand.0:1024k(bootloader)ro,512k(params)ro,-(ubifs)
name_fdt=k2l-evm.dtb
name_fs=arago-console-image-k2l-evm.cpio.gz
name_kern=zImage
name_mon=skern-k2l.bin
name_ubi=k2l-evm-ubifs.ubi
name_uboot=u-boot-k2l-spi.gph
nfs_options=v3,tcp,rsize=4096,wsize=4096
nfs_root=/export
no_post=1
ramdisk_addr_r=0x88080000
rdaddr=0x88080000
run_kern=bootz ${loadaddr} - ${fdtaddr}
run_mon=mon_install ${addr_mon}
serverip=192.168.0.1
soc=keystone
stderr=serial
stdin=serial
stdout=serial
tftp_root=/
vendor=ti
ver=U-Boot 2015.07 (Dec 10 2015 - 05:29:57 -0500)
Environment size: 2585/262140 bytes
U-Boot# 
- 20:46:25 [INFO] Host: setenv _initramfs -
- 20:46:25 [INFO] Target: 
setenv _initramfs -
U-Boot# 
- 20:46:25 [INFO] Host: printenv
- 20:46:26 [INFO] Target: 
printenv
_initramfs=-
addr_mon=0x0c140000
addr_secdb_key=0xc000000
addr_ubi=0x82000000
arch=arm
args_all=setenv bootargs console=ttyS0,115200n8 rootwait=1
args_net=setenv bootargs ${bootargs} rootfstype=nfs root=/dev/nfs rw nfsroot=${serverip}:${nfs_root},${nfs_options} ip=dhcp
args_ramfs=setenv bootargs ${bootargs} rdinit=/sbin/init rw root=/dev/ram0 initrd=0x802000000,9M
args_ubi=setenv bootargs ${bootargs} rootfstype=ubifs root=ubi0:rootfs rootflags=sync rw ubi.mtd=ubifs,4096
autoload=no
baudrate=115200
board=ks2_evm
board_name=ks2_evm
boot=ubi
bootargs=console=ttyS0,115200n8 earlyprintk rootwait 
bootcmd=
bootdelay=1
bootm_size=0x10000000
burn_ubi=nand erase.part ubifs; nand write ${addr_ubi} ubifs ${filesize}
burn_uboot_nand=nand erase 0 0x100000; nand write ${loadaddr} 0 ${filesize}
burn_uboot_spi=sf probe; sf erase 0 0x100000; sf write ${loadaddr} 0 ${filesize}
cpu=armv7
eth1addr=b4:99:4c:91:2a:fa
ethact=K2L_EMAC
ethaddr=b4:99:4c:91:2a:fa
fdt_addr_r=0x88000000
fdtaddr=0x88000000
get_fdt_net=dhcp ${fdtaddr} ${tftp_root}/${name_fdt}
get_fdt_ramfs=dhcp ${fdtaddr} ${tftp_root}/${name_fdt}
get_fdt_ubi=ubifsload ${fdtaddr} ${name_fdt}
get_fs_ramfs=dhcp ${rdaddr} ${tftp_root}/${name_fs}
get_kern_net=dhcp ${loadaddr} ${tftp_root}/${name_kern}
get_kern_ramfs=dhcp ${loadaddr} ${tftp_root}/${name_kern}
get_kern_ubi=ubifsload ${loadaddr} ${name_kern}
get_mon_net=dhcp ${addr_mon} ${tftp_root}/${name_mon}
get_mon_ramfs=dhcp ${addr_mon} ${tftp_root}/${name_mon}
get_mon_ubi=ubifsload ${addr_mon} ${name_mon}
get_ubi_net=dhcp ${addr_ubi} ${tftp_root}/${name_ubi}
get_uboot_net=dhcp ${loadaddr} ${tftp_root}/${name_uboot}
init_net=run args_all args_net
init_ramfs=run args_all args_ramfs get_fs_ramfs
init_ubi=run args_all args_ubi; ubi part ubifs; ubifsmount ubi:boot;ubifsload ${addr_secdb_key} securedb.key.bin;
kernel_addr_r=0x82000000
loadaddr=0x82000000
mem_lpae=1
mem_reserve=512M
mtdparts=mtdparts=davinci_nand.0:1024k(bootloader)ro,512k(params)ro,-(ubifs)
name_fdt=k2l-evm.dtb
name_fs=arago-console-image-k2l-evm.cpio.gz
name_kern=zImage
name_mon=skern-k2l.bin
name_ubi=k2l-evm-ubifs.ubi
name_uboot=u-boot-k2l-spi.gph
nfs_options=v3,tcp,rsize=4096,wsize=4096
nfs_root=/export
no_post=1
ramdisk_addr_r=0x88080000
rdaddr=0x88080000
run_kern=bootz ${loadaddr} - ${fdtaddr}
run_mon=mon_install ${addr_mon}
serverip=192.168.0.1
soc=keystone
stderr=serial
stdin=serial
stdout=serial
tftp_root=/
vendor=ti
ver=U-Boot 2015.07 (Dec 10 2015 - 05:29:57 -0500)
Environment size: 2600/262140 bytes
U-Boot# 
- 20:46:26 [INFO] Host: setenv bootargs ''${bootargs}' ip=:::::eth0:dhcp '
- 20:46:26 [INFO] Target: 
setenv bootargs ''${bootargs}' ip=:::::eth0:dhcp '
U-Boot# 
- 20:46:26 [INFO] Host: setenv serverip '192.168.0.1'
- 20:46:26 [INFO] Target: 
setenv serverip '192.168.0.1'
U-Boot# 
- 20:46:26 [INFO] Host: setenv autoload 'no'
- 20:46:26 [INFO] Target: 
setenv autoload 'no'
U-Boot# 
- 20:46:26 [INFO] Host: dhcp
- 20:46:29 [INFO] Target: 
dhcp
K2L_EMAC Waiting for SGMII auto negotiation to complete.. done
K2L_EMAC Waiting for PHY auto negotiation to complete. done
BOOTP broadcast 1
BOOTP broadcast 2
BOOTP broadcast 3
DHCP client bound to address 192.168.0.124 (1255 ms)
U-Boot# 
- 20:46:29 [INFO] Host: tftp ${loadaddr} 192.168.0.1:vatf_k2l-evm/2987781df2bbc38eac0abfaa58af8fbf
- 20:46:32 [INFO] Target: 
tftp ${loadaddr} 192.168.0.1:vatf_k2l-evm/2987781df2bbc38eac0abfaa58af8fbf
K2L_EMAC Waiting for SGMII auto negotiation to complete. done
Using K2L_EMAC device
TFTP from server 192.168.0.1; our IP address is 192.168.0.124
Filename 'vatf_k2l-evm/2987781df2bbc38eac0abfaa58af8fbf'.
Load address: 0x82000000
Loading: *#################################################################
	 #################################################################
	 #################################################################
	 #################################################################
	 ############################
	 2.7 MiB/s
done
Bytes transferred = 4213368 (404a78 hex)
U-Boot# 
- 20:46:32 [INFO] Host: tftp ${fdtaddr} 192.168.0.1:vatf_k2l-evm/463c46f2d3fd15c1ab2a5d541b54f0f6
- 20:46:33 [INFO] Target: 
tftp ${fdtaddr} 192.168.0.1:vatf_k2l-evm/463c46f2d3fd15c1ab2a5d541b54f0f6
K2L_EMAC Waiting for SGMII auto negotiation to complete. done
Using K2L_EMAC device
TFTP from server 192.168.0.1; our IP address is 192.168.0.124
Filename 'vatf_k2l-evm/463c46f2d3fd15c1ab2a5d541b54f0f6'.
Load address: 0x88000000
Loading: *##
	 2.3 MiB/s
done
Bytes transferred = 24579 (6003 hex)
U-Boot# 
- 20:46:33 [INFO] Host: tftp ${addr_mon} 192.168.0.1:vatf_k2l-evm/c5faba4e35639f0365e84be09a6f1b33
- 20:46:34 [INFO] Target: 
tftp ${addr_mon} 192.168.0.1:vatf_k2l-evm/c5faba4e35639f0365e84be09a6f1b33
K2L_EMAC Waiting for SGMII auto negotiation to complete. done
Using K2L_EMAC device
TFTP from server 192.168.0.1; our IP address is 192.168.0.124
Filename 'vatf_k2l-evm/c5faba4e35639f0365e84be09a6f1b33'.
Load address: 0xc140000
Loading: *####
	 2.7 MiB/s
done
Bytes transferred = 45056 (b000 hex)
U-Boot# 
- 20:46:34 [INFO] Host: printenv
- 20:46:35 [INFO] Target: 
printenv
_initramfs=-
addr_mon=0x0c140000
addr_secdb_key=0xc000000
addr_ubi=0x82000000
arch=arm
args_all=setenv bootargs console=ttyS0,115200n8 rootwait=1
args_net=setenv bootargs ${bootargs} rootfstype=nfs root=/dev/nfs rw nfsroot=${serverip}:${nfs_root},${nfs_options} ip=dhcp
args_ramfs=setenv bootargs ${bootargs} rdinit=/sbin/init rw root=/dev/ram0 initrd=0x802000000,9M
args_ubi=setenv bootargs ${bootargs} rootfstype=ubifs root=ubi0:rootfs rootflags=sync rw ubi.mtd=ubifs,4096
autoload=no
baudrate=115200
board=ks2_evm
board_name=ks2_evm
boot=ubi
bootargs=console=ttyS0,115200n8 earlyprintk rootwait  ip=:::::eth0:dhcp 
bootcmd=
bootdelay=1
bootm_size=0x10000000
burn_ubi=nand erase.part ubifs; nand write ${addr_ubi} ubifs ${filesize}
burn_uboot_nand=nand erase 0 0x100000; nand write ${loadaddr} 0 ${filesize}
burn_uboot_spi=sf probe; sf erase 0 0x100000; sf write ${loadaddr} 0 ${filesize}
cpu=armv7
dnsip=192.0.2.2
dnsip2=192.0.2.3
eth1addr=b4:99:4c:91:2a:fa
ethact=K2L_EMAC
ethaddr=b4:99:4c:91:2a:fa
fdt_addr_r=0x88000000
fdtaddr=0x88000000
fileaddr=c140000
filesize=b000
get_fdt_net=dhcp ${fdtaddr} ${tftp_root}/${name_fdt}
get_fdt_ramfs=dhcp ${fdtaddr} ${tftp_root}/${name_fdt}
get_fdt_ubi=ubifsload ${fdtaddr} ${name_fdt}
get_fs_ramfs=dhcp ${rdaddr} ${tftp_root}/${name_fs}
get_kern_net=dhcp ${loadaddr} ${tftp_root}/${name_kern}
get_kern_ramfs=dhcp ${loadaddr} ${tftp_root}/${name_kern}
get_kern_ubi=ubifsload ${loadaddr} ${name_kern}
get_mon_net=dhcp ${addr_mon} ${tftp_root}/${name_mon}
get_mon_ramfs=dhcp ${addr_mon} ${tftp_root}/${name_mon}
get_mon_ubi=ubifsload ${addr_mon} ${name_mon}
get_ubi_net=dhcp ${addr_ubi} ${tftp_root}/${name_ubi}
get_uboot_net=dhcp ${loadaddr} ${tftp_root}/${name_uboot}
init_net=run args_all args_net
init_ramfs=run args_all args_ramfs get_fs_ramfs
init_ubi=run args_all args_ubi; ubi part ubifs; ubifsmount ubi:boot;ubifsload ${addr_secdb_key} securedb.key.bin;
ipaddr=192.168.0.124
kernel_addr_r=0x82000000
loadaddr=0x82000000
mem_lpae=1
mem_reserve=512M
mtdparts=mtdparts=davinci_nand.0:1024k(bootloader)ro,512k(params)ro,-(ubifs)
name_fdt=k2l-evm.dtb
name_fs=arago-console-image-k2l-evm.cpio.gz
name_kern=zImage
name_mon=skern-k2l.bin
name_ubi=k2l-evm-ubifs.ubi
name_uboot=u-boot-k2l-spi.gph
netmask=255.255.255.0
nfs_options=v3,tcp,rsize=4096,wsize=4096
nfs_root=/export
no_post=1
ramdisk_addr_r=0x88080000
rdaddr=0x88080000
run_kern=bootz ${loadaddr} - ${fdtaddr}
run_mon=mon_install ${addr_mon}
serverip=192.168.0.1
soc=keystone
stderr=serial
stdin=serial
stdout=serial
tftp_root=/
vendor=ti
ver=U-Boot 2015.07 (Dec 10 2015 - 05:29:57 -0500)
Environment size: 2738/262140 bytes
U-Boot# 
- 20:46:35 [INFO] Host: setenv bootcmd ''${bootcmd}' mon_install ${addr_mon};'
- 20:46:35 [INFO] Target: 
setenv bootcmd ''${bootcmd}' mon_install ${addr_mon};'
U-Boot# 
- 20:46:35 [INFO] Host: printenv
- 20:46:35 [INFO] Target: 
printenv
_initramfs=-
addr_mon=0x0c140000
addr_secdb_key=0xc000000
addr_ubi=0x82000000
arch=arm
args_all=setenv bootargs console=ttyS0,115200n8 rootwait=1
args_net=setenv bootargs ${bootargs} rootfstype=nfs root=/dev/nfs rw nfsroot=${serverip}:${nfs_root},${nfs_options} ip=dhcp
args_ramfs=setenv bootargs ${bootargs} rdinit=/sbin/init rw root=/dev/ram0 initrd=0x802000000,9M
args_ubi=setenv bootargs ${bootargs} rootfstype=ubifs root=ubi0:rootfs rootflags=sync rw ubi.mtd=ubifs,4096
autoload=no
baudrate=115200
board=ks2_evm
board_name=ks2_evm
boot=ubi
bootargs=console=ttyS0,115200n8 earlyprintk rootwait  ip=:::::eth0:dhcp 
bootcmd= mon_install ${addr_mon};
bootdelay=1
bootm_size=0x10000000
burn_ubi=nand erase.part ubifs; nand write ${addr_ubi} ubifs ${filesize}
burn_uboot_nand=nand erase 0 0x100000; nand write ${loadaddr} 0 ${filesize}
burn_uboot_spi=sf probe; sf erase 0 0x100000; sf write ${loadaddr} 0 ${filesize}
cpu=armv7
dnsip=192.0.2.2
dnsip2=192.0.2.3
eth1addr=b4:99:4c:91:2a:fa
ethact=K2L_EMAC
ethaddr=b4:99:4c:91:2a:fa
fdt_addr_r=0x88000000
fdtaddr=0x88000000
fileaddr=c140000
filesize=b000
get_fdt_net=dhcp ${fdtaddr} ${tftp_root}/${name_fdt}
get_fdt_ramfs=dhcp ${fdtaddr} ${tftp_root}/${name_fdt}
get_fdt_ubi=ubifsload ${fdtaddr} ${name_fdt}
get_fs_ramfs=dhcp ${rdaddr} ${tftp_root}/${name_fs}
get_kern_net=dhcp ${loadaddr} ${tftp_root}/${name_kern}
get_kern_ramfs=dhcp ${loadaddr} ${tftp_root}/${name_kern}
get_kern_ubi=ubifsload ${loadaddr} ${name_kern}
get_mon_net=dhcp ${addr_mon} ${tftp_root}/${name_mon}
get_mon_ramfs=dhcp ${addr_mon} ${tftp_root}/${name_mon}
get_mon_ubi=ubifsload ${addr_mon} ${name_mon}
get_ubi_net=dhcp ${addr_ubi} ${tftp_root}/${name_ubi}
get_uboot_net=dhcp ${loadaddr} ${tftp_root}/${name_uboot}
init_net=run args_all args_net
init_ramfs=run args_all args_ramfs get_fs_ramfs
init_ubi=run args_all args_ubi; ubi part ubifs; ubifsmount ubi:boot;ubifsload ${addr_secdb_key} securedb.key.bin;
ipaddr=192.168.0.124
kernel_addr_r=0x82000000
loadaddr=0x82000000
mem_lpae=1
mem_reserve=512M
mtdparts=mtdparts=davinci_nand.0:1024k(bootloader)ro,512k(params)ro,-(ubifs)
name_fdt=k2l-evm.dtb
name_fs=arago-console-image-k2l-evm.cpio.gz
name_kern=zImage
name_mon=skern-k2l.bin
name_ubi=k2l-evm-ubifs.ubi
name_uboot=u-boot-k2l-spi.gph
netmask=255.255.255.0
nfs_options=v3,tcp,rsize=4096,wsize=4096
nfs_root=/export
no_post=1
ramdisk_addr_r=0x88080000
rdaddr=0x88080000
run_kern=bootz ${loadaddr} - ${fdtaddr}
run_mon=mon_install ${addr_mon}
serverip=192.168.0.1
soc=keystone
stderr=serial
stdin=serial
stdout=serial
tftp_root=/
vendor=ti
ver=U-Boot 2015.07 (Dec 10 2015 - 05:29:57 -0500)
Environment size: 2763/262140 bytes
U-Boot# 
- 20:46:35 [INFO] Host: setenv bootargs ''${bootargs}' root=/dev/nfs rw nfsroot=192.168.0.1:/home/tigtfarm11/NFS_exports/linux/k2l-evm/autofs/ac0fdcbd9200b74815dfcd6d587c729a,nolock,v3,tcp,rsize=4096,wsize=4096 '
- 20:46:35 [INFO] Target: 
setenv bootargs ''${bootargs}' root=/dev/nfs rw nfsroot=192.168.0.1:/home/tigtfarm11/NFS_exports/linux/k2l-evm/autofs/ac0fdcbd9200b74815dfcd6d587c729a,nolock,v3,tcp,rsize=4096,wsize=4096 '
U-Boot# 
- 20:46:35 [INFO] Host: printenv
- 20:46:35 [INFO] Target: 
printenv
_initramfs=-
addr_mon=0x0c140000
addr_secdb_key=0xc000000
addr_ubi=0x82000000
arch=arm
args_all=setenv bootargs console=ttyS0,115200n8 rootwait=1
args_net=setenv bootargs ${bootargs} rootfstype=nfs root=/dev/nfs rw nfsroot=${serverip}:${nfs_root},${nfs_options} ip=dhcp
args_ramfs=setenv bootargs ${bootargs} rdinit=/sbin/init rw root=/dev/ram0 initrd=0x802000000,9M
args_ubi=setenv bootargs ${bootargs} rootfstype=ubifs root=ubi0:rootfs rootflags=sync rw ubi.mtd=ubifs,4096
autoload=no
baudrate=115200
board=ks2_evm
board_name=ks2_evm
boot=ubi
bootargs=console=ttyS0,115200n8 earlyprintk rootwait  ip=:::::eth0:dhcp  root=/dev/nfs rw nfsroot=192.168.0.1:/home/tigtfarm11/NFS_exports/linux/k2l-evm/autofs/ac0fdcbd9200b74815dfcd6d587c729a,nolock,v3,tcp,rsize=4096,wsize=4096 
bootcmd= mon_install ${addr_mon};
bootdelay=1
bootm_size=0x10000000
burn_ubi=nand erase.part ubifs; nand write ${addr_ubi} ubifs ${filesize}
burn_uboot_nand=nand erase 0 0x100000; nand write ${loadaddr} 0 ${filesize}
burn_uboot_spi=sf probe; sf erase 0 0x100000; sf write ${loadaddr} 0 ${filesize}
cpu=armv7
dnsip=192.0.2.2
dnsip2=192.0.2.3
eth1addr=b4:99:4c:91:2a:fa
ethact=K2L_EMAC
ethaddr=b4:99:4c:91:2a:fa
fdt_addr_r=0x88000000
fdtaddr=0x88000000
fileaddr=c140000
filesize=b000
get_fdt_net=dhcp ${fdtaddr} ${tftp_root}/${name_fdt}
get_fdt_ramfs=dhcp ${fdtaddr} ${tftp_root}/${name_fdt}
get_fdt_ubi=ubifsload ${fdtaddr} ${name_fdt}
get_fs_ramfs=dhcp ${rdaddr} ${tftp_root}/${name_fs}
get_kern_net=dhcp ${loadaddr} ${tftp_root}/${name_kern}
get_kern_ramfs=dhcp ${loadaddr} ${tftp_root}/${name_kern}
get_kern_ubi=ubifsload ${loadaddr} ${name_kern}
get_mon_net=dhcp ${addr_mon} ${tftp_root}/${name_mon}
get_mon_ramfs=dhcp ${addr_mon} ${tftp_root}/${name_mon}
get_mon_ubi=ubifsload ${addr_mon} ${name_mon}
get_ubi_net=dhcp ${addr_ubi} ${tftp_root}/${name_ubi}
get_uboot_net=dhcp ${loadaddr} ${tftp_root}/${name_uboot}
init_net=run args_all args_net
init_ramfs=run args_all args_ramfs get_fs_ramfs
init_ubi=run args_all args_ubi; ubi part ubifs; ubifsmount ubi:boot;ubifsload ${addr_secdb_key} securedb.key.bin;
ipaddr=192.168.0.124
kernel_addr_r=0x82000000
loadaddr=0x82000000
mem_lpae=1
mem_reserve=512M
mtdparts=mtdparts=davinci_nand.0:1024k(bootloader)ro,512k(params)ro,-(ubifs)
name_fdt=k2l-evm.dtb
name_fs=arago-console-image-k2l-evm.cpio.gz
name_kern=zImage
name_mon=skern-k2l.bin
name_ubi=k2l-evm-ubifs.ubi
name_uboot=u-boot-k2l-spi.gph
netmask=255.255.255.0
nfs_options=v3,tcp,rsize=4096,wsize=4096
nfs_root=/export
no_post=1
ramdisk_addr_r=0x88080000
rdaddr=0x88080000
run_kern=bootz ${loadaddr} - ${fdtaddr}
run_mon=mon_install ${addr_mon}
serverip=192.168.0.1
soc=keystone
stderr=serial
stdin=serial
stdout=serial
tftp_root=/
vendor=ti
ver=U-Boot 2015.07 (Dec 10 2015 - 05:29:57 -0500)
Environment size: 2920/262140 bytes
U-Boot# 
- 20:46:35 [INFO] Host: setenv bootcmd ''${bootcmd}' if iminfo ${loadaddr}; then bootm ${loadaddr} ${_initramfs} ${fdtaddr}; else bootz ${loadaddr} ${_initramfs} ${fdtaddr}; bootm ${loadaddr} ${_initramfs} ${fdtaddr}; fi'
- 20:46:35 [INFO] Target: 
setenv bootcmd ''${bootcmd}' if iminfo ${loadaddr}; then bootm ${loadaddr} ${_initramfs} ${fdtaddr}; else bootz ${loadaddr} ${_initramfs} ${fdtaddr}; bootm ${loadaddr} ${_initramfs} ${fdtaddr}; fi'
U-Boot# 
- 20:46:35 [INFO] Host: version
- 20:46:36 [INFO] Target: 
version
U-Boot 2015.07 (Dec 10 2015 - 05:29:57 -0500)
arm-linux-gnueabihf-gcc (Linaro GCC 4.9-2015.05) 4.9.3 20150413 (prerelease)
GNU ld (GNU Binutils) Linaro 2014.11-3-git 2.24.0.20141017
U-Boot# 
- 20:46:36 [INFO] Host: bdinfo
- 20:46:36 [INFO] Target: 
bdinfo
arch_number = 0x00000000
boot_params = 0x80000100
DRAM bank   = 0x00000000
-> start    = 0x80000000
-> size     = 0x80000000
DRAM bank   = 0x00000001
-> start    = 0x00000000
-> size     = 0x00000000
eth0name    = K2L_EMAC
ethaddr     = b4:99:4c:91:2a:fa
eth1name    = K2L_EMAC1
eth1addr    = b4:99:4c:91:2a:fa
eth2name    = K2L_EMAC2
eth2addr    = (not set)
eth3name    = K2L_EMAC3
eth3addr    = (not set)
current eth = K2L_EMAC
ip_addr     = 192.168.0.124
baudrate    = 115200 bps
TLB addr    = 0xFFFF0000
relocaddr   = 0xFFF40000
reloc off   = 0xF3F40000
irq_sp      = 0xFEEFFEF0
sp start    = 0xFEEFFEE0
U-Boot# 
- 20:46:36 [INFO] Host: mmc rescan; echo $?
- 20:46:46 [ERROR] On command: mmc rescan; echo $? waiting for (?m-ix:0[\0\n\r]+) >>> error: execution expired
- 20:46:46 [INFO] Target: 
mmc rescan; echo $?
Unknown command 'mmc' - try 'help'
U-Boot# 
- 20:46:46 [INFO] Host: boot
- 20:50:16 [ERROR] On command: boot waiting for boot.+?(?-mix:login:) >>> error: execution expired
- 20:50:16 [INFO] Target: 
boot
K2_BM_15.07-39-g035329caed63 SoC:k2l built:16:02:41, Dec 16 2015
## installed monitor, freq [199680000], status 0
## Checking Image at 82000000 ...
Unknown image format!
Kernel image @ 0x82000000 [ 0x000000 - 0x404a78 ]
## Flattened Device Tree blob at 88000000
   Booting using the fdt blob at 0x88000000
   Loading Device Tree to 8fff6000, end 8ffff002 ... OK
Starting kernel ...
[    0.000000] Booting Linux on physical CPU 0x0
[    0.000000] Linux version 4.4.0-rc8-next-20160111-00002-gf559ee3953d2 (nmenon@horus) (gcc version 4.9.3 20150413 (prerelease) (Linaro GCC 4.9-2015.05) ) #1 SMP PREEMPT Mon Jan 11 11:42:56 CST 2016
[    0.000000] CPU: ARMv7 Processor [412fc0f4] revision 4 (ARMv7), cr=30c5387d
[    0.000000] CPU: div instructions available: patching division code
[    0.000000] CPU: PIPT / VIPT nonaliasing data cache, PIPT instruction cache
[    0.000000] Machine model: Texas Instruments Keystone 2 Lamarr EVM
[    0.000000] Switching physical address space to 0x800000000
[    0.000000] cma: Reserved 16 MiB at 0x000000085f000000
[    0.000000] Forcing write-allocate cache policy for SMP
[    0.000000] Memory policy: Data cache writealloc
[    0.000000] PERCPU: Embedded 14 pages/cpu @ef3c3000 s25344 r8192 d23808 u57344
[    0.000000] Built 1 zonelists in Zone order, mobility grouping on.  Total pages: 391680
[    0.000000] Kernel command line: console=ttyS0,115200n8 earlyprintk rootwait  ip=:::::eth0:dhcp  root=/dev/nfs rw nfsroot=192.168.0.1:/home/tigtfarm11/NFS_exports/linux/k2l-evm/autofs/ac0fdcbd9200b74815dfcd6d587c729a,nolock,v3,tcp,rsize=4096,wsize=4096 
[    0.000000] PID hash table entries: 4096 (order: 2, 16384 bytes)
[    0.000000] Dentry cache hash table entries: 131072 (order: 7, 524288 bytes)
[    0.000000] Inode-cache hash table entries: 65536 (order: 6, 262144 bytes)
[    0.000000] Memory: 1534496K/1572864K available (5725K kernel code, 365K rwdata, 1948K rodata, 372K init, 202K bss, 21984K reserved, 16384K cma-reserved, 770048K highmem)
[    0.000000] Virtual kernel memory layout:
[    0.000000]     vector  : 0xffff0000 - 0xffff1000   (   4 kB)
[    0.000000]     fixmap  : 0xffc00000 - 0xfff00000   (3072 kB)
[    0.000000]     vmalloc : 0xf0800000 - 0xff800000   ( 240 MB)
[    0.000000]     lowmem  : 0xc0000000 - 0xf0000000   ( 768 MB)
[    0.000000]     pkmap   : 0xbfe00000 - 0xc0000000   (   2 MB)
[    0.000000]     modules : 0xbf000000 - 0xbfe00000   (  14 MB)
[    0.000000]       .text : 0xc0008000 - 0xc0786a48   (7675 kB)
[    0.000000]       .init : 0xc0787000 - 0xc07e4000   ( 372 kB)
[    0.000000]       .data : 0xc07e4000 - 0xc083f528   ( 366 kB)
[    0.000000]        .bss : 0xc0842000 - 0xc08748a8   ( 203 kB)
[    0.000000] SLUB: HWalign=64, Order=0-3, MinObjects=0, CPUs=2, Nodes=1
[    0.000000] Preemptible hierarchical RCU implementation.
[    0.000000] 	Build-time adjustment of leaf fanout to 32.
[    0.000000] 	RCU restricting CPUs from NR_CPUS=4 to nr_cpu_ids=2.
[    0.000000] RCU: Adjusting geometry for rcu_fanout_leaf=32, nr_cpu_ids=2
[    0.000000] NR_IRQS:16 nr_irqs:16 16
[    0.000000] of_psc_clk_init: error registering clk clkpcie1
[    0.000000] Architected cp15 timer(s) running at 199.68MHz (virt).
[    0.000000] clocksource: arch_sys_counter: mask: 0xffffffffffffff max_cycles: 0x2e0d652267, max_idle_ns: 440795206693 ns
[    0.000003] sched_clock: 56 bits at 199MHz, resolution 5ns, wraps every 4398046511101ns
[    0.000011] Switching to timer-based delay loop, resolution 5ns
[    0.000140] keystone timer clock @199680000 Hz
[    0.000246] Console: colour dummy device 80x30
[    0.000263] Calibrating delay loop (skipped), value calculated using timer frequency.. 399.36 BogoMIPS (lpj=1996800)
[    0.000272] pid_max: default: 4096 minimum: 301
[    0.000333] Mount-cache hash table entries: 2048 (order: 1, 8192 bytes)
[    0.000341] Mountpoint-cache hash table entries: 2048 (order: 1, 8192 bytes)
[    0.000777] CPU: Testing write buffer coherency: ok
[    0.000946] /cpus/cpu@0 missing clock-frequency property
[    0.000963] /cpus/cpu@1 missing clock-frequency property
[    0.000971] CPU0: thread -1, cpu 0, socket 0, mpidr 80000000
[    0.001002] Setting up static identity map for 0x800082c0 - 0x800083cc
[    0.081420] CPU1: thread -1, cpu 1, socket 0, mpidr 80000001
[    0.081544] Brought up 2 CPUs
[    0.081555] SMP: Total of 2 processors activated (798.72 BogoMIPS).
[    0.081560] CPU: All CPU(s) started in SVC mode.
[    0.081858] devtmpfs: initialized
[    0.086666] VFP support v0.3: implementor 41 architecture 4 part 30 variant f rev 0
[    0.086955] clocksource: jiffies: mask: 0xffffffff max_cycles: 0xffffffff, max_idle_ns: 19112604462750000 ns
[    0.087525] NET: Registered protocol family 16
[    0.088313] DMA: preallocated 256 KiB pool for atomic coherent allocations
[    0.095046] hw-breakpoint: found 5 (+1 reserved) breakpoint and 4 watchpoint registers.
[    0.095055] hw-breakpoint: maximum watchpoint size is 8 bytes.
[    0.110584] vgaarb: loaded
[    0.110780] SCSI subsystem initialized
[    0.110981] usbcore: registered new interface driver usbfs
[    0.111029] usbcore: registered new interface driver hub
[    0.111401] usbcore: registered new device driver usb
[    0.113363] clocksource: Switched to clocksource arch_sys_counter
[    0.140756] NET: Registered protocol family 2
[    0.141271] TCP established hash table entries: 8192 (order: 3, 32768 bytes)
[    0.141325] TCP bind hash table entries: 8192 (order: 4, 65536 bytes)
[    0.141429] TCP: Hash tables configured (established 8192 bind 8192)
[    0.141474] UDP hash table entries: 512 (order: 2, 16384 bytes)
[    0.141499] UDP-Lite hash table entries: 512 (order: 2, 16384 bytes)
[    0.141628] NET: Registered protocol family 1
[    0.151826] RPC: Registered named UNIX socket transport module.
[    0.151834] RPC: Registered udp transport module.
[    0.151839] RPC: Registered tcp transport module.
[    0.151844] RPC: Registered tcp NFSv4.1 backchannel transport module.
[    0.152166] hw perfevents: enabled with armv7_cortex_a15 PMU driver, 7 counters available
[    0.152629] platform alarmtimer: set dma_pfn_offset00780000
[    0.152936] futex hash table entries: 16 (order: -2, 1024 bytes)
[    0.172788] Installing knfsd (copyright (C) 1996 okir@monad.swb.de).
[    0.172896] ntfs: driver 2.1.32 [Flags: R/O].
[    0.173172] jffs2: version 2.2. (NAND)  2001-2006 Red Hat, Inc.
[    0.176465] NET: Registered protocol family 38
[    0.176534] bounce: pool size: 64 pages
[    0.176704] Block layer SCSI generic (bsg) driver version 0.4 loaded (major 253)
[    0.176718] io scheduler noop registered
[    0.176728] io scheduler deadline registered
[    0.176758] io scheduler cfq registered (default)
[    0.176910] keystone_irq soc:keystone_irq@26202a0: irqchip registered, nr_irqs 28
[    0.177192] ------------[ cut here ]------------
[    0.177206] WARNING: CPU: 0 PID: 1 at fs/sysfs/dir.c:31 sysfs_warn_dup+0x68/0x78()
[    0.177212] sysfs: cannot create duplicate filename '/class/gpio/gpiochip484'
[    0.177217] Modules linked in:
[    0.177229] CPU: 0 PID: 1 Comm: swapper/0 Not tainted 4.4.0-rc8-next-20160111-00002-gf559ee3953d2 #1
[    0.177235] Hardware name: Keystone
[    0.177255] [<c0016494>] (unwind_backtrace) from [<c0012d40>] (show_stack+0x10/0x14)
[    0.177267] [<c0012d40>] (show_stack) from [<c02b4184>] (dump_stack+0x84/0xc4)
[    0.177279] [<c02b4184>] (dump_stack) from [<c00231f0>] (warn_slowpath_common+0x84/0xb4)
[    0.177291] [<c00231f0>] (warn_slowpath_common) from [<c0023250>] (warn_slowpath_fmt+0x30/0x40)
[    0.177301] [<c0023250>] (warn_slowpath_fmt) from [<c017647c>] (sysfs_warn_dup+0x68/0x78)
[    0.177313] [<c017647c>] (sysfs_warn_dup) from [<c01767cc>] (sysfs_do_create_link_sd+0xb4/0xbc)
[    0.177325] [<c01767cc>] (sysfs_do_create_link_sd) from [<c0333bd4>] (device_add+0x268/0x568)
[    0.177336] [<c0333bd4>] (device_add) from [<c0334070>] (device_create_groups_vargs+0xb4/0xc4)
[    0.177347] [<c0334070>] (device_create_groups_vargs) from [<c03340f8>] (device_create_with_groups+0x24/0x2c)
[    0.177358] [<c03340f8>] (device_create_with_groups) from [<c02dffe4>] (gpiochip_sysfs_register+0x4c/0x84)
[    0.177369] [<c02dffe4>] (gpiochip_sysfs_register) from [<c02dcf48>] (gpiochip_add_data+0x264/0x4ac)
[    0.177379] [<c02dcf48>] (gpiochip_add_data) from [<c0337b9c>] (platform_drv_probe+0x50/0xac)
[    0.177390] [<c0337b9c>] (platform_drv_probe) from [<c03365e4>] (driver_probe_device+0x224/0x2bc)
[    0.177400] [<c03365e4>] (driver_probe_device) from [<c0336708>] (__driver_attach+0x8c/0x90)
[    0.177411] [<c0336708>] (__driver_attach) from [<c033496c>] (bus_for_each_dev+0x68/0x9c)
[    0.177421] [<c033496c>] (bus_for_each_dev) from [<c0335bfc>] (bus_add_driver+0x1a4/0x21c)
[    0.177430] [<c0335bfc>] (bus_add_driver) from [<c0336cb0>] (driver_register+0x78/0xf8)
[    0.177439] [<c0336cb0>] (driver_register) from [<c0009714>] (do_one_initcall+0x90/0x1dc)
[    0.177450] [<c0009714>] (do_one_initcall) from [<c0787e1c>] (kernel_init_freeable+0x154/0x1f4)
[    0.177460] [<c0787e1c>] (kernel_init_freeable) from [<c056ed90>] (kernel_init+0xc/0xec)
[    0.177470] [<c056ed90>] (kernel_init) from [<c000f548>] (ret_from_fork+0x14/0x2c)
[    0.177485] ---[ end trace 6d1f17b01b6100b8 ]---
[    0.177522] gpiochip_add_data: GPIOs 484..511 (soc:keystone_dsp_gpio@2620244) failed to register
[    0.177536] gpio-syscon: probe of soc:keystone_dsp_gpio@2620244 failed with error -17
[    0.177602] ------------[ cut here ]------------
[    0.177612] WARNING: CPU: 0 PID: 1 at fs/sysfs/dir.c:31 sysfs_warn_dup+0x68/0x78()
[    0.177617] sysfs: cannot create duplicate filename '/class/gpio/gpiochip484'
[    0.177622] Modules linked in:
[    0.177632] CPU: 0 PID: 1 Comm: swapper/0 Tainted: G        W       4.4.0-rc8-next-20160111-00002-gf559ee3953d2 #1
[    0.177637] Hardware name: Keystone
[    0.177649] [<c0016494>] (unwind_backtrace) from [<c0012d40>] (show_stack+0x10/0x14)
[    0.177660] [<c0012d40>] (show_stack) from [<c02b4184>] (dump_stack+0x84/0xc4)
[    0.177670] [<c02b4184>] (dump_stack) from [<c00231f0>] (warn_slowpath_common+0x84/0xb4)
[    0.177681] [<c00231f0>] (warn_slowpath_common) from [<c0023250>] (warn_slowpath_fmt+0x30/0x40)
[    0.177691] [<c0023250>] (warn_slowpath_fmt) from [<c017647c>] (sysfs_warn_dup+0x68/0x78)
[    0.177701] [<c017647c>] (sysfs_warn_dup) from [<c01767cc>] (sysfs_do_create_link_sd+0xb4/0xbc)
[    0.177711] [<c01767cc>] (sysfs_do_create_link_sd) from [<c0333bd4>] (device_add+0x268/0x568)
[    0.177721] [<c0333bd4>] (device_add) from [<c0334070>] (device_create_groups_vargs+0xb4/0xc4)
[    0.177731] [<c0334070>] (device_create_groups_vargs) from [<c03340f8>] (device_create_with_groups+0x24/0x2c)
[    0.177742] [<c03340f8>] (device_create_with_groups) from [<c02dffe4>] (gpiochip_sysfs_register+0x4c/0x84)
[    0.177751] [<c02dffe4>] (gpiochip_sysfs_register) from [<c02dcf48>] (gpiochip_add_data+0x264/0x4ac)
[    0.177760] [<c02dcf48>] (gpiochip_add_data) from [<c0337b9c>] (platform_drv_probe+0x50/0xac)
[    0.177770] [<c0337b9c>] (platform_drv_probe) from [<c03365e4>] (driver_probe_device+0x224/0x2bc)
[    0.177781] [<c03365e4>] (driver_probe_device) from [<c0336708>] (__driver_attach+0x8c/0x90)
[    0.177791] [<c0336708>] (__driver_attach) from [<c033496c>] (bus_for_each_dev+0x68/0x9c)
[    0.177801] [<c033496c>] (bus_for_each_dev) from [<c0335bfc>] (bus_add_driver+0x1a4/0x21c)
[    0.177810] [<c0335bfc>] (bus_add_driver) from [<c0336cb0>] (driver_register+0x78/0xf8)
[    0.177819] [<c0336cb0>] (driver_register) from [<c0009714>] (do_one_initcall+0x90/0x1dc)
[    0.177828] [<c0009714>] (do_one_initcall) from [<c0787e1c>] (kernel_init_freeable+0x154/0x1f4)
[    0.177837] [<c0787e1c>] (kernel_init_freeable) from [<c056ed90>] (kernel_init+0xc/0xec)
[    0.177846] [<c056ed90>] (kernel_init) from [<c000f548>] (ret_from_fork+0x14/0x2c)
[    0.177851] ---[ end trace 6d1f17b01b6100b9 ]---
[    0.177882] gpiochip_add_data: GPIOs 484..511 (soc:keystone_dsp_gpio@2620248) failed to register
[    0.177896] gpio-syscon: probe of soc:keystone_dsp_gpio@2620248 failed with error -17
[    0.177957] ------------[ cut here ]------------
[    0.177966] WARNING: CPU: 0 PID: 1 at fs/sysfs/dir.c:31 sysfs_warn_dup+0x68/0x78()
[    0.177971] sysfs: cannot create duplicate filename '/class/gpio/gpiochip484'
[    0.177975] Modules linked in:
[    0.177984] CPU: 0 PID: 1 Comm: swapper/0 Tainted: G        W       4.4.0-rc8-next-20160111-00002-gf559ee3953d2 #1
[    0.177989] Hardware name: Keystone
[    0.178001] [<c0016494>] (unwind_backtrace) from [<c0012d40>] (show_stack+0x10/0x14)
[    0.178011] [<c0012d40>] (show_stack) from [<c02b4184>] (dump_stack+0x84/0xc4)
[    0.178021] [<c02b4184>] (dump_stack) from [<c00231f0>] (warn_slowpath_common+0x84/0xb4)
[    0.178032] [<c00231f0>] (warn_slowpath_common) from [<c0023250>] (warn_slowpath_fmt+0x30/0x40)
[    0.178042] [<c0023250>] (warn_slowpath_fmt) from [<c017647c>] (sysfs_warn_dup+0x68/0x78)
[    0.178051] [<c017647c>] (sysfs_warn_dup) from [<c01767cc>] (sysfs_do_create_link_sd+0xb4/0xbc)
[    0.178061] [<c01767cc>] (sysfs_do_create_link_sd) from [<c0333bd4>] (device_add+0x268/0x568)
[    0.178071] [<c0333bd4>] (device_add) from [<c0334070>] (device_create_groups_vargs+0xb4/0xc4)
[    0.178081] [<c0334070>] (device_create_groups_vargs) from [<c03340f8>] (device_create_with_groups+0x24/0x2c)
[    0.178091] [<c03340f8>] (device_create_with_groups) from [<c02dffe4>] (gpiochip_sysfs_register+0x4c/0x84)
[    0.178100] [<c02dffe4>] (gpiochip_sysfs_register) from [<c02dcf48>] (gpiochip_add_data+0x264/0x4ac)
[    0.178109] [<c02dcf48>] (gpiochip_add_data) from [<c0337b9c>] (platform_drv_probe+0x50/0xac)
[    0.178119] [<c0337b9c>] (platform_drv_probe) from [<c03365e4>] (driver_probe_device+0x224/0x2bc)
[    0.178129] [<c03365e4>] (driver_probe_device) from [<c0336708>] (__driver_attach+0x8c/0x90)
[    0.178139] [<c0336708>] (__driver_attach) from [<c033496c>] (bus_for_each_dev+0x68/0x9c)
[    0.178150] [<c033496c>] (bus_for_each_dev) from [<c0335bfc>] (bus_add_driver+0x1a4/0x21c)
[    0.178158] [<c0335bfc>] (bus_add_driver) from [<c0336cb0>] (driver_register+0x78/0xf8)
[    0.178166] [<c0336cb0>] (driver_register) from [<c0009714>] (do_one_initcall+0x90/0x1dc)
[    0.178176] [<c0009714>] (do_one_initcall) from [<c0787e1c>] (kernel_init_freeable+0x154/0x1f4)
[    0.178184] [<c0787e1c>] (kernel_init_freeable) from [<c056ed90>] (kernel_init+0xc/0xec)
[    0.178193] [<c056ed90>] (kernel_init) from [<c000f548>] (ret_from_fork+0x14/0x2c)
[    0.178199] ---[ end trace 6d1f17b01b6100ba ]---
[    0.178229] gpiochip_add_data: GPIOs 484..511 (soc:keystone_dsp_gpio@262024c) failed to register
[    0.178242] gpio-syscon: probe of soc:keystone_dsp_gpio@262024c failed with error -17
[    0.178623] keystone-navigator-qmss soc:qmss@2a40000: qmgr start queue 0, number of queues 8192
[    0.178744] keystone-navigator-qmss soc:qmss@2a40000: added qmgr start queue 0, num of queues 8192, reg_peek f09c0000, reg_status f0982000, reg_config f0984000, reg_region f0986000, reg_push f0a00000, reg_pop f0a40000
[    0.178861] keystone-navigator-qmss soc:qmss@2a40000: failed to get firmware for pdsp
[    0.179592] keystone-navigator-qmss soc:qmss@2a40000: pdsp id 0 not started for range acc-low-0
[    0.180095] keystone-navigator-dma soc:knav_dmas@0: DMA dma_gbe registered 149 logical channels, flows 128, tx chans: 21, rx chans: 91
[    0.225854] Serial: 8250/16550 driver, 4 ports, IRQ sharing disabled
[    0.225946] platform serial8250: set dma_pfn_offset00780000
[    0.227250] console [ttyS0] disabled
[    0.227298] 2530c00.serial: ttyS0 at MMIO 0x2530c00 (irq = 26, base_baud = 12480000) is a 16550A
[    1.574119] console [ttyS0] enabled
[    1.578306] 2531000.serial: ttyS1 at MMIO 0x2531000 (irq = 27, base_baud = 12480000) is a 16550A
[    1.587770] 2348400.serial: ttyS2 at MMIO 0x2348400 (irq = 67, base_baud = 12480000) is a 16550A
[    1.597162] 2348800.serial: ttyS3 at MMIO 0x2348800 (irq = 68, base_baud = 12480000) is a 16550A
[    1.690560] loop: module loaded
[    1.693864] at24 0-0050: 131072 byte 24c1024 EEPROM, writable, 1 bytes/write
[    1.702226] m25p80 spi32766.0: n25q128a11 (16384 Kbytes)
[    1.707571] 2 ofpart partitions found on MTD device spi32766.0
[    1.713408] Creating 2 MTD partitions on "spi32766.0":
[    1.718525] 0x000000000000-0x000000080000 : "u-boot-spl"
[    1.734642] 0x000000080000-0x000001000000 : "misc"
[    1.750154] spi_davinci 21000400.spi: Controller at 0xf09a6400
[    1.756446] spi_davinci 21000600.spi: Controller at 0xf09a8600
[    1.803425] davinci_mdio 26200f00.mdio: davinci mdio revision 1.7
[    1.809494] libphy: 26200f00.mdio: probed
[    1.814122] davinci_mdio 26200f00.mdio: phy[0]: device 26200f00.mdio:00, driver Marvell 88E1510
[    1.822787] davinci_mdio 26200f00.mdio: phy[1]: device 26200f00.mdio:01, driver Marvell 88E1510
[    2.836281] netcp-1.0 2620110.netcp: module(netcp-xgbe) not used for device
[    3.044297] platform xhci-hcd.0.auto: set dma_pfn_offset00780000
[    3.050798] xhci-hcd xhci-hcd.0.auto: xHCI Host Controller
[    3.056429] xhci-hcd xhci-hcd.0.auto: new USB bus registered, assigned bus number 1
[    3.064292] xhci-hcd xhci-hcd.0.auto: hcc params 0x0298f06d hci version 0x100 quirks 0x00010010
[    3.072966] xhci-hcd xhci-hcd.0.auto: irq 33, io mem 0x02690000
[    3.079023] usb usb1: New USB device found, idVendor=1d6b, idProduct=0002
[    3.085813] usb usb1: New USB device strings: Mfr=3, Product=2, SerialNumber=1
[    3.093006] usb usb1: Product: xHCI Host Controller
[    3.097893] usb usb1: Manufacturer: Linux 4.4.0-rc8-next-20160111-00002-gf559ee3953d2 xhci-hcd
[    3.106498] usb usb1: SerialNumber: xhci-hcd.0.auto
[    3.111765] hub 1-0:1.0: USB hub found
[    3.115547] hub 1-0:1.0: 1 port detected
[    3.119709] xhci-hcd xhci-hcd.0.auto: xHCI Host Controller
[    3.125317] xhci-hcd xhci-hcd.0.auto: new USB bus registered, assigned bus number 2
[    3.132995] usb usb2: We don't know the algorithms for LPM for this host, disabling LPM.
[    3.141176] usb usb2: New USB device found, idVendor=1d6b, idProduct=0003
[    3.147965] usb usb2: New USB device strings: Mfr=3, Product=2, SerialNumber=1
[    3.155196] usb usb2: Product: xHCI Host Controller
[    3.160051] usb usb2: Manufacturer: Linux 4.4.0-rc8-next-20160111-00002-gf559ee3953d2 xhci-hcd
[    3.168655] usb usb2: SerialNumber: xhci-hcd.0.auto
[    3.173909] hub 2-0:1.0: USB hub found
[    3.177660] hub 2-0:1.0: 1 port detected
[    3.181930] usbcore: registered new interface driver usb-storage
[    3.188180] mousedev: PS/2 mouse device common for all mice
[    3.203965] i2c /dev entries driver
[    3.207987] davinci-wdt 22f0080.wdt: heartbeat 60 sec
[    3.213646] usbcore: registered new interface driver usbhid
[    3.219195] usbhid: USB HID core driver
[    3.223817] nand: device found, Manufacturer ID: 0x2c, Chip ID: 0xa5
[    3.230144] nand: Micron MT29F16G08ADBCAH4
[    3.234258] nand: 2048 MiB, SLC, erase size: 256 KiB, page size: 4096, OOB size: 224
[    3.241974] nand: WARNING: 30000000.nand: the ECC used on your system is too weak compared to the one required by the NAND chip
[    3.253955] Bad block table found at page 524224, version 0x01
[    3.260701] Bad block table found at page 524160, version 0x01
[    3.267116] 3 ofpart partitions found on MTD device 30000000.nand
[    3.273183] Creating 3 MTD partitions on "30000000.nand":
[    3.278644] 0x000000000000-0x000000100000 : "u-boot"
[    3.294404] 0x000000100000-0x000000180000 : "params"
[    3.300090] 0x000000180000-0x000080000000 : "ubifs"
[    3.316131] davinci_nand 30000000.nand: controller rev. 2.5
[    3.321869] platform oprofile-perf.0: set dma_pfn_offset00780000
[    3.328029] oprofile: using timer interrupt.
[    3.332328] Netfilter messages via NETLINK v0.30.
[    3.337139] nf_conntrack version 0.5.0 (16384 buckets, 65536 max)
[    3.343654] ctnetlink v0.93: registering with nfnetlink.
[    3.349208] ipip: IPv4 over IPv4 tunneling driver
[    3.354338] gre: GRE over IPv4 demultiplexor driver
[    3.359198] ip_gre: GRE over IPv4 tunneling driver
[    3.364897] ip_tables: (C) 2000-2006 Netfilter Core Team
[    3.370267] ipt_CLUSTERIP: ClusterIP Version 0.8 loaded successfully
[    3.376917] arp_tables: arp_tables: (C) 2002 David S. Miller
[    3.382599] Initializing XFRM netlink socket
[    3.387625] NET: Registered protocol family 10
[    3.392872] NET: Registered protocol family 17
[    3.397358] NET: Registered protocol family 15
[    3.401786] 8021q: 802.1Q VLAN Support v1.8
[    3.406803] sctp: Hash tables configured (bind 65536)
[    3.412131] Registering SWP/SWPB emulation handler
[    3.429630] netcp-1.0 2620110.netcp eth0: Link is Up - 1Gbps/Full - flow control off
[    3.439900] IPv6: ADDRCONF(NETDEV_UP): eth0: link is not ready
[    3.445759] 8021q: adding VLAN 0 to HW filter on device eth0
[    3.493429] usb 2-1: new SuperSpeed USB device number 2 using xhci-hcd
[    3.514345] usb 2-1: New USB device found, idVendor=125f, idProduct=db8a
[    3.521021] usb 2-1: New USB device strings: Mfr=1, Product=2, SerialNumber=3
[    3.528153] usb 2-1: Product: ADATA USB Flash Drive
[    3.533008] usb 2-1: Manufacturer: ADATA
[    3.536922] usb 2-1: SerialNumber: F12340000014C1408442050002
[    3.543257] usb-storage 2-1:1.0: USB Mass Storage device detected
[    3.549551] scsi host0: usb-storage 2-1:1.0
[    4.553816] scsi 0:0:0:0: Direct-Access     ADATA    NAND Flash       1.00 PQ: 0 ANSI: 6
[    4.563449] sd 0:0:0:0: [sda] Attached SCSI removable disk
[    4.833364] netcp-1.0 2620110.netcp eth0: Link is Up - 1Gbps/Full - flow control off
[    7.423737] netcp-1.0 2620110.netcp eth0: Link is Up - 1Gbps/Full - flow control off
[    7.431473] IPv6: ADDRCONF(NETDEV_CHANGE): eth0: link becomes ready
[    7.443373] Sending DHCP requests .,
[    7.463367] Unable to handle kernel paging request at virtual address 077ef0fe
[    7.470735] pgd = c0003000
[    7.473434] [077ef0fe] *pgd=80000800004003, *pmd=00000000
[    7.478823] Internal error: Oops: 80000206 [#1] PREEMPT SMP ARM
[    7.484715] Modules linked in:
[    7.487760] CPU: 0 PID: 0 Comm: swapper/0 Tainted: G        W       4.4.0-rc8-next-20160111-00002-gf559ee3953d2 #1
[    7.498066] Hardware name: Keystone
[    7.501536] task: c07ec0c0 ti: c07e4000 task.ti: c07e4000
[    7.506911] PC is at 0x77ef0fe
[    7.509951] LR is at call_timer_fn+0x40/0x1a4
[    7.514288] pc : [<077ef0fe>]    lr : [<c0077f34>]    psr: 60000133
[    7.514288] sp : c07e5e50  ip : 00000000  fp : c07e6100
[    7.525719] r10: c07e4000  r9 : c80000c0  r8 : c083d17c
[    7.530919] r7 : 077ef0ff  r6 : 00000101  r5 : eec6fe1b  r4 : eec6fe1b
[    7.537418] r3 : c07e4000  r2 : c80000c0  r1 : 077ef0ff  r0 : c80000c0
[    7.543917] Flags: nZCv  IRQs on  FIQs on  Mode SVC_32  ISA Thumb  Segment kernel
[    7.551367] Control: 30c5387d  Table: 00003000  DAC: fffffffd
[    7.557086] Process swapper/0 (pid: 0, stack limit = 0xc07e4210)
[    7.563065] Stack: (0xc07e5e50 to 0xc07e6000)
[    7.567401] 5e40:                                     c07e4000 c07e6100 00000000 eec6fe1b
[    7.575545] 5e60: 00000001 ef3c5400 00000000 077ef0ff c80000c0 c0078240 00000003 eeca1ecc
[    7.583689] 5e80: ffffffff c07e6084 00000001 c07e4000 00000282 00000101 c07e5f40 00000004
[    7.591832] 5ea0: c083ceac c00262b4 c07e5ecc c07dfe84 00000002 c07e5ea8 c07e6080 c08429c0
[    7.599977] 5ec0: 0000000a ffff8dbb c07e6100 00200000 c07dfe84 c07dfe84 00000000 00000012
[    7.608121] 5ee0: 00000000 00000001 c07e5f40 eec30000 c07e5f98 c002678c c07dfe84 c006786c
[    7.616265] 5f00: c0811450 c07e7e84 f080400c c07e5f40 f0804000 f0805000 c07dc3a4 c0009440
[    7.624409] 5f20: c000fde0 60000113 ffffffff c07e5f74 c083d460 c07e78f0 c07dc3a4 c0574c40
[    7.632554] 5f40: 00000000 00000000 00002704 c001ee80 00000001 c07e4000 c07e7950 00000000
[    7.640698] 5f60: c083d460 c07e78f0 c07dc3a4 c07e5f98 00000000 c07e5f90 c000fddc c000fde0
[    7.648842] 5f80: 60000113 ffffffff c07e7950 00000000 00000001 c005bebc c07e5fa4 c083cc2d
[    7.656986] 5fa0: c07cfa28 00000000 c07cfa28 c0787cbc ffffffff ffffffff 00000000 c078767c
[    7.665131] 5fc0: ffffffff 00000000 00000000 c07cfa28 00000000 c0842294 c07e78c0 c07cfa24
[    7.673275] 5fe0: c07ed418 80007000 412fc0f4 00000000 00000000 80008090 00000000 00000000
[    7.681424] [<c0077f34>] (call_timer_fn) from [<c0078240>] (run_timer_softirq+0x1a8/0x27c)
[    7.689658] [<c0078240>] (run_timer_softirq) from [<c00262b4>] (__do_softirq+0xb8/0x330)
[    7.697718] [<c00262b4>] (__do_softirq) from [<c002678c>] (irq_exit+0x80/0xb4)
[    7.704915] [<c002678c>] (irq_exit) from [<c006786c>] (__handle_domain_irq+0x80/0xec)
[    7.712716] [<c006786c>] (__handle_domain_irq) from [<c0009440>] (gic_handle_irq+0x48/0x88)
[    7.721035] [<c0009440>] (gic_handle_irq) from [<c0574c40>] (__irq_svc+0x40/0x74)
[    7.728485] Exception stack(0xc07e5f40 to 0xc07e5f88)
[    7.733514] 5f40: 00000000 00000000 00002704 c001ee80 00000001 c07e4000 c07e7950 00000000
[    7.741657] 5f60: c083d460 c07e78f0 c07dc3a4 c07e5f98 00000000 c07e5f90 c000fddc c000fde0
[    7.749800] 5f80: 60000113 ffffffff
[    7.753274] [<c0574c40>] (__irq_svc) from [<c000fde0>] (arch_cpu_idle+0x38/0x3c)
[    7.760645] [<c000fde0>] (arch_cpu_idle) from [<c005bebc>] (cpu_startup_entry+0x158/0x2b4)
[    7.768880] [<c005bebc>] (cpu_startup_entry) from [<c0787cbc>] (start_kernel+0x3ec/0x3f8)
[    7.777027] [<c0787cbc>] (start_kernel) from [<80008090>] (0x80008090)
[    7.783527] Code: bad PC value
[    7.786577] ---[ end trace 6d1f17b01b6100bc ]---
[    7.791174] Kernel panic - not syncing: Fatal exception in interrupt
[    7.797501] CPU1: stopping
[    7.800196] CPU: 1 PID: 0 Comm: swapper/1 Tainted: G      D W       4.4.0-rc8-next-20160111-00002-gf559ee3953d2 #1
[    7.810502] Hardware name: Keystone
[    7.813983] [<c0016494>] (unwind_backtrace) from [<c0012d40>] (show_stack+0x10/0x14)
[    7.821702] [<c0012d40>] (show_stack) from [<c02b4184>] (dump_stack+0x84/0xc4)
[    7.828896] [<c02b4184>] (dump_stack) from [<c00155a8>] (handle_IPI+0x2e8/0x2f8)
[    7.836262] [<c00155a8>] (handle_IPI) from [<c000947c>] (gic_handle_irq+0x84/0x88)
[    7.843802] [<c000947c>] (gic_handle_irq) from [<c0574c40>] (__irq_svc+0x40/0x74)
[    7.851251] Exception stack(0xeeca9f88 to 0xeeca9fd0)
[    7.856280] 9f80:                   00000001 00000000 000019d6 c001ee80 00000001 eeca8000
[    7.864424] 9fa0: c07e7950 c0842308 c083d460 c07e78f0 c07dc3a4 eeca9fe0 00000000 eeca9fd8
[    7.872567] 9fc0: c000fddc c000fde0 60000013 ffffffff
[    7.877599] [<c0574c40>] (__irq_svc) from [<c000fde0>] (arch_cpu_idle+0x38/0x3c)
[    7.884968] [<c000fde0>] (arch_cpu_idle) from [<c005bebc>] (cpu_startup_entry+0x158/0x2b4)
[    7.893202] [<c005bebc>] (cpu_startup_entry) from [<8000950c>] (0x8000950c)
[    7.900138] ---[ end Kernel panic - not syncing: Fatal exception in interrupt
- 20:50:16 [INFO] Boot attempt 1/1 failed
- 20:50:16 [INFO] Collecting kernel traces via sysrq...
URL:gtsystest.telogy.design.ti.com/vatf/tigtfarm11/tigtfarm11_vatf@k2l-evm/tigtfarm1101_11_2016_20_46_09/files/session_iteration_1/test_1
