- 14:50:14 [INFO] Starting target session
- 14:50:14 [INFO] Connected to k2l-evm via serial 
- 14:50:14 [INFO] Host: #check prompt
- 14:50:17 [ERROR] On command: #check prompt waiting for #check prompt.+?(?-mix:((?-mix:login:)|[Pp]assword)) >>> error: execution expired
- 14:50:17 [INFO] Target: 
- 14:50:17 [INFO] Host: #check prompt
- 14:50:19 [ERROR] On command: #check prompt waiting for #check prompt.+?(?-mix:root@.+[@:#]+) >>> error: execution expired
- 14:50:19 [INFO] Target: 
- 14:50:19 [INFO] Host: #check prompt
- 14:50:21 [ERROR] On command: #check prompt waiting for #check prompt.+?(?-mix:root@.+[@:#]+) >>> error: execution expired
- 14:50:21 [INFO] Target: 
- 14:50:21 [INFO] Host: #check prompt
- 14:50:23 [ERROR] On command: #check prompt waiting for #check prompt.+?(?-mix:root@.+[@:#]+) >>> error: execution expired
- 14:50:23 [INFO] Target: 
- 14:50:23 [INFO] Disconnected serial from k2l-evm
- 14:50:24 [INFO] Connected to k2l-evm via serial 
- 14:50:24 [INFO] Host: 
- 14:50:30 [INFO] Target: 
U-Boot SPL 2015.07 (Dec 10 2015 - 05:29:57)
U-Boot 2015.07 (Dec 10 2015 - 05:29:57 -0500)
CPU: 66AK2Lx SR1.0
I2C:   ready
DRAM:  DRAM: 2 GiB
Clear entire DDR3 memory to enable ECC
2 GiB
NAND:  2048 MiB
Net:   Phy 2 not found
Phy 3 not found
K2L_EMAC, K2L_EMAC1, K2L_EMAC2
Error: K2L_EMAC2 address not set.
, K2L_EMAC3
Error: K2L_EMAC3 address not set.
Hit any key to stop autoboot:  1  0 
U-Boot# 
U-Boot# 
U-Boot# 
U-Boot# 
U-Boot# 
U-Boot# 
U-Boot# 
U-Boot# 
U-Boot# 
U-Boot# 
U-Boot# 
U-Bo
- 14:50:30 [INFO] Host: 
- 14:50:30 [INFO] Target: 
U-Boot# 
- 14:50:30 [INFO] Host: version
- 14:50:30 [INFO] Target: 
version
U-Boot 2015.07 (Dec 10 2015 - 05:29:57 -0500)
arm-linux-gnueabihf-gcc (Linaro GCC 4.9-2015.05) 4.9.3 20150413 (prerelease)
GNU ld (GNU Binutils) Linaro 2014.11-3-git 2.24.0.20141017
U-Boot# 
- 14:50:30 [INFO] Host: setenv bootargs 'console=ttyS0,115200n8 earlyprintk rootwait '
- 14:50:30 [INFO] Target: 
setenv bootargs 'console=ttyS0,115200n8 earlyprintk rootwait '
U-Boot# 
- 14:50:30 [INFO] Host: setenv bootcmd  ''
- 14:50:30 [INFO] Target: 
setenv bootcmd  ''
U-Boot# 
- 14:50:30 [INFO] Host: setenv autoload 'no'
- 14:50:30 [INFO] Target: 
setenv autoload 'no'
U-Boot# 
- 14:50:30 [INFO] Host: setenv serverip '192.168.0.1'
- 14:50:30 [INFO] Target: 
setenv serverip '192.168.0.1'
U-Boot# 
- 14:50:30 [INFO] Host: printenv
- 14:50:31 [INFO] Target: 
printenv
addr_mon=0x0c140000
addr_secdb_key=0xc000000
addr_ubi=0x82000000
arch=arm
args_all=setenv bootargs console=ttyS0,115200n8 rootwait=1
args_net=setenv bootargs ${bootargs} rootfstype=nfs root=/dev/nfs rw nfsroot=${serverip}:${nfs_root},${nfs_options} ip=dhcp
args_ramfs=setenv bootargs ${bootargs} rdinit=/sbin/init rw root=/dev/ram0 initrd=0x802000000,9M
args_ubi=setenv bootargs ${bootargs} rootfstype=ubifs root=ubi0:rootfs rootflags=sync rw ubi.mtd=ubifs,4096
autoload=no
baudrate=115200
board=ks2_evm
board_name=ks2_evm
boot=ubi
bootargs=console=ttyS0,115200n8 earlyprintk rootwait 
bootcmd=
bootdelay=1
bootm_size=0x10000000
burn_ubi=nand erase.part ubifs; nand write ${addr_ubi} ubifs ${filesize}
burn_uboot_nand=nand erase 0 0x100000; nand write ${loadaddr} 0 ${filesize}
burn_uboot_spi=sf probe; sf erase 0 0x100000; sf write ${loadaddr} 0 ${filesize}
cpu=armv7
eth1addr=b4:99:4c:91:2a:fa
ethact=K2L_EMAC
ethaddr=b4:99:4c:91:2a:fa
fdt_addr_r=0x88000000
fdtaddr=0x88000000
get_fdt_net=dhcp ${fdtaddr} ${tftp_root}/${name_fdt}
get_fdt_ramfs=dhcp ${fdtaddr} ${tftp_root}/${name_fdt}
get_fdt_ubi=ubifsload ${fdtaddr} ${name_fdt}
get_fs_ramfs=dhcp ${rdaddr} ${tftp_root}/${name_fs}
get_kern_net=dhcp ${loadaddr} ${tftp_root}/${name_kern}
get_kern_ramfs=dhcp ${loadaddr} ${tftp_root}/${name_kern}
get_kern_ubi=ubifsload ${loadaddr} ${name_kern}
get_mon_net=dhcp ${addr_mon} ${tftp_root}/${name_mon}
get_mon_ramfs=dhcp ${addr_mon} ${tftp_root}/${name_mon}
get_mon_ubi=ubifsload ${addr_mon} ${name_mon}
get_ubi_net=dhcp ${addr_ubi} ${tftp_root}/${name_ubi}
get_uboot_net=dhcp ${loadaddr} ${tftp_root}/${name_uboot}
init_net=run args_all args_net
init_ramfs=run args_all args_ramfs get_fs_ramfs
init_ubi=run args_all args_ubi; ubi part ubifs; ubifsmount ubi:boot;ubifsload ${addr_secdb_key} securedb.key.bin;
kernel_addr_r=0x82000000
loadaddr=0x82000000
mem_lpae=1
mem_reserve=512M
mtdparts=mtdparts=davinci_nand.0:1024k(bootloader)ro,512k(params)ro,-(ubifs)
name_fdt=k2l-evm.dtb
name_fs=arago-console-image-k2l-evm.cpio.gz
name_kern=zImage
name_mon=skern-k2l.bin
name_ubi=k2l-evm-ubifs.ubi
name_uboot=u-boot-k2l-spi.gph
nfs_options=v3,tcp,rsize=4096,wsize=4096
nfs_root=/export
no_post=1
ramdisk_addr_r=0x88080000
rdaddr=0x88080000
run_kern=bootz ${loadaddr} - ${fdtaddr}
run_mon=mon_install ${addr_mon}
serverip=192.168.0.1
soc=keystone
stderr=serial
stdin=serial
stdout=serial
tftp_root=/
vendor=ti
ver=U-Boot 2015.07 (Dec 10 2015 - 05:29:57 -0500)
Environment size: 2585/262140 bytes
U-Boot# 
- 14:50:31 [INFO] Host: setenv _initramfs -
- 14:50:31 [INFO] Target: 
setenv _initramfs -
U-Boot# 
- 14:50:31 [INFO] Host: printenv
- 14:50:31 [INFO] Target: 
printenv
_initramfs=-
addr_mon=0x0c140000
addr_secdb_key=0xc000000
addr_ubi=0x82000000
arch=arm
args_all=setenv bootargs console=ttyS0,115200n8 rootwait=1
args_net=setenv bootargs ${bootargs} rootfstype=nfs root=/dev/nfs rw nfsroot=${serverip}:${nfs_root},${nfs_options} ip=dhcp
args_ramfs=setenv bootargs ${bootargs} rdinit=/sbin/init rw root=/dev/ram0 initrd=0x802000000,9M
args_ubi=setenv bootargs ${bootargs} rootfstype=ubifs root=ubi0:rootfs rootflags=sync rw ubi.mtd=ubifs,4096
autoload=no
baudrate=115200
board=ks2_evm
board_name=ks2_evm
boot=ubi
bootargs=console=ttyS0,115200n8 earlyprintk rootwait 
bootcmd=
bootdelay=1
bootm_size=0x10000000
burn_ubi=nand erase.part ubifs; nand write ${addr_ubi} ubifs ${filesize}
burn_uboot_nand=nand erase 0 0x100000; nand write ${loadaddr} 0 ${filesize}
burn_uboot_spi=sf probe; sf erase 0 0x100000; sf write ${loadaddr} 0 ${filesize}
cpu=armv7
eth1addr=b4:99:4c:91:2a:fa
ethact=K2L_EMAC
ethaddr=b4:99:4c:91:2a:fa
fdt_addr_r=0x88000000
fdtaddr=0x88000000
get_fdt_net=dhcp ${fdtaddr} ${tftp_root}/${name_fdt}
get_fdt_ramfs=dhcp ${fdtaddr} ${tftp_root}/${name_fdt}
get_fdt_ubi=ubifsload ${fdtaddr} ${name_fdt}
get_fs_ramfs=dhcp ${rdaddr} ${tftp_root}/${name_fs}
get_kern_net=dhcp ${loadaddr} ${tftp_root}/${name_kern}
get_kern_ramfs=dhcp ${loadaddr} ${tftp_root}/${name_kern}
get_kern_ubi=ubifsload ${loadaddr} ${name_kern}
get_mon_net=dhcp ${addr_mon} ${tftp_root}/${name_mon}
get_mon_ramfs=dhcp ${addr_mon} ${tftp_root}/${name_mon}
get_mon_ubi=ubifsload ${addr_mon} ${name_mon}
get_ubi_net=dhcp ${addr_ubi} ${tftp_root}/${name_ubi}
get_uboot_net=dhcp ${loadaddr} ${tftp_root}/${name_uboot}
init_net=run args_all args_net
init_ramfs=run args_all args_ramfs get_fs_ramfs
init_ubi=run args_all args_ubi; ubi part ubifs; ubifsmount ubi:boot;ubifsload ${addr_secdb_key} securedb.key.bin;
kernel_addr_r=0x82000000
loadaddr=0x82000000
mem_lpae=1
mem_reserve=512M
mtdparts=mtdparts=davinci_nand.0:1024k(bootloader)ro,512k(params)ro,-(ubifs)
name_fdt=k2l-evm.dtb
name_fs=arago-console-image-k2l-evm.cpio.gz
name_kern=zImage
name_mon=skern-k2l.bin
name_ubi=k2l-evm-ubifs.ubi
name_uboot=u-boot-k2l-spi.gph
nfs_options=v3,tcp,rsize=4096,wsize=4096
nfs_root=/export
no_post=1
ramdisk_addr_r=0x88080000
rdaddr=0x88080000
run_kern=bootz ${loadaddr} - ${fdtaddr}
run_mon=mon_install ${addr_mon}
serverip=192.168.0.1
soc=keystone
stderr=serial
stdin=serial
stdout=serial
tftp_root=/
vendor=ti
ver=U-Boot 2015.07 (Dec 10 2015 - 05:29:57 -0500)
Environment size: 2600/262140 bytes
U-Boot# 
- 14:50:31 [INFO] Host: setenv bootargs ''${bootargs}' ip=:::::eth0:dhcp '
- 14:50:31 [INFO] Target: 
setenv bootargs ''${bootargs}' ip=:::::eth0:dhcp '
U-Boot# 
- 14:50:31 [INFO] Host: setenv serverip '192.168.0.1'
- 14:50:31 [INFO] Target: 
setenv serverip '192.168.0.1'
U-Boot# 
- 14:50:31 [INFO] Host: setenv autoload 'no'
- 14:50:31 [INFO] Target: 
setenv autoload 'no'
U-Boot# 
- 14:50:31 [INFO] Host: dhcp
- 14:50:35 [INFO] Target: 
dhcp
K2L_EMAC Waiting for SGMII auto negotiation to complete.. done
K2L_EMAC Waiting for PHY auto negotiation to complete. done
BOOTP broadcast 1
BOOTP broadcast 2
BOOTP broadcast 3
DHCP client bound to address 192.168.0.96 (1294 ms)
U-Boot# 
- 14:50:35 [INFO] Host: tftp ${loadaddr} 192.168.0.1:vatf_k2l-evm/c8a30ff76d0790084979eccd602e7118
- 14:50:37 [INFO] Target: 
tftp ${loadaddr} 192.168.0.1:vatf_k2l-evm/c8a30ff76d0790084979eccd602e7118
K2L_EMAC Waiting for SGMII auto negotiation to complete. done
Using K2L_EMAC device
TFTP from server 192.168.0.1; our IP address is 192.168.0.96
Filename 'vatf_k2l-evm/c8a30ff76d0790084979eccd602e7118'.
Load address: 0x82000000
Loading: *#################################################################
	 #################################################################
	 #################################################################
	 #################################################################
	 ##############################
	 2.8 MiB/s
done
Bytes transferred = 4247784 (40d0e8 hex)
U-Boot# 
- 14:50:37 [INFO] Host: tftp ${fdtaddr} 192.168.0.1:vatf_k2l-evm/463c46f2d3fd15c1ab2a5d541b54f0f6
- 14:50:39 [INFO] Target: 
tftp ${fdtaddr} 192.168.0.1:vatf_k2l-evm/463c46f2d3fd15c1ab2a5d541b54f0f6
K2L_EMAC Waiting for SGMII auto negotiation to complete. done
Using K2L_EMAC device
TFTP from server 192.168.0.1; our IP address is 192.168.0.96
Filename 'vatf_k2l-evm/463c46f2d3fd15c1ab2a5d541b54f0f6'.
Load address: 0x88000000
Loading: *##
	 2.3 MiB/s
done
Bytes transferred = 24579 (6003 hex)
U-Boot# 
- 14:50:39 [INFO] Host: tftp ${addr_mon} 192.168.0.1:vatf_k2l-evm/c5faba4e35639f0365e84be09a6f1b33
- 14:50:40 [INFO] Target: 
tftp ${addr_mon} 192.168.0.1:vatf_k2l-evm/c5faba4e35639f0365e84be09a6f1b33
K2L_EMAC Waiting for SGMII auto negotiation to complete. done
Using K2L_EMAC device
TFTP from server 192.168.0.1; our IP address is 192.168.0.96
Filename 'vatf_k2l-evm/c5faba4e35639f0365e84be09a6f1b33'.
Load address: 0xc140000
Loading: *####
	 2.7 MiB/s
done
Bytes transferred = 45056 (b000 hex)
U-Boot# 
- 14:50:40 [INFO] Host: printenv
- 14:50:40 [INFO] Target: 
printenv
_initramfs=-
addr_mon=0x0c140000
addr_secdb_key=0xc000000
addr_ubi=0x82000000
arch=arm
args_all=setenv bootargs console=ttyS0,115200n8 rootwait=1
args_net=setenv bootargs ${bootargs} rootfstype=nfs root=/dev/nfs rw nfsroot=${serverip}:${nfs_root},${nfs_options} ip=dhcp
args_ramfs=setenv bootargs ${bootargs} rdinit=/sbin/init rw root=/dev/ram0 initrd=0x802000000,9M
args_ubi=setenv bootargs ${bootargs} rootfstype=ubifs root=ubi0:rootfs rootflags=sync rw ubi.mtd=ubifs,4096
autoload=no
baudrate=115200
board=ks2_evm
board_name=ks2_evm
boot=ubi
bootargs=console=ttyS0,115200n8 earlyprintk rootwait  ip=:::::eth0:dhcp 
bootcmd=
bootdelay=1
bootm_size=0x10000000
burn_ubi=nand erase.part ubifs; nand write ${addr_ubi} ubifs ${filesize}
burn_uboot_nand=nand erase 0 0x100000; nand write ${loadaddr} 0 ${filesize}
burn_uboot_spi=sf probe; sf erase 0 0x100000; sf write ${loadaddr} 0 ${filesize}
cpu=armv7
dnsip=192.0.2.2
dnsip2=192.0.2.3
eth1addr=b4:99:4c:91:2a:fa
ethact=K2L_EMAC
ethaddr=b4:99:4c:91:2a:fa
fdt_addr_r=0x88000000
fdtaddr=0x88000000
fileaddr=c140000
filesize=b000
get_fdt_net=dhcp ${fdtaddr} ${tftp_root}/${name_fdt}
get_fdt_ramfs=dhcp ${fdtaddr} ${tftp_root}/${name_fdt}
get_fdt_ubi=ubifsload ${fdtaddr} ${name_fdt}
get_fs_ramfs=dhcp ${rdaddr} ${tftp_root}/${name_fs}
get_kern_net=dhcp ${loadaddr} ${tftp_root}/${name_kern}
get_kern_ramfs=dhcp ${loadaddr} ${tftp_root}/${name_kern}
get_kern_ubi=ubifsload ${loadaddr} ${name_kern}
get_mon_net=dhcp ${addr_mon} ${tftp_root}/${name_mon}
get_mon_ramfs=dhcp ${addr_mon} ${tftp_root}/${name_mon}
get_mon_ubi=ubifsload ${addr_mon} ${name_mon}
get_ubi_net=dhcp ${addr_ubi} ${tftp_root}/${name_ubi}
get_uboot_net=dhcp ${loadaddr} ${tftp_root}/${name_uboot}
init_net=run args_all args_net
init_ramfs=run args_all args_ramfs get_fs_ramfs
init_ubi=run args_all args_ubi; ubi part ubifs; ubifsmount ubi:boot;ubifsload ${addr_secdb_key} securedb.key.bin;
ipaddr=192.168.0.96
kernel_addr_r=0x82000000
loadaddr=0x82000000
mem_lpae=1
mem_reserve=512M
mtdparts=mtdparts=davinci_nand.0:1024k(bootloader)ro,512k(params)ro,-(ubifs)
name_fdt=k2l-evm.dtb
name_fs=arago-console-image-k2l-evm.cpio.gz
name_kern=zImage
name_mon=skern-k2l.bin
name_ubi=k2l-evm-ubifs.ubi
name_uboot=u-boot-k2l-spi.gph
netmask=255.255.255.0
nfs_options=v3,tcp,rsize=4096,wsize=4096
nfs_root=/export
no_post=1
ramdisk_addr_r=0x88080000
rdaddr=0x88080000
run_kern=bootz ${loadaddr} - ${fdtaddr}
run_mon=mon_install ${addr_mon}
serverip=192.168.0.1
soc=keystone
stderr=serial
stdin=serial
stdout=serial
tftp_root=/
vendor=ti
ver=U-Boot 2015.07 (Dec 10 2015 - 05:29:57 -0500)
Environment size: 2737/262140 bytes
U-Boot# 
- 14:50:40 [INFO] Host: setenv bootcmd ''${bootcmd}' mon_install ${addr_mon};'
- 14:50:40 [INFO] Target: 
setenv bootcmd ''${bootcmd}' mon_install ${addr_mon};'
U-Boot# 
- 14:50:40 [INFO] Host: printenv
- 14:50:40 [INFO] Target: 
printenv
_initramfs=-
addr_mon=0x0c140000
addr_secdb_key=0xc000000
addr_ubi=0x82000000
arch=arm
args_all=setenv bootargs console=ttyS0,115200n8 rootwait=1
args_net=setenv bootargs ${bootargs} rootfstype=nfs root=/dev/nfs rw nfsroot=${serverip}:${nfs_root},${nfs_options} ip=dhcp
args_ramfs=setenv bootargs ${bootargs} rdinit=/sbin/init rw root=/dev/ram0 initrd=0x802000000,9M
args_ubi=setenv bootargs ${bootargs} rootfstype=ubifs root=ubi0:rootfs rootflags=sync rw ubi.mtd=ubifs,4096
autoload=no
baudrate=115200
board=ks2_evm
board_name=ks2_evm
boot=ubi
bootargs=console=ttyS0,115200n8 earlyprintk rootwait  ip=:::::eth0:dhcp 
bootcmd= mon_install ${addr_mon};
bootdelay=1
bootm_size=0x10000000
burn_ubi=nand erase.part ubifs; nand write ${addr_ubi} ubifs ${filesize}
burn_uboot_nand=nand erase 0 0x100000; nand write ${loadaddr} 0 ${filesize}
burn_uboot_spi=sf probe; sf erase 0 0x100000; sf write ${loadaddr} 0 ${filesize}
cpu=armv7
dnsip=192.0.2.2
dnsip2=192.0.2.3
eth1addr=b4:99:4c:91:2a:fa
ethact=K2L_EMAC
ethaddr=b4:99:4c:91:2a:fa
fdt_addr_r=0x88000000
fdtaddr=0x88000000
fileaddr=c140000
filesize=b000
get_fdt_net=dhcp ${fdtaddr} ${tftp_root}/${name_fdt}
get_fdt_ramfs=dhcp ${fdtaddr} ${tftp_root}/${name_fdt}
get_fdt_ubi=ubifsload ${fdtaddr} ${name_fdt}
get_fs_ramfs=dhcp ${rdaddr} ${tftp_root}/${name_fs}
get_kern_net=dhcp ${loadaddr} ${tftp_root}/${name_kern}
get_kern_ramfs=dhcp ${loadaddr} ${tftp_root}/${name_kern}
get_kern_ubi=ubifsload ${loadaddr} ${name_kern}
get_mon_net=dhcp ${addr_mon} ${tftp_root}/${name_mon}
get_mon_ramfs=dhcp ${addr_mon} ${tftp_root}/${name_mon}
get_mon_ubi=ubifsload ${addr_mon} ${name_mon}
get_ubi_net=dhcp ${addr_ubi} ${tftp_root}/${name_ubi}
get_uboot_net=dhcp ${loadaddr} ${tftp_root}/${name_uboot}
init_net=run args_all args_net
init_ramfs=run args_all args_ramfs get_fs_ramfs
init_ubi=run args_all args_ubi; ubi part ubifs; ubifsmount ubi:boot;ubifsload ${addr_secdb_key} securedb.key.bin;
ipaddr=192.168.0.96
kernel_addr_r=0x82000000
loadaddr=0x82000000
mem_lpae=1
mem_reserve=512M
mtdparts=mtdparts=davinci_nand.0:1024k(bootloader)ro,512k(params)ro,-(ubifs)
name_fdt=k2l-evm.dtb
name_fs=arago-console-image-k2l-evm.cpio.gz
name_kern=zImage
name_mon=skern-k2l.bin
name_ubi=k2l-evm-ubifs.ubi
name_uboot=u-boot-k2l-spi.gph
netmask=255.255.255.0
nfs_options=v3,tcp,rsize=4096,wsize=4096
nfs_root=/export
no_post=1
ramdisk_addr_r=0x88080000
rdaddr=0x88080000
run_kern=bootz ${loadaddr} - ${fdtaddr}
run_mon=mon_install ${addr_mon}
serverip=192.168.0.1
soc=keystone
stderr=serial
stdin=serial
stdout=serial
tftp_root=/
vendor=ti
ver=U-Boot 2015.07 (Dec 10 2015 - 05:29:57 -0500)
Environment size: 2762/262140 bytes
U-Boot# 
- 14:50:40 [INFO] Host: setenv bootargs ''${bootargs}' root=/dev/nfs rw nfsroot=192.168.0.1:/home/tigtfarm11/NFS_exports/linux/k2l-evm/autofs/23879bccab4f8315590c4efc42f8bdf5,nolock,v3,tcp,rsize=4096,wsize=4096 '
- 14:50:41 [INFO] Target: 
setenv bootargs ''${bootargs}' root=/dev/nfs rw nfsroot=192.168.0.1:/home/tigtfarm11/NFS_exports/linux/k2l-evm/autofs/23879bccab4f8315590c4efc42f8bdf5,nolock,v3,tcp,rsize=4096,wsize=4096 '
U-Boot# 
- 14:50:41 [INFO] Host: printenv
- 14:50:41 [INFO] Target: 
printenv
_initramfs=-
addr_mon=0x0c140000
addr_secdb_key=0xc000000
addr_ubi=0x82000000
arch=arm
args_all=setenv bootargs console=ttyS0,115200n8 rootwait=1
args_net=setenv bootargs ${bootargs} rootfstype=nfs root=/dev/nfs rw nfsroot=${serverip}:${nfs_root},${nfs_options} ip=dhcp
args_ramfs=setenv bootargs ${bootargs} rdinit=/sbin/init rw root=/dev/ram0 initrd=0x802000000,9M
args_ubi=setenv bootargs ${bootargs} rootfstype=ubifs root=ubi0:rootfs rootflags=sync rw ubi.mtd=ubifs,4096
autoload=no
baudrate=115200
board=ks2_evm
board_name=ks2_evm
boot=ubi
bootargs=console=ttyS0,115200n8 earlyprintk rootwait  ip=:::::eth0:dhcp  root=/dev/nfs rw nfsroot=192.168.0.1:/home/tigtfarm11/NFS_exports/linux/k2l-evm/autofs/23879bccab4f8315590c4efc42f8bdf5,nolock,v3,tcp,rsize=4096,wsize=4096 
bootcmd= mon_install ${addr_mon};
bootdelay=1
bootm_size=0x10000000
burn_ubi=nand erase.part ubifs; nand write ${addr_ubi} ubifs ${filesize}
burn_uboot_nand=nand erase 0 0x100000; nand write ${loadaddr} 0 ${filesize}
burn_uboot_spi=sf probe; sf erase 0 0x100000; sf write ${loadaddr} 0 ${filesize}
cpu=armv7
dnsip=192.0.2.2
dnsip2=192.0.2.3
eth1addr=b4:99:4c:91:2a:fa
ethact=K2L_EMAC
ethaddr=b4:99:4c:91:2a:fa
fdt_addr_r=0x88000000
fdtaddr=0x88000000
fileaddr=c140000
filesize=b000
get_fdt_net=dhcp ${fdtaddr} ${tftp_root}/${name_fdt}
get_fdt_ramfs=dhcp ${fdtaddr} ${tftp_root}/${name_fdt}
get_fdt_ubi=ubifsload ${fdtaddr} ${name_fdt}
get_fs_ramfs=dhcp ${rdaddr} ${tftp_root}/${name_fs}
get_kern_net=dhcp ${loadaddr} ${tftp_root}/${name_kern}
get_kern_ramfs=dhcp ${loadaddr} ${tftp_root}/${name_kern}
get_kern_ubi=ubifsload ${loadaddr} ${name_kern}
get_mon_net=dhcp ${addr_mon} ${tftp_root}/${name_mon}
get_mon_ramfs=dhcp ${addr_mon} ${tftp_root}/${name_mon}
get_mon_ubi=ubifsload ${addr_mon} ${name_mon}
get_ubi_net=dhcp ${addr_ubi} ${tftp_root}/${name_ubi}
get_uboot_net=dhcp ${loadaddr} ${tftp_root}/${name_uboot}
init_net=run args_all args_net
init_ramfs=run args_all args_ramfs get_fs_ramfs
init_ubi=run args_all args_ubi; ubi part ubifs; ubifsmount ubi:boot;ubifsload ${addr_secdb_key} securedb.key.bin;
ipaddr=192.168.0.96
kernel_addr_r=0x82000000
loadaddr=0x82000000
mem_lpae=1
mem_reserve=512M
mtdparts=mtdparts=davinci_nand.0:1024k(bootloader)ro,512k(params)ro,-(ubifs)
name_fdt=k2l-evm.dtb
name_fs=arago-console-image-k2l-evm.cpio.gz
name_kern=zImage
name_mon=skern-k2l.bin
name_ubi=k2l-evm-ubifs.ubi
name_uboot=u-boot-k2l-spi.gph
netmask=255.255.255.0
nfs_options=v3,tcp,rsize=4096,wsize=4096
nfs_root=/export
no_post=1
ramdisk_addr_r=0x88080000
rdaddr=0x88080000
run_kern=bootz ${loadaddr} - ${fdtaddr}
run_mon=mon_install ${addr_mon}
serverip=192.168.0.1
soc=keystone
stderr=serial
stdin=serial
stdout=serial
tftp_root=/
vendor=ti
ver=U-Boot 2015.07 (Dec 10 2015 - 05:29:57 -0500)
Environment size: 2919/262140 bytes
U-Boot# 
- 14:50:41 [INFO] Host: setenv bootcmd ''${bootcmd}' if iminfo ${loadaddr}; then bootm ${loadaddr} ${_initramfs} ${fdtaddr}; else bootz ${loadaddr} ${_initramfs} ${fdtaddr}; bootm ${loadaddr} ${_initramfs} ${fdtaddr}; fi'
- 14:50:41 [INFO] Target: 
setenv bootcmd ''${bootcmd}' if iminfo ${loadaddr}; then bootm ${loadaddr} ${_initramfs} ${fdtaddr}; else bootz ${loadaddr} ${_initramfs} ${fdtaddr}; bootm ${loadaddr} ${_initramfs} ${fdtaddr}; fi'
U-Boot# 
- 14:50:41 [INFO] Host: version
- 14:50:41 [INFO] Target: 
version
U-Boot 2015.07 (Dec 10 2015 - 05:29:57 -0500)
arm-linux-gnueabihf-gcc (Linaro GCC 4.9-2015.05) 4.9.3 20150413 (prerelease)
GNU ld (GNU Binutils) Linaro 2014.11-3-git 2.24.0.20141017
U-Boot# 
- 14:50:41 [INFO] Host: bdinfo
- 14:50:41 [INFO] Target: 
bdinfo
arch_number = 0x00000000
boot_params = 0x80000100
DRAM bank   = 0x00000000
-> start    = 0x80000000
-> size     = 0x80000000
DRAM bank   = 0x00000001
-> start    = 0x00000000
-> size     = 0x00000000
eth0name    = K2L_EMAC
ethaddr     = b4:99:4c:91:2a:fa
eth1name    = K2L_EMAC1
eth1addr    = b4:99:4c:91:2a:fa
eth2name    = K2L_EMAC2
eth2addr    = (not set)
eth3name    = K2L_EMAC3
eth3addr    = (not set)
current eth = K2L_EMAC
ip_addr     = 192.168.0.96
baudrate    = 115200 bps
TLB addr    = 0xFFFF0000
relocaddr   = 0xFFF40000
reloc off   = 0xF3F40000
irq_sp      = 0xFEEFFEF0
sp start    = 0xFEEFFEE0
U-Boot# 
- 14:50:41 [INFO] Host: mmc rescan; echo $?
- 14:50:51 [ERROR] On command: mmc rescan; echo $? waiting for (?m-ix:0[\0\n\r]+) >>> error: execution expired
- 14:50:51 [INFO] Target: 
mmc rescan; echo $?
Unknown command 'mmc' - try 'help'
U-Boot# 
- 14:50:51 [INFO] Host: boot
- 14:54:21 [ERROR] On command: boot waiting for boot.+?(?-mix:login:) >>> error: execution expired
- 14:54:21 [INFO] Target: 
boot
K2_BM_15.07-39-g035329caed63 SoC:k2l built:16:02:41, Dec 16 2015
## installed monitor, freq [199680000], status 0
## Checking Image at 82000000 ...
Unknown image format!
Kernel image @ 0x82000000 [ 0x000000 - 0x40d0e8 ]
## Flattened Device Tree blob at 88000000
   Booting using the fdt blob at 0x88000000
   Loading Device Tree to 8fff6000, end 8ffff002 ... OK
Starting kernel ...
[    0.000000] Booting Linux on physical CPU 0x0
[    0.000000] Linux version 4.5.0-rc4-next-20160215-00002-gb2b6c9e47541 (nmenon@horus) (gcc version 4.9.3 20150413 (prerelease) (Linaro GCC 4.9-2015.05) ) #1 SMP PREEMPT Mon Feb 15 05:46:24 CST 2016
[    0.000000] CPU: ARMv7 Processor [412fc0f4] revision 4 (ARMv7), cr=30c5387d
[    0.000000] CPU: div instructions available: patching division code
[    0.000000] CPU: PIPT / VIPT nonaliasing data cache, PIPT instruction cache
[    0.000000] Machine model: Texas Instruments Keystone 2 Lamarr EVM
[    0.000000] Switching physical address space to 0x800000000
[    0.000000] cma: Reserved 16 MiB at 0x000000085f000000
[    0.000000] Forcing write-allocate cache policy for SMP
[    0.000000] Memory policy: Data cache writealloc
[    0.000000] PERCPU: Embedded 14 pages/cpu @ef3c3000 s25664 r8192 d23488 u57344
[    0.000000] Built 1 zonelists in Zone order, mobility grouping on.  Total pages: 391680
[    0.000000] Kernel command line: console=ttyS0,115200n8 earlyprintk rootwait  ip=:::::eth0:dhcp  root=/dev/nfs rw nfsroot=192.168.0.1:/home/tigtfarm11/NFS_exports/linux/k2l-evm/autofs/23879bccab4f8315590c4efc42f8bdf5,nolock,v3,tcp,rsize=4096,wsize=4096 
[    0.000000] PID hash table entries: 4096 (order: 2, 16384 bytes)
[    0.000000] Dentry cache hash table entries: 131072 (order: 7, 524288 bytes)
[    0.000000] Inode-cache hash table entries: 65536 (order: 6, 262144 bytes)
[    0.000000] Memory: 1530256K/1572864K available (6307K kernel code, 370K rwdata, 1956K rodata, 2048K init, 198K bss, 26224K reserved, 16384K cma-reserved, 770048K highmem)
[    0.000000] Virtual kernel memory layout:
[    0.000000]     vector  : 0xffff0000 - 0xffff1000   (   4 kB)
[    0.000000]     fixmap  : 0xffc00000 - 0xfff00000   (3072 kB)
[    0.000000]     vmalloc : 0xf0800000 - 0xff800000   ( 240 MB)
[    0.000000]     lowmem  : 0xc0000000 - 0xf0000000   ( 768 MB)
[    0.000000]     pkmap   : 0xbfe00000 - 0xc0000000   (   2 MB)
[    0.000000]     modules : 0xbf000000 - 0xbfe00000   (  14 MB)
[    0.000000]       .text : 0xc0008000 - 0xc0a11d50   (10280 kB)
[    0.000000]       .init : 0xc0c00000 - 0xc0e00000   (2048 kB)
[    0.000000]       .data : 0xc0e00000 - 0xc0e5c818   ( 371 kB)
[    0.000000]        .bss : 0xc0e5f000 - 0xc0e908a8   ( 199 kB)
[    0.000000] SLUB: HWalign=64, Order=0-3, MinObjects=0, CPUs=2, Nodes=1
[    0.000000] Preemptible hierarchical RCU implementation.
[    0.000000] 	Build-time adjustment of leaf fanout to 32.
[    0.000000] 	RCU restricting CPUs from NR_CPUS=4 to nr_cpu_ids=2.
[    0.000000] RCU: Adjusting geometry for rcu_fanout_leaf=32, nr_cpu_ids=2
[    0.000000] NR_IRQS:16 nr_irqs:16 16
[    0.000000] of_psc_clk_init: error registering clk clkpcie1
[    0.000000] Architected cp15 timer(s) running at 199.68MHz (virt).
[    0.000000] clocksource: arch_sys_counter: mask: 0xffffffffffffff max_cycles: 0x2e0d652267, max_idle_ns: 440795206693 ns
[    0.000003] sched_clock: 56 bits at 199MHz, resolution 5ns, wraps every 4398046511101ns
[    0.000012] Switching to timer-based delay loop, resolution 5ns
[    0.000143] keystone timer clock @199680000 Hz
[    0.000256] Console: colour dummy device 80x30
[    0.000270] Calibrating delay loop (skipped), value calculated using timer frequency.. 399.36 BogoMIPS (lpj=1996800)
[    0.000281] pid_max: default: 4096 minimum: 301
[    0.000346] Mount-cache hash table entries: 2048 (order: 1, 8192 bytes)
[    0.000353] Mountpoint-cache hash table entries: 2048 (order: 1, 8192 bytes)
[    0.000788] CPU: Testing write buffer coherency: ok
[    0.000957] /cpus/cpu@0 missing clock-frequency property
[    0.000974] /cpus/cpu@1 missing clock-frequency property
[    0.000983] CPU0: thread -1, cpu 0, socket 0, mpidr 80000000
[    0.001017] Setting up static identity map for 0x80200000 - 0x8020010c
[    0.081360] CPU1: thread -1, cpu 1, socket 0, mpidr 80000001
[    0.081438] Brought up 2 CPUs
[    0.081450] SMP: Total of 2 processors activated (798.72 BogoMIPS).
[    0.081455] CPU: All CPU(s) started in SVC mode.
[    0.081829] devtmpfs: initialized
[    0.086667] VFP support v0.3: implementor 41 architecture 4 part 30 variant f rev 0
[    0.086954] clocksource: jiffies: mask: 0xffffffff max_cycles: 0xffffffff, max_idle_ns: 19112604462750000 ns
[    0.087458] NET: Registered protocol family 16
[    0.088249] DMA: preallocated 256 KiB pool for atomic coherent allocations
[    0.094984] hw-breakpoint: found 5 (+1 reserved) breakpoint and 4 watchpoint registers.
[    0.094993] hw-breakpoint: maximum watchpoint size is 8 bytes.
[    0.140565] vgaarb: loaded
[    0.140765] SCSI subsystem initialized
[    0.140964] usbcore: registered new interface driver usbfs
[    0.141012] usbcore: registered new interface driver hub
[    0.141058] usbcore: registered new device driver usb
[    0.143005] clocksource: Switched to clocksource arch_sys_counter
[    0.171146] NET: Registered protocol family 2
[    0.171514] TCP established hash table entries: 8192 (order: 3, 32768 bytes)
[    0.171567] TCP bind hash table entries: 8192 (order: 4, 65536 bytes)
[    0.171671] TCP: Hash tables configured (established 8192 bind 8192)
[    0.171720] UDP hash table entries: 512 (order: 2, 16384 bytes)
[    0.171745] UDP-Lite hash table entries: 512 (order: 2, 16384 bytes)
[    0.171882] NET: Registered protocol family 1
[    0.172117] RPC: Registered named UNIX socket transport module.
[    0.172123] RPC: Registered udp transport module.
[    0.172129] RPC: Registered tcp transport module.
[    0.172134] RPC: Registered tcp NFSv4.1 backchannel transport module.
[    0.172488] hw perfevents: enabled with armv7_cortex_a15 PMU driver, 7 counters available
[    0.172939] platform alarmtimer: set dma_pfn_offset00780000
[    0.173235] futex hash table entries: 16 (order: -2, 1024 bytes)
[    0.173998] workingset: timestamp_bits=28 max_order=19 bucket_order=0
[    0.193132] Installing knfsd (copyright (C) 1996 okir@monad.swb.de).
[    0.193230] ntfs: driver 2.1.32 [Flags: R/O].
[    0.193504] jffs2: version 2.2. (NAND)  2001-2006 Red Hat, Inc.
[    0.196649] NET: Registered protocol family 38
[    0.196721] bounce: pool size: 64 pages
[    0.196892] Block layer SCSI generic (bsg) driver version 0.4 loaded (major 253)
[    0.196906] io scheduler noop registered
[    0.196915] io scheduler deadline registered
[    0.196943] io scheduler cfq registered (default)
[    0.197091] keystone_irq soc:keystone_irq@26202a0: irqchip registered, nr_irqs 28
[    0.197930] keystone-navigator-qmss soc:qmss@2a40000: qmgr start queue 0, number of queues 8192
[    0.198055] keystone-navigator-qmss soc:qmss@2a40000: added qmgr start queue 0, num of queues 8192, reg_peek f09c0000, reg_status f0982000, reg_config f0984000, reg_region f0986000, reg_push f0a00000, reg_pop f0a40000
[    0.198170] keystone-navigator-qmss soc:qmss@2a40000: failed to get firmware for pdsp
[    0.198903] keystone-navigator-qmss soc:qmss@2a40000: pdsp id 0 not started for range acc-low-0
[    0.199410] keystone-navigator-dma soc:knav_dmas@0: DMA dma_gbe registered 149 logical channels, flows 128, tx chans: 21, rx chans: 91
[    0.250517] Serial: 8250/16550 driver, 4 ports, IRQ sharing disabled
[    0.250600] platform serial8250: set dma_pfn_offset00780000
[    0.251929] console [ttyS0] disabled
[    0.251966] 2530c00.serial: ttyS0 at MMIO 0x2530c00 (irq = 26, base_baud = 12480000) is a 16550A
[    0.905172] console [ttyS0] enabled
[    0.909362] 2531000.serial: ttyS1 at MMIO 0x2531000 (irq = 27, base_baud = 12480000) is a 16550A
[    0.918828] 2348400.serial: ttyS2 at MMIO 0x2348400 (irq = 67, base_baud = 12480000) is a 16550A
[    0.928233] 2348800.serial: ttyS3 at MMIO 0x2348800 (irq = 68, base_baud = 12480000) is a 16550A
[    0.941544] loop: module loaded
[    0.944857] at24 0-0050: 131072 byte 24c1024 EEPROM, writable, 1 bytes/write
[    0.953240] m25p80 spi32766.0: n25q128a11 (16384 Kbytes)
[    0.958547] 2 ofpart partitions found on MTD device spi32766.0
[    0.964388] Creating 2 MTD partitions on "spi32766.0":
[    0.969505] 0x000000000000-0x000000080000 : "u-boot-spl"
[    0.985626] 0x000000080000-0x000001000000 : "misc"
[    1.001153] spi_davinci 21000400.spi: Controller at 0xf09a6400
[    1.007463] spi_davinci 21000600.spi: Controller at 0xf09a8600
[    1.062453] davinci_mdio 26200f00.mdio: davinci mdio revision 1.7
[    1.068521] libphy: 26200f00.mdio: probed
[    1.073127] davinci_mdio 26200f00.mdio: phy[0]: device 26200f00.mdio:00, driver Marvell 88E1510
[    1.081792] davinci_mdio 26200f00.mdio: phy[1]: device 26200f00.mdio:01, driver Marvell 88E1510
[    2.095370] netcp-1.0 2620110.netcp: module(netcp-xgbe) not used for device
[    2.303363] platform xhci-hcd.0.auto: set dma_pfn_offset00780000
[    2.309860] xhci-hcd xhci-hcd.0.auto: xHCI Host Controller
[    2.315493] xhci-hcd xhci-hcd.0.auto: new USB bus registered, assigned bus number 1
[    2.323356] xhci-hcd xhci-hcd.0.auto: hcc params 0x0298f06d hci version 0x100 quirks 0x00010010
[    2.332032] xhci-hcd xhci-hcd.0.auto: irq 33, io mem 0x02690000
[    2.338095] usb usb1: New USB device found, idVendor=1d6b, idProduct=0002
[    2.344886] usb usb1: New USB device strings: Mfr=3, Product=2, SerialNumber=1
[    2.352079] usb usb1: Product: xHCI Host Controller
[    2.356967] usb usb1: Manufacturer: Linux 4.5.0-rc4-next-20160215-00002-gb2b6c9e47541 xhci-hcd
[    2.365570] usb usb1: SerialNumber: xhci-hcd.0.auto
[    2.370831] hub 1-0:1.0: USB hub found
[    2.374613] hub 1-0:1.0: 1 port detected
[    2.378775] xhci-hcd xhci-hcd.0.auto: xHCI Host Controller
[    2.384394] xhci-hcd xhci-hcd.0.auto: new USB bus registered, assigned bus number 2
[    2.392074] usb usb2: We don't know the algorithms for LPM for this host, disabling LPM.
[    2.400262] usb usb2: New USB device found, idVendor=1d6b, idProduct=0003
[    2.407051] usb usb2: New USB device strings: Mfr=3, Product=2, SerialNumber=1
[    2.414282] usb usb2: Product: xHCI Host Controller
[    2.419138] usb usb2: Manufacturer: Linux 4.5.0-rc4-next-20160215-00002-gb2b6c9e47541 xhci-hcd
[    2.427741] usb usb2: SerialNumber: xhci-hcd.0.auto
[    2.433014] hub 2-0:1.0: USB hub found
[    2.436765] hub 2-0:1.0: 1 port detected
[    2.441028] usbcore: registered new interface driver usb-storage
[    2.447284] mousedev: PS/2 mouse device common for all mice
[    2.463071] i2c /dev entries driver
[    2.467102] davinci-wdt 22f0080.wdt: heartbeat 60 sec
[    2.472781] usbcore: registered new interface driver usbhid
[    2.478330] usbhid: USB HID core driver
[    2.482999] nand: device found, Manufacturer ID: 0x2c, Chip ID: 0xa5
[    2.489327] nand: Micron MT29F16G08ADBCAH4
[    2.493439] nand: 2048 MiB, SLC, erase size: 256 KiB, page size: 4096, OOB size: 224
[    2.501156] nand: WARNING: 30000000.nand: the ECC used on your system is too weak compared to the one required by the NAND chip
[    2.513140] Bad block table found at page 524224, version 0x01
[    2.519885] Bad block table found at page 524160, version 0x01
[    2.526298] 3 ofpart partitions found on MTD device 30000000.nand
[    2.532366] Creating 3 MTD partitions on "30000000.nand":
[    2.537829] 0x000000000000-0x000000100000 : "u-boot"
[    2.553656] 0x000000100000-0x000000180000 : "params"
[    2.569351] 0x000000180000-0x000080000000 : "ubifs"
[    2.585409] davinci_nand 30000000.nand: controller rev. 2.5
[    2.591142] platform oprofile-perf.0: set dma_pfn_offset00780000
[    2.597389] oprofile: using timer interrupt.
[    2.601691] Netfilter messages via NETLINK v0.30.
[    2.606422] nf_conntrack version 0.5.0 (16384 buckets, 65536 max)
[    2.612952] ctnetlink v0.93: registering with nfnetlink.
[    2.618522] ipip: IPv4 over IPv4 tunneling driver
[    2.623649] gre: GRE over IPv4 demultiplexor driver
[    2.628508] ip_gre: GRE over IPv4 tunneling driver
[    2.634471] ip_tables: (C) 2000-2006 Netfilter Core Team
[    2.639843] ipt_CLUSTERIP: ClusterIP Version 0.8 loaded successfully
[    2.646231] arp_tables: arp_tables: (C) 2002 David S. Miller
[    2.651909] Initializing XFRM netlink socket
[    2.656924] NET: Registered protocol family 10
[    2.662183] NET: Registered protocol family 17
[    2.666667] NET: Registered protocol family 15
[    2.671095] 8021q: 802.1Q VLAN Support v1.8
[    2.676115] sctp: Hash tables configured (bind 65536)
[    2.681450] Registering SWP/SWPB emulation handler
[    2.698824] netcp-1.0 2620110.netcp eth0: Link is Up - 1Gbps/Full - flow control off
[    2.708971] IPv6: ADDRCONF(NETDEV_UP): eth0: link is not ready
[    2.714826] 8021q: adding VLAN 0 to HW filter on device eth0
[    2.752497] usb 2-1: new SuperSpeed USB device number 2 using xhci-hcd
[    2.773373] usb 2-1: New USB device found, idVendor=125f, idProduct=db8a
[    2.780049] usb 2-1: New USB device strings: Mfr=1, Product=2, SerialNumber=3
[    2.787170] usb 2-1: Product: ADATA USB Flash Drive
[    2.792025] usb 2-1: Manufacturer: ADATA
[    2.795952] usb 2-1: SerialNumber: F12340000014C1408442050002
[    2.802296] usb-storage 2-1:1.0: USB Mass Storage device detected
[    2.808607] scsi host0: usb-storage 2-1:1.0
[    3.812903] scsi 0:0:0:0: Direct-Access     ADATA    NAND Flash       1.00 PQ: 0 ANSI: 6
[    3.822602] sd 0:0:0:0: [sda] Attached SCSI removable disk
[    4.092431] netcp-1.0 2620110.netcp eth0: Link is Up - 1Gbps/Full - flow control off
[    7.692783] netcp-1.0 2620110.netcp eth0: Link is Up - 1Gbps/Full - flow control off
[    7.700519] IPv6: ADDRCONF(NETDEV_CHANGE): eth0: link becomes ready
[    7.712439] Sending DHCP requests .
[    7.715766] Unable to handle kernel paging request at virtual address f00b6b50
[    7.723133] pgd = c0003000
[    7.725824] [f00b6b50] *pgd=80000800007003, *pmd=00000000
[    7.731211] Internal error: Oops: 206 [#1] PREEMPT SMP ARM
[    7.736670] Modules linked in:
[    7.739715] CPU: 0 PID: 1 Comm: swapper/0 Not tainted 4.5.0-rc4-next-20160215-00002-gb2b6c9e47541 #1
[    7.748811] Hardware name: Keystone
[    7.752281] task: eec80000 ti: eec88000 task.ti: eec88000
[    7.757662] PC is at netcp_process_tx_compl_packets+0xb8/0x13c
[    7.763470] LR is at netcp_free_tx_desc_chain+0x68/0xe8
[    7.768672] pc : [<c058f23c>]    lr : [<c058f104>]    psr: a0000113
[    7.768672] sp : eec89d30  ip : f0a0fa10  fp : eec89d58
[    7.780105] r10: 00000000  r9 : ef3c92c0  r8 : eec89d58
[    7.785306] r7 : 0000012c  r6 : 00000000  r5 : 00000040  r4 : eef3a4c0
[    7.791804] r3 : eef3a000  r2 : f00b6b00  r1 : eeebf000  r0 : 0000e5fc
[    7.798303] Flags: NzCv  IRQs on  FIQs on  Mode SVC_32  ISA ARM  Segment kernel
[    7.805582] Control: 30c5387d  Table: 00003000  DAC: fffffffd
[    7.811302] Process swapper/0 (pid: 1, stack limit = 0xeec88210)
[    7.817281] Stack: (0xeec89d30 to 0xeec8a000)
[    7.821616] 9d20:                                     eec89d5c 00000010 c0e5a0fc eef3a580
[    7.829761] 9d40: eef3a580 00000040 0000012c ffff8dd5 ef3c92c0 eec89d88 c0e02100 c05917e8
[    7.837905] 9d60: eef3a580 00000001 00000040 c06290dc eede2540 2e76d000 eec88000 ef3c92c0
[    7.846049] 9d80: c0c5c2c0 c0e041a0 eec89d88 eec89d88 eec89d90 eec89d90 c0e2e430 c0e0208c
[    7.854193] 9da0: 00000003 eec88000 00000008 00000101 ee4bd668 0000000c c0e5a0ac c021e5fc
[    7.862337] 9dc0: ffffffff eec89e0c 00000004 eec89dc0 c0e02080 c0e5f9c0 0000000a ffff8dd4
[    7.870482] 9de0: c0e02100 00200140 ee6c10c0 60000113 00000200 ee4bd600 eef3a000 eeebf000
[    7.878625] 9e00: ee4bd668 00000000 c0e49d80 c021e90c 00000000 c021e9ec 00000000 00000000
[    7.886769] 9e20: ee4bd600 c062bb64 ee4bd668 00000001 00000800 00000000 c064939c ee6c10c0
[    7.894913] 9e40: eef3a000 ee6a0c80 eeede91f eeede918 c0c51218 c0c3a704 eed84d48 00000240
[    7.903057] 9e60: ee6a0580 c0949a2c eec89f04 00000001 51eb851f 00000002 00000006 00000000
[    7.911201] 9e80: ffff8dd3 ffff0a00 0000000f 00000117 ffffff05 ffff0a00 00000097 eec89f00
[    7.919345] 9ea0: 0000000e c0949a2c 0000000f ee6a0580 c04bd0c0 c0c4983c 00000001 ee6a0580
[    7.927489] 9ec0: eec89ed4 ef9c6400 ee6a0580 c0c5e460 eec89ed8 c03066a8 00000007 c0c49838
[    7.935633] 9ee0: c0c39d7c c0e07f10 c0e07f10 ee6a0580 c0c39d7c 00000000 00000097 c0c4983c
[    7.943777] 9f00: 00000000 c0201714 eed08300 c080519c 00000014 00000000 00000000 60000013
[    7.951922] 9f20: 00000000 c0e0bf9c 00000097 c0825234 c09e8e20 c023542c 0000cccd c0941b78
[    7.960065] 9f40: c09e8254 00000000 00000007 00000007 c0e0bf84 efffcc80 c0c556d8 00000007
[    7.968209] 9f60: c0c49838 c0e5f000 c0e5f000 c0c4983c 00000000 c0c00e20 00000007 00000007
[    7.976353] 9f80: 00000000 c0c00594 0000f000 c076c480 00000000 00000000 00000000 00000000
[    7.984497] 9fa0: 00000000 c076c48c 00000000 c0207548 00000000 00000000 00000000 00000000
[    7.992641] 9fc0: 00000000 00000000 00000000 00000000 00000000 00000000 00000000 00000000
[    8.000784] 9fe0: 00000000 00000000 00000000 00000000 00000013 00000000 00000000 00000000
[    8.008936] [<c058f23c>] (netcp_process_tx_compl_packets) from [<c05917e8>] (netcp_tx_poll+0x14/0x44)
[    8.018126] [<c05917e8>] (netcp_tx_poll) from [<c06290dc>] (net_rx_action+0x20c/0x380)
[    8.026015] [<c06290dc>] (net_rx_action) from [<c021e5fc>] (__do_softirq+0xb8/0x330)
[    8.033729] [<c021e5fc>] (__do_softirq) from [<c021e90c>] (do_softirq+0x54/0x5c)
[    8.041095] [<c021e90c>] (do_softirq) from [<c021e9ec>] (__local_bh_enable_ip+0xd8/0xdc)
[    8.049156] [<c021e9ec>] (__local_bh_enable_ip) from [<c062bb64>] (__dev_queue_xmit+0x1dc/0x550)
[    8.057909] [<c062bb64>] (__dev_queue_xmit) from [<c0c3a704>] (ip_auto_config+0x988/0x1030)
[    8.066228] [<c0c3a704>] (ip_auto_config) from [<c0201714>] (do_one_initcall+0x90/0x1dc)
[    8.074289] [<c0201714>] (do_one_initcall) from [<c0c00e20>] (kernel_init_freeable+0x158/0x1f8)
[    8.082956] [<c0c00e20>] (kernel_init_freeable) from [<c076c48c>] (kernel_init+0xc/0xf0)
[    8.091018] [<c076c48c>] (kernel_init) from [<c0207548>] (ret_from_fork+0x14/0x2c)
[    8.098558] Code: e1a02400 e5931240 e0822300 e0812002 (e5922050) 
[    8.104628] ---[ end trace c1d6cccb976e9de3 ]---
[    8.109223] Kernel panic - not syncing: Fatal exception in interrupt
[    8.115550] CPU1: stopping
[    8.118246] CPU: 1 PID: 0 Comm: swapper/1 Tainted: G      D         4.5.0-rc4-next-20160215-00002-gb2b6c9e47541 #1
[    8.128553] Hardware name: Keystone
[    8.132035] [<c020e4a0>] (unwind_backtrace) from [<c020ad4c>] (show_stack+0x10/0x14)
[    8.139753] [<c020ad4c>] (show_stack) from [<c04ae710>] (dump_stack+0x88/0x9c)
[    8.146949] [<c04ae710>] (dump_stack) from [<c020d5b4>] (handle_IPI+0x2e8/0x2f8)
[    8.154317] [<c020d5b4>] (handle_IPI) from [<c020147c>] (gic_handle_irq+0x84/0x88)
[    8.161858] [<c020147c>] (gic_handle_irq) from [<c0772240>] (__irq_svc+0x40/0x74)
[    8.169308] Exception stack(0xeecabf88 to 0xeecabfd0)
[    8.174337] bf80:                   00000001 00000000 000020dc c02171a0 00000001 eecaa000
[    8.182481] bfa0: c0e03950 c0e5f308 c0e5a674 c0e038f0 c0c563ac eecabfe0 00000000 eecabfd8
[    8.190624] bfc0: c0207ddc c0207de0 60000113 ffffffff
[    8.195656] [<c0772240>] (__irq_svc) from [<c0207de0>] (arch_cpu_idle+0x38/0x3c)
[    8.203027] [<c0207de0>] (arch_cpu_idle) from [<c02543d8>] (cpu_startup_entry+0x158/0x2b4)
[    8.211261] [<c02543d8>] (cpu_startup_entry) from [<8020150c>] (0x8020150c)
[    8.218196] ---[ end Kernel panic - not syncing: Fatal exception in interrupt
- 14:54:21 [INFO] Boot attempt 1/1 failed
- 14:54:21 [INFO] Collecting kernel traces via sysrq...
- 14:54:31 [INFO] 
- 14:54:42 [INFO] 
- 14:54:52 [INFO] 
- 14:54:52 [INFO] Disconnected serial from k2l-evm
URL:gtsystest.telogy.design.ti.com/vatf/tigtfarm11/tigtfarm11_vatf@k2l-evm/tigtfarm1102_15_2016_14_50_14/files/session_iteration_1/test_1
