- 00:59:17 [INFO] Starting target session
- 00:59:17 [INFO] Connected to k2l-evm via serial 
- 00:59:17 [INFO] Host: #check prompt
- 00:59:20 [ERROR] On command: #check prompt waiting for #check prompt.+?(?-mix:((?-mix:login:)|[Pp]assword)) >>> error: execution expired
- 00:59:20 [INFO] Target: 
#check prompt
root@k2l-evm:/test# 
- 00:59:20 [INFO] Host: #check prompt
- 00:59:20 [INFO] Target: 
#check prompt
root@k2l-evm:/test# 
- 00:59:20 [INFO] Host: sync;poweroff
- 00:59:29 [INFO] Target: 
sync;poweroff
Broadcast message from root@k2l-evm (ttyS0) (Thu Jan  7 01:49:
INIT: Stopping telnet daemon.
Stopping system message bus: dbus.
Error opening /dev/fb0: No such file or directory
Stopping syslogd/klogd: stopped syslogd (pid 1509)
stopped klogd (pid 1512)
done
Stopping thttpd.
stopping statd: done
Stopping rpcbind daemon...
done.
NOT deconfiguring network interfaces: / is an NFS mount
Disabling thermal zones...
/etc/rc0.d/K98thermal-zone-init: line 13: /sys/class/thermal/thermal_zone*/mode: No such file or directory
Sending all processes the TERM signal...
Sending all processes the KILL signal...
Unmounting remote filesystems...
Deactivating swap...
Unmounting local filesystems...
[  429.570618] reboot: System halted
- 00:59:29 [INFO] Disconnected serial from k2l-evm
- 00:59:30 [INFO] Connected to k2l-evm via serial 
- 00:59:30 [INFO] Host: 
- 00:59:35 [INFO] Target: 
U-Boot SPL 2015.07 (Dec 10 2015 - 05:29:57)
U-Boot 2015.07 (Dec 10 2015 - 05:29:57 -0500)
CPU: 66AK2Lx SR1.0
I2C:   ready
DRAM:  DRAM: 2 GiB
Clear entire DDR3 memory to enable ECC
2 GiB
NAND:  2048 MiB
Net:   Phy 2 not found
Phy 3 not found
K2L_EMAC, K2L_EMAC1, K2L_EMAC2
Error: K2L_EMAC2 address not set.
, K2L_EMAC3
Error: K2L_EMAC3 address not set.
Hit any key to stop autoboot:  1  0 
U-Boot# 
U-Boot# 
U-Boot# 
U-Boot# 
U-Boot# 
U-Boot# 
U-Boot# 
U-Boot# 
U-Boot# 
U-Boot# 
U-Boot# 
- 00:59:35 [INFO] Host: 
- 00:59:35 [INFO] Target: 
U-Boot# 
- 00:59:35 [INFO] Host: version
- 00:59:35 [INFO] Target: 
version
U-Boot 2015.07 (Dec 10 2015 - 05:29:57 -0500)
arm-linux-gnueabihf-gcc (Linaro GCC 4.9-2015.05) 4.9.3 20150413 (prerelease)
GNU ld (GNU Binutils) Linaro 2014.11-3-git 2.24.0.20141017
U-Boot# 
- 00:59:35 [INFO] Host: setenv bootargs 'console=ttyS0,115200n8 earlyprintk rootwait '
- 00:59:35 [INFO] Target: 
setenv bootargs 'console=ttyS0,115200n8 earlyprintk rootwait '
U-Boot# 
- 00:59:35 [INFO] Host: setenv bootcmd  ''
- 00:59:35 [INFO] Target: 
setenv bootcmd  ''
U-Boot# 
- 00:59:35 [INFO] Host: setenv autoload 'no'
- 00:59:35 [INFO] Target: 
setenv autoload 'no'
U-Boot# 
- 00:59:35 [INFO] Host: setenv serverip '192.168.0.1'
- 00:59:35 [INFO] Target: 
setenv serverip '192.168.0.1'
U-Boot# 
- 00:59:35 [INFO] Host: printenv
- 00:59:36 [INFO] Target: 
printenv
addr_mon=0x0c140000
addr_secdb_key=0xc000000
addr_ubi=0x82000000
arch=arm
args_all=setenv bootargs console=ttyS0,115200n8 rootwait=1
args_net=setenv bootargs ${bootargs} rootfstype=nfs root=/dev/nfs rw nfsroot=${serverip}:${nfs_root},${nfs_options} ip=dhcp
args_ramfs=setenv bootargs ${bootargs} rdinit=/sbin/init rw root=/dev/ram0 initrd=0x802000000,9M
args_ubi=setenv bootargs ${bootargs} rootfstype=ubifs root=ubi0:rootfs rootflags=sync rw ubi.mtd=ubifs,4096
autoload=no
baudrate=115200
board=ks2_evm
board_name=ks2_evm
boot=ubi
bootargs=console=ttyS0,115200n8 earlyprintk rootwait 
bootcmd=
bootdelay=1
bootm_size=0x10000000
burn_ubi=nand erase.part ubifs; nand write ${addr_ubi} ubifs ${filesize}
burn_uboot_nand=nand erase 0 0x100000; nand write ${loadaddr} 0 ${filesize}
burn_uboot_spi=sf probe; sf erase 0 0x100000; sf write ${loadaddr} 0 ${filesize}
cpu=armv7
eth1addr=b4:99:4c:91:2a:fa
ethact=K2L_EMAC
ethaddr=b4:99:4c:91:2a:fa
fdt_addr_r=0x88000000
fdtaddr=0x88000000
get_fdt_net=dhcp ${fdtaddr} ${tftp_root}/${name_fdt}
get_fdt_ramfs=dhcp ${fdtaddr} ${tftp_root}/${name_fdt}
get_fdt_ubi=ubifsload ${fdtaddr} ${name_fdt}
get_fs_ramfs=dhcp ${rdaddr} ${tftp_root}/${name_fs}
get_kern_net=dhcp ${loadaddr} ${tftp_root}/${name_kern}
get_kern_ramfs=dhcp ${loadaddr} ${tftp_root}/${name_kern}
get_kern_ubi=ubifsload ${loadaddr} ${name_kern}
get_mon_net=dhcp ${addr_mon} ${tftp_root}/${name_mon}
get_mon_ramfs=dhcp ${addr_mon} ${tftp_root}/${name_mon}
get_mon_ubi=ubifsload ${addr_mon} ${name_mon}
get_ubi_net=dhcp ${addr_ubi} ${tftp_root}/${name_ubi}
get_uboot_net=dhcp ${loadaddr} ${tftp_root}/${name_uboot}
init_net=run args_all args_net
init_ramfs=run args_all args_ramfs get_fs_ramfs
init_ubi=run args_all args_ubi; ubi part ubifs; ubifsmount ubi:boot;ubifsload ${addr_secdb_key} securedb.key.bin;
kernel_addr_r=0x82000000
loadaddr=0x82000000
mem_lpae=1
mem_reserve=512M
mtdparts=mtdparts=davinci_nand.0:1024k(bootloader)ro,512k(params)ro,-(ubifs)
name_fdt=k2l-evm.dtb
name_fs=arago-console-image-k2l-evm.cpio.gz
name_kern=zImage
name_mon=skern-k2l.bin
name_ubi=k2l-evm-ubifs.ubi
name_uboot=u-boot-k2l-spi.gph
nfs_options=v3,tcp,rsize=4096,wsize=4096
nfs_root=/export
no_post=1
ramdisk_addr_r=0x88080000
rdaddr=0x88080000
run_kern=bootz ${loadaddr} - ${fdtaddr}
run_mon=mon_install ${addr_mon}
serverip=192.168.0.1
soc=keystone
stderr=serial
stdin=serial
stdout=serial
tftp_root=/
vendor=ti
ver=U-Boot 2015.07 (Dec 10 2015 - 05:29:57 -0500)
Environment size: 2585/262140 bytes
U-Boot# 
- 00:59:36 [INFO] Host: setenv _initramfs -
- 00:59:36 [INFO] Target: 
setenv _initramfs -
U-Boot# 
- 00:59:36 [INFO] Host: printenv
- 00:59:36 [INFO] Target: 
printenv
_initramfs=-
addr_mon=0x0c140000
addr_secdb_key=0xc000000
addr_ubi=0x82000000
arch=arm
args_all=setenv bootargs console=ttyS0,115200n8 rootwait=1
args_net=setenv bootargs ${bootargs} rootfstype=nfs root=/dev/nfs rw nfsroot=${serverip}:${nfs_root},${nfs_options} ip=dhcp
args_ramfs=setenv bootargs ${bootargs} rdinit=/sbin/init rw root=/dev/ram0 initrd=0x802000000,9M
args_ubi=setenv bootargs ${bootargs} rootfstype=ubifs root=ubi0:rootfs rootflags=sync rw ubi.mtd=ubifs,4096
autoload=no
baudrate=115200
board=ks2_evm
board_name=ks2_evm
boot=ubi
bootargs=console=ttyS0,115200n8 earlyprintk rootwait 
bootcmd=
bootdelay=1
bootm_size=0x10000000
burn_ubi=nand erase.part ubifs; nand write ${addr_ubi} ubifs ${filesize}
burn_uboot_nand=nand erase 0 0x100000; nand write ${loadaddr} 0 ${filesize}
burn_uboot_spi=sf probe; sf erase 0 0x100000; sf write ${loadaddr} 0 ${filesize}
cpu=armv7
eth1addr=b4:99:4c:91:2a:fa
ethact=K2L_EMAC
ethaddr=b4:99:4c:91:2a:fa
fdt_addr_r=0x88000000
fdtaddr=0x88000000
get_fdt_net=dhcp ${fdtaddr} ${tftp_root}/${name_fdt}
get_fdt_ramfs=dhcp ${fdtaddr} ${tftp_root}/${name_fdt}
get_fdt_ubi=ubifsload ${fdtaddr} ${name_fdt}
get_fs_ramfs=dhcp ${rdaddr} ${tftp_root}/${name_fs}
get_kern_net=dhcp ${loadaddr} ${tftp_root}/${name_kern}
get_kern_ramfs=dhcp ${loadaddr} ${tftp_root}/${name_kern}
get_kern_ubi=ubifsload ${loadaddr} ${name_kern}
get_mon_net=dhcp ${addr_mon} ${tftp_root}/${name_mon}
get_mon_ramfs=dhcp ${addr_mon} ${tftp_root}/${name_mon}
get_mon_ubi=ubifsload ${addr_mon} ${name_mon}
get_ubi_net=dhcp ${addr_ubi} ${tftp_root}/${name_ubi}
get_uboot_net=dhcp ${loadaddr} ${tftp_root}/${name_uboot}
init_net=run args_all args_net
init_ramfs=run args_all args_ramfs get_fs_ramfs
init_ubi=run args_all args_ubi; ubi part ubifs; ubifsmount ubi:boot;ubifsload ${addr_secdb_key} securedb.key.bin;
kernel_addr_r=0x82000000
loadaddr=0x82000000
mem_lpae=1
mem_reserve=512M
mtdparts=mtdparts=davinci_nand.0:1024k(bootloader)ro,512k(params)ro,-(ubifs)
name_fdt=k2l-evm.dtb
name_fs=arago-console-image-k2l-evm.cpio.gz
name_kern=zImage
name_mon=skern-k2l.bin
name_ubi=k2l-evm-ubifs.ubi
name_uboot=u-boot-k2l-spi.gph
nfs_options=v3,tcp,rsize=4096,wsize=4096
nfs_root=/export
no_post=1
ramdisk_addr_r=0x88080000
rdaddr=0x88080000
run_kern=bootz ${loadaddr} - ${fdtaddr}
run_mon=mon_install ${addr_mon}
serverip=192.168.0.1
soc=keystone
stderr=serial
stdin=serial
stdout=serial
tftp_root=/
vendor=ti
ver=U-Boot 2015.07 (Dec 10 2015 - 05:29:57 -0500)
Environment size: 2600/262140 bytes
U-Boot# 
- 00:59:36 [INFO] Host: setenv bootargs ''${bootargs}' ip=:::::eth0:dhcp '
- 00:59:36 [INFO] Target: 
setenv bootargs ''${bootargs}' ip=:::::eth0:dhcp '
U-Boot# 
- 00:59:36 [INFO] Host: setenv serverip '192.168.0.1'
- 00:59:36 [INFO] Target: 
setenv serverip '192.168.0.1'
U-Boot# 
- 00:59:36 [INFO] Host: setenv autoload 'no'
- 00:59:36 [INFO] Target: 
setenv autoload 'no'
U-Boot# 
- 00:59:36 [INFO] Host: dhcp
- 00:59:40 [INFO] Target: 
dhcp
K2L_EMAC Waiting for SGMII auto negotiation to complete... done
K2L_EMAC Waiting for PHY auto negotiation to complete. done
BOOTP broadcast 1
BOOTP broadcast 2
BOOTP broadcast 3
DHCP client bound to address 192.168.0.124 (1255 ms)
U-Boot# 
- 00:59:40 [INFO] Host: tftp ${loadaddr} 192.168.0.1:vatf_k2l-evm/163679ab0fe81a580507b8c1da1d2214
- 00:59:43 [INFO] Target: 
tftp ${loadaddr} 192.168.0.1:vatf_k2l-evm/163679ab0fe81a580507b8c1da1d2214
K2L_EMAC Waiting for SGMII auto negotiation to complete. done
Using K2L_EMAC device
TFTP from server 192.168.0.1; our IP address is 192.168.0.124
Filename 'vatf_k2l-evm/163679ab0fe81a580507b8c1da1d2214'.
Load address: 0x82000000
Loading: *#################################################################
	 #################################################################
	 #################################################################
	 #################################################################
	 ###########################
	 2.8 MiB/s
done
Bytes transferred = 4213088 (404960 hex)
U-Boot# 
- 00:59:43 [INFO] Host: tftp ${fdtaddr} 192.168.0.1:vatf_k2l-evm/463c46f2d3fd15c1ab2a5d541b54f0f6
- 00:59:44 [INFO] Target: 
tftp ${fdtaddr} 192.168.0.1:vatf_k2l-evm/463c46f2d3fd15c1ab2a5d541b54f0f6
K2L_EMAC Waiting for SGMII auto negotiation to complete. done
Using K2L_EMAC device
TFTP from server 192.168.0.1; our IP address is 192.168.0.124
Filename 'vatf_k2l-evm/463c46f2d3fd15c1ab2a5d541b54f0f6'.
Load address: 0x88000000
Loading: *##
	 2.3 MiB/s
done
Bytes transferred = 24579 (6003 hex)
U-Boot# 
- 00:59:44 [INFO] Host: tftp ${addr_mon} 192.168.0.1:vatf_k2l-evm/c5faba4e35639f0365e84be09a6f1b33
- 00:59:46 [INFO] Target: 
tftp ${addr_mon} 192.168.0.1:vatf_k2l-evm/c5faba4e35639f0365e84be09a6f1b33
K2L_EMAC Waiting for SGMII auto negotiation to complete. done
Using K2L_EMAC device
TFTP from server 192.168.0.1; our IP address is 192.168.0.124
Filename 'vatf_k2l-evm/c5faba4e35639f0365e84be09a6f1b33'.
Load address: 0xc140000
Loading: *####
	 2.5 MiB/s
done
Bytes transferred = 45056 (b000 hex)
U-Boot# 
- 00:59:46 [INFO] Host: printenv
- 00:59:46 [INFO] Target: 
printenv
_initramfs=-
addr_mon=0x0c140000
addr_secdb_key=0xc000000
addr_ubi=0x82000000
arch=arm
args_all=setenv bootargs console=ttyS0,115200n8 rootwait=1
args_net=setenv bootargs ${bootargs} rootfstype=nfs root=/dev/nfs rw nfsroot=${serverip}:${nfs_root},${nfs_options} ip=dhcp
args_ramfs=setenv bootargs ${bootargs} rdinit=/sbin/init rw root=/dev/ram0 initrd=0x802000000,9M
args_ubi=setenv bootargs ${bootargs} rootfstype=ubifs root=ubi0:rootfs rootflags=sync rw ubi.mtd=ubifs,4096
autoload=no
baudrate=115200
board=ks2_evm
board_name=ks2_evm
boot=ubi
bootargs=console=ttyS0,115200n8 earlyprintk rootwait  ip=:::::eth0:dhcp 
bootcmd=
bootdelay=1
bootm_size=0x10000000
burn_ubi=nand erase.part ubifs; nand write ${addr_ubi} ubifs ${filesize}
burn_uboot_nand=nand erase 0 0x100000; nand write ${loadaddr} 0 ${filesize}
burn_uboot_spi=sf probe; sf erase 0 0x100000; sf write ${loadaddr} 0 ${filesize}
cpu=armv7
dnsip=192.0.2.2
dnsip2=192.0.2.3
eth1addr=b4:99:4c:91:2a:fa
ethact=K2L_EMAC
ethaddr=b4:99:4c:91:2a:fa
fdt_addr_r=0x88000000
fdtaddr=0x88000000
fileaddr=c140000
filesize=b000
get_fdt_net=dhcp ${fdtaddr} ${tftp_root}/${name_fdt}
get_fdt_ramfs=dhcp ${fdtaddr} ${tftp_root}/${name_fdt}
get_fdt_ubi=ubifsload ${fdtaddr} ${name_fdt}
get_fs_ramfs=dhcp ${rdaddr} ${tftp_root}/${name_fs}
get_kern_net=dhcp ${loadaddr} ${tftp_root}/${name_kern}
get_kern_ramfs=dhcp ${loadaddr} ${tftp_root}/${name_kern}
get_kern_ubi=ubifsload ${loadaddr} ${name_kern}
get_mon_net=dhcp ${addr_mon} ${tftp_root}/${name_mon}
get_mon_ramfs=dhcp ${addr_mon} ${tftp_root}/${name_mon}
get_mon_ubi=ubifsload ${addr_mon} ${name_mon}
get_ubi_net=dhcp ${addr_ubi} ${tftp_root}/${name_ubi}
get_uboot_net=dhcp ${loadaddr} ${tftp_root}/${name_uboot}
init_net=run args_all args_net
init_ramfs=run args_all args_ramfs get_fs_ramfs
init_ubi=run args_all args_ubi; ubi part ubifs; ubifsmount ubi:boot;ubifsload ${addr_secdb_key} securedb.key.bin;
ipaddr=192.168.0.124
kernel_addr_r=0x82000000
loadaddr=0x82000000
mem_lpae=1
mem_reserve=512M
mtdparts=mtdparts=davinci_nand.0:1024k(bootloader)ro,512k(params)ro,-(ubifs)
name_fdt=k2l-evm.dtb
name_fs=arago-console-image-k2l-evm.cpio.gz
name_kern=zImage
name_mon=skern-k2l.bin
name_ubi=k2l-evm-ubifs.ubi
name_uboot=u-boot-k2l-spi.gph
netmask=255.255.255.0
nfs_options=v3,tcp,rsize=4096,wsize=4096
nfs_root=/export
no_post=1
ramdisk_addr_r=0x88080000
rdaddr=0x88080000
run_kern=bootz ${loadaddr} - ${fdtaddr}
run_mon=mon_install ${addr_mon}
serverip=192.168.0.1
soc=keystone
stderr=serial
stdin=serial
stdout=serial
tftp_root=/
vendor=ti
ver=U-Boot 2015.07 (Dec 10 2015 - 05:29:57 -0500)
Environment size: 2738/262140 bytes
U-Boot# 
- 00:59:46 [INFO] Host: setenv bootcmd ''${bootcmd}' mon_install ${addr_mon};'
- 00:59:46 [INFO] Target: 
setenv bootcmd ''${bootcmd}' mon_install ${addr_mon};'
U-Boot# 
- 00:59:46 [INFO] Host: printenv
- 00:59:46 [INFO] Target: 
printenv
_initramfs=-
addr_mon=0x0c140000
addr_secdb_key=0xc000000
addr_ubi=0x82000000
arch=arm
args_all=setenv bootargs console=ttyS0,115200n8 rootwait=1
args_net=setenv bootargs ${bootargs} rootfstype=nfs root=/dev/nfs rw nfsroot=${serverip}:${nfs_root},${nfs_options} ip=dhcp
args_ramfs=setenv bootargs ${bootargs} rdinit=/sbin/init rw root=/dev/ram0 initrd=0x802000000,9M
args_ubi=setenv bootargs ${bootargs} rootfstype=ubifs root=ubi0:rootfs rootflags=sync rw ubi.mtd=ubifs,4096
autoload=no
baudrate=115200
board=ks2_evm
board_name=ks2_evm
boot=ubi
bootargs=console=ttyS0,115200n8 earlyprintk rootwait  ip=:::::eth0:dhcp 
bootcmd= mon_install ${addr_mon};
bootdelay=1
bootm_size=0x10000000
burn_ubi=nand erase.part ubifs; nand write ${addr_ubi} ubifs ${filesize}
burn_uboot_nand=nand erase 0 0x100000; nand write ${loadaddr} 0 ${filesize}
burn_uboot_spi=sf probe; sf erase 0 0x100000; sf write ${loadaddr} 0 ${filesize}
cpu=armv7
dnsip=192.0.2.2
dnsip2=192.0.2.3
eth1addr=b4:99:4c:91:2a:fa
ethact=K2L_EMAC
ethaddr=b4:99:4c:91:2a:fa
fdt_addr_r=0x88000000
fdtaddr=0x88000000
fileaddr=c140000
filesize=b000
get_fdt_net=dhcp ${fdtaddr} ${tftp_root}/${name_fdt}
get_fdt_ramfs=dhcp ${fdtaddr} ${tftp_root}/${name_fdt}
get_fdt_ubi=ubifsload ${fdtaddr} ${name_fdt}
get_fs_ramfs=dhcp ${rdaddr} ${tftp_root}/${name_fs}
get_kern_net=dhcp ${loadaddr} ${tftp_root}/${name_kern}
get_kern_ramfs=dhcp ${loadaddr} ${tftp_root}/${name_kern}
get_kern_ubi=ubifsload ${loadaddr} ${name_kern}
get_mon_net=dhcp ${addr_mon} ${tftp_root}/${name_mon}
get_mon_ramfs=dhcp ${addr_mon} ${tftp_root}/${name_mon}
get_mon_ubi=ubifsload ${addr_mon} ${name_mon}
get_ubi_net=dhcp ${addr_ubi} ${tftp_root}/${name_ubi}
get_uboot_net=dhcp ${loadaddr} ${tftp_root}/${name_uboot}
init_net=run args_all args_net
init_ramfs=run args_all args_ramfs get_fs_ramfs
init_ubi=run args_all args_ubi; ubi part ubifs; ubifsmount ubi:boot;ubifsload ${addr_secdb_key} securedb.key.bin;
ipaddr=192.168.0.124
kernel_addr_r=0x82000000
loadaddr=0x82000000
mem_lpae=1
mem_reserve=512M
mtdparts=mtdparts=davinci_nand.0:1024k(bootloader)ro,512k(params)ro,-(ubifs)
name_fdt=k2l-evm.dtb
name_fs=arago-console-image-k2l-evm.cpio.gz
name_kern=zImage
name_mon=skern-k2l.bin
name_ubi=k2l-evm-ubifs.ubi
name_uboot=u-boot-k2l-spi.gph
netmask=255.255.255.0
nfs_options=v3,tcp,rsize=4096,wsize=4096
nfs_root=/export
no_post=1
ramdisk_addr_r=0x88080000
rdaddr=0x88080000
run_kern=bootz ${loadaddr} - ${fdtaddr}
run_mon=mon_install ${addr_mon}
serverip=192.168.0.1
soc=keystone
stderr=serial
stdin=serial
stdout=serial
tftp_root=/
vendor=ti
ver=U-Boot 2015.07 (Dec 10 2015 - 05:29:57 -0500)
Environment size: 2763/262140 bytes
U-Boot# 
- 00:59:46 [INFO] Host: setenv bootargs ''${bootargs}' root=/dev/nfs rw nfsroot=192.168.0.1:/home/tigtfarm11/NFS_exports/linux/k2l-evm/autofs/ac0fdcbd9200b74815dfcd6d587c729a,nolock,v3,tcp,rsize=4096,wsize=4096 '
- 00:59:46 [INFO] Target: 
setenv bootargs ''${bootargs}' root=/dev/nfs rw nfsroot=192.168.0.1:/home/tigtfarm11/NFS_exports/linux/k2l-evm/autofs/ac0fdcbd9200b74815dfcd6d587c729a,nolock,v3,tcp,rsize=4096,wsize=4096 '
U-Boot# 
- 00:59:46 [INFO] Host: printenv
- 00:59:47 [INFO] Target: 
printenv
_initramfs=-
addr_mon=0x0c140000
addr_secdb_key=0xc000000
addr_ubi=0x82000000
arch=arm
args_all=setenv bootargs console=ttyS0,115200n8 rootwait=1
args_net=setenv bootargs ${bootargs} rootfstype=nfs root=/dev/nfs rw nfsroot=${serverip}:${nfs_root},${nfs_options} ip=dhcp
args_ramfs=setenv bootargs ${bootargs} rdinit=/sbin/init rw root=/dev/ram0 initrd=0x802000000,9M
args_ubi=setenv bootargs ${bootargs} rootfstype=ubifs root=ubi0:rootfs rootflags=sync rw ubi.mtd=ubifs,4096
autoload=no
baudrate=115200
board=ks2_evm
board_name=ks2_evm
boot=ubi
bootargs=console=ttyS0,115200n8 earlyprintk rootwait  ip=:::::eth0:dhcp  root=/dev/nfs rw nfsroot=192.168.0.1:/home/tigtfarm11/NFS_exports/linux/k2l-evm/autofs/ac0fdcbd9200b74815dfcd6d587c729a,nolock,v3,tcp,rsize=4096,wsize=4096 
bootcmd= mon_install ${addr_mon};
bootdelay=1
bootm_size=0x10000000
burn_ubi=nand erase.part ubifs; nand write ${addr_ubi} ubifs ${filesize}
burn_uboot_nand=nand erase 0 0x100000; nand write ${loadaddr} 0 ${filesize}
burn_uboot_spi=sf probe; sf erase 0 0x100000; sf write ${loadaddr} 0 ${filesize}
cpu=armv7
dnsip=192.0.2.2
dnsip2=192.0.2.3
eth1addr=b4:99:4c:91:2a:fa
ethact=K2L_EMAC
ethaddr=b4:99:4c:91:2a:fa
fdt_addr_r=0x88000000
fdtaddr=0x88000000
fileaddr=c140000
filesize=b000
get_fdt_net=dhcp ${fdtaddr} ${tftp_root}/${name_fdt}
get_fdt_ramfs=dhcp ${fdtaddr} ${tftp_root}/${name_fdt}
get_fdt_ubi=ubifsload ${fdtaddr} ${name_fdt}
get_fs_ramfs=dhcp ${rdaddr} ${tftp_root}/${name_fs}
get_kern_net=dhcp ${loadaddr} ${tftp_root}/${name_kern}
get_kern_ramfs=dhcp ${loadaddr} ${tftp_root}/${name_kern}
get_kern_ubi=ubifsload ${loadaddr} ${name_kern}
get_mon_net=dhcp ${addr_mon} ${tftp_root}/${name_mon}
get_mon_ramfs=dhcp ${addr_mon} ${tftp_root}/${name_mon}
get_mon_ubi=ubifsload ${addr_mon} ${name_mon}
get_ubi_net=dhcp ${addr_ubi} ${tftp_root}/${name_ubi}
get_uboot_net=dhcp ${loadaddr} ${tftp_root}/${name_uboot}
init_net=run args_all args_net
init_ramfs=run args_all args_ramfs get_fs_ramfs
init_ubi=run args_all args_ubi; ubi part ubifs; ubifsmount ubi:boot;ubifsload ${addr_secdb_key} securedb.key.bin;
ipaddr=192.168.0.124
kernel_addr_r=0x82000000
loadaddr=0x82000000
mem_lpae=1
mem_reserve=512M
mtdparts=mtdparts=davinci_nand.0:1024k(bootloader)ro,512k(params)ro,-(ubifs)
name_fdt=k2l-evm.dtb
name_fs=arago-console-image-k2l-evm.cpio.gz
name_kern=zImage
name_mon=skern-k2l.bin
name_ubi=k2l-evm-ubifs.ubi
name_uboot=u-boot-k2l-spi.gph
netmask=255.255.255.0
nfs_options=v3,tcp,rsize=4096,wsize=4096
nfs_root=/export
no_post=1
ramdisk_addr_r=0x88080000
rdaddr=0x88080000
run_kern=bootz ${loadaddr} - ${fdtaddr}
run_mon=mon_install ${addr_mon}
serverip=192.168.0.1
soc=keystone
stderr=serial
stdin=serial
stdout=serial
tftp_root=/
vendor=ti
ver=U-Boot 2015.07 (Dec 10 2015 - 05:29:57 -0500)
Environment size: 2920/262140 bytes
U-Boot# 
- 00:59:47 [INFO] Host: setenv bootcmd ''${bootcmd}' if iminfo ${loadaddr}; then bootm ${loadaddr} ${_initramfs} ${fdtaddr}; else bootz ${loadaddr} ${_initramfs} ${fdtaddr}; bootm ${loadaddr} ${_initramfs} ${fdtaddr}; fi'
- 00:59:47 [INFO] Target: 
setenv bootcmd ''${bootcmd}' if iminfo ${loadaddr}; then bootm ${loadaddr} ${_initramfs} ${fdtaddr}; else bootz ${loadaddr} ${_initramfs} ${fdtaddr}; bootm ${loadaddr} ${_initramfs} ${fdtaddr}; fi'
U-Boot# 
- 00:59:47 [INFO] Host: version
- 00:59:47 [INFO] Target: 
version
U-Boot 2015.07 (Dec 10 2015 - 05:29:57 -0500)
arm-linux-gnueabihf-gcc (Linaro GCC 4.9-2015.05) 4.9.3 20150413 (prerelease)
GNU ld (GNU Binutils) Linaro 2014.11-3-git 2.24.0.20141017
U-Boot# 
- 00:59:47 [INFO] Host: bdinfo
- 00:59:47 [INFO] Target: 
bdinfo
arch_number = 0x00000000
boot_params = 0x80000100
DRAM bank   = 0x00000000
-> start    = 0x80000000
-> size     = 0x80000000
DRAM bank   = 0x00000001
-> start    = 0x00000000
-> size     = 0x00000000
eth0name    = K2L_EMAC
ethaddr     = b4:99:4c:91:2a:fa
eth1name    = K2L_EMAC1
eth1addr    = b4:99:4c:91:2a:fa
eth2name    = K2L_EMAC2
eth2addr    = (not set)
eth3name    = K2L_EMAC3
eth3addr    = (not set)
current eth = K2L_EMAC
ip_addr     = 192.168.0.124
baudrate    = 115200 bps
TLB addr    = 0xFFFF0000
relocaddr   = 0xFFF40000
reloc off   = 0xF3F40000
irq_sp      = 0xFEEFFEF0
sp start    = 0xFEEFFEE0
U-Boot# 
- 00:59:47 [INFO] Host: mmc rescan; echo $?
- 00:59:57 [ERROR] On command: mmc rescan; echo $? waiting for (?m-ix:0[\0\n\r]+) >>> error: execution expired
- 00:59:57 [INFO] Target: 
mmc rescan; echo $?
Unknown command 'mmc' - try 'help'
U-Boot# 
- 00:59:57 [INFO] Host: boot
- 01:03:27 [ERROR] On command: boot waiting for boot.+?(?-mix:login:) >>> error: execution expired
- 01:03:27 [INFO] Target: 
boot
K2_BM_15.07-39-g035329caed63 SoC:k2l built:16:02:41, Dec 16 2015
## installed monitor, freq [199680000], status 0
## Checking Image at 82000000 ...
Unknown image format!
Kernel image @ 0x82000000 [ 0x000000 - 0x404960 ]
## Flattened Device Tree blob at 88000000
   Booting using the fdt blob at 0x88000000
   Loading Device Tree to 8fff6000, end 8ffff002 ... OK
Starting kernel ...
[    0.000000] Booting Linux on physical CPU 0x0
[    0.000000] Linux version 4.4.0-next-20160112-00002-g030b7ba7b496 (nmenon@horus) (gcc version 4.9.3 20150413 (prerelease) (Linaro GCC 4.9-2015.05) ) #1 SMP PREEMPT Tue Jan 12 15:56:01 CST 2016
[    0.000000] CPU: ARMv7 Processor [412fc0f4] revision 4 (ARMv7), cr=30c5387d
[    0.000000] CPU: div instructions available: patching division code
[    0.000000] CPU: PIPT / VIPT nonaliasing data cache, PIPT instruction cache
[    0.000000] Machine model: Texas Instruments Keystone 2 Lamarr EVM
[    0.000000] Switching physical address space to 0x800000000
[    0.000000] cma: Reserved 16 MiB at 0x000000085f000000
[    0.000000] Forcing write-allocate cache policy for SMP
[    0.000000] Memory policy: Data cache writealloc
[    0.000000] PERCPU: Embedded 14 pages/cpu @ef3c3000 s25344 r8192 d23808 u57344
[    0.000000] Built 1 zonelists in Zone order, mobility grouping on.  Total pages: 391680
[    0.000000] Kernel command line: console=ttyS0,115200n8 earlyprintk rootwait  ip=:::::eth0:dhcp  root=/dev/nfs rw nfsroot=192.168.0.1:/home/tigtfarm11/NFS_exports/linux/k2l-evm/autofs/ac0fdcbd9200b74815dfcd6d587c729a,nolock,v3,tcp,rsize=4096,wsize=4096 
[    0.000000] PID hash table entries: 4096 (order: 2, 16384 bytes)
[    0.000000] Dentry cache hash table entries: 131072 (order: 7, 524288 bytes)
[    0.000000] Inode-cache hash table entries: 65536 (order: 6, 262144 bytes)
[    0.000000] Memory: 1534504K/1572864K available (5725K kernel code, 365K rwdata, 1944K rodata, 368K init, 202K bss, 21976K reserved, 16384K cma-reserved, 770048K highmem)
[    0.000000] Virtual kernel memory layout:
[    0.000000]     vector  : 0xffff0000 - 0xffff1000   (   4 kB)
[    0.000000]     fixmap  : 0xffc00000 - 0xfff00000   (3072 kB)
[    0.000000]     vmalloc : 0xf0800000 - 0xff800000   ( 240 MB)
[    0.000000]     lowmem  : 0xc0000000 - 0xf0000000   ( 768 MB)
[    0.000000]     pkmap   : 0xbfe00000 - 0xc0000000   (   2 MB)
[    0.000000]     modules : 0xbf000000 - 0xbfe00000   (  14 MB)
[    0.000000]       .text : 0xc0008000 - 0xc0785a28   (7671 kB)
[    0.000000]       .init : 0xc0786000 - 0xc07e2000   ( 368 kB)
[    0.000000]       .data : 0xc07e2000 - 0xc083d528   ( 366 kB)
[    0.000000]        .bss : 0xc0840000 - 0xc08728a8   ( 203 kB)
[    0.000000] SLUB: HWalign=64, Order=0-3, MinObjects=0, CPUs=2, Nodes=1
[    0.000000] Preemptible hierarchical RCU implementation.
[    0.000000] 	Build-time adjustment of leaf fanout to 32.
[    0.000000] 	RCU restricting CPUs from NR_CPUS=4 to nr_cpu_ids=2.
[    0.000000] RCU: Adjusting geometry for rcu_fanout_leaf=32, nr_cpu_ids=2
[    0.000000] NR_IRQS:16 nr_irqs:16 16
[    0.000000] of_psc_clk_init: error registering clk clkpcie1
[    0.000000] Architected cp15 timer(s) running at 199.68MHz (virt).
[    0.000000] clocksource: arch_sys_counter: mask: 0xffffffffffffff max_cycles: 0x2e0d652267, max_idle_ns: 440795206693 ns
[    0.000003] sched_clock: 56 bits at 199MHz, resolution 5ns, wraps every 4398046511101ns
[    0.000011] Switching to timer-based delay loop, resolution 5ns
[    0.000141] keystone timer clock @199680000 Hz
[    0.000248] Console: colour dummy device 80x30
[    0.000263] Calibrating delay loop (skipped), value calculated using timer frequency.. 399.36 BogoMIPS (lpj=1996800)
[    0.000273] pid_max: default: 4096 minimum: 301
[    0.000335] Mount-cache hash table entries: 2048 (order: 1, 8192 bytes)
[    0.000343] Mountpoint-cache hash table entries: 2048 (order: 1, 8192 bytes)
[    0.000775] CPU: Testing write buffer coherency: ok
[    0.000948] /cpus/cpu@0 missing clock-frequency property
[    0.000965] /cpus/cpu@1 missing clock-frequency property
[    0.000974] CPU0: thread -1, cpu 0, socket 0, mpidr 80000000
[    0.001009] Setting up static identity map for 0x800082c0 - 0x800083cc
[    0.081410] CPU1: thread -1, cpu 1, socket 0, mpidr 80000001
[    0.081489] Brought up 2 CPUs
[    0.081501] SMP: Total of 2 processors activated (798.72 BogoMIPS).
[    0.081506] CPU: All CPU(s) started in SVC mode.
[    0.081803] devtmpfs: initialized
[    0.086760] VFP support v0.3: implementor 41 architecture 4 part 30 variant f rev 0
[    0.087050] clocksource: jiffies: mask: 0xffffffff max_cycles: 0xffffffff, max_idle_ns: 19112604462750000 ns
[    0.087629] NET: Registered protocol family 16
[    0.088414] DMA: preallocated 256 KiB pool for atomic coherent allocations
[    0.095204] hw-breakpoint: found 5 (+1 reserved) breakpoint and 4 watchpoint registers.
[    0.095213] hw-breakpoint: maximum watchpoint size is 8 bytes.
[    0.110588] vgaarb: loaded
[    0.110783] SCSI subsystem initialized
[    0.110981] usbcore: registered new interface driver usbfs
[    0.111031] usbcore: registered new interface driver hub
[    0.111408] usbcore: registered new device driver usb
[    0.113405] clocksource: Switched to clocksource arch_sys_counter
[    0.140913] NET: Registered protocol family 2
[    0.141383] TCP established hash table entries: 8192 (order: 3, 32768 bytes)
[    0.141436] TCP bind hash table entries: 8192 (order: 4, 65536 bytes)
[    0.141540] TCP: Hash tables configured (established 8192 bind 8192)
[    0.141584] UDP hash table entries: 512 (order: 2, 16384 bytes)
[    0.141610] UDP-Lite hash table entries: 512 (order: 2, 16384 bytes)
[    0.141748] NET: Registered protocol family 1
[    0.141936] RPC: Registered named UNIX socket transport module.
[    0.141944] RPC: Registered udp transport module.
[    0.141949] RPC: Registered tcp transport module.
[    0.141954] RPC: Registered tcp NFSv4.1 backchannel transport module.
[    0.142272] hw perfevents: enabled with armv7_cortex_a15 PMU driver, 7 counters available
[    0.142731] platform alarmtimer: set dma_pfn_offset00780000
[    0.143045] futex hash table entries: 16 (order: -2, 1024 bytes)
[    0.163254] Installing knfsd (copyright (C) 1996 okir@monad.swb.de).
[    0.163354] ntfs: driver 2.1.32 [Flags: R/O].
[    0.163688] jffs2: version 2.2. (NAND)  2001-2006 Red Hat, Inc.
[    0.166870] NET: Registered protocol family 38
[    0.166940] bounce: pool size: 64 pages
[    0.167116] Block layer SCSI generic (bsg) driver version 0.4 loaded (major 253)
[    0.167129] io scheduler noop registered
[    0.167139] io scheduler deadline registered
[    0.167168] io scheduler cfq registered (default)
[    0.167326] keystone_irq soc:keystone_irq@26202a0: irqchip registered, nr_irqs 28
[    0.167607] ------------[ cut here ]------------
[    0.167622] WARNING: CPU: 0 PID: 1 at fs/sysfs/dir.c:31 sysfs_warn_dup+0x68/0x78()
[    0.167627] sysfs: cannot create duplicate filename '/class/gpio/gpiochip484'
[    0.167632] Modules linked in:
[    0.167644] CPU: 0 PID: 1 Comm: swapper/0 Not tainted 4.4.0-next-20160112-00002-g030b7ba7b496 #1
[    0.167650] Hardware name: Keystone
[    0.167669] [<c0016494>] (unwind_backtrace) from [<c0012d40>] (show_stack+0x10/0x14)
[    0.167681] [<c0012d40>] (show_stack) from [<c02b3d44>] (dump_stack+0x84/0xc4)
[    0.167693] [<c02b3d44>] (dump_stack) from [<c00231f0>] (warn_slowpath_common+0x84/0xb4)
[    0.167705] [<c00231f0>] (warn_slowpath_common) from [<c0023250>] (warn_slowpath_fmt+0x30/0x40)
[    0.167716] [<c0023250>] (warn_slowpath_fmt) from [<c01761e4>] (sysfs_warn_dup+0x68/0x78)
[    0.167726] [<c01761e4>] (sysfs_warn_dup) from [<c0176534>] (sysfs_do_create_link_sd+0xb4/0xbc)
[    0.167737] [<c0176534>] (sysfs_do_create_link_sd) from [<c0333794>] (device_add+0x268/0x568)
[    0.167748] [<c0333794>] (device_add) from [<c0333c30>] (device_create_groups_vargs+0xb4/0xc4)
[    0.167758] [<c0333c30>] (device_create_groups_vargs) from [<c0333cb8>] (device_create_with_groups+0x24/0x2c)
[    0.167770] [<c0333cb8>] (device_create_with_groups) from [<c02dfba4>] (gpiochip_sysfs_register+0x4c/0x84)
[    0.167780] [<c02dfba4>] (gpiochip_sysfs_register) from [<c02dcb08>] (gpiochip_add_data+0x264/0x4ac)
[    0.167791] [<c02dcb08>] (gpiochip_add_data) from [<c033775c>] (platform_drv_probe+0x50/0xac)
[    0.167801] [<c033775c>] (platform_drv_probe) from [<c03361a4>] (driver_probe_device+0x224/0x2bc)
[    0.167812] [<c03361a4>] (driver_probe_device) from [<c03362c8>] (__driver_attach+0x8c/0x90)
[    0.167823] [<c03362c8>] (__driver_attach) from [<c033452c>] (bus_for_each_dev+0x68/0x9c)
[    0.167833] [<c033452c>] (bus_for_each_dev) from [<c03357bc>] (bus_add_driver+0x1a4/0x21c)
[    0.167842] [<c03357bc>] (bus_add_driver) from [<c0336870>] (driver_register+0x78/0xf8)
[    0.167850] [<c0336870>] (driver_register) from [<c0009714>] (do_one_initcall+0x90/0x1dc)
[    0.167861] [<c0009714>] (do_one_initcall) from [<c0786e1c>] (kernel_init_freeable+0x154/0x1f4)
[    0.167871] [<c0786e1c>] (kernel_init_freeable) from [<c056ec20>] (kernel_init+0xc/0xec)
[    0.167881] [<c056ec20>] (kernel_init) from [<c000f548>] (ret_from_fork+0x14/0x2c)
[    0.167896] ---[ end trace e116eda66c9a5636 ]---
[    0.167932] gpiochip_add_data: GPIOs 484..511 (soc:keystone_dsp_gpio@2620244) failed to register
[    0.167947] gpio-syscon: probe of soc:keystone_dsp_gpio@2620244 failed with error -17
[    0.168017] ------------[ cut here ]------------
[    0.168028] WARNING: CPU: 0 PID: 1 at fs/sysfs/dir.c:31 sysfs_warn_dup+0x68/0x78()
[    0.168033] sysfs: cannot create duplicate filename '/class/gpio/gpiochip484'
[    0.168038] Modules linked in:
[    0.168047] CPU: 0 PID: 1 Comm: swapper/0 Tainted: G        W       4.4.0-next-20160112-00002-g030b7ba7b496 #1
[    0.168052] Hardware name: Keystone
[    0.168064] [<c0016494>] (unwind_backtrace) from [<c0012d40>] (show_stack+0x10/0x14)
[    0.168074] [<c0012d40>] (show_stack) from [<c02b3d44>] (dump_stack+0x84/0xc4)
[    0.168084] [<c02b3d44>] (dump_stack) from [<c00231f0>] (warn_slowpath_common+0x84/0xb4)
[    0.168094] [<c00231f0>] (warn_slowpath_common) from [<c0023250>] (warn_slowpath_fmt+0x30/0x40)
[    0.168104] [<c0023250>] (warn_slowpath_fmt) from [<c01761e4>] (sysfs_warn_dup+0x68/0x78)
[    0.168114] [<c01761e4>] (sysfs_warn_dup) from [<c0176534>] (sysfs_do_create_link_sd+0xb4/0xbc)
[    0.168124] [<c0176534>] (sysfs_do_create_link_sd) from [<c0333794>] (device_add+0x268/0x568)
[    0.168133] [<c0333794>] (device_add) from [<c0333c30>] (device_create_groups_vargs+0xb4/0xc4)
[    0.168143] [<c0333c30>] (device_create_groups_vargs) from [<c0333cb8>] (device_create_with_groups+0x24/0x2c)
[    0.168153] [<c0333cb8>] (device_create_with_groups) from [<c02dfba4>] (gpiochip_sysfs_register+0x4c/0x84)
[    0.168162] [<c02dfba4>] (gpiochip_sysfs_register) from [<c02dcb08>] (gpiochip_add_data+0x264/0x4ac)
[    0.168171] [<c02dcb08>] (gpiochip_add_data) from [<c033775c>] (platform_drv_probe+0x50/0xac)
[    0.168181] [<c033775c>] (platform_drv_probe) from [<c03361a4>] (driver_probe_device+0x224/0x2bc)
[    0.168191] [<c03361a4>] (driver_probe_device) from [<c03362c8>] (__driver_attach+0x8c/0x90)
[    0.168201] [<c03362c8>] (__driver_attach) from [<c033452c>] (bus_for_each_dev+0x68/0x9c)
[    0.168211] [<c033452c>] (bus_for_each_dev) from [<c03357bc>] (bus_add_driver+0x1a4/0x21c)
[    0.168220] [<c03357bc>] (bus_add_driver) from [<c0336870>] (driver_register+0x78/0xf8)
[    0.168227] [<c0336870>] (driver_register) from [<c0009714>] (do_one_initcall+0x90/0x1dc)
[    0.168237] [<c0009714>] (do_one_initcall) from [<c0786e1c>] (kernel_init_freeable+0x154/0x1f4)
[    0.168245] [<c0786e1c>] (kernel_init_freeable) from [<c056ec20>] (kernel_init+0xc/0xec)
[    0.168254] [<c056ec20>] (kernel_init) from [<c000f548>] (ret_from_fork+0x14/0x2c)
[    0.168259] ---[ end trace e116eda66c9a5637 ]---
[    0.168289] gpiochip_add_data: GPIOs 484..511 (soc:keystone_dsp_gpio@2620248) failed to register
[    0.168302] gpio-syscon: probe of soc:keystone_dsp_gpio@2620248 failed with error -17
[    0.168362] ------------[ cut here ]------------
[    0.168372] WARNING: CPU: 0 PID: 1 at fs/sysfs/dir.c:31 sysfs_warn_dup+0x68/0x78()
[    0.168377] sysfs: cannot create duplicate filename '/class/gpio/gpiochip484'
[    0.168382] Modules linked in:
[    0.168391] CPU: 0 PID: 1 Comm: swapper/0 Tainted: G        W       4.4.0-next-20160112-00002-g030b7ba7b496 #1
[    0.168396] Hardware name: Keystone
[    0.168407] [<c0016494>] (unwind_backtrace) from [<c0012d40>] (show_stack+0x10/0x14)
[    0.168417] [<c0012d40>] (show_stack) from [<c02b3d44>] (dump_stack+0x84/0xc4)
[    0.168427] [<c02b3d44>] (dump_stack) from [<c00231f0>] (warn_slowpath_common+0x84/0xb4)
[    0.168437] [<c00231f0>] (warn_slowpath_common) from [<c0023250>] (warn_slowpath_fmt+0x30/0x40)
[    0.168448] [<c0023250>] (warn_slowpath_fmt) from [<c01761e4>] (sysfs_warn_dup+0x68/0x78)
[    0.168457] [<c01761e4>] (sysfs_warn_dup) from [<c0176534>] (sysfs_do_create_link_sd+0xb4/0xbc)
[    0.168467] [<c0176534>] (sysfs_do_create_link_sd) from [<c0333794>] (device_add+0x268/0x568)
[    0.168476] [<c0333794>] (device_add) from [<c0333c30>] (device_create_groups_vargs+0xb4/0xc4)
[    0.168486] [<c0333c30>] (device_create_groups_vargs) from [<c0333cb8>] (device_create_with_groups+0x24/0x2c)
[    0.168496] [<c0333cb8>] (device_create_with_groups) from [<c02dfba4>] (gpiochip_sysfs_register+0x4c/0x84)
[    0.168505] [<c02dfba4>] (gpiochip_sysfs_register) from [<c02dcb08>] (gpiochip_add_data+0x264/0x4ac)
[    0.168514] [<c02dcb08>] (gpiochip_add_data) from [<c033775c>] (platform_drv_probe+0x50/0xac)
[    0.168524] [<c033775c>] (platform_drv_probe) from [<c03361a4>] (driver_probe_device+0x224/0x2bc)
[    0.168534] [<c03361a4>] (driver_probe_device) from [<c03362c8>] (__driver_attach+0x8c/0x90)
[    0.168544] [<c03362c8>] (__driver_attach) from [<c033452c>] (bus_for_each_dev+0x68/0x9c)
[    0.168555] [<c033452c>] (bus_for_each_dev) from [<c03357bc>] (bus_add_driver+0x1a4/0x21c)
[    0.168563] [<c03357bc>] (bus_add_driver) from [<c0336870>] (driver_register+0x78/0xf8)
[    0.168571] [<c0336870>] (driver_register) from [<c0009714>] (do_one_initcall+0x90/0x1dc)
[    0.168581] [<c0009714>] (do_one_initcall) from [<c0786e1c>] (kernel_init_freeable+0x154/0x1f4)
[    0.168589] [<c0786e1c>] (kernel_init_freeable) from [<c056ec20>] (kernel_init+0xc/0xec)
[    0.168597] [<c056ec20>] (kernel_init) from [<c000f548>] (ret_from_fork+0x14/0x2c)
[    0.168603] ---[ end trace e116eda66c9a5638 ]---
[    0.168630] gpiochip_add_data: GPIOs 484..511 (soc:keystone_dsp_gpio@262024c) failed to register
[    0.168642] gpio-syscon: probe of soc:keystone_dsp_gpio@262024c failed with error -17
[    0.169011] keystone-navigator-qmss soc:qmss@2a40000: qmgr start queue 0, number of queues 8192
[    0.169129] keystone-navigator-qmss soc:qmss@2a40000: added qmgr start queue 0, num of queues 8192, reg_peek f09c0000, reg_status f0982000, reg_config f0984000, reg_region f0986000, reg_push f0a00000, reg_pop f0a40000
[    0.169246] keystone-navigator-qmss soc:qmss@2a40000: failed to get firmware for pdsp
[    0.169964] keystone-navigator-qmss soc:qmss@2a40000: pdsp id 0 not started for range acc-low-0
[    0.170476] keystone-navigator-dma soc:knav_dmas@0: DMA dma_gbe registered 149 logical channels, flows 128, tx chans: 21, rx chans: 91
[    0.216870] Serial: 8250/16550 driver, 4 ports, IRQ sharing disabled
[    0.216955] platform serial8250: set dma_pfn_offset00780000
[    0.218300] console [ttyS0] disabled
[    0.218349] 2530c00.serial: ttyS0 at MMIO 0x2530c00 (irq = 26, base_baud = 12480000) is a 16550A
[    1.563791] console [ttyS0] enabled
[    1.567995] 2531000.serial: ttyS1 at MMIO 0x2531000 (irq = 27, base_baud = 12480000) is a 16550A
[    1.577471] 2348400.serial: ttyS2 at MMIO 0x2348400 (irq = 67, base_baud = 12480000) is a 16550A
[    1.586861] 2348800.serial: ttyS3 at MMIO 0x2348800 (irq = 68, base_baud = 12480000) is a 16550A
[    1.680389] loop: module loaded
[    1.683701] at24 0-0050: 131072 byte 24c1024 EEPROM, writable, 1 bytes/write
[    1.692032] m25p80 spi32766.0: n25q128a11 (16384 Kbytes)
[    1.697385] 2 ofpart partitions found on MTD device spi32766.0
[    1.703193] Creating 2 MTD partitions on "spi32766.0":
[    1.708340] 0x000000000000-0x000000080000 : "u-boot-spl"
[    1.724449] 0x000000080000-0x000001000000 : "misc"
[    1.739969] spi_davinci 21000400.spi: Controller at 0xf09a6400
[    1.746315] spi_davinci 21000600.spi: Controller at 0xf09a8600
[    1.793428] davinci_mdio 26200f00.mdio: davinci mdio revision 1.7
[    1.799498] libphy: 26200f00.mdio: probed
[    1.804130] davinci_mdio 26200f00.mdio: phy[0]: device 26200f00.mdio:00, driver Marvell 88E1510
[    1.812796] davinci_mdio 26200f00.mdio: phy[1]: device 26200f00.mdio:01, driver Marvell 88E1510
[    2.826348] netcp-1.0 2620110.netcp: module(netcp-xgbe) not used for device
[    3.034367] platform xhci-hcd.0.auto: set dma_pfn_offset00780000
[    3.040874] xhci-hcd xhci-hcd.0.auto: xHCI Host Controller
[    3.046524] xhci-hcd xhci-hcd.0.auto: new USB bus registered, assigned bus number 1
[    3.054396] xhci-hcd xhci-hcd.0.auto: hcc params 0x0298f06d hci version 0x100 quirks 0x00010010
[    3.063072] xhci-hcd xhci-hcd.0.auto: irq 33, io mem 0x02690000
[    3.069130] usb usb1: New USB device found, idVendor=1d6b, idProduct=0002
[    3.075920] usb usb1: New USB device strings: Mfr=3, Product=2, SerialNumber=1
[    3.083112] usb usb1: Product: xHCI Host Controller
[    3.087999] usb usb1: Manufacturer: Linux 4.4.0-next-20160112-00002-g030b7ba7b496 xhci-hcd
[    3.096256] usb usb1: SerialNumber: xhci-hcd.0.auto
[    3.101525] hub 1-0:1.0: USB hub found
[    3.105309] hub 1-0:1.0: 1 port detected
[    3.109478] xhci-hcd xhci-hcd.0.auto: xHCI Host Controller
[    3.115092] xhci-hcd xhci-hcd.0.auto: new USB bus registered, assigned bus number 2
[    3.122773] usb usb2: We don't know the algorithms for LPM for this host, disabling LPM.
[    3.130956] usb usb2: New USB device found, idVendor=1d6b, idProduct=0003
[    3.137744] usb usb2: New USB device strings: Mfr=3, Product=2, SerialNumber=1
[    3.144976] usb usb2: Product: xHCI Host Controller
[    3.149833] usb usb2: Manufacturer: Linux 4.4.0-next-20160112-00002-g030b7ba7b496 xhci-hcd
[    3.158090] usb usb2: SerialNumber: xhci-hcd.0.auto
[    3.163328] hub 2-0:1.0: USB hub found
[    3.167108] hub 2-0:1.0: 1 port detected
[    3.171392] usbcore: registered new interface driver usb-storage
[    3.177642] mousedev: PS/2 mouse device common for all mice
[    3.193422] i2c /dev entries driver
[    3.197446] davinci-wdt 22f0080.wdt: heartbeat 60 sec
[    3.203000] usbcore: registered new interface driver usbhid
[    3.208658] usbhid: USB HID core driver
[    3.213237] nand: device found, Manufacturer ID: 0x2c, Chip ID: 0xa5
[    3.219604] nand: Micron MT29F16G08ADBCAH4
[    3.223710] nand: 2048 MiB, SLC, erase size: 256 KiB, page size: 4096, OOB size: 224
[    3.231427] nand: WARNING: 30000000.nand: the ECC used on your system is too weak compared to the one required by the NAND chip
[    3.243436] Bad block table found at page 524224, version 0x01
[    3.250183] Bad block table found at page 524160, version 0x01
[    3.256593] 3 ofpart partitions found on MTD device 30000000.nand
[    3.262659] Creating 3 MTD partitions on "30000000.nand":
[    3.268123] 0x000000000000-0x000000100000 : "u-boot"
[    3.283908] 0x000000100000-0x000000180000 : "params"
[    3.289607] 0x000000180000-0x000080000000 : "ubifs"
[    3.305665] davinci_nand 30000000.nand: controller rev. 2.5
[    3.311408] platform oprofile-perf.0: set dma_pfn_offset00780000
[    3.317571] oprofile: using timer interrupt.
[    3.321871] Netfilter messages via NETLINK v0.30.
[    3.326681] nf_conntrack version 0.5.0 (16384 buckets, 65536 max)
[    3.333173] ctnetlink v0.93: registering with nfnetlink.
[    3.338750] ipip: IPv4 over IPv4 tunneling driver
[    3.343887] gre: GRE over IPv4 demultiplexor driver
[    3.348747] ip_gre: GRE over IPv4 tunneling driver
[    3.354465] ip_tables: (C) 2000-2006 Netfilter Core Team
[    3.359835] ipt_CLUSTERIP: ClusterIP Version 0.8 loaded successfully
[    3.366479] arp_tables: arp_tables: (C) 2002 David S. Miller
[    3.372164] Initializing XFRM netlink socket
[    3.377215] NET: Registered protocol family 10
[    3.382448] NET: Registered protocol family 17
[    3.386932] NET: Registered protocol family 15
[    3.391362] 8021q: 802.1Q VLAN Support v1.8
[    3.396380] sctp: Hash tables configured (bind 65536)
[    3.401710] Registering SWP/SWPB emulation handler
[    3.419659] netcp-1.0 2620110.netcp eth0: Link is Up - 1Gbps/Full - flow control off
[    3.429929] IPv6: ADDRCONF(NETDEV_UP): eth0: link is not ready
[    3.435787] 8021q: adding VLAN 0 to HW filter on device eth0
[    3.483471] usb 2-1: new SuperSpeed USB device number 2 using xhci-hcd
[    3.504357] usb 2-1: New USB device found, idVendor=125f, idProduct=db8a
[    3.511033] usb 2-1: New USB device strings: Mfr=1, Product=2, SerialNumber=3
[    3.518165] usb 2-1: Product: ADATA USB Flash Drive
[    3.523021] usb 2-1: Manufacturer: ADATA
[    3.526935] usb 2-1: SerialNumber: F12340000014C1408442050002
[    3.533284] usb-storage 2-1:1.0: USB Mass Storage device detected
[    3.539587] scsi host0: usb-storage 2-1:1.0
[    4.543861] scsi 0:0:0:0: Direct-Access     ADATA    NAND Flash       1.00 PQ: 0 ANSI: 6
[    4.553490] sd 0:0:0:0: [sda] Attached SCSI removable disk
[    4.823406] netcp-1.0 2620110.netcp eth0: Link is Up - 1Gbps/Full - flow control off
[    7.413766] netcp-1.0 2620110.netcp eth0: Link is Up - 1Gbps/Full - flow control off
[    7.421503] IPv6: ADDRCONF(NETDEV_CHANGE): eth0: link becomes ready
[    7.433416] Sending DHCP requests .,
[    7.443583] Internal error: Oops - undefined instruction: 0 [#1] PREEMPT SMP ARM
[    7.451124] Modules linked in:
[    7.454169] CPU: 0 PID: 1 Comm: swapper/0 Tainted: G        W       4.4.0-next-20160112-00002-g030b7ba7b496 #1
[    7.464129] Hardware name: Keystone
[    7.467599] task: eec80000 ti: eec6e000 task.ti: eec6e000
[    7.472978] PC is at probes_decode_insn+0x178/0x2a4
[    7.477838] LR is at __handle_domain_irq+0x98/0xec
[    7.482607] pc : [<c0575850>]    lr : [<c0067884>]    psr: 000001b3
[    7.482607] sp : eec6fe08  ip : ee80025c  fp : c082ad40
[    7.494039] r10: c07d61e0  r9 : ee630518  r8 : ee63052b
[    7.499239] r7 : eec6fe3c  r6 : 000003ef  r5 : 60000113  r4 : c05738b4
[    7.505737] r3 : 000003ff  r2 : 000003ef  r1 : 00000008  r0 : 00000000
[    7.512237] Flags: nzcv  IRQs off  FIQs on  Mode SVC_32  ISA Thumb  Segment kernel
[    7.519774] Control: 30c5387d  Table: 00003000  DAC: fffffffd
[    7.525494] Process swapper/0 (pid: 1, stack limit = 0xeec6e210)
[    7.531473] Stack: (0xeec6fe08 to 0xeec70000)
[    7.535810] fe00:                   00000001 c06cb8c0 c07e4100 00000000 ffff8ec4 ee757900
[    7.543955] fe20: eeec2000 ee70c7c0 ee63052b ee630518 c07d61e0 c082ad40 f0a03800 eec6fe58
[    7.552100] fe40: c07c0204 c05738b4 60000113 ffffffff c07d61e0 c07c01a4 eed136c8 00000240
[    7.560244] fe60: ee70c0c0 c06be5b8 eec6ff04 00000001 51eb851f 00000002 00000006 00000000
[    7.568389] fe80: ffff8db7 ffff0a00 0000000f 0000010c ffffff05 ffff0a00 00000094 eec6ff00
[    7.576532] fea0: 0000000e c06be5b8 0000000f ee70c0c0 c02c250c c07ce83c 00000001 ee70c0c0
[    7.584676] fec0: eec6fed4 ef9c7180 ee70c0c0 c07e3320 eec6fed8 c010ccf0 00000007 c07ce838
[    7.592820] fee0: c07bf81c c07e9ed0 c07e9ed0 ee70c0c0 c07bf81c 00000000 00000094 c07ce83c
[    7.600965] ff00: 00000000 c0009714 eed06300 c057c174 00000014 00000000 00000000 60000013
[    7.609109] ff20: 00000000 c07ede50 00000094 c059c094 c075cea4 c003cfbc 0000cccd c06b67f8
[    7.617253] ff40: c075c314 00000000 00000007 00000007 c07ede38 efffcc80 c07da7ec 00000007
[    7.625398] ff60: c07ce838 c0840000 c0840000 c07ce83c 00000000 c0786e1c 00000007 00000007
[    7.633542] ff80: 00000000 c0786594 00000000 c056ec14 00000000 00000000 00000000 00000000
[    7.641686] ffa0: 00000000 c056ec20 00000000 c000f548 00000000 00000000 00000000 00000000
[    7.649830] ffc0: 00000000 00000000 00000000 00000000 00000000 00000000 00000000 00000000
[    7.657974] ffe0: 00000000 00000000 00000000 00000000 00000013 00000000 00000000 00000000
[    7.666122] [<c0575850>] (probes_decode_insn) from [<eec6fe58>] (0xeec6fe58)
[    7.673143] Code: 3004 e1d3 ffe4 1aff (ffc8) eaff 
[    7.677913] ---[ end trace e116eda66c9a563a ]---
[    7.682607] Kernel panic - not syncing: Attempted to kill init! exitcode=0x0000000b
[    7.682607] 
[    7.691707] CPU1: stopping
[    7.694402] CPU: 1 PID: 0 Comm: swapper/1 Tainted: G      D W       4.4.0-next-20160112-00002-g030b7ba7b496 #1
[    7.704362] Hardware name: Keystone
[    7.707847] [<c0016494>] (unwind_backtrace) from [<c0012d40>] (show_stack+0x10/0x14)
[    7.715565] [<c0012d40>] (show_stack) from [<c02b3d44>] (dump_stack+0x84/0xc4)
[    7.722760] [<c02b3d44>] (dump_stack) from [<c00155a8>] (handle_IPI+0x2e8/0x2f8)
[    7.730127] [<c00155a8>] (handle_IPI) from [<c000947c>] (gic_handle_irq+0x84/0x88)
[    7.737669] [<c000947c>] (gic_handle_irq) from [<c0574ac0>] (__irq_svc+0x40/0x74)
[    7.745119] Exception stack(0xeeca9f88 to 0xeeca9fd0)
[    7.750148] 9f80:                   00000001 00000000 00001986 c001ee80 00000001 eeca8000
[    7.758293] 9fa0: c07e5950 c0840308 c083b460 c07e58f0 c07db3a4 eeca9fe0 00000000 eeca9fd8
[    7.766437] 9fc0: c000fddc c000fde0 60000013 ffffffff
[    7.771471] [<c0574ac0>] (__irq_svc) from [<c000fde0>] (arch_cpu_idle+0x38/0x3c)
[    7.778840] [<c000fde0>] (arch_cpu_idle) from [<c005bebc>] (cpu_startup_entry+0x158/0x2b4)
[    7.787073] [<c005bebc>] (cpu_startup_entry) from [<8000950c>] (0x8000950c)
[    7.794010] ---[ end Kernel panic - not syncing: Attempted to kill init! exitcode=0x0000000b
[    7.794010] 
- 01:03:27 [INFO] Boot attempt 1/1 failed
- 01:03:27 [INFO] Collecting kernel traces via sysrq...
URL:gtsystest.telogy.design.ti.com/vatf/tigtfarm11/tigtfarm11_vatf@k2l-evm/tigtfarm1101_13_2016_00_59_17/files/session_iteration_1/test_1
